******************************************************************************
                  TI ARM Linker PC v20.2.5                     
******************************************************************************
>> Linked Thu Oct  6 21:29:05 2022

OUTPUT FILE NAME:   <P1.out>
ENTRY POINT SYMBOL: "_c_int00_noargs"  address: 00018aa5


MEMORY CONFIGURATION

         name            origin    length      used     unused   attr    fill
----------------------  --------  ---------  --------  --------  ----  --------
  FLASH                 00000000   00040000  00019c86  0002637a  R  X
  SRAM                  20000000   00008000  0000683d  000017c3  RW X


SEGMENT ALLOCATION MAP

run origin  load origin   length   init length attrs members
----------  ----------- ---------- ----------- ----- -------
00000000    00000000    00019c88   00019c88    r-x
  00000000    00000000    0000026c   0000026c    r-- .intvecs
  0000026c    0000026c    00018a4e   00018a4e    r-x .text
  00018cbc    00018cbc    00000e24   00000e24    r-- .const
  00019ae0    00019ae0    000001a8   000001a8    r-- .cinit
20000000    20000000    00006840   00000000    rw-
  20000000    20000000    0000026c   00000000    rw- .vtable
  2000026c    2000026c    000060d5   00000000    rw- .bss
  20006344    20006344    000002fc   00000000    rw- .data
  20006640    20006640    00000200   00000000    rw- .stack


SECTION ALLOCATION MAP

 output                                  attributes/
section   page    origin      length       input sections
--------  ----  ----------  ----------   ----------------
.intvecs   0    00000000    0000026c     
                  00000000    0000026c     startup_ccs.obj (.intvecs)

.text      0    0000026c    00018a4e     
                  0000026c    00003084     usbhostenum.obj (.text)
                  000032f0    0000238c     usb.obj (.text)
                  0000567c    00001d1c     tasks.obj (.text)
                  00007398    00001688     sysctl.obj (.text)
                  00008a20    00001570     usbdenum.obj (.text)
                  00009f90    00001288     gpio.obj (.text)
                  0000b218    000010e4     Servos.obj (.text)
                  0000c2fc    00000fdc     usbdcdc.obj (.text)
                  0000d2d8    00000fa8     usbdma.obj (.text)
                  0000e280    00000f4c     pwm.obj (.text)
                  0000f1cc    00000d20     queue.obj (.text)
                  0000feec    00000d20     timer.obj (.text)
                  00010c0c    00000b8c     uartstdio.obj (.text)
                  00011798    00000b08     uart.obj (.text)
                  000122a0    00000a4e     rtsv7M4_T_le_v4SPD16_eabi.lib : _printfi.c.obj (.text:__TI_printfi)
                  00012cee    00000002                                   : div0.asm.obj (.text)
                  00012cf0    00000924     usbhhub.obj (.text)
                  00013614    000006f0     timers.obj (.text)
                  00013d04    000005e4     commands.obj (.text)
                  000142e8    00000598     usbbuffer.obj (.text)
                  00014880    00000570     usbmode.obj (.text)
                  00014df0    00000490     interrupt.obj (.text)
                  00015280    0000048c     usbringbuf.obj (.text)
                  0001570c    000003bc     usbdconfig.obj (.text)
                  00015ac8    000003a0     heap_4.obj (.text)
                  00015e68    00000388     usb_dev_serial.obj (.text)
                  000161f0    000002f2     serialprotocol.obj (.text)
                  000164e2    000002de     usbdcdesc.obj (.text)
                  000167c0    000002b0     remotelink.obj (.text)
                  00016a70    00000270     rtsv7M4_T_le_v4SPD16_eabi.lib : _printfi.c.obj (.text:_pconv_a)
                  00016ce0    00000200     main.obj (.text)
                  00016ee0    000001d2     usbdesc.obj (.text)
                  000170b2    00000002     --HOLE-- [fill = 0]
                  000170b4    000001d0     rtsv7M4_T_le_v4SPD16_eabi.lib : _printfi.c.obj (.text:_pconv_g)
                  00017284    000001b6                                   : fd_add_t2.asm.obj (.text)
                  0001743a    00000002     --HOLE-- [fill = 0]
                  0001743c    00000150     port.obj (.text)
                  0001758c    0000013c     rtsv7M4_T_le_v4SPD16_eabi.lib : _printfi.c.obj (.text:_pconv_e)
                  000176c8    00000136                                   : fd_div_t2.asm.obj (.text)
                  000177fe    0000012a     list.obj (.text)
                  00017928    00000128     buttons.obj (.text)
                  00017a50    00000124     cpu_usage.obj (.text)
                  00017b74    00000124     rtsv7M4_T_le_v4SPD16_eabi.lib : _printfi.c.obj (.text:fcvt)
                  00017c98    00000110                                   : s_scalbn.c.obj (.text:scalbn)
                  00017da8    000000fc                                   : fd_mul_t2.asm.obj (.text)
                  00017ea4    000000ec     usbtick.obj (.text)
                  00017f90    000000da     portasm.obj (.text)
                  0001806a    000000c8     usbulpi.obj (.text)
                  00018132    00000002     --HOLE-- [fill = 0]
                  00018134    000000b1     rtsv7M4_T_le_v4SPD16_eabi.lib : _printfi.c.obj (.text:_ltostr)
                  000181e5    00000003     --HOLE-- [fill = 0]
                  000181e8    000000ac     cmdline.obj (.text)
                  00018294    0000009c     rtsv7M4_T_le_v4SPD16_eabi.lib : memcpy_t2.asm.obj (.text)
                  00018330    00000096                                   : ull_div_t2.asm.obj (.text)
                  000183c6    00000086                                   : fd_cmp_t2.asm.obj (.text:__aeabi_cdcmple)
                  0001844c    00000086                                   : fd_cmp_t2.asm.obj (.text:__aeabi_cdrcmple)
                  000184d2    0000007a                                   : memset_t2.asm.obj (.text)
                  0001854c    0000006e                                   : _printfi.c.obj (.text:_mcpy)
                  000185ba    00000002     --HOLE-- [fill = 0]
                  000185bc    00000068     crc.obj (.text)
                  00018624    00000068     RunTimeStatsConfig.obj (.text)
                  0001868c    00000068     rtsv7M4_T_le_v4SPD16_eabi.lib : copy_decompress_lzss.c.obj (.text:decompress:lzss:__TI_decompress_lzss)
                  000186f4    00000064                                   : s_frexp.c.obj (.text:frexp)
                  00018758    00000056                                   : _printfi.c.obj (.text:_pconv_f)
                  000187ae    00000054                                   : _ltoa.c.obj (.text:__TI_ltoa)
                  00018802    00000052                                   : _printfi.c.obj (.text:_ecpy)
                  00018854    0000004c                                   : atoi.c.obj (.text:atoi)
                  000188a0    00000048                                   : fd_toi_t2.asm.obj (.text)
                  000188e8    00000044                                   : autoinit.c.obj (.text:__TI_auto_init_nobinit_nopinit:__TI_auto_init_nobinit_nopinit)
                  0001892c    00000044                                   : fd_tou_t2.asm.obj (.text)
                  00018970    00000040                                   : u_divt2.asm.obj (.text)
                  000189b0    00000040                                   : sprintf.c.obj (.text:sprintf)
                  000189f0    0000003e                                   : _printfi.c.obj (.text:_fcpy)
                  00018a2e    0000003e     cpu.obj (.text)
                  00018a6c    00000038     rtsv7M4_T_le_v4SPD16_eabi.lib : fs_tod_t2.asm.obj (.text)
                  00018aa4    00000034                                   : boot_cortex_m.c.obj (.text:_c_int00_noargs:_c_int00_noargs)
                  00018ad8    0000002e                                   : i_tofd_t2.asm.obj (.text)
                  00018b06    00000002     --HOLE-- [fill = 0]
                  00018b08    0000002c     startup_ccs.obj (.text)
                  00018b34    0000002c     rtsv7M4_T_le_v4SPD16_eabi.lib : strncmp.c.obj (.text:strncmp)
                  00018b60    00000024     RunTimeStatsConfig.obj (.text:GetOverflowCounts)
                  00018b84    00000024     usbdhandler.obj (.text)
                  00018ba8    00000020     rtsv7M4_T_le_v4SPD16_eabi.lib : u_tofd_t2.asm.obj (.text)
                  00018bc8    0000001c                                   : memccpy.c.obj (.text:memccpy)
                  00018be4    0000001a                                   : s_copysign.c.obj (.text:copysign)
                  00018bfe    00000018                                   : sprintf.c.obj (.text:_outs)
                  00018c16    00000018                                   : strcmp.c.obj (.text:strcmp)
                  00018c2e    00000016                                   : strchr.c.obj (.text:strchr)
                  00018c44    00000014                                   : strcpy.c.obj (.text:strcpy)
                  00018c58    00000014                                   : strlen.c.obj (.text:strlen)
                  00018c6c    00000012                                   : wcslen.c.obj (.text:wcslen)
                  00018c7e    0000000e                                   : copy_decompress_none.c.obj (.text:decompress:none:__TI_decompress_none)
                  00018c8c    0000000c                                   : copy_zero_init.c.obj (.text:decompress:ZI:__TI_zero_init)
                  00018c98    0000000a                                   : sprintf.c.obj (.text:_outc)
                  00018ca2    00000002     --HOLE-- [fill = 0]
                  00018ca4    00000008                                   : errno.c.obj (.text:__aeabi_errno_addr)
                  00018cac    00000006     sysctl.obj (.text:SysCtlDelay)
                  00018cb2    00000004     rtsv7M4_T_le_v4SPD16_eabi.lib : pre_init.c.obj (.text:_system_pre_init)
                  00018cb6    00000004                                   : exit.c.obj (.text:abort:abort)

.const     0    00018cbc    00000e24     
                  00018cbc    00000248     commands.obj (.const:.string)
                  00018f04    00000200     crc.obj (.const:crctttab)
                  00019104    000001b0     sysctl.obj (.const:g_pppui32XTALtoVCO)
                  000192b4    00000101     rtsv7M4_T_le_v4SPD16_eabi.lib : ctype.c.obj (.const:.string:_ctypes_)
                  000193b5    00000003     --HOLE-- [fill = 0]
                  000193b8    000000d8     gpio.obj (.const:g_ppui32GPIOIntMapSnowflake)
                  00019490    000000c0     gpio.obj (.const:g_ppui32GPIOIntMapBlizzard)
                  00019550    0000009c     interrupt.obj (.const:g_pui32Regs)
                  000195ec    00000090     gpio.obj (.const:g_pui32GPIOBaseAddrs)
                  0001967c    0000006c     sysctl.obj (.const:g_pui32Xtals)
                  000196e8    00000060     timer.obj (.const:g_ppui32TimerIntMap)
                  00019748    00000040     timer.obj (.const:g_ppui32TimerIntMapSnowflake)
                  00019788    00000040     uart.obj (.const:g_ppui32UARTIntMap)
                  000197c8    00000040     uart.obj (.const:g_ppui32UARTIntMapSnowflake)
                  00019808    00000036     usb_serial_structs.obj (.const:.string:g_pui8ConfigString)
                  0001983e    00000002     --HOLE-- [fill = 0]
                  00019840    00000034     usbdenum.obj (.const:g_psUSBDStdRequests)
                  00019874    00000030     usbdcdc.obj (.const:g_sCDCHandlers)
                  000198a4    00000030     sysctl.obj (.const:g_sXTALtoMEMTIM)
                  000198d4    0000002c     usb_serial_structs.obj (.const:.string:g_pui8ControlInterfaceString)
                  00019900    00000024     usb_serial_structs.obj (.const:.string:g_pui8ManufacturerString)
                  00019924    00000023     usbdcdc.obj (.const:.string:g_pui8CDCSerCommInterface)
                  00019947    00000022     usb_serial_structs.obj (.const:.string:g_pui8ProductString)
                  00019969    00000003     --HOLE-- [fill = 0]
                  0001996c    00000020     interrupt.obj (.const:g_pui32Priority)
                  0001998c    00000018     usb_serial_structs.obj (.const:g_ppui8StringDescriptors)
                  000199a4    00000017     usbdcdc.obj (.const:.string:g_pui8CDCSerDataInterface)
                  000199bb    00000017     usbdcdc.obj (.const:.string:g_pui8CDCSerDataInterfaceHS)
                  000199d2    00000002     --HOLE-- [fill = 0]
                  000199d4    00000014     interrupt.obj (.const:g_pui32Dii16Regs)
                  000199e8    00000014     interrupt.obj (.const:g_pui32EnRegs)
                  000199fc    00000014     interrupt.obj (.const:g_pui32PendRegs)
                  00019a10    00000014     interrupt.obj (.const:g_pui32UnpendRegs)
                  00019a24    00000012     usb_serial_structs.obj (.const:.string:g_pui8SerialNumberString)
                  00019a36    00000002     --HOLE-- [fill = 0]
                  00019a38    00000012     uartstdio.obj (.const:.string)
                  00019a4a    00000002     --HOLE-- [fill = 0]
                  00019a4c    0000000c     uartstdio.obj (.const:g_ui32UARTBase)
                  00019a58    0000000c     uartstdio.obj (.const:g_ui32UARTInt)
                  00019a64    0000000c     uartstdio.obj (.const:g_ui32UARTPeriph)
                  00019a70    00000008     sysctl.obj (.const:g_pui32VCOFrequencies)
                  00019a78    00000008     usbdcdc.obj (.const:g_sCDCCompSerConfigHeader)
                  00019a80    00000008     usbdcdc.obj (.const:g_sCDCCompSerConfigHeaderHS)
                  00019a88    00000008     usbdcdc.obj (.const:g_sCDCSerCommInterfaceSection)
                  00019a90    00000008     usbdcdc.obj (.const:g_sCDCSerConfigHeader)
                  00019a98    00000008     usbdcdc.obj (.const:g_sCDCSerConfigHeaderHS)
                  00019aa0    00000008     usbdcdc.obj (.const:g_sCDCSerConfigSection)
                  00019aa8    00000008     usbdcdc.obj (.const:g_sCDCSerDataInterfaceSection)
                  00019ab0    00000008     usbdcdc.obj (.const:g_sCDCSerDataInterfaceSectionHS)
                  00019ab8    00000008     usbdcdc.obj (.const:g_sIADSerConfigSection)
                  00019ac0    00000004     usb_serial_structs.obj (.const:.string:g_pui8LangDescriptor)
                  00019ac4    00000004     usbdcdc.obj (.const:g_pCDCCompSerConfigDescriptors)
                  00019ac8    00000004     usbdcdc.obj (.const:g_pCDCCompSerConfigDescriptorsHS)
                  00019acc    00000004     usbdcdc.obj (.const:g_ppCDCSerConfigDescriptors)
                  00019ad0    00000004     usbdcdc.obj (.const:g_ppCDCSerConfigDescriptorsHS)
                  00019ad4    00000004     port.obj (.const)
                  00019ad8    00000004     tasks.obj (.const)
                  00019adc    00000004     uartstdio.obj (.const)

.cinit     0    00019ae0    000001a8     
                  00019ae0    00000170     (.cinit..data.load) [load image, compression = lzss]
                  00019c50    0000000c     (__TI_handler_table)
                  00019c5c    00000004     --HOLE-- [fill = 0]
                  00019c60    00000008     (.cinit..bss.load) [load image, compression = zero_init]
                  00019c68    00000008     (.cinit..vtable.load) [load image, compression = zero_init]
                  00019c70    00000018     (__TI_cinit_table)

.init_array 
*          0    00000000    00000000     UNINITIALIZED

.vtable    0    20000000    0000026c     UNINITIALIZED
                  20000000    0000026c     interrupt.obj (.vtable)

.bss       0    2000026c    000060d5     UNINITIALIZED
                  2000026c    00005000     heap_4.obj (.bss:ucHeap)
                  2000526c    000006cc     usbhostenum.obj (.bss:g_sUSBHCD)
                  20005938    00000200     uartstdio.obj (.bss:g_pcUARTRxHistoryBuffer)
                  20005b38    00000140     tasks.obj (.bss:pxReadyTasksLists)
                  20005c78    00000110     usbdma.obj (.bss:g_psUSBDMAInst)
                  20005d88    00000100     (.common:g_pui8USBRxBuffer)
                  20005e88    00000100     (.common:g_pui8USBTxBuffer)
                  20005f88    0000009c     usbhhub.obj (.bss:g_sRootHub)
                  20006024    00000050     (.common:g_psDCDInst)
                  20006074    00000050     (.common:xQueueRegistry)
                  200060c4    00000040     remotelink.obj (.bss:Rxframe)
                  20006104    00000040     remotelink.obj (.bss:Txframe)
                  20006144    00000040     usbdenum.obj (.bss:g_pui8DataBufferIn)
                  20006184    00000024     cmdline.obj (.bss:g_ppcArgv)
                  200061a8    00000020     uartstdio.obj (.bss:g_usUARTRxHistoryOffset)
                  200061c8    00000018     usbhostenum.obj (.bss:g_pi32USBHActiveDriver)
                  200061e0    00000018     usbhostenum.obj (.bss:g_ppvDriverInstance)
                  200061f8    00000018     (.common:g_pfnTickHandlers)
                  20006210    00000018     (.common:g_pvTickInstance)
                  20006228    00000014     uartstdio.obj (.bss)
                  2000623c    00000014     timers.obj (.bss:xActiveTimerList1)
                  20006250    00000014     timers.obj (.bss:xActiveTimerList2)
                  20006264    00000014     tasks.obj (.bss:xDelayedTaskList1)
                  20006278    00000014     tasks.obj (.bss:xDelayedTaskList2)
                  2000628c    00000014     tasks.obj (.bss:xPendingReadyList)
                  200062a0    00000014     tasks.obj (.bss:xSuspendedTaskList)
                  200062b4    00000014     tasks.obj (.bss:xTasksWaitingTermination)
                  200062c8    0000000c     cpu_usage.obj (.bss)
                  200062d4    00000008     usbhostenum.obj (.bss:g_pui32Alloc)
                  200062dc    00000008     tasks.obj (.bss)
                  200062e4    00000008     timers.obj (.bss)
                  200062ec    00000008     usb_dev_serial.obj (.bss)
                  200062f4    00000008     usbhhub.obj (.bss)
                  200062fc    00000008     heap_4.obj (.bss:xStart)
                  20006304    00000008     (.common:DCanterior)
                  2000630c    00000008     (.common:ui32DutyCycle)
                  20006314    00000004     remotelink.obj (.bss)
                  20006318    00000004     usbdenum.obj (.bss)
                  2000631c    00000004     usbhostenum.obj (.bss)
                  20006320    00000004     usbmode.obj (.bss)
                  20006324    00000004     (.common:cola_freertos)
                  20006328    00000004     (.common:estado)
                  2000632c    00000004     (.common:g_ppsDevInfo)
                  20006330    00000004     (.common:g_ui32CPUUsage)
                  20006334    00000004     (.common:g_ui32PollRate)
                  20006338    00000004     (.common:g_ulSystemClock)
                  2000633c    00000004     (.common:ui32Period)
                  20006340    00000001     (.common:g_eOTGModeState)

.data      0    20006344    000002fc     UNINITIALIZED
                  20006344    000000c0     commands.obj (.data:g_psCmdTable)
                  20006404    00000060     usb_serial_structs.obj (.data:g_sCDCDevice)
                  20006464    0000003c     tasks.obj (.data)
                  200064a0    00000038     usb_serial_structs.obj (.data:g_sRxBuffer)
                  200064d8    00000038     usb_serial_structs.obj (.data:g_sTxBuffer)
                  20006510    00000018     cpu_usage.obj (.data:g_pui32CPUUsageTimerBase)
                  20006528    00000018     cpu_usage.obj (.data:g_pui32CPUUsageTimerPeriph)
                  20006540    00000018     usbhostenum.obj (.data:g_sUSBHEP0State)
                  20006558    00000018     heap_4.obj (.data)
                  20006570    00000014     usbhostenum.obj (.data)
                  20006584    00000012     usbdcdc.obj (.data:g_pui8CDCSerDeviceDescriptor)
                  20006596    00000002     usbdcdc.obj (.data)
                  20006598    00000010     usbdcdc.obj (.data:g_psCDCCompSerSections)
                  200065a8    00000010     usbdcdc.obj (.data:g_psCDCCompSerSectionsHS)
                  200065b8    0000000d     usb_dev_serial.obj (.data)
                  200065c5    00000003     buttons.obj (.data)
                  200065c8    0000000c     usbdcdc.obj (.data:g_psCDCSerSections)
                  200065d4    0000000c     usbdcdc.obj (.data:g_psCDCSerSectionsHS)
                  200065e0    0000000c     timers.obj (.data)
                  200065ec    0000000c     uartstdio.obj (.data)
                  200065f8    0000000c     usbtick.obj (.data)
                  20006604    00000009     usbdcdc.obj (.data:g_pui8CDCSerDescriptor)
                  2000660d    00000001     main.obj (.data)
                  2000660e    00000002     --HOLE--
                  20006610    00000009     usbmode.obj (.data)
                  20006619    00000008     usbdcdc.obj (.data:g_pui8IADSerDescriptor)
                  20006621    00000003     --HOLE--
                  20006624    00000008     usbdenum.obj (.data)
                  2000662c    00000007     usb_dev_serial.obj (.data:ConfigLinea)
                  20006633    00000001     --HOLE--
                  20006634    00000004     port.obj (.data)
                  20006638    00000004     remotelink.obj (.data)
                  2000663c    00000004     rtsv7M4_T_le_v4SPD16_eabi.lib : errno.c.obj (.data)

.stack     0    20006640    00000200     UNINITIALIZED
                  20006640    00000004     rtsv7M4_T_le_v4SPD16_eabi.lib : boot_cortex_m.c.obj (.stack)
                  20006644    000001fc     --HOLE--

__llvm_prf_cnts 
*          0    20000000    00000000     UNINITIALIZED

MODULE SUMMARY

       Module                       code     ro data   rw data
       ------                       ----     -------   -------
    .\
       commands.obj                 1508     584       204    
       startup_ccs.obj              44       620       0      
       main.obj                     512      0         13     
    +--+----------------------------+--------+---------+---------+
       Total:                       2064     1204      217    
                                                              
    .\FreeRTOS\Source\
       tasks.obj                    7452     4         488    
       queue.obj                    3360     0         80     
       timers.obj                   1776     0         60     
       list.obj                     298      0         0      
    +--+----------------------------+--------+---------+---------+
       Total:                       12886    4         628    
                                                              
    .\FreeRTOS\Source\portable\CCS\ARM_CM4F\
       port.obj                     336      4         4      
       portasm.obj                  218      0         0      
    +--+----------------------------+--------+---------+---------+
       Total:                       554      4         4      
                                                              
    .\FreeRTOS\Source\portable\MemMang\
       heap_4.obj                   928      0         20512  
    +--+----------------------------+--------+---------+---------+
       Total:                       928      0         20512  
                                                              
    .\driverlib\
       usb.obj                      9100     0         0      
       sysctl.obj                   5774     596       0      
       gpio.obj                     4744     552       0      
       pwm.obj                      3916     0         0      
       timer.obj                    3360     160       0      
       uart.obj                     2824     128       0      
       interrupt.obj                1168     268       620    
       cpu.obj                      62       0         0      
    +--+----------------------------+--------+---------+---------+
       Total:                       30948    1704      620    
                                                              
    .\drivers\
       Servos.obj                   4324     0         12     
       buttons.obj                  296      0         3      
    +--+----------------------------+--------+---------+---------+
       Total:                       4620     0         15     
                                                              
    .\remotelink\
       usb_serial_structs.obj       0        214       720    
       usb_dev_serial.obj           904      0         28     
       remotelink.obj               688      0         136    
       serialprotocol.obj           754      0         0      
       crc.obj                      104      512       0      
    +--+----------------------------+--------+---------+---------+
       Total:                       2450     726       884    
                                                              
    .\usblib\
       usbdma.obj                   4008     0         272    
       usbbuffer.obj                1432     0         0      
       usbmode.obj                  1392     0         18     
       usbringbuf.obj               1164     0         0      
       usbdesc.obj                  466      0         0      
       usbtick.obj                  236      0         60     
       usbulpi.obj                  200      0         0      
    +--+----------------------------+--------+---------+---------+
       Total:                       8898     0         350    
                                                              
    .\usblib\device\
       usbdenum.obj                 5488     52        160    
       usbdcdc.obj                  4060     217       93     
       usbdconfig.obj               956      0         0      
       usbdcdesc.obj                734      0         0      
       usbdhandler.obj              36       0         0      
    +--+----------------------------+--------+---------+---------+
       Total:                       11274    269       253    
                                                              
    .\usblib\host\
       usbhostenum.obj              12420    0         1844   
       usbhhub.obj                  2340     0         164    
    +--+----------------------------+--------+---------+---------+
       Total:                       14760    0         2008   
                                                              
    .\utils\
       uartstdio.obj                2956     58        576    
       cpu_usage.obj                292      0         60     
       cmdline.obj                  172      0         36     
       RunTimeStatsConfig.obj       140      0         0      
    +--+----------------------------+--------+---------+---------+
       Total:                       3560     58        672    
                                                              
    C:\ti\ccs1110\ccs\tools\compiler\ti-cgt-arm_20.2.5.LTS\lib\rtsv7M4_T_le_v4SPD16_eabi.lib
       _printfi.c.obj               4851     0         0      
       fd_add_t2.asm.obj            438      0         0      
       fd_div_t2.asm.obj            310      0         0      
       s_scalbn.c.obj               272      0         0      
       fd_cmp_t2.asm.obj            268      0         0      
       ctype.c.obj                  0        257       0      
       fd_mul_t2.asm.obj            252      0         0      
       memcpy_t2.asm.obj            156      0         0      
       ull_div_t2.asm.obj           150      0         0      
       memset_t2.asm.obj            122      0         0      
       copy_decompress_lzss.c.obj   104      0         0      
       s_frexp.c.obj                100      0         0      
       sprintf.c.obj                98       0         0      
       _ltoa.c.obj                  84       0         0      
       atoi.c.obj                   76       0         0      
       fd_toi_t2.asm.obj            72       0         0      
       autoinit.c.obj               68       0         0      
       fd_tou_t2.asm.obj            68       0         0      
       u_divt2.asm.obj              64       0         0      
       fs_tod_t2.asm.obj            56       0         0      
       boot_cortex_m.c.obj          52       0         0      
       i_tofd_t2.asm.obj            46       0         0      
       strncmp.c.obj                44       0         0      
       u_tofd_t2.asm.obj            32       0         0      
       memccpy.c.obj                28       0         0      
       s_copysign.c.obj             26       0         0      
       strcmp.c.obj                 24       0         0      
       strchr.c.obj                 22       0         0      
       strcpy.c.obj                 20       0         0      
       strlen.c.obj                 20       0         0      
       wcslen.c.obj                 18       0         0      
       copy_decompress_none.c.obj   14       0         0      
       copy_zero_init.c.obj         12       0         0      
       errno.c.obj                  8        0         4      
       exit.c.obj                   4        0         0      
       pre_init.c.obj               4        0         0      
       div0.asm.obj                 2        0         0      
    +--+----------------------------+--------+---------+---------+
       Total:                       7985     257       4      
                                                              
       Stack:                       0        0         512    
       Linker Generated:            0        420       0      
    +--+----------------------------+--------+---------+---------+
       Grand Total:                 100927   4646      26679  


LINKER GENERATED COPY TABLES

__TI_cinit_table @ 00019c70 records: 3, size/record: 8, table size: 24
	.data: load addr=00019ae0, load size=00000170 bytes, run addr=20006344, run size=000002fc bytes, compression=lzss
	.bss: load addr=00019c60, load size=00000008 bytes, run addr=2000026c, run size=000060d5 bytes, compression=zero_init
	.vtable: load addr=00019c68, load size=00000008 bytes, run addr=20000000, run size=0000026c bytes, compression=zero_init


LINKER GENERATED HANDLER TABLE

__TI_handler_table @ 00019c50 records: 3, size/record: 4, table size: 12
	index: 0, handler: __TI_zero_init
	index: 1, handler: __TI_decompress_lzss
	index: 2, handler: __TI_decompress_none


GLOBAL SYMBOLS: SORTED ALPHABETICALLY BY Name 

address   name                                 
-------   ----                                 
000179cf  ButtonsInit                          
00017929  ButtonsPoll                          
00018cb7  C$$EXIT                              
00017a8f  CPUUsageInit                         
00017a51  CPUUsageTick                         
00018a63  CPUbasepriGet                        
00018a55  CPUbasepriSet                        
00018a2f  CPUcpsid                             
00018a45  CPUcpsie                             
00018a3b  CPUprimask                           
00018a51  CPUwfi                               
000181e9  CmdLineProcess                       
0000026d  ConfigDescAlloc                      
00000303  ConfigDescFree                       
20006304  DCanterior                           
0000b1a7  GPIOADCTriggerDisable                
0000b17b  GPIOADCTriggerEnable                 
0000b14f  GPIODMATriggerDisable                
0000b123  GPIODMATriggerEnable                 
0000a16d  GPIODirModeGet                       
0000a0e9  GPIODirModeSet                       
00016e2f  GPIOFIntHandler                      
0000a93d  GPIOIntClear                         
0000a8e5  GPIOIntDisable                       
0000a8bd  GPIOIntEnable                        
0000a95f  GPIOIntRegister                      
0000a9dd  GPIOIntRegisterPin                   
0000a90d  GPIOIntStatus                        
0000a391  GPIOIntTypeGet                       
0000a241  GPIOIntTypeSet                       
0000a99d  GPIOIntUnregister                    
0000aa55  GPIOIntUnregisterPin                 
0000a729  GPIOPadConfigGet                     
0000a435  GPIOPadConfigSet                     
0000b09d  GPIOPinConfigure                     
0000aaa7  GPIOPinRead                          
0000aafb  GPIOPinTypeADC                       
0000ab31  GPIOPinTypeCAN                       
0000ab67  GPIOPinTypeComparator                
0000ab9d  GPIOPinTypeComparatorOutput          
0000abd3  GPIOPinTypeDIVSCLK                   
0000ac09  GPIOPinTypeEPI                       
0000ac3f  GPIOPinTypeEthernetLED               
0000ac75  GPIOPinTypeEthernetMII               
0000acb9  GPIOPinTypeGPIOInput                 
0000acef  GPIOPinTypeGPIOOutput                
0000ad25  GPIOPinTypeGPIOOutputOD              
0000ad5b  GPIOPinTypeHibernateRTCCLK           
0000ad91  GPIOPinTypeI2C                       
0000adc7  GPIOPinTypeI2CSCL                    
0000adfd  GPIOPinTypeLCD                       
0000ae33  GPIOPinTypeOneWire                   
0000ae69  GPIOPinTypePWM                       
0000ae9f  GPIOPinTypeQEI                       
0000aed5  GPIOPinTypeSSI                       
0000af0b  GPIOPinTypeTimer                     
0000af41  GPIOPinTypeTrace                     
0000af77  GPIOPinTypeUART                      
0000afb1  GPIOPinTypeUSBAnalog                 
0000afe7  GPIOPinTypeUSBDigital                
0000b01d  GPIOPinTypeWakeHigh                  
0000b055  GPIOPinTypeWakeLow                   
0000b08d  GPIOPinWakeStatus                    
0000aacd  GPIOPinWrite                         
0000b1d3  GPIOUnlockPin                        
00018b61  GetOverflowCounts                    
0001501d  IntDisable                           
00014f9f  IntEnable                            
000150a5  IntIsEnabled                         
00014e03  IntMasterDisable                     
00014df3  IntMasterEnable                      
000151c9  IntPendClear                         
00015159  IntPendSet                           
00014f69  IntPriorityGet                       
00014ecf  IntPriorityGroupingGet               
00014ea9  IntPriorityGroupingSet               
0001522f  IntPriorityMaskGet                   
00015223  IntPriorityMaskSet                   
00014f07  IntPrioritySet                       
00014e13  IntRegister                          
00015237  IntTrigger                           
00014e89  IntUnregister                        
000025c1  InternalUSBHCDSendEvent              
00017eeb  InternalUSBRegisterTickHandler       
00017f3b  InternalUSBStartOfFrameTick          
00017ea5  InternalUSBTickInit                  
00017ee3  InternalUSBTickReset                 
00014cdd  OTGDeviceDisconnect                  
0000f0c9  PWMClockGet                          
0000f04f  PWMClockSet                          
0000e663  PWMDeadBandDisable                   
0000e5db  PWMDeadBandEnable                    
0000ed13  PWMFaultIntClear                     
0000ed71  PWMFaultIntClearExt                  
0000ea93  PWMFaultIntRegister                  
0000ead9  PWMFaultIntUnregister                
0000e2f5  PWMGenConfigure                      
0000e477  PWMGenDisable                        
0000e435  PWMGenEnable                         
0000efa9  PWMGenFaultClear                     
0000edb1  PWMGenFaultConfigure                 
0000ef3d  PWMGenFaultStatus                    
0000eec9  PWMGenFaultTriggerGet                
0000ee2f  PWMGenFaultTriggerSet                
0000ec41  PWMGenIntClear                       
0000e991  PWMGenIntRegister                    
0000ebe1  PWMGenIntStatus                      
0000eb85  PWMGenIntTrigDisable                 
0000eb2d  PWMGenIntTrigEnable                  
0000e9f3  PWMGenIntUnregister                  
0000e3e3  PWMGenPeriodGet                      
0000e363  PWMGenPeriodSet                      
0000ecd3  PWMIntDisable                        
0000ec93  PWMIntEnable                         
0000ed3b  PWMIntStatus                         
0000e829  PWMOutputFault                       
0000e7cf  PWMOutputFaultLevel                  
0000e775  PWMOutputInvert                      
0000e71b  PWMOutputState                       
0000f103  PWMOutputUpdateMode                  
0000e543  PWMPulseWidthGet                     
0000e4b9  PWMPulseWidthSet                     
0000e6e1  PWMSyncTimeBase                      
0000e6a7  PWMSyncUpdate                        
0000c545  ProcessDataFromHost                  
0000c655  ProcessDataToHost                    
0000c5f3  ProcessNotificationToHost            
00018b09  ResetISR                             
000089ab  SysCtlAltClkConfig                   
00007f71  SysCtlClockFreqSet                   
00008451  SysCtlClockGet                       
00008973  SysCtlClockOutConfig                 
00008279  SysCtlClockSet                       
00007e59  SysCtlDeepSleep                      
00008629  SysCtlDeepSleepClockConfigSet        
0000860d  SysCtlDeepSleepClockSet              
00007e39  SysCtlDeepSleepPowerSet              
00018cad  SysCtlDelay                          
0000775d  SysCtlFlashSectorSizeGet             
00007731  SysCtlFlashSizeGet                   
000087fd  SysCtlGPIOAHBDisable                 
00008779  SysCtlGPIOAHBEnable                  
00007d4d  SysCtlIntClear                       
00007d35  SysCtlIntDisable                     
00007d21  SysCtlIntEnable                      
00007cfd  SysCtlIntRegister                    
00007d5d  SysCtlIntStatus                      
00007d11  SysCtlIntUnregister                  
00007e1f  SysCtlLDODeepSleepGet                
00007dd1  SysCtlLDODeepSleepSet                
00007dc7  SysCtlLDOSleepGet                    
00007d79  SysCtlLDOSleepSet                    
00007e95  SysCtlMOSCConfigSet                  
0000895f  SysCtlNMIClear                       
00008959  SysCtlNMIStatus                      
00007ea5  SysCtlPIOSCCalibrate                 
00008745  SysCtlPWMClockGet                    
000086d5  SysCtlPWMClockSet                    
00007ca9  SysCtlPeripheralClockGating          
00007c5b  SysCtlPeripheralDeepSleepDisable     
00007c0d  SysCtlPeripheralDeepSleepEnable      
00007b19  SysCtlPeripheralDisable              
00007aad  SysCtlPeripheralEnable               
00007961  SysCtlPeripheralPowerOff             
000078dd  SysCtlPeripheralPowerOn              
000077c9  SysCtlPeripheralPresent              
00007855  SysCtlPeripheralReady                
00007a0d  SysCtlPeripheralReset                
00007bb9  SysCtlPeripheralSleepDisable         
00007b67  SysCtlPeripheralSleepEnable          
00007e49  SysCtlReset                          
00007f05  SysCtlResetBehaviorGet               
00007ef5  SysCtlResetBehaviorSet               
00007e81  SysCtlResetCauseClear                
00007e75  SysCtlResetCauseGet                  
00007727  SysCtlSRAMSizeGet                    
00007e51  SysCtlSleep                          
00007e29  SysCtlSleepPowerSet                  
00008873  SysCtlUSBPLLDisable                  
00008867  SysCtlUSBPLLEnable                   
000088ad  SysCtlVCOGet                         
00008895  SysCtlVoltageEventClear              
0000887f  SysCtlVoltageEventConfig             
0000888f  SysCtlVoltageEventStatus             
00010b59  TimerADCEventGet                     
00010b39  TimerADCEventSet                     
00010589  TimerClockSourceGet                  
0001054d  TimerClockSourceSet                  
000100b5  TimerConfigure                       
000103ad  TimerControlEvent                    
00010289  TimerControlLevel                    
0001040b  TimerControlStall                    
00010309  TimerControlTrigger                  
00010475  TimerControlWaitOnTrigger            
00010b95  TimerDMAEventGet                     
00010b75  TimerDMAEventSet                     
00010029  TimerDisable                         
0000ffdf  TimerEnable                          
00010af9  TimerIntClear                        
00010aa7  TimerIntDisable                      
00010a81  TimerIntEnable                       
000109c1  TimerIntRegister                     
00010acd  TimerIntStatus                       
00010a2b  TimerIntUnregister                   
0001077b  TimerLoadGet                         
000107e9  TimerLoadGet64                       
00010721  TimerLoadSet                         
000107bd  TimerLoadSet64                       
00010911  TimerMatchGet                        
0001097b  TimerMatchGet64                      
000108b7  TimerMatchSet                        
00010953  TimerMatchSet64                      
0001061f  TimerPrescaleGet                     
000106d5  TimerPrescaleMatchGet                
0001066b  TimerPrescaleMatchSet                
000105b5  TimerPrescaleSet                     
00010529  TimerRTCDisable                      
00010505  TimerRTCEnable                       
00010b19  TimerSynchronize                     
00010bb1  TimerUpdateMode                      
0001082f  TimerValueGet                        
00010871  TimerValueGet64                      
00012223  UART9BitAddrSend                     
000121ef  UART9BitAddrSet                      
000121cb  UART9BitDisable                      
000121a7  UART9BitEnable                       
00011f4f  UARTBreakCtl                         
00011f87  UARTBusy                             
00011ecd  UARTCharGet                          
00011e8f  UARTCharGetNonBlocking               
00011f23  UARTCharPut                          
00011ef1  UARTCharPutNonBlocking               
00011e37  UARTCharsAvail                       
00012189  UARTClockSourceGet                   
00012153  UARTClockSourceSet                   
00011a3d  UARTConfigGetExpClk                  
0001195f  UARTConfigSetExpClk                  
000120ef  UARTDMADisable                       
000120c9  UARTDMAEnable                        
00011ae5  UARTDisable                          
00011ba1  UARTDisableSIR                       
00011667  UARTEchoSet                          
00011a9d  UARTEnable                           
00011b65  UARTEnableSIR                        
00011b41  UARTFIFODisable                      
00011b1d  UARTFIFOEnable                       
00011923  UARTFIFOLevelGet                     
000118b1  UARTFIFOLevelSet                     
00011db9  UARTFlowControlGet                   
00011d73  UARTFlowControlSet                   
00011633  UARTFlushRx                          
00011641  UARTFlushTx                          
000120a9  UARTIntClear                         
00012057  UARTIntDisable                       
00012031  UARTIntEnable                        
00011fb3  UARTIntRegister                      
0001207d  UARTIntStatus                        
00011ff1  UARTIntUnregister                    
00012279  UARTLoopbackEnable                   
00011c8d  UARTModemControlClear                
00011cf1  UARTModemControlGet                  
00011c29  UARTModemControlSet                  
00011d31  UARTModemStatusGet                   
00011893  UARTParityModeGet                    
00011847  UARTParityModeSet                    
0001161b  UARTRxBytesAvail                     
00012135  UARTRxErrorClear                     
00012115  UARTRxErrorGet                       
00011c05  UARTSmartCardDisable                 
00011bc5  UARTSmartCardEnable                  
00011e63  UARTSpaceAvail                       
00010c67  UARTStdioConfig                      
0001168f  UARTStdioIntHandler                  
00011627  UARTTxBytesFree                      
00011e17  UARTTxIntModeGet                     
00011dd9  UARTTxIntModeSet                     
000112bd  UARTgetc                             
00010e5d  UARTgets                             
000115f7  UARTprintf                           
000112e5  UARTvprintf                          
00010d93  UARTwrite                            
0001806b  ULPIConfigSet                        
0001810d  ULPIPowerTransceiver                 
00018b85  USB0DeviceIntHandler                 
0001494b  USB0DualModeIntHandler               
000024b7  USB0HostIntHandler                   
00014bf5  USB0OTGModeIntHandler                
000146ab  USBBufferCallbackDataSet             
000147a1  USBBufferDataAvailable               
00014683  USBBufferDataRemoved                 
00014655  USBBufferDataWritten                 
000147e1  USBBufferEventCallback               
0001472d  USBBufferFlush                       
0001461b  USBBufferInfoGet                     
00014597  USBBufferInit                        
0001474d  USBBufferRead                        
000147c1  USBBufferSpaceAvailable              
000146c5  USBBufferWrite                       
000145e1  USBBufferZeroLengthPacketInsert      
0000500b  USBClockDisable                      
00004fe1  USBClockEnable                       
00015ead  USBControlHandler                    
00004fc9  USBControllerVersion                 
0000cd5f  USBDCDCCompositeInit                 
0000cedd  USBDCDCInit                          
0000d0cd  USBDCDCPacketRead                    
0000d015  USBDCDCPacketWrite                   
0000d28f  USBDCDCPowerStatusSet                
0000d2b1  USBDCDCRemoteWakeupRequest           
0000d1df  USBDCDCRxPacketAvailable             
0000d249  USBDCDCSerialStateChange             
0000cf71  USBDCDCSetControlCBData              
0000cf9f  USBDCDCSetRxCBData                   
0000cfd1  USBDCDCSetTxCBData                   
0000cf4b  USBDCDCTerm                          
0000d1b5  USBDCDCTxPacketAvailable             
0001663b  USBDCDConfigDescGet                  
000165ed  USBDCDConfigDescGetNum               
000165b5  USBDCDConfigDescGetSize              
0001671d  USBDCDConfigGetInterface             
00016753  USBDCDConfigGetInterfaceEndpoint     
000166c9  USBDCDConfigGetNumAlternateInterfaces
00008a21  USBDCDDeviceInfoInit                 
00008f2f  USBDCDFeatureGet                     
00008e7d  USBDCDFeatureSet                     
00008a85  USBDCDInit                           
00008e1d  USBDCDPowerStatusSet                 
00008f69  USBDCDRemoteWakeLPM                  
00008f83  USBDCDRemoteWakeupRequest            
00008d19  USBDCDRequestDataEP0                 
00008d85  USBDCDSendDataEP0                    
00008dc1  USBDCDSetDefaultConfiguration        
00008ddd  USBDCDStallEP0                       
00008c83  USBDCDTerm                           
00005263  USBDMAChannelAddressGet              
00005229  USBDMAChannelAddressSet              
00005141  USBDMAChannelConfigSet               
000052db  USBDMAChannelCountGet                
000052a1  USBDMAChannelCountSet                
00005103  USBDMAChannelDisable                 
000050c5  USBDMAChannelEnable                  
00005069  USBDMAChannelIntDisable              
0000502b  USBDMAChannelIntEnable               
000050a7  USBDMAChannelIntStatus               
000051a7  USBDMAChannelStatus                  
000051e1  USBDMAChannelStatusClear             
00005311  USBDMANumChannels                    
00016f3d  USBDescGet                           
00017061  USBDescGetInterface                  
0001708f  USBDescGetInterfaceEndpoint          
00016ee1  USBDescGetNum                        
00016fa7  USBDescGetNumAlternateInterfaces     
00003d33  USBDevAddrGet                        
00003d11  USBDevAddrSet                        
00003cc9  USBDevConnect                        
00003ced  USBDevDisconnect                     
00004177  USBDevEndpointConfigGet              
0000403d  USBDevEndpointConfigSet              
00004691  USBDevEndpointDataAck                
00003b55  USBDevEndpointStall                  
00003bfd  USBDevEndpointStallClear             
000038d1  USBDevEndpointStatusClear            
00005519  USBDevLPMConfig                      
00005563  USBDevLPMDisable                     
0000553d  USBDevLPMEnable                      
000054f3  USBDevLPMRemoteWake                  
00004ef9  USBDevMode                           
00003517  USBDevSpeedGet                       
000157d3  USBDeviceConfig                      
000159ff  USBDeviceConfigAlternate             
000090c9  USBDeviceEnumHandler                 
00009229  USBDeviceEnumResetHandler            
00009da1  USBDeviceIntHandlerInternal          
00008fc9  USBDeviceResumeTickHandler           
00014997  USBDualModeInit                      
00014a15  USBDualModeTerm                      
00004e45  USBEndpointDMAChannel                
00004425  USBEndpointDMAConfigSet              
000044f7  USBEndpointDMADisable                
000044bd  USBEndpointDMAEnable                 
00004531  USBEndpointDataAvail                 
000045bb  USBEndpointDataGet                   
0000478d  USBEndpointDataPut                   
00004847  USBEndpointDataSend                  
00003a89  USBEndpointDataToggleClear           
00004f8d  USBEndpointPacketCountSet            
000037bd  USBEndpointStatus                    
00004e0d  USBFIFOAddrGet                       
00004379  USBFIFOConfigGet                     
000042cd  USBFIFOConfigSet                     
000048eb  USBFIFOFlush                         
00004db5  USBFrameNumberGet                    
00002b31  USBHCDControlTransfer                
00002ffd  USBHCDDevAddress                     
00003029  USBHCDDevClass                       
00002fd1  USBHCDDevHubPort                     
000030bd  USBHCDDevProtocol                    
00003071  USBHCDDevSubClass                    
00000429  USBHCDEventDisable                   
000003eb  USBHCDEventEnable                    
00003121  USBHCDFeatureSet                     
00002cb1  USBHCDHubDeviceConnected             
00002d75  USBHCDHubDeviceDisconnected          
000015b5  USBHCDInit                           
0000329d  USBHCDLPMResume                      
00003223  USBHCDLPMSleep                       
000031d9  USBHCDLPMStatus                      
00002711  USBHCDMain                           
000008c1  USBHCDPipeAlloc                      
0000060d  USBHCDPipeAllocSize                  
0000090d  USBHCDPipeConfig                     
00000e4f  USBHCDPipeDataAck                    
000010e1  USBHCDPipeFree                       
00000e85  USBHCDPipeRead                       
00000e05  USBHCDPipeReadNonBlocking            
00000ce1  USBHCDPipeSchedule                   
000005e7  USBHCDPipeTransferSizeGet            
00000ab1  USBHCDPipeWrite                      
0000154d  USBHCDPowerAutomatic                 
00001495  USBHCDPowerConfigGet                 
00001471  USBHCDPowerConfigInit                
000014bd  USBHCDPowerConfigSet                 
00001715  USBHCDRegisterDrivers                
00001801  USBHCDReset                          
00001879  USBHCDResume                         
00001abd  USBHCDSetAddress                     
00001bd5  USBHCDSetConfig                      
00001c2b  USBHCDSetInterface                   
00001a41  USBHCDStringDescriptorGet            
00001859  USBHCDSuspend                        
0000173d  USBHCDTerm                           
00013581  USBHHubClose                         
00013525  USBHHubEnumerationComplete           
00013547  USBHHubEnumerationError              
00013595  USBHHubInit                          
000135c3  USBHHubLPMSleep                      
000135d1  USBHHubLPMStatus                     
000132f9  USBHHubMain                          
00013569  USBHHubOpen                          
0000345b  USBHighSpeed                         
00004b31  USBHostAddrGet                       
00004aad  USBHostAddrSet                       
00001c85  USBHostCheckPipes                    
00003d55  USBHostEndpointConfig                
00004715  USBHostEndpointDataAck               
000039a5  USBHostEndpointDataToggle            
00003b09  USBHostEndpointPing                  
00003f55  USBHostEndpointSpeed                 
00003835  USBHostEndpointStatusClear           
00004c55  USBHostHubAddrGet                    
00004ba5  USBHostHubAddrSet                    
00001d4d  USBHostIntHandlerInternal            
00005477  USBHostLPMConfig                     
000054cd  USBHostLPMResume                     
0000540b  USBHostLPMSend                       
00004ed9  USBHostMode                          
00004ccd  USBHostPwrConfig                     
00004d8f  USBHostPwrDisable                    
00004d69  USBHostPwrEnable                     
00004d43  USBHostPwrFaultDisable               
00004d1d  USBHostPwrFaultEnable                
000049a1  USBHostRequestIN                     
00004a0f  USBHostRequestINClear                
00004a89  USBHostRequestStatus                 
0000341f  USBHostReset                         
00003497  USBHostResume                        
000034d3  USBHostSpeedGet                      
000033fd  USBHostSuspend                       
0000353d  USBIntDisableControl                 
00003669  USBIntDisableEndpoint                
000035b5  USBIntEnableControl                  
000036a5  USBIntEnableEndpoint                 
00003745  USBIntRegister                       
0000360f  USBIntStatusControl                  
000036e1  USBIntStatusEndpoint                 
00003783  USBIntUnregister                     
000055b3  USBLPMEndpointGet                    
0000564b  USBLPMIntDisable                     
00005623  USBLPMIntEnable                      
00005605  USBLPMIntStatus                      
00005591  USBLPMLinkStateGet                   
000055dd  USBLPMRemoteWakeEnabled              
0000e069  USBLibDMAAddrGet                     
0000e099  USBLibDMAInit                        
0000e081  USBLibDMASizeGet                     
00004f39  USBModeConfig                        
00004e23  USBModeGet                           
00004fb1  USBNumEndpointsGet                   
00014d95  USBOTGFeatureSet                     
00014cf7  USBOTGMain                           
00004f19  USBOTGMode                           
00014a9f  USBOTGModeInit                       
00014a57  USBOTGModeTerm                       
00014bc5  USBOTGPollRate                       
00004dd1  USBOTGSessionRequest                 
00004f5b  USBPHYPowerOff                       
00004f71  USBPHYPowerOn                        
0001551b  USBRingBufAdvanceRead                
00015571  USBRingBufAdvanceWrite               
00015401  USBRingBufContigFree                 
000153c9  USBRingBufContigUsed                 
0001530d  USBRingBufEmpty                      
0001533f  USBRingBufFlush                      
000153a5  USBRingBufFree                       
000152cb  USBRingBufFull                       
000156bd  USBRingBufInit                       
000154a5  USBRingBufRead                       
0001545f  USBRingBufReadOne                    
00015447  USBRingBufSize                       
0001536b  USBRingBufUsed                       
00015647  USBRingBufWrite                      
00015601  USBRingBufWriteOne                   
00015fab  USBRxHandler                         
0001609d  USBSerialGetChar                     
0001600d  USBSerialInit                        
000160b1  USBSerialPutChar                     
000160fd  USBSerialRead                        
0001614d  USBSerialWrite                       
00014901  USBStackModeSet                      
00015f3b  USBTxHandler                         
00005331  USBULPIConfig                        
0000535f  USBULPIDisable                       
00005347  USBULPIEnable                        
00005377  USBULPIRegRead                       
000053bd  USBULPIRegWrite                      
20006840  __STACK_END                          
00000200  __STACK_SIZE                         
20006840  __STACK_TOP                          
00019c70  __TI_CINIT_Base                      
00019c88  __TI_CINIT_Limit                     
00019c50  __TI_Handler_Table_Base              
00019c5c  __TI_Handler_Table_Limit             
000188e9  __TI_auto_init_nobinit_nopinit       
0001868d  __TI_decompress_lzss                 
00018c7f  __TI_decompress_none                 
000187af  __TI_ltoa                            
ffffffff  __TI_pprof_out_hndl                  
000122a1  __TI_printfi                         
ffffffff  __TI_prof_data_size                  
ffffffff  __TI_prof_data_start                 
00000000  __TI_static_base__                   
00018c8d  __TI_zero_init                       
000183c7  __aeabi_cdcmpeq                      
000183c7  __aeabi_cdcmple                      
0001844d  __aeabi_cdrcmple                     
000188a1  __aeabi_d2iz                         
0001892d  __aeabi_d2uiz                        
0001728f  __aeabi_dadd                         
000176c9  __aeabi_ddiv                         
00017da9  __aeabi_dmul                         
00017285  __aeabi_dsub                         
00018ca5  __aeabi_errno_addr                   
00018a6d  __aeabi_f2d                          
00018ad9  __aeabi_i2d                          
00012cef  __aeabi_idiv0                        
00012cef  __aeabi_ldiv0                        
000184d3  __aeabi_memclr                       
000184d3  __aeabi_memclr4                      
000184d3  __aeabi_memclr8                      
00018295  __aeabi_memcpy                       
00018295  __aeabi_memcpy4                      
00018295  __aeabi_memcpy8                      
000184d5  __aeabi_memset                       
000184d5  __aeabi_memset4                      
000184d5  __aeabi_memset8                      
00018ba9  __aeabi_ui2d                         
00018971  __aeabi_uidiv                        
00018971  __aeabi_uidivmod                     
00018331  __aeabi_uldivmod                     
ffffffff  __binit__                            
ffffffff  __c_args__                           
00016ce1  __error__                            
UNDEFED   __mpu_init                           
20006640  __stack                              
20000000  __start___llvm_prf_cnts              
20000000  __stop___llvm_prf_cnts               
00018aa5  _c_int00_noargs                      
000192b4  _ctypes_                             
UNDEFED   _system_post_cinit                   
00018cb3  _system_pre_init                     
00018cb7  abort                                
00018855  atoi                                 
ffffffff  binit                                
00016489  check_and_extract_command_param      
20006324  cola_freertos                        
00018be5  copysign                             
00018be5  copysignl                            
000185bd  create_checksum                      
000163f7  create_frame                         
0001647b  decode_command_type                  
000163a3  destuff_and_check_checksum           
00005a11  eTaskGetState                        
2000663c  errno                                
20006328  estado                               
000186f5  frexp                                
000186f5  frexpl                               
200065f8  g_bUSBTimerInitialized               
20006340  g_eOTGModeState                      
20006610  g_iUSBMode                           
00019ac4  g_pCDCCompSerConfigDescriptors       
00019ac8  g_pCDCCompSerConfigDescriptorsHS     
20000000  g_pfnRAMVectors                      
200061f8  g_pfnTickHandlers                    
00000000  g_pfnVectors                         
00019acc  g_ppCDCSerConfigDescriptors          
00019ad0  g_ppCDCSerConfigDescriptorsHS        
2000632c  g_ppsDevInfo                         
0001998c  g_ppui8StringDescriptors             
20006598  g_psCDCCompSerSections               
200065a8  g_psCDCCompSerSectionsHS             
200065c8  g_psCDCSerSections                   
200065d4  g_psCDCSerSectionsHS                 
20006344  g_psCmdTable                         
20006024  g_psDCDInst                          
00019924  g_pui8CDCSerCommInterface            
000199a4  g_pui8CDCSerDataInterface            
000199bb  g_pui8CDCSerDataInterfaceHS          
20006604  g_pui8CDCSerDescriptor               
20006584  g_pui8CDCSerDeviceDescriptor         
00019808  g_pui8ConfigString                   
000198d4  g_pui8ControlInterfaceString         
20006619  g_pui8IADSerDescriptor               
00019ac0  g_pui8LangDescriptor                 
00019900  g_pui8ManufacturerString             
00019947  g_pui8ProductString                  
00019a24  g_pui8SerialNumberString             
20005d88  g_pui8USBRxBuffer                    
20005e88  g_pui8USBTxBuffer                    
20006210  g_pvTickInstance                     
00019a78  g_sCDCCompSerConfigHeader            
00019a80  g_sCDCCompSerConfigHeaderHS          
20006404  g_sCDCDevice                         
00019874  g_sCDCHandlers                       
00019a88  g_sCDCSerCommInterfaceSection        
00019a90  g_sCDCSerConfigHeader                
00019a98  g_sCDCSerConfigHeaderHS              
00019aa0  g_sCDCSerConfigSection               
00019aa8  g_sCDCSerDataInterfaceSection        
00019ab0  g_sCDCSerDataInterfaceSectionHS      
00019ab8  g_sIADSerConfigSection               
200064a0  g_sRxBuffer                          
200064d8  g_sTxBuffer                          
20006330  g_ui32CPUUsage                       
200065fc  g_ui32CurrentUSBTick                 
20006334  g_ui32PollRate                       
20006600  g_ui32USBSOFCount                    
20006614  g_ui32WaitTicks                      
20006338  g_ulSystemClock                      
200065bc  g_ulUARTRxCount                      
200065c0  g_ulUARTRxErrors                     
200065b8  g_ulUARTTxCount                      
000164b5  get_command_param_pointer            
00014177  initCommandLine                      
00017c99  ldexp                                
00017c99  ldexpl                               
00016daf  main                                 
00018bc9  memccpy                              
00018295  memcpy                               
000184db  memset                               
0000b5d9  mov_curvo_servos                     
0000b361  mov_rectilineo_servos                
0000b771  mov_rotatorio_servos                 
0000bec3  mov_rueda_Qt                         
0000bac9  mov_una_rueda                        
0000b9db  parar_pausar_motor                   
0000fe03  pcQueueGetName                       
00006049  pcTaskGetName                        
000137c1  pcTimerGetName                       
00015ac9  pvPortMalloc                         
00006da1  pvTaskIncrementMutexHeldCount        
00013c29  pvTimerGetTimerID                    
20006464  pxCurrentTCB                         
0001743d  pxPortInitialiseStack                
0001692b  remotelink_init                      
000167c1  remotelink_sendMessage               
00017c99  scalbn                               
00017c99  scalbnl                              
0000b219  servos_init                          
000189b1  sprintf                              
00018c2f  strchr                               
00018c17  strcmp                               
00018c45  strcpy                               
00018c59  strlen                               
00018b35  strncmp                              
0000fb5b  ucQueueGetQueueType                  
2000630c  ui32DutyCycle                        
2000633c  ui32Period                           
00019ad4  ulMaxSyscallInterruptPriority        
00017fa1  ulPortGetIPSR                        
00006dbd  ulTaskGenericNotifyTake              
00007299  ulTaskGenericNotifyValueClear        
000178e1  uxListRemove                         
0000fb3b  uxQueueGetQueueNumber                
0000fad9  uxQueueMessagesWaiting               
0000fb0f  uxQueueMessagesWaitingFromISR        
0000faef  uxQueueSpacesAvailable               
0000603d  uxTaskGetNumberOfTasks               
00006859  uxTaskGetStackHighWaterMark          
0000606d  uxTaskGetSystemState                 
000065cd  uxTaskGetTaskNumber                  
00005ad9  uxTaskPriorityGet                    
00005b01  uxTaskPriorityGetFromISR             
00006d7f  uxTaskResetEventItemValue            
00013783  uxTimerGetReloadMode                 
00013cc9  uxTimerGetTimerNumber                
00019ad8  uxTopUsedPriority                    
00016d17  vApplicationIdleHook                 
00016cf5  vApplicationMallocFailedHook         
00016ceb  vApplicationStackOverflowHook        
00016cf7  vApplicationTickHook                 
00018625  vConfigureTimerForRunTimeStats       
000177ff  vListInitialise                      
0001782f  vListInitialiseItem                  
0001787b  vListInsert                          
0001783f  vListInsertEnd                       
0001805d  vPortEnableVFP                       
000174dd  vPortEndScheduler                    
000174df  vPortEnterCritical                   
000174ff  vPortExitCritical                    
00015bf7  vPortFree                            
00015da9  vPortGetHeapStats                    
00015c5d  vPortInitialiseBlocks                
00018019  vPortSVCHandler                      
0001753b  vPortSetupTimerInterrupt             
00018039  vPortStartFirstTask                  
0000fdc1  vQueueAddToRegistry                  
0000fb25  vQueueDelete                         
0000fb49  vQueueSetQueueNumber                 
0000fe43  vQueueUnregisterQueue                
0000fe87  vQueueWaitForMessageRestricted       
000059cf  vTaskDelay                           
00005891  vTaskDelete                          
00005f03  vTaskEndScheduler                    
0000718b  vTaskGenericNotifyGiveFromISR        
000066c5  vTaskGetInfo                         
00006ca7  vTaskGetRunTimeStats                 
00006513  vTaskInternalSetTimeOutState         
00006b95  vTaskList                            
000065c1  vTaskMissedYield                     
00006381  vTaskPlaceOnEventList                
000063d5  vTaskPlaceOnEventListRestricted      
000063a5  vTaskPlaceOnUnorderedEventList       
00006a7b  vTaskPriorityDisinheritAfterTimeout  
00005b49  vTaskPrioritySet                     
00006489  vTaskRemoveFromUnorderedEventList    
00005d93  vTaskResume                          
000065ed  vTaskSetTaskNumber                   
000064f5  vTaskSetTimeOutState                 
00005ea9  vTaskStartScheduler                  
00005c61  vTaskSuspend                         
00005f1f  vTaskSuspendAll                      
000062a1  vTaskSwitchContext                   
0001374d  vTimerSetReloadMode                  
00013c43  vTimerSetTimerID                     
00013cd7  vTimerSetTimerNumber                 
00018c6d  wcslen                               
00015c51  xPortGetFreeHeapSize                 
00015c57  xPortGetMinimumEverFreeHeapSize      
00017fb9  xPortPendSVHandler                   
000174a7  xPortStartScheduler                  
00017515  xPortSysTickHandler                  
0000f3cd  xQueueCreateCountingSemaphore        
0000f321  xQueueCreateMutex                    
0000f26d  xQueueGenericCreate                  
0000f1cd  xQueueGenericReset                   
0000f3ed  xQueueGenericSend                    
0000f51d  xQueueGenericSendFromISR             
0000f5bf  xQueueGiveFromISR                    
0000f34d  xQueueGiveMutexRecursive             
0000fd55  xQueueIsQueueEmptyFromISR            
0000fd9b  xQueueIsQueueFullFromISR             
0000f8cb  xQueuePeek                           
0000fa87  xQueuePeekFromISR                    
0000f653  xQueueReceive                        
0000f9ed  xQueueReceiveFromISR                 
20006074  xQueueRegistry                       
0000f771  xQueueSemaphoreTake                  
0000f389  xQueueTakeMutexRecursive             
00006151  xTaskCatchUpTicks                    
0000653d  xTaskCheckForTimeOut                 
0000567d  xTaskCreate                          
0000593f  xTaskDelayUntil                      
00006f45  xTaskGenericNotify                   
0000705d  xTaskGenericNotifyFromISR            
00007247  xTaskGenericNotifyStateClear         
00006e5b  xTaskGenericNotifyWait               
000068c9  xTaskGetCurrentTaskHandle            
000068e9  xTaskGetSchedulerState               
00006019  xTaskGetTickCount                    
00006029  xTaskGetTickCountFromISR             
0000618d  xTaskIncrementTick                   
000069f1  xTaskPriorityDisinherit              
00006925  xTaskPriorityInherit                 
00006405  xTaskRemoveFromEventList             
00005f31  xTaskResumeAll                       
00005e11  xTaskResumeFromISR                   
00013641  xTimerCreate                         
00013615  xTimerCreateTimerTask                
000136c9  xTimerGenericCommand                 
000137ab  xTimerGetExpiryTime                  
0001373b  xTimerGetPeriod                      
00013735  xTimerGetTimerDaemonTaskHandle       
00013c01  xTimerIsTimerActive                  
00013c93  xTimerPendFunctionCall               
00013c5d  xTimerPendFunctionCallFromISR        


GLOBAL SYMBOLS: SORTED BY Symbol Address 

address   name                                 
-------   ----                                 
00000000  __TI_static_base__                   
00000000  g_pfnVectors                         
00000200  __STACK_SIZE                         
0000026d  ConfigDescAlloc                      
00000303  ConfigDescFree                       
000003eb  USBHCDEventEnable                    
00000429  USBHCDEventDisable                   
000005e7  USBHCDPipeTransferSizeGet            
0000060d  USBHCDPipeAllocSize                  
000008c1  USBHCDPipeAlloc                      
0000090d  USBHCDPipeConfig                     
00000ab1  USBHCDPipeWrite                      
00000ce1  USBHCDPipeSchedule                   
00000e05  USBHCDPipeReadNonBlocking            
00000e4f  USBHCDPipeDataAck                    
00000e85  USBHCDPipeRead                       
000010e1  USBHCDPipeFree                       
00001471  USBHCDPowerConfigInit                
00001495  USBHCDPowerConfigGet                 
000014bd  USBHCDPowerConfigSet                 
0000154d  USBHCDPowerAutomatic                 
000015b5  USBHCDInit                           
00001715  USBHCDRegisterDrivers                
0000173d  USBHCDTerm                           
00001801  USBHCDReset                          
00001859  USBHCDSuspend                        
00001879  USBHCDResume                         
00001a41  USBHCDStringDescriptorGet            
00001abd  USBHCDSetAddress                     
00001bd5  USBHCDSetConfig                      
00001c2b  USBHCDSetInterface                   
00001c85  USBHostCheckPipes                    
00001d4d  USBHostIntHandlerInternal            
000024b7  USB0HostIntHandler                   
000025c1  InternalUSBHCDSendEvent              
00002711  USBHCDMain                           
00002b31  USBHCDControlTransfer                
00002cb1  USBHCDHubDeviceConnected             
00002d75  USBHCDHubDeviceDisconnected          
00002fd1  USBHCDDevHubPort                     
00002ffd  USBHCDDevAddress                     
00003029  USBHCDDevClass                       
00003071  USBHCDDevSubClass                    
000030bd  USBHCDDevProtocol                    
00003121  USBHCDFeatureSet                     
000031d9  USBHCDLPMStatus                      
00003223  USBHCDLPMSleep                       
0000329d  USBHCDLPMResume                      
000033fd  USBHostSuspend                       
0000341f  USBHostReset                         
0000345b  USBHighSpeed                         
00003497  USBHostResume                        
000034d3  USBHostSpeedGet                      
00003517  USBDevSpeedGet                       
0000353d  USBIntDisableControl                 
000035b5  USBIntEnableControl                  
0000360f  USBIntStatusControl                  
00003669  USBIntDisableEndpoint                
000036a5  USBIntEnableEndpoint                 
000036e1  USBIntStatusEndpoint                 
00003745  USBIntRegister                       
00003783  USBIntUnregister                     
000037bd  USBEndpointStatus                    
00003835  USBHostEndpointStatusClear           
000038d1  USBDevEndpointStatusClear            
000039a5  USBHostEndpointDataToggle            
00003a89  USBEndpointDataToggleClear           
00003b09  USBHostEndpointPing                  
00003b55  USBDevEndpointStall                  
00003bfd  USBDevEndpointStallClear             
00003cc9  USBDevConnect                        
00003ced  USBDevDisconnect                     
00003d11  USBDevAddrSet                        
00003d33  USBDevAddrGet                        
00003d55  USBHostEndpointConfig                
00003f55  USBHostEndpointSpeed                 
0000403d  USBDevEndpointConfigSet              
00004177  USBDevEndpointConfigGet              
000042cd  USBFIFOConfigSet                     
00004379  USBFIFOConfigGet                     
00004425  USBEndpointDMAConfigSet              
000044bd  USBEndpointDMAEnable                 
000044f7  USBEndpointDMADisable                
00004531  USBEndpointDataAvail                 
000045bb  USBEndpointDataGet                   
00004691  USBDevEndpointDataAck                
00004715  USBHostEndpointDataAck               
0000478d  USBEndpointDataPut                   
00004847  USBEndpointDataSend                  
000048eb  USBFIFOFlush                         
000049a1  USBHostRequestIN                     
00004a0f  USBHostRequestINClear                
00004a89  USBHostRequestStatus                 
00004aad  USBHostAddrSet                       
00004b31  USBHostAddrGet                       
00004ba5  USBHostHubAddrSet                    
00004c55  USBHostHubAddrGet                    
00004ccd  USBHostPwrConfig                     
00004d1d  USBHostPwrFaultEnable                
00004d43  USBHostPwrFaultDisable               
00004d69  USBHostPwrEnable                     
00004d8f  USBHostPwrDisable                    
00004db5  USBFrameNumberGet                    
00004dd1  USBOTGSessionRequest                 
00004e0d  USBFIFOAddrGet                       
00004e23  USBModeGet                           
00004e45  USBEndpointDMAChannel                
00004ed9  USBHostMode                          
00004ef9  USBDevMode                           
00004f19  USBOTGMode                           
00004f39  USBModeConfig                        
00004f5b  USBPHYPowerOff                       
00004f71  USBPHYPowerOn                        
00004f8d  USBEndpointPacketCountSet            
00004fb1  USBNumEndpointsGet                   
00004fc9  USBControllerVersion                 
00004fe1  USBClockEnable                       
0000500b  USBClockDisable                      
0000502b  USBDMAChannelIntEnable               
00005069  USBDMAChannelIntDisable              
000050a7  USBDMAChannelIntStatus               
000050c5  USBDMAChannelEnable                  
00005103  USBDMAChannelDisable                 
00005141  USBDMAChannelConfigSet               
000051a7  USBDMAChannelStatus                  
000051e1  USBDMAChannelStatusClear             
00005229  USBDMAChannelAddressSet              
00005263  USBDMAChannelAddressGet              
000052a1  USBDMAChannelCountSet                
000052db  USBDMAChannelCountGet                
00005311  USBDMANumChannels                    
00005331  USBULPIConfig                        
00005347  USBULPIEnable                        
0000535f  USBULPIDisable                       
00005377  USBULPIRegRead                       
000053bd  USBULPIRegWrite                      
0000540b  USBHostLPMSend                       
00005477  USBHostLPMConfig                     
000054cd  USBHostLPMResume                     
000054f3  USBDevLPMRemoteWake                  
00005519  USBDevLPMConfig                      
0000553d  USBDevLPMEnable                      
00005563  USBDevLPMDisable                     
00005591  USBLPMLinkStateGet                   
000055b3  USBLPMEndpointGet                    
000055dd  USBLPMRemoteWakeEnabled              
00005605  USBLPMIntStatus                      
00005623  USBLPMIntEnable                      
0000564b  USBLPMIntDisable                     
0000567d  xTaskCreate                          
00005891  vTaskDelete                          
0000593f  xTaskDelayUntil                      
000059cf  vTaskDelay                           
00005a11  eTaskGetState                        
00005ad9  uxTaskPriorityGet                    
00005b01  uxTaskPriorityGetFromISR             
00005b49  vTaskPrioritySet                     
00005c61  vTaskSuspend                         
00005d93  vTaskResume                          
00005e11  xTaskResumeFromISR                   
00005ea9  vTaskStartScheduler                  
00005f03  vTaskEndScheduler                    
00005f1f  vTaskSuspendAll                      
00005f31  xTaskResumeAll                       
00006019  xTaskGetTickCount                    
00006029  xTaskGetTickCountFromISR             
0000603d  uxTaskGetNumberOfTasks               
00006049  pcTaskGetName                        
0000606d  uxTaskGetSystemState                 
00006151  xTaskCatchUpTicks                    
0000618d  xTaskIncrementTick                   
000062a1  vTaskSwitchContext                   
00006381  vTaskPlaceOnEventList                
000063a5  vTaskPlaceOnUnorderedEventList       
000063d5  vTaskPlaceOnEventListRestricted      
00006405  xTaskRemoveFromEventList             
00006489  vTaskRemoveFromUnorderedEventList    
000064f5  vTaskSetTimeOutState                 
00006513  vTaskInternalSetTimeOutState         
0000653d  xTaskCheckForTimeOut                 
000065c1  vTaskMissedYield                     
000065cd  uxTaskGetTaskNumber                  
000065ed  vTaskSetTaskNumber                   
000066c5  vTaskGetInfo                         
00006859  uxTaskGetStackHighWaterMark          
000068c9  xTaskGetCurrentTaskHandle            
000068e9  xTaskGetSchedulerState               
00006925  xTaskPriorityInherit                 
000069f1  xTaskPriorityDisinherit              
00006a7b  vTaskPriorityDisinheritAfterTimeout  
00006b95  vTaskList                            
00006ca7  vTaskGetRunTimeStats                 
00006d7f  uxTaskResetEventItemValue            
00006da1  pvTaskIncrementMutexHeldCount        
00006dbd  ulTaskGenericNotifyTake              
00006e5b  xTaskGenericNotifyWait               
00006f45  xTaskGenericNotify                   
0000705d  xTaskGenericNotifyFromISR            
0000718b  vTaskGenericNotifyGiveFromISR        
00007247  xTaskGenericNotifyStateClear         
00007299  ulTaskGenericNotifyValueClear        
00007727  SysCtlSRAMSizeGet                    
00007731  SysCtlFlashSizeGet                   
0000775d  SysCtlFlashSectorSizeGet             
000077c9  SysCtlPeripheralPresent              
00007855  SysCtlPeripheralReady                
000078dd  SysCtlPeripheralPowerOn              
00007961  SysCtlPeripheralPowerOff             
00007a0d  SysCtlPeripheralReset                
00007aad  SysCtlPeripheralEnable               
[...]
0000f3ed  xQueueGenericSend                    
0000f51d  xQueueGenericSendFromISR             
0000f5bf  xQueueGiveFromISR                    
0000f653  xQueueReceive                        
0000f771  xQueueSemaphoreTake                  
0000f8cb  xQueuePeek                           
0000f9ed  xQueueReceiveFromISR                 
0000fa87  xQueuePeekFromISR                    
0000fad9  uxQueueMessagesWaiting               
0000faef  uxQueueSpacesAvailable               
0000fb0f  uxQueueMessagesWaitingFromISR        
0000fb25  vQueueDelete                         
0000fb3b  uxQueueGetQueueNumber                
0000fb49  vQueueSetQueueNumber                 
0000fb5b  ucQueueGetQueueType                  
0000fd55  xQueueIsQueueEmptyFromISR            
0000fd9b  xQueueIsQueueFullFromISR             
0000fdc1  vQueueAddToRegistry                  
0000fe03  pcQueueGetName                       
0000fe43  vQueueUnregisterQueue                
0000fe87  vQueueWaitForMessageRestricted       
0000ffdf  TimerEnable                          
00010029  TimerDisable                         
000100b5  TimerConfigure                       
00010289  TimerControlLevel                    
00010309  TimerControlTrigger                  
000103ad  TimerControlEvent                    
0001040b  TimerControlStall                    
00010475  TimerControlWaitOnTrigger            
00010505  TimerRTCEnable                       
00010529  TimerRTCDisable                      
0001054d  TimerClockSourceSet                  
00010589  TimerClockSourceGet                  
000105b5  TimerPrescaleSet                     
0001061f  TimerPrescaleGet                     
0001066b  TimerPrescaleMatchSet                
000106d5  TimerPrescaleMatchGet                
00010721  TimerLoadSet                         
0001077b  TimerLoadGet                         
000107bd  TimerLoadSet64                       
000107e9  TimerLoadGet64                       
0001082f  TimerValueGet                        
00010871  TimerValueGet64                      
000108b7  TimerMatchSet                        
00010911  TimerMatchGet                        
00010953  TimerMatchSet64                      
0001097b  TimerMatchGet64                      
000109c1  TimerIntRegister                     
00010a2b  TimerIntUnregister                   
00010a81  TimerIntEnable                       
00010aa7  TimerIntDisable                      
00010acd  TimerIntStatus                       
00010af9  TimerIntClear                        
00010b19  TimerSynchronize                     
00010b39  TimerADCEventSet                     
00010b59  TimerADCEventGet                     
00010b75  TimerDMAEventSet                     
00010b95  TimerDMAEventGet                     
00010bb1  TimerUpdateMode                      
00010c67  UARTStdioConfig                      
00010d93  UARTwrite                            
00010e5d  UARTgets                             
000112bd  UARTgetc                             
000112e5  UARTvprintf                          
000115f7  UARTprintf                           
0001161b  UARTRxBytesAvail                     
00011627  UARTTxBytesFree                      
00011633  UARTFlushRx                          
00011641  UARTFlushTx                          
00011667  UARTEchoSet                          
0001168f  UARTStdioIntHandler                  
00011847  UARTParityModeSet                    
00011893  UARTParityModeGet                    
000118b1  UARTFIFOLevelSet                     
00011923  UARTFIFOLevelGet                     
0001195f  UARTConfigSetExpClk                  
00011a3d  UARTConfigGetExpClk                  
00011a9d  UARTEnable                           
00011ae5  UARTDisable                          
00011b1d  UARTFIFOEnable                       
00011b41  UARTFIFODisable                      
00011b65  UARTEnableSIR                        
00011ba1  UARTDisableSIR                       
00011bc5  UARTSmartCardEnable                  
00011c05  UARTSmartCardDisable                 
00011c29  UARTModemControlSet                  
00011c8d  UARTModemControlClear                
00011cf1  UARTModemControlGet                  
00011d31  UARTModemStatusGet                   
00011d73  UARTFlowControlSet                   
00011db9  UARTFlowControlGet                   
00011dd9  UARTTxIntModeSet                     
00011e17  UARTTxIntModeGet                     
00011e37  UARTCharsAvail                       
00011e63  UARTSpaceAvail                       
00011e8f  UARTCharGetNonBlocking               
00011ecd  UARTCharGet                          
00011ef1  UARTCharPutNonBlocking               
00011f23  UARTCharPut                          
00011f4f  UARTBreakCtl                         
00011f87  UARTBusy                             
00011fb3  UARTIntRegister                      
00011ff1  UARTIntUnregister                    
00012031  UARTIntEnable                        
00012057  UARTIntDisable                       
0001207d  UARTIntStatus                        
000120a9  UARTIntClear                         
000120c9  UARTDMAEnable                        
000120ef  UARTDMADisable                       
00012115  UARTRxErrorGet                       
00012135  UARTRxErrorClear                     
00012153  UARTClockSourceSet                   
00012189  UARTClockSourceGet                   
000121a7  UART9BitEnable                       
000121cb  UART9BitDisable                      
000121ef  UART9BitAddrSet                      
00012223  UART9BitAddrSend                     
00012279  UARTLoopbackEnable                   
000122a1  __TI_printfi                         
00012cef  __aeabi_idiv0                        
00012cef  __aeabi_ldiv0                        
000132f9  USBHHubMain                          
00013525  USBHHubEnumerationComplete           
00013547  USBHHubEnumerationError              
00013569  USBHHubOpen                          
00013581  USBHHubClose                         
00013595  USBHHubInit                          
000135c3  USBHHubLPMSleep                      
000135d1  USBHHubLPMStatus                     
00013615  xTimerCreateTimerTask                
00013641  xTimerCreate                         
000136c9  xTimerGenericCommand                 
00013735  xTimerGetTimerDaemonTaskHandle       
0001373b  xTimerGetPeriod                      
0001374d  vTimerSetReloadMode                  
00013783  uxTimerGetReloadMode                 
000137ab  xTimerGetExpiryTime                  
000137c1  pcTimerGetName                       
00013c01  xTimerIsTimerActive                  
00013c29  pvTimerGetTimerID                    
00013c43  vTimerSetTimerID                     
00013c5d  xTimerPendFunctionCallFromISR        
00013c93  xTimerPendFunctionCall               
00013cc9  uxTimerGetTimerNumber                
00013cd7  vTimerSetTimerNumber                 
00014177  initCommandLine                      
00014597  USBBufferInit                        
000145e1  USBBufferZeroLengthPacketInsert      
0001461b  USBBufferInfoGet                     
00014655  USBBufferDataWritten                 
00014683  USBBufferDataRemoved                 
000146ab  USBBufferCallbackDataSet             
000146c5  USBBufferWrite                       
0001472d  USBBufferFlush                       
0001474d  USBBufferRead                        
000147a1  USBBufferDataAvailable               
000147c1  USBBufferSpaceAvailable              
000147e1  USBBufferEventCallback               
00014901  USBStackModeSet                      
0001494b  USB0DualModeIntHandler               
00014997  USBDualModeInit                      
00014a15  USBDualModeTerm                      
00014a57  USBOTGModeTerm                       
00014a9f  USBOTGModeInit                       
00014bc5  USBOTGPollRate                       
00014bf5  USB0OTGModeIntHandler                
00014cdd  OTGDeviceDisconnect                  
00014cf7  USBOTGMain                           
00014d95  USBOTGFeatureSet                     
00014df3  IntMasterEnable                      
00014e03  IntMasterDisable                     
00014e13  IntRegister                          
00014e89  IntUnregister                        
00014ea9  IntPriorityGroupingSet               
00014ecf  IntPriorityGroupingGet               
00014f07  IntPrioritySet                       
00014f69  IntPriorityGet                       
00014f9f  IntEnable                            
0001501d  IntDisable                           
000150a5  IntIsEnabled                         
00015159  IntPendSet                           
000151c9  IntPendClear                         
00015223  IntPriorityMaskSet                   
0001522f  IntPriorityMaskGet                   
00015237  IntTrigger                           
000152cb  USBRingBufFull                       
0001530d  USBRingBufEmpty                      
0001533f  USBRingBufFlush                      
0001536b  USBRingBufUsed                       
000153a5  USBRingBufFree                       
000153c9  USBRingBufContigUsed                 
00015401  USBRingBufContigFree                 
00015447  USBRingBufSize                       
0001545f  USBRingBufReadOne                    
000154a5  USBRingBufRead                       
0001551b  USBRingBufAdvanceRead                
00015571  USBRingBufAdvanceWrite               
00015601  USBRingBufWriteOne                   
00015647  USBRingBufWrite                      
000156bd  USBRingBufInit                       
000157d3  USBDeviceConfig                      
000159ff  USBDeviceConfigAlternate             
00015ac9  pvPortMalloc                         
00015bf7  vPortFree                            
00015c51  xPortGetFreeHeapSize                 
00015c57  xPortGetMinimumEverFreeHeapSize      
00015c5d  vPortInitialiseBlocks                
00015da9  vPortGetHeapStats                    
00015ead  USBControlHandler                    
00015f3b  USBTxHandler                         
00015fab  USBRxHandler                         
0001600d  USBSerialInit                        
0001609d  USBSerialGetChar                     
000160b1  USBSerialPutChar                     
000160fd  USBSerialRead                        
0001614d  USBSerialWrite                       
000163a3  destuff_and_check_checksum           
000163f7  create_frame                         
0001647b  decode_command_type                  
00016489  check_and_extract_command_param      
000164b5  get_command_param_pointer            
000165b5  USBDCDConfigDescGetSize              
000165ed  USBDCDConfigDescGetNum               
0001663b  USBDCDConfigDescGet                  
000166c9  USBDCDConfigGetNumAlternateInterfaces
0001671d  USBDCDConfigGetInterface             
00016753  USBDCDConfigGetInterfaceEndpoint     
000167c1  remotelink_sendMessage               
0001692b  remotelink_init                      
00016ce1  __error__                            
00016ceb  vApplicationStackOverflowHook        
00016cf5  vApplicationMallocFailedHook         
00016cf7  vApplicationTickHook                 
00016d17  vApplicationIdleHook                 
00016daf  main                                 
00016e2f  GPIOFIntHandler                      
00016ee1  USBDescGetNum                        
00016f3d  USBDescGet                           
00016fa7  USBDescGetNumAlternateInterfaces     
00017061  USBDescGetInterface                  
0001708f  USBDescGetInterfaceEndpoint          
00017285  __aeabi_dsub                         
0001728f  __aeabi_dadd                         
0001743d  pxPortInitialiseStack                
000174a7  xPortStartScheduler                  
000174dd  vPortEndScheduler                    
000174df  vPortEnterCritical                   
000174ff  vPortExitCritical                    
00017515  xPortSysTickHandler                  
0001753b  vPortSetupTimerInterrupt             
000176c9  __aeabi_ddiv                         
000177ff  vListInitialise                      
0001782f  vListInitialiseItem                  
0001783f  vListInsertEnd                       
0001787b  vListInsert                          
000178e1  uxListRemove                         
00017929  ButtonsPoll                          
000179cf  ButtonsInit                          
00017a51  CPUUsageTick                         
00017a8f  CPUUsageInit                         
00017c99  ldexp                                
00017c99  ldexpl                               
00017c99  scalbn                               
00017c99  scalbnl                              
00017da9  __aeabi_dmul                         
00017ea5  InternalUSBTickInit                  
00017ee3  InternalUSBTickReset                 
00017eeb  InternalUSBRegisterTickHandler       
00017f3b  InternalUSBStartOfFrameTick          
00017fa1  ulPortGetIPSR                        
00017fb9  xPortPendSVHandler                   
00018019  vPortSVCHandler                      
00018039  vPortStartFirstTask                  
0001805d  vPortEnableVFP                       
0001806b  ULPIConfigSet                        
0001810d  ULPIPowerTransceiver                 
000181e9  CmdLineProcess                       
00018295  __aeabi_memcpy                       
00018295  __aeabi_memcpy4                      
00018295  __aeabi_memcpy8                      
00018295  memcpy                               
00018331  __aeabi_uldivmod                     
000183c7  __aeabi_cdcmpeq                      
000183c7  __aeabi_cdcmple                      
0001844d  __aeabi_cdrcmple                     
000184d3  __aeabi_memclr                       
000184d3  __aeabi_memclr4                      
000184d3  __aeabi_memclr8                      
000184d5  __aeabi_memset                       
000184d5  __aeabi_memset4                      
000184d5  __aeabi_memset8                      
000184db  memset                               
000185bd  create_checksum                      
00018625  vConfigureTimerForRunTimeStats       
0001868d  __TI_decompress_lzss                 
000186f5  frexp                                
000186f5  frexpl                               
000187af  __TI_ltoa                            
00018855  atoi                                 
000188a1  __aeabi_d2iz                         
000188e9  __TI_auto_init_nobinit_nopinit       
0001892d  __aeabi_d2uiz                        
00018971  __aeabi_uidiv                        
00018971  __aeabi_uidivmod                     
000189b1  sprintf                              
00018a2f  CPUcpsid                             
00018a3b  CPUprimask                           
00018a45  CPUcpsie                             
00018a51  CPUwfi                               
00018a55  CPUbasepriSet                        
00018a63  CPUbasepriGet                        
00018a6d  __aeabi_f2d                          
00018aa5  _c_int00_noargs                      
00018ad9  __aeabi_i2d                          
00018b09  ResetISR                             
00018b35  strncmp                              
00018b61  GetOverflowCounts                    
00018b85  USB0DeviceIntHandler                 
00018ba9  __aeabi_ui2d                         
00018bc9  memccpy                              
00018be5  copysign                             
00018be5  copysignl                            
00018c17  strcmp                               
00018c2f  strchr                               
00018c45  strcpy                               
00018c59  strlen                               
00018c6d  wcslen                               
00018c7f  __TI_decompress_none                 
00018c8d  __TI_zero_init                       
00018ca5  __aeabi_errno_addr                   
00018cad  SysCtlDelay                          
00018cb3  _system_pre_init                     
00018cb7  C$$EXIT                              
00018cb7  abort                                
000192b4  _ctypes_                             
00019808  g_pui8ConfigString                   
00019874  g_sCDCHandlers                       
000198d4  g_pui8ControlInterfaceString         
00019900  g_pui8ManufacturerString             
00019924  g_pui8CDCSerCommInterface            
00019947  g_pui8ProductString                  
0001998c  g_ppui8StringDescriptors             
000199a4  g_pui8CDCSerDataInterface            
000199bb  g_pui8CDCSerDataInterfaceHS          
00019a24  g_pui8SerialNumberString             
00019a78  g_sCDCCompSerConfigHeader            
00019a80  g_sCDCCompSerConfigHeaderHS          
00019a88  g_sCDCSerCommInterfaceSection        
00019a90  g_sCDCSerConfigHeader                
00019a98  g_sCDCSerConfigHeaderHS              
00019aa0  g_sCDCSerConfigSection               
00019aa8  g_sCDCSerDataInterfaceSection        
00019ab0  g_sCDCSerDataInterfaceSectionHS      
00019ab8  g_sIADSerConfigSection               
00019ac0  g_pui8LangDescriptor                 
00019ac4  g_pCDCCompSerConfigDescriptors       
00019ac8  g_pCDCCompSerConfigDescriptorsHS     
00019acc  g_ppCDCSerConfigDescriptors          
00019ad0  g_ppCDCSerConfigDescriptorsHS        
00019ad4  ulMaxSyscallInterruptPriority        
00019ad8  uxTopUsedPriority                    
00019c50  __TI_Handler_Table_Base              
00019c5c  __TI_Handler_Table_Limit             
00019c70  __TI_CINIT_Base                      
00019c88  __TI_CINIT_Limit                     
20000000  __start___llvm_prf_cnts              
20000000  __stop___llvm_prf_cnts               
20000000  g_pfnRAMVectors                      
20005d88  g_pui8USBRxBuffer                    
20005e88  g_pui8USBTxBuffer                    
20006024  g_psDCDInst                          
20006074  xQueueRegistry                       
200061f8  g_pfnTickHandlers                    
20006210  g_pvTickInstance                     
20006304  DCanterior                           
2000630c  ui32DutyCycle                        
20006324  cola_freertos                        
20006328  estado                               
2000632c  g_ppsDevInfo                         
20006330  g_ui32CPUUsage                       
20006334  g_ui32PollRate                       
20006338  g_ulSystemClock                      
2000633c  ui32Period                           
20006340  g_eOTGModeState                      
20006344  g_psCmdTable                         
20006404  g_sCDCDevice                         
20006464  pxCurrentTCB                         
200064a0  g_sRxBuffer                          
200064d8  g_sTxBuffer                          
20006584  g_pui8CDCSerDeviceDescriptor         
20006598  g_psCDCCompSerSections               
200065a8  g_psCDCCompSerSectionsHS             
200065b8  g_ulUARTTxCount                      
200065bc  g_ulUARTRxCount                      
200065c0  g_ulUARTRxErrors                     
200065c8  g_psCDCSerSections                   
200065d4  g_psCDCSerSectionsHS                 
200065f8  g_bUSBTimerInitialized               
200065fc  g_ui32CurrentUSBTick                 
20006600  g_ui32USBSOFCount                    
20006604  g_pui8CDCSerDescriptor               
20006610  g_iUSBMode                           
20006614  g_ui32WaitTicks                      
20006619  g_pui8IADSerDescriptor               
2000663c  errno                                
20006640  __stack                              
20006840  __STACK_END                          
20006840  __STACK_TOP                          
ffffffff  __TI_pprof_out_hndl                  
ffffffff  __TI_prof_data_size                  
ffffffff  __TI_prof_data_start                 
ffffffff  __binit__                            
ffffffff  __c_args__                           
ffffffff  binit                                
UNDEFED   __mpu_init                           
UNDEFED   _system_post_cinit                   

[805 symbols]
