<?xml version="1.0" encoding="ISO-8859-1" ?>
<link_info>
   <banner>TI ARM Linker PC v20.2.5.LTS</banner>
   <copyright>Copyright (c) 1996-2018 Texas Instruments Incorporated</copyright>
   <link_time>0x633f2c81</link_time>
   <link_errors>0x0</link_errors>
   <output_file>P1.out</output_file>
   <entry_point>
      <name>_c_int00_noargs</name>
      <address>0x18aa5</address>
   </entry_point>
   <input_file_list>
      <input_file id="fl-2">
         <path>.\</path>
         <kind>object</kind>
         <file>commands.obj</file>
         <name>commands.obj</name>
      </input_file>
      <input_file id="fl-3">
         <path>.\</path>
         <kind>object</kind>
         <file>main.obj</file>
         <name>main.obj</name>
      </input_file>
      <input_file id="fl-4">
         <path>.\</path>
         <kind>object</kind>
         <file>startup_ccs.obj</file>
         <name>startup_ccs.obj</name>
      </input_file>
      <input_file id="fl-5">
         <path>.\FreeRTOS\Source\</path>
         <kind>object</kind>
         <file>croutine.obj</file>
         <name>croutine.obj</name>
      </input_file>
      <input_file id="fl-6">
         <path>.\FreeRTOS\Source\</path>
         <kind>object</kind>
         <file>event_groups.obj</file>
         <name>event_groups.obj</name>
      </input_file>
      <input_file id="fl-7">
         <path>.\FreeRTOS\Source\</path>
         <kind>object</kind>
         <file>list.obj</file>
         <name>list.obj</name>
      </input_file>
      <input_file id="fl-8">
         <path>.\FreeRTOS\Source\</path>
         <kind>object</kind>
         <file>queue.obj</file>
         <name>queue.obj</name>
      </input_file>
      <input_file id="fl-9">
         <path>.\FreeRTOS\Source\</path>
         <kind>object</kind>
         <file>stream_buffer.obj</file>
         <name>stream_buffer.obj</name>
      </input_file>
      <input_file id="fl-a">
         <path>.\FreeRTOS\Source\</path>
         <kind>object</kind>
         <file>tasks.obj</file>
         <name>tasks.obj</name>
      </input_file>
      <input_file id="fl-b">
         <path>.\FreeRTOS\Source\</path>
         <kind>object</kind>
         <file>timers.obj</file>
         <name>timers.obj</name>
      </input_file>
      <input_file id="fl-c">
         <path>.\FreeRTOS\Source\portable\CCS\ARM_CM4F\</path>
         <kind>object</kind>
         <file>port.obj</file>
         <name>port.obj</name>
      </input_file>
      <input_file id="fl-d">
         <path>.\FreeRTOS\Source\portable\CCS\ARM_CM4F\</path>
         <kind>object</kind>
         <file>portasm.obj</file>
         <name>portasm.obj</name>
      </input_file>
      <input_file id="fl-e">
         <path>.\FreeRTOS\Source\portable\MemMang\</path>
         <kind>object</kind>
         <file>heap_4.obj</file>
         <name>heap_4.obj</name>
      </input_file>
      <input_file id="fl-f">
         <path>.\driverlib\</path>
         <kind>object</kind>
         <file>adc.obj</file>
         <name>adc.obj</name>
      </input_file>
      <input_file id="fl-10">
         <path>.\driverlib\</path>
         <kind>object</kind>
         <file>aes.obj</file>
         <name>aes.obj</name>
      </input_file>
      <input_file id="fl-11">
         <path>.\driverlib\</path>
         <kind>object</kind>
         <file>can.obj</file>
         <name>can.obj</name>
      </input_file>
      <input_file id="fl-12">
         <path>.\driverlib\</path>
         <kind>object</kind>
         <file>comp.obj</file>
         <name>comp.obj</name>
      </input_file>
      <input_file id="fl-13">
         <path>.\driverlib\</path>
         <kind>object</kind>
         <file>cpu.obj</file>
         <name>cpu.obj</name>
      </input_file>
      <input_file id="fl-14">
         <path>.\driverlib\</path>
         <kind>object</kind>
         <file>crc.obj</file>
         <name>crc.obj</name>
      </input_file>
      <input_file id="fl-15">
         <path>.\driverlib\</path>
         <kind>object</kind>
         <file>des.obj</file>
         <name>des.obj</name>
      </input_file>
      <input_file id="fl-16">
         <path>.\driverlib\</path>
         <kind>object</kind>
         <file>eeprom.obj</file>
         <name>eeprom.obj</name>
      </input_file>
      <input_file id="fl-17">
         <path>.\driverlib\</path>
         <kind>object</kind>
         <file>emac.obj</file>
         <name>emac.obj</name>
      </input_file>
      <input_file id="fl-18">
         <path>.\driverlib\</path>
         <kind>object</kind>
         <file>epi.obj</file>
         <name>epi.obj</name>
      </input_file>
      <input_file id="fl-19">
         <path>.\driverlib\</path>
         <kind>object</kind>
         <file>epi_workaround_ccs.obj</file>
         <name>epi_workaround_ccs.obj</name>
      </input_file>
      <input_file id="fl-1a">
         <path>.\driverlib\</path>
         <kind>object</kind>
         <file>flash.obj</file>
         <name>flash.obj</name>
      </input_file>
      <input_file id="fl-1b">
         <path>.\driverlib\</path>
         <kind>object</kind>
         <file>fpu.obj</file>
         <name>fpu.obj</name>
      </input_file>
      <input_file id="fl-1c">
         <path>.\driverlib\</path>
         <kind>object</kind>
         <file>gpio.obj</file>
         <name>gpio.obj</name>
      </input_file>
      <input_file id="fl-1d">
         <path>.\driverlib\</path>
         <kind>object</kind>
         <file>hibernate.obj</file>
         <name>hibernate.obj</name>
      </input_file>
      <input_file id="fl-1e">
         <path>.\driverlib\</path>
         <kind>object</kind>
         <file>i2c.obj</file>
         <name>i2c.obj</name>
      </input_file>
      <input_file id="fl-1f">
         <path>.\driverlib\</path>
         <kind>object</kind>
         <file>interrupt.obj</file>
         <name>interrupt.obj</name>
      </input_file>
      <input_file id="fl-20">
         <path>.\driverlib\</path>
         <kind>object</kind>
         <file>lcd.obj</file>
         <name>lcd.obj</name>
      </input_file>
      <input_file id="fl-21">
         <path>.\driverlib\</path>
         <kind>object</kind>
         <file>mpu.obj</file>
         <name>mpu.obj</name>
      </input_file>
      <input_file id="fl-22">
         <path>.\driverlib\</path>
         <kind>object</kind>
         <file>onewire.obj</file>
         <name>onewire.obj</name>
      </input_file>
      <input_file id="fl-23">
         <path>.\driverlib\</path>
         <kind>object</kind>
         <file>pwm.obj</file>
         <name>pwm.obj</name>
      </input_file>
      <input_file id="fl-24">
         <path>.\driverlib\</path>
         <kind>object</kind>
         <file>qei.obj</file>
         <name>qei.obj</name>
      </input_file>
      <input_file id="fl-25">
         <path>.\driverlib\</path>
         <kind>object</kind>
         <file>shamd5.obj</file>
         <name>shamd5.obj</name>
      </input_file>
      <input_file id="fl-26">
         <path>.\driverlib\</path>
         <kind>object</kind>
         <file>ssi.obj</file>
         <name>ssi.obj</name>
      </input_file>
      <input_file id="fl-27">
         <path>.\driverlib\</path>
         <kind>object</kind>
         <file>sw_crc.obj</file>
         <name>sw_crc.obj</name>
      </input_file>
      <input_file id="fl-28">
         <path>.\driverlib\</path>
         <kind>object</kind>
         <file>sysctl.obj</file>
         <name>sysctl.obj</name>
      </input_file>
      <input_file id="fl-29">
         <path>.\driverlib\</path>
         <kind>object</kind>
         <file>sysexc.obj</file>
         <name>sysexc.obj</name>
      </input_file>
      <input_file id="fl-2a">
         <path>.\driverlib\</path>
         <kind>object</kind>
         <file>systick.obj</file>
         <name>systick.obj</name>
      </input_file>
      <input_file id="fl-2b">
         <path>.\driverlib\</path>
         <kind>object</kind>
         <file>timer.obj</file>
         <name>timer.obj</name>
      </input_file>
      <input_file id="fl-2c">
         <path>.\driverlib\</path>
         <kind>object</kind>
         <file>uart.obj</file>
         <name>uart.obj</name>
      </input_file>
      <input_file id="fl-2d">
         <path>.\driverlib\</path>
         <kind>object</kind>
         <file>udma.obj</file>
         <name>udma.obj</name>
      </input_file>
      <input_file id="fl-2e">
         <path>.\driverlib\</path>
         <kind>object</kind>
         <file>usb.obj</file>
         <name>usb.obj</name>
      </input_file>
      <input_file id="fl-2f">
         <path>.\driverlib\</path>
         <kind>object</kind>
         <file>watchdog.obj</file>
         <name>watchdog.obj</name>
      </input_file>
      <input_file id="fl-30">
         <path>.\drivers\</path>
         <kind>object</kind>
         <file>Servos.obj</file>
         <name>Servos.obj</name>
      </input_file>
      <input_file id="fl-31">
         <path>.\drivers\</path>
         <kind>object</kind>
         <file>buttons.obj</file>
         <name>buttons.obj</name>
      </input_file>
      <input_file id="fl-32">
         <path>.\drivers\</path>
         <kind>object</kind>
         <file>rgb.obj</file>
         <name>rgb.obj</name>
      </input_file>
      <input_file id="fl-33">
         <path>.\remotelink\</path>
         <kind>object</kind>
         <file>crc.obj</file>
         <name>crc.obj</name>
      </input_file>
      <input_file id="fl-34">
         <path>.\remotelink\</path>
         <kind>object</kind>
         <file>remotelink.obj</file>
         <name>remotelink.obj</name>
      </input_file>
      <input_file id="fl-35">
         <path>.\remotelink\</path>
         <kind>object</kind>
         <file>serialprotocol.obj</file>
         <name>serialprotocol.obj</name>
      </input_file>
      <input_file id="fl-36">
         <path>.\remotelink\</path>
         <kind>object</kind>
         <file>usb_dev_serial.obj</file>
         <name>usb_dev_serial.obj</name>
      </input_file>
      <input_file id="fl-37">
         <path>.\remotelink\</path>
         <kind>object</kind>
         <file>usb_serial_structs.obj</file>
         <name>usb_serial_structs.obj</name>
      </input_file>
      <input_file id="fl-38">
         <path>.\usblib\device\</path>
         <kind>object</kind>
         <file>usbdaudio.obj</file>
         <name>usbdaudio.obj</name>
      </input_file>
      <input_file id="fl-39">
         <path>.\usblib\device\</path>
         <kind>object</kind>
         <file>usbdbulk.obj</file>
         <name>usbdbulk.obj</name>
      </input_file>
      <input_file id="fl-3a">
         <path>.\usblib\device\</path>
         <kind>object</kind>
         <file>usbdcdc.obj</file>
         <name>usbdcdc.obj</name>
      </input_file>
      <input_file id="fl-3b">
         <path>.\usblib\device\</path>
         <kind>object</kind>
         <file>usbdcdesc.obj</file>
         <name>usbdcdesc.obj</name>
      </input_file>
      <input_file id="fl-3c">
         <path>.\usblib\device\</path>
         <kind>object</kind>
         <file>usbdcomp.obj</file>
         <name>usbdcomp.obj</name>
      </input_file>
      <input_file id="fl-3d">
         <path>.\usblib\device\</path>
         <kind>object</kind>
         <file>usbdconfig.obj</file>
         <name>usbdconfig.obj</name>
      </input_file>
      <input_file id="fl-3e">
         <path>.\usblib\device\</path>
         <kind>object</kind>
         <file>usbddfu-rt.obj</file>
         <name>usbddfu-rt.obj</name>
      </input_file>
      <input_file id="fl-3f">
         <path>.\usblib\device\</path>
         <kind>object</kind>
         <file>usbdenum.obj</file>
         <name>usbdenum.obj</name>
      </input_file>
      <input_file id="fl-40">
         <path>.\usblib\device\</path>
         <kind>object</kind>
         <file>usbdhandler.obj</file>
         <name>usbdhandler.obj</name>
      </input_file>
      <input_file id="fl-41">
         <path>.\usblib\device\</path>
         <kind>object</kind>
         <file>usbdhid.obj</file>
         <name>usbdhid.obj</name>
      </input_file>
      <input_file id="fl-42">
         <path>.\usblib\device\</path>
         <kind>object</kind>
         <file>usbdhidgamepad.obj</file>
         <name>usbdhidgamepad.obj</name>
      </input_file>
      <input_file id="fl-43">
         <path>.\usblib\device\</path>
         <kind>object</kind>
         <file>usbdhidkeyb.obj</file>
         <name>usbdhidkeyb.obj</name>
      </input_file>
      <input_file id="fl-44">
         <path>.\usblib\device\</path>
         <kind>object</kind>
         <file>usbdhidmouse.obj</file>
         <name>usbdhidmouse.obj</name>
      </input_file>
      <input_file id="fl-45">
         <path>.\usblib\device\</path>
         <kind>object</kind>
         <file>usbdmsc.obj</file>
         <name>usbdmsc.obj</name>
      </input_file>
      <input_file id="fl-46">
         <path>.\usblib\host\</path>
         <kind>object</kind>
         <file>usbhaudio.obj</file>
         <name>usbhaudio.obj</name>
      </input_file>
      <input_file id="fl-47">
         <path>.\usblib\host\</path>
         <kind>object</kind>
         <file>usbhhid.obj</file>
         <name>usbhhid.obj</name>
      </input_file>
      <input_file id="fl-48">
         <path>.\usblib\host\</path>
         <kind>object</kind>
         <file>usbhhidkeyboard.obj</file>
         <name>usbhhidkeyboard.obj</name>
      </input_file>
      <input_file id="fl-49">
         <path>.\usblib\host\</path>
         <kind>object</kind>
         <file>usbhhidmouse.obj</file>
         <name>usbhhidmouse.obj</name>
      </input_file>
      <input_file id="fl-4a">
         <path>.\usblib\host\</path>
         <kind>object</kind>
         <file>usbhhub.obj</file>
         <name>usbhhub.obj</name>
      </input_file>
      <input_file id="fl-4b">
         <path>.\usblib\host\</path>
         <kind>object</kind>
         <file>usbhmsc.obj</file>
         <name>usbhmsc.obj</name>
      </input_file>
      <input_file id="fl-4c">
         <path>.\usblib\host\</path>
         <kind>object</kind>
         <file>usbhostenum.obj</file>
         <name>usbhostenum.obj</name>
      </input_file>
      <input_file id="fl-4d">
         <path>.\usblib\host\</path>
         <kind>object</kind>
         <file>usbhscsi.obj</file>
         <name>usbhscsi.obj</name>
      </input_file>
      <input_file id="fl-4e">
         <path>.\usblib\</path>
         <kind>object</kind>
         <file>usbbuffer.obj</file>
         <name>usbbuffer.obj</name>
      </input_file>
      <input_file id="fl-4f">
         <path>.\usblib\</path>
         <kind>object</kind>
         <file>usbdesc.obj</file>
         <name>usbdesc.obj</name>
      </input_file>
      <input_file id="fl-50">
         <path>.\usblib\</path>
         <kind>object</kind>
         <file>usbdma.obj</file>
         <name>usbdma.obj</name>
      </input_file>
      <input_file id="fl-51">
         <path>.\usblib\</path>
         <kind>object</kind>
         <file>usbkeyboardmap.obj</file>
         <name>usbkeyboardmap.obj</name>
      </input_file>
      <input_file id="fl-52">
         <path>.\usblib\</path>
         <kind>object</kind>
         <file>usbmode.obj</file>
         <name>usbmode.obj</name>
      </input_file>
      <input_file id="fl-53">
         <path>.\usblib\</path>
         <kind>object</kind>
         <file>usbringbuf.obj</file>
         <name>usbringbuf.obj</name>
      </input_file>
      <input_file id="fl-54">
         <path>.\usblib\</path>
         <kind>object</kind>
         <file>usbtick.obj</file>
         <name>usbtick.obj</name>
      </input_file>
      <input_file id="fl-55">
         <path>.\usblib\</path>
         <kind>object</kind>
         <file>usbulpi.obj</file>
         <name>usbulpi.obj</name>
      </input_file>
      <input_file id="fl-56">
         <path>.\utils\</path>
         <kind>object</kind>
         <file>RunTimeStatsConfig.obj</file>
         <name>RunTimeStatsConfig.obj</name>
      </input_file>
      <input_file id="fl-57">
         <path>.\utils\</path>
         <kind>object</kind>
         <file>cmdline.obj</file>
         <name>cmdline.obj</name>
      </input_file>
      <input_file id="fl-58">
         <path>.\utils\</path>
         <kind>object</kind>
         <file>cpu_usage.obj</file>
         <name>cpu_usage.obj</name>
      </input_file>
      <input_file id="fl-59">
         <path>.\utils\</path>
         <kind>object</kind>
         <file>uartstdio.obj</file>
         <name>uartstdio.obj</name>
      </input_file>
      <input_file id="fl-5d">
         <kind>object</kind>
         <file>&lt;internal&gt;</file>
         <name>&lt;internal&gt;</name>
      </input_file>
      <input_file id="fl-113">
         <path>C:\ti\ccs1110\ccs\tools\compiler\ti-cgt-arm_20.2.5.LTS\lib\</path>
         <kind>archive</kind>
         <file>rtsv7M4_T_le_v4SPD16_eabi.lib</file>
         <name>sprintf.c.obj</name>
      </input_file>
      <input_file id="fl-114">
         <path>C:\ti\ccs1110\ccs\tools\compiler\ti-cgt-arm_20.2.5.LTS\lib\</path>
         <kind>archive</kind>
         <file>rtsv7M4_T_le_v4SPD16_eabi.lib</file>
         <name>fd_add_t2.asm.obj</name>
      </input_file>
      <input_file id="fl-115">
         <path>C:\ti\ccs1110\ccs\tools\compiler\ti-cgt-arm_20.2.5.LTS\lib\</path>
         <kind>archive</kind>
         <file>rtsv7M4_T_le_v4SPD16_eabi.lib</file>
         <name>fd_cmp_t2.asm.obj</name>
      </input_file>
      <input_file id="fl-116">
         <path>C:\ti\ccs1110\ccs\tools\compiler\ti-cgt-arm_20.2.5.LTS\lib\</path>
         <kind>archive</kind>
         <file>rtsv7M4_T_le_v4SPD16_eabi.lib</file>
         <name>fd_div_t2.asm.obj</name>
      </input_file>
      <input_file id="fl-117">
         <path>C:\ti\ccs1110\ccs\tools\compiler\ti-cgt-arm_20.2.5.LTS\lib\</path>
         <kind>archive</kind>
         <file>rtsv7M4_T_le_v4SPD16_eabi.lib</file>
         <name>fd_mul_t2.asm.obj</name>
      </input_file>
      <input_file id="fl-118">
         <path>C:\ti\ccs1110\ccs\tools\compiler\ti-cgt-arm_20.2.5.LTS\lib\</path>
         <kind>archive</kind>
         <file>rtsv7M4_T_le_v4SPD16_eabi.lib</file>
         <name>fd_toi_t2.asm.obj</name>
      </input_file>
      <input_file id="fl-119">
         <path>C:\ti\ccs1110\ccs\tools\compiler\ti-cgt-arm_20.2.5.LTS\lib\</path>
         <kind>archive</kind>
         <file>rtsv7M4_T_le_v4SPD16_eabi.lib</file>
         <name>fd_tou_t2.asm.obj</name>
      </input_file>
      <input_file id="fl-11a">
         <path>C:\ti\ccs1110\ccs\tools\compiler\ti-cgt-arm_20.2.5.LTS\lib\</path>
         <kind>archive</kind>
         <file>rtsv7M4_T_le_v4SPD16_eabi.lib</file>
         <name>fs_tod_t2.asm.obj</name>
      </input_file>
      <input_file id="fl-11b">
         <path>C:\ti\ccs1110\ccs\tools\compiler\ti-cgt-arm_20.2.5.LTS\lib\</path>
         <kind>archive</kind>
         <file>rtsv7M4_T_le_v4SPD16_eabi.lib</file>
         <name>fs_toull_t2.asm.obj</name>
      </input_file>
      <input_file id="fl-11c">
         <path>C:\ti\ccs1110\ccs\tools\compiler\ti-cgt-arm_20.2.5.LTS\lib\</path>
         <kind>archive</kind>
         <file>rtsv7M4_T_le_v4SPD16_eabi.lib</file>
         <name>memcpy_t2.asm.obj</name>
      </input_file>
      <input_file id="fl-11d">
         <path>C:\ti\ccs1110\ccs\tools\compiler\ti-cgt-arm_20.2.5.LTS\lib\</path>
         <kind>archive</kind>
         <file>rtsv7M4_T_le_v4SPD16_eabi.lib</file>
         <name>u_tofd_t2.asm.obj</name>
      </input_file>
      <input_file id="fl-11e">
         <path>C:\ti\ccs1110\ccs\tools\compiler\ti-cgt-arm_20.2.5.LTS\lib\</path>
         <kind>archive</kind>
         <file>rtsv7M4_T_le_v4SPD16_eabi.lib</file>
         <name>u_divt2.asm.obj</name>
      </input_file>
      <input_file id="fl-11f">
         <path>C:\ti\ccs1110\ccs\tools\compiler\ti-cgt-arm_20.2.5.LTS\lib\</path>
         <kind>archive</kind>
         <file>rtsv7M4_T_le_v4SPD16_eabi.lib</file>
         <name>memset_t2.asm.obj</name>
      </input_file>
      <input_file id="fl-120">
         <path>C:\ti\ccs1110\ccs\tools\compiler\ti-cgt-arm_20.2.5.LTS\lib\</path>
         <kind>archive</kind>
         <file>rtsv7M4_T_le_v4SPD16_eabi.lib</file>
         <name>copy_zero_init.c.obj</name>
      </input_file>
      <input_file id="fl-121">
         <path>C:\ti\ccs1110\ccs\tools\compiler\ti-cgt-arm_20.2.5.LTS\lib\</path>
         <kind>archive</kind>
         <file>rtsv7M4_T_le_v4SPD16_eabi.lib</file>
         <name>copy_decompress_none.c.obj</name>
      </input_file>
      <input_file id="fl-122">
         <path>C:\ti\ccs1110\ccs\tools\compiler\ti-cgt-arm_20.2.5.LTS\lib\</path>
         <kind>archive</kind>
         <file>rtsv7M4_T_le_v4SPD16_eabi.lib</file>
         <name>copy_decompress_lzss.c.obj</name>
      </input_file>
      <input_file id="fl-123">
         <path>C:\ti\ccs1110\ccs\tools\compiler\ti-cgt-arm_20.2.5.LTS\lib\</path>
         <kind>archive</kind>
         <file>rtsv7M4_T_le_v4SPD16_eabi.lib</file>
         <name>strcmp.c.obj</name>
      </input_file>
      <input_file id="fl-124">
         <path>C:\ti\ccs1110\ccs\tools\compiler\ti-cgt-arm_20.2.5.LTS\lib\</path>
         <kind>archive</kind>
         <file>rtsv7M4_T_le_v4SPD16_eabi.lib</file>
         <name>strcpy.c.obj</name>
      </input_file>
      <input_file id="fl-125">
         <path>C:\ti\ccs1110\ccs\tools\compiler\ti-cgt-arm_20.2.5.LTS\lib\</path>
         <kind>archive</kind>
         <file>rtsv7M4_T_le_v4SPD16_eabi.lib</file>
         <name>strlen.c.obj</name>
      </input_file>
      <input_file id="fl-126">
         <path>C:\ti\ccs1110\ccs\tools\compiler\ti-cgt-arm_20.2.5.LTS\lib\</path>
         <kind>archive</kind>
         <file>rtsv7M4_T_le_v4SPD16_eabi.lib</file>
         <name>strncmp.c.obj</name>
      </input_file>
      <input_file id="fl-127">
         <path>C:\ti\ccs1110\ccs\tools\compiler\ti-cgt-arm_20.2.5.LTS\lib\</path>
         <kind>archive</kind>
         <file>rtsv7M4_T_le_v4SPD16_eabi.lib</file>
         <name>boot_cortex_m.c.obj</name>
      </input_file>
      <input_file id="fl-128">
         <path>C:\ti\ccs1110\ccs\tools\compiler\ti-cgt-arm_20.2.5.LTS\lib\</path>
         <kind>archive</kind>
         <file>rtsv7M4_T_le_v4SPD16_eabi.lib</file>
         <name>_printfi.c.obj</name>
      </input_file>
      <input_file id="fl-129">
         <path>C:\ti\ccs1110\ccs\tools\compiler\ti-cgt-arm_20.2.5.LTS\lib\</path>
         <kind>archive</kind>
         <file>rtsv7M4_T_le_v4SPD16_eabi.lib</file>
         <name>s_frexp.c.obj</name>
      </input_file>
      <input_file id="fl-12a">
         <path>C:\ti\ccs1110\ccs\tools\compiler\ti-cgt-arm_20.2.5.LTS\lib\</path>
         <kind>archive</kind>
         <file>rtsv7M4_T_le_v4SPD16_eabi.lib</file>
         <name>s_scalbn.c.obj</name>
      </input_file>
      <input_file id="fl-12b">
         <path>C:\ti\ccs1110\ccs\tools\compiler\ti-cgt-arm_20.2.5.LTS\lib\</path>
         <kind>archive</kind>
         <file>rtsv7M4_T_le_v4SPD16_eabi.lib</file>
         <name>wcslen.c.obj</name>
      </input_file>
      <input_file id="fl-12c">
         <path>C:\ti\ccs1110\ccs\tools\compiler\ti-cgt-arm_20.2.5.LTS\lib\</path>
         <kind>archive</kind>
         <file>rtsv7M4_T_le_v4SPD16_eabi.lib</file>
         <name>div0.asm.obj</name>
      </input_file>
      <input_file id="fl-12d">
         <path>C:\ti\ccs1110\ccs\tools\compiler\ti-cgt-arm_20.2.5.LTS\lib\</path>
         <kind>archive</kind>
         <file>rtsv7M4_T_le_v4SPD16_eabi.lib</file>
         <name>i_tofd_t2.asm.obj</name>
      </input_file>
      <input_file id="fl-12e">
         <path>C:\ti\ccs1110\ccs\tools\compiler\ti-cgt-arm_20.2.5.LTS\lib\</path>
         <kind>archive</kind>
         <file>rtsv7M4_T_le_v4SPD16_eabi.lib</file>
         <name>ull_div_t2.asm.obj</name>
      </input_file>
      <input_file id="fl-12f">
         <path>C:\ti\ccs1110\ccs\tools\compiler\ti-cgt-arm_20.2.5.LTS\lib\</path>
         <kind>archive</kind>
         <file>rtsv7M4_T_le_v4SPD16_eabi.lib</file>
         <name>autoinit.c.obj</name>
      </input_file>
      <input_file id="fl-130">
         <path>C:\ti\ccs1110\ccs\tools\compiler\ti-cgt-arm_20.2.5.LTS\lib\</path>
         <kind>archive</kind>
         <file>rtsv7M4_T_le_v4SPD16_eabi.lib</file>
         <name>pre_init.c.obj</name>
      </input_file>
      <input_file id="fl-131">
         <path>C:\ti\ccs1110\ccs\tools\compiler\ti-cgt-arm_20.2.5.LTS\lib\</path>
         <kind>archive</kind>
         <file>rtsv7M4_T_le_v4SPD16_eabi.lib</file>
         <name>cpy_tbl.c.obj</name>
      </input_file>
      <input_file id="fl-132">
         <path>C:\ti\ccs1110\ccs\tools\compiler\ti-cgt-arm_20.2.5.LTS\lib\</path>
         <kind>archive</kind>
         <file>rtsv7M4_T_le_v4SPD16_eabi.lib</file>
         <name>exit.c.obj</name>
      </input_file>
      <input_file id="fl-133">
         <path>C:\ti\ccs1110\ccs\tools\compiler\ti-cgt-arm_20.2.5.LTS\lib\</path>
         <kind>archive</kind>
         <file>rtsv7M4_T_le_v4SPD16_eabi.lib</file>
         <name>_lock.c.obj</name>
      </input_file>
      <input_file id="fl-134">
         <path>C:\ti\ccs1110\ccs\tools\compiler\ti-cgt-arm_20.2.5.LTS\lib\</path>
         <kind>archive</kind>
         <file>rtsv7M4_T_le_v4SPD16_eabi.lib</file>
         <name>_ltoa.c.obj</name>
      </input_file>
      <input_file id="fl-135">
         <path>C:\ti\ccs1110\ccs\tools\compiler\ti-cgt-arm_20.2.5.LTS\lib\</path>
         <kind>archive</kind>
         <file>rtsv7M4_T_le_v4SPD16_eabi.lib</file>
         <name>args_main.c.obj</name>
      </input_file>
      <input_file id="fl-136">
         <path>C:\ti\ccs1110\ccs\tools\compiler\ti-cgt-arm_20.2.5.LTS\lib\</path>
         <kind>archive</kind>
         <file>rtsv7M4_T_le_v4SPD16_eabi.lib</file>
         <name>atoi.c.obj</name>
      </input_file>
      <input_file id="fl-137">
         <path>C:\ti\ccs1110\ccs\tools\compiler\ti-cgt-arm_20.2.5.LTS\lib\</path>
         <kind>archive</kind>
         <file>rtsv7M4_T_le_v4SPD16_eabi.lib</file>
         <name>ctype.c.obj</name>
      </input_file>
      <input_file id="fl-138">
         <path>C:\ti\ccs1110\ccs\tools\compiler\ti-cgt-arm_20.2.5.LTS\lib\</path>
         <kind>archive</kind>
         <file>rtsv7M4_T_le_v4SPD16_eabi.lib</file>
         <name>memccpy.c.obj</name>
      </input_file>
      <input_file id="fl-139">
         <path>C:\ti\ccs1110\ccs\tools\compiler\ti-cgt-arm_20.2.5.LTS\lib\</path>
         <kind>archive</kind>
         <file>rtsv7M4_T_le_v4SPD16_eabi.lib</file>
         <name>strchr.c.obj</name>
      </input_file>
      <input_file id="fl-13a">
         <path>C:\ti\ccs1110\ccs\tools\compiler\ti-cgt-arm_20.2.5.LTS\lib\</path>
         <kind>archive</kind>
         <file>rtsv7M4_T_le_v4SPD16_eabi.lib</file>
         <name>errno.c.obj</name>
      </input_file>
      <input_file id="fl-13b">
         <path>C:\ti\ccs1110\ccs\tools\compiler\ti-cgt-arm_20.2.5.LTS\lib\</path>
         <kind>archive</kind>
         <file>rtsv7M4_T_le_v4SPD16_eabi.lib</file>
         <name>s_copysign.c.obj</name>
      </input_file>
   </input_file_list>
   <object_component_list>
      <object_component id="oc-12">
         <name>.intvecs</name>
         <load_address>0x0</load_address>
         <run_address>0x0</run_address>
         <size>0x26c</size>
         <input_file_ref idref="fl-4"/>
      </object_component>
      <object_component id="oc-546">
         <name>.text</name>
         <load_address>0x26c</load_address>
         <run_address>0x26c</run_address>
         <size>0x3084</size>
         <input_file_ref idref="fl-4c"/>
      </object_component>
      <object_component id="oc-2b5">
         <name>.text</name>
         <load_address>0x32f0</load_address>
         <run_address>0x32f0</run_address>
         <size>0x238c</size>
         <input_file_ref idref="fl-2e"/>
      </object_component>
      <object_component id="oc-91">
         <name>.text</name>
         <load_address>0x567c</load_address>
         <run_address>0x567c</run_address>
         <size>0x1d1c</size>
         <input_file_ref idref="fl-a"/>
      </object_component>
      <object_component id="oc-e7">
         <name>.text</name>
         <load_address>0x7398</load_address>
         <run_address>0x7398</run_address>
         <size>0x1688</size>
         <input_file_ref idref="fl-28"/>
      </object_component>
      <object_component id="oc-11c">
         <name>.text</name>
         <load_address>0x8a20</load_address>
         <run_address>0x8a20</run_address>
         <size>0x1570</size>
         <input_file_ref idref="fl-3f"/>
      </object_component>
      <object_component id="oc-105">
         <name>.text</name>
         <load_address>0x9f90</load_address>
         <run_address>0x9f90</run_address>
         <size>0x1288</size>
         <input_file_ref idref="fl-1c"/>
      </object_component>
      <object_component id="oc-f9">
         <name>.text</name>
         <load_address>0xb218</load_address>
         <run_address>0xb218</run_address>
         <size>0x10e4</size>
         <input_file_ref idref="fl-30"/>
      </object_component>
      <object_component id="oc-402">
         <name>.text</name>
         <load_address>0xc2fc</load_address>
         <run_address>0xc2fc</run_address>
         <size>0xfdc</size>
         <input_file_ref idref="fl-3a"/>
      </object_component>
      <object_component id="oc-2c1">
         <name>.text</name>
         <load_address>0xd2d8</load_address>
         <run_address>0xd2d8</run_address>
         <size>0xfa8</size>
         <input_file_ref idref="fl-50"/>
      </object_component>
      <object_component id="oc-24a">
         <name>.text</name>
         <load_address>0xe280</load_address>
         <run_address>0xe280</run_address>
         <size>0xf4c</size>
         <input_file_ref idref="fl-23"/>
      </object_component>
      <object_component id="oc-a7">
         <name>.text</name>
         <load_address>0xf1cc</load_address>
         <run_address>0xf1cc</run_address>
         <size>0xd20</size>
         <input_file_ref idref="fl-8"/>
      </object_component>
      <object_component id="oc-381">
         <name>.text</name>
         <load_address>0xfeec</load_address>
         <run_address>0xfeec</run_address>
         <size>0xd20</size>
         <input_file_ref idref="fl-2b"/>
      </object_component>
      <object_component id="oc-38">
         <name>.text</name>
         <load_address>0x10c0c</load_address>
         <run_address>0x10c0c</run_address>
         <size>0xb8c</size>
         <input_file_ref idref="fl-59"/>
      </object_component>
      <object_component id="oc-ad">
         <name>.text</name>
         <load_address>0x11798</load_address>
         <run_address>0x11798</run_address>
         <size>0xb08</size>
         <input_file_ref idref="fl-2c"/>
      </object_component>
      <object_component id="oc-394">
         <name>.text:__TI_printfi</name>
         <load_address>0x122a0</load_address>
         <run_address>0x122a0</run_address>
         <size>0xa4e</size>
         <input_file_ref idref="fl-128"/>
      </object_component>
      <object_component id="oc-1f9">
         <name>.text</name>
         <load_address>0x12cee</load_address>
         <run_address>0x12cee</run_address>
         <size>0x2</size>
         <input_file_ref idref="fl-12c"/>
      </object_component>
      <object_component id="oc-669">
         <name>.text</name>
         <load_address>0x12cf0</load_address>
         <run_address>0x12cf0</run_address>
         <size>0x924</size>
         <input_file_ref idref="fl-4a"/>
      </object_component>
      <object_component id="oc-179">
         <name>.text</name>
         <load_address>0x13614</load_address>
         <run_address>0x13614</run_address>
         <size>0x6f0</size>
         <input_file_ref idref="fl-b"/>
      </object_component>
      <object_component id="oc-ff">
         <name>.text</name>
         <load_address>0x13d04</load_address>
         <run_address>0x13d04</run_address>
         <size>0x5e4</size>
         <input_file_ref idref="fl-2"/>
      </object_component>
      <object_component id="oc-3f6">
         <name>.text</name>
         <load_address>0x142e8</load_address>
         <run_address>0x142e8</run_address>
         <size>0x598</size>
         <input_file_ref idref="fl-4e"/>
      </object_component>
      <object_component id="oc-3fc">
         <name>.text</name>
         <load_address>0x14880</load_address>
         <run_address>0x14880</run_address>
         <size>0x570</size>
         <input_file_ref idref="fl-52"/>
      </object_component>
      <object_component id="oc-1d4">
         <name>.text</name>
         <load_address>0x14df0</load_address>
         <run_address>0x14df0</run_address>
         <size>0x490</size>
         <input_file_ref idref="fl-1f"/>
      </object_component>
      <object_component id="oc-53e">
         <name>.text</name>
         <load_address>0x15280</load_address>
         <run_address>0x15280</run_address>
         <size>0x48c</size>
         <input_file_ref idref="fl-53"/>
      </object_component>
      <object_component id="oc-2e6">
         <name>.text</name>
         <load_address>0x1570c</load_address>
         <run_address>0x1570c</run_address>
         <size>0x3bc</size>
         <input_file_ref idref="fl-3d"/>
      </object_component>
      <object_component id="oc-161">
         <name>.text</name>
         <load_address>0x15ac8</load_address>
         <run_address>0x15ac8</run_address>
         <size>0x3a0</size>
         <input_file_ref idref="fl-e"/>
      </object_component>
      <object_component id="oc-228">
         <name>.text</name>
         <load_address>0x15e68</load_address>
         <run_address>0x15e68</run_address>
         <size>0x388</size>
         <input_file_ref idref="fl-36"/>
      </object_component>
      <object_component id="oc-f3">
         <name>.text</name>
         <load_address>0x161f0</load_address>
         <run_address>0x161f0</run_address>
         <size>0x2f2</size>
         <input_file_ref idref="fl-35"/>
      </object_component>
      <object_component id="oc-2e0">
         <name>.text</name>
         <load_address>0x164e2</load_address>
         <run_address>0x164e2</run_address>
         <size>0x2de</size>
         <input_file_ref idref="fl-3b"/>
      </object_component>
      <object_component id="oc-ed">
         <name>.text</name>
         <load_address>0x167c0</load_address>
         <run_address>0x167c0</run_address>
         <size>0x2b0</size>
         <input_file_ref idref="fl-34"/>
      </object_component>
      <object_component id="oc-4f1">
         <name>.text:_pconv_a</name>
         <load_address>0x16a70</load_address>
         <run_address>0x16a70</run_address>
         <size>0x270</size>
         <input_file_ref idref="fl-128"/>
      </object_component>
      <object_component id="oc-3e">
         <name>.text</name>
         <load_address>0x16ce0</load_address>
         <run_address>0x16ce0</run_address>
         <size>0x200</size>
         <input_file_ref idref="fl-3"/>
      </object_component>
      <object_component id="oc-47c">
         <name>.text</name>
         <load_address>0x16ee0</load_address>
         <run_address>0x16ee0</run_address>
         <size>0x1d2</size>
         <input_file_ref idref="fl-4f"/>
      </object_component>
      <object_component id="oc-4df">
         <name>.text:_pconv_g</name>
         <load_address>0x170b4</load_address>
         <run_address>0x170b4</run_address>
         <size>0x1d0</size>
         <input_file_ref idref="fl-128"/>
      </object_component>
      <object_component id="oc-267">
         <name>.text</name>
         <load_address>0x17284</load_address>
         <run_address>0x17284</run_address>
         <size>0x1b6</size>
         <input_file_ref idref="fl-114"/>
      </object_component>
      <object_component id="oc-32">
         <name>.text</name>
         <load_address>0x1743c</load_address>
         <run_address>0x1743c</run_address>
         <size>0x150</size>
         <input_file_ref idref="fl-c"/>
      </object_component>
      <object_component id="oc-4eb">
         <name>.text:_pconv_e</name>
         <load_address>0x1758c</load_address>
         <run_address>0x1758c</run_address>
         <size>0x13c</size>
         <input_file_ref idref="fl-128"/>
      </object_component>
      <object_component id="oc-279">
         <name>.text</name>
         <load_address>0x176c8</load_address>
         <run_address>0x176c8</run_address>
         <size>0x136</size>
         <input_file_ref idref="fl-116"/>
      </object_component>
      <object_component id="oc-167">
         <name>.text</name>
         <load_address>0x177fe</load_address>
         <run_address>0x177fe</run_address>
         <size>0x12a</size>
         <input_file_ref idref="fl-7"/>
      </object_component>
      <object_component id="oc-244">
         <name>.text</name>
         <load_address>0x17928</load_address>
         <run_address>0x17928</run_address>
         <size>0x128</size>
         <input_file_ref idref="fl-31"/>
      </object_component>
      <object_component id="oc-e1">
         <name>.text</name>
         <load_address>0x17a50</load_address>
         <run_address>0x17a50</run_address>
         <size>0x124</size>
         <input_file_ref idref="fl-58"/>
      </object_component>
      <object_component id="oc-61c">
         <name>.text:fcvt</name>
         <load_address>0x17b74</load_address>
         <run_address>0x17b74</run_address>
         <size>0x124</size>
         <input_file_ref idref="fl-128"/>
      </object_component>
      <object_component id="oc-630">
         <name>.text:scalbn</name>
         <load_address>0x17c98</load_address>
         <run_address>0x17c98</run_address>
         <size>0x110</size>
         <input_file_ref idref="fl-12a"/>
      </object_component>
      <object_component id="oc-255">
         <name>.text</name>
         <load_address>0x17da8</load_address>
         <run_address>0x17da8</run_address>
         <size>0xfc</size>
         <input_file_ref idref="fl-117"/>
      </object_component>
      <object_component id="oc-2c7">
         <name>.text</name>
         <load_address>0x17ea4</load_address>
         <run_address>0x17ea4</run_address>
         <size>0xec</size>
         <input_file_ref idref="fl-54"/>
      </object_component>
      <object_component id="oc-2d">
         <name>.text</name>
         <load_address>0x17f90</load_address>
         <run_address>0x17f90</run_address>
         <size>0xda</size>
         <input_file_ref idref="fl-d"/>
      </object_component>
      <object_component id="oc-2bb">
         <name>.text</name>
         <load_address>0x1806a</load_address>
         <run_address>0x1806a</run_address>
         <size>0xc8</size>
         <input_file_ref idref="fl-55"/>
      </object_component>
      <object_component id="oc-4d9">
         <name>.text:_ltostr</name>
         <load_address>0x18134</load_address>
         <run_address>0x18134</run_address>
         <size>0xb1</size>
         <input_file_ref idref="fl-128"/>
      </object_component>
      <object_component id="oc-28d">
         <name>.text</name>
         <load_address>0x181e8</load_address>
         <run_address>0x181e8</run_address>
         <size>0xac</size>
         <input_file_ref idref="fl-57"/>
      </object_component>
      <object_component id="oc-58">
         <name>.text</name>
         <load_address>0x18294</load_address>
         <run_address>0x18294</run_address>
         <size>0x9c</size>
         <input_file_ref idref="fl-11c"/>
      </object_component>
      <object_component id="oc-5fe">
         <name>.text</name>
         <load_address>0x18330</load_address>
         <run_address>0x18330</run_address>
         <size>0x96</size>
         <input_file_ref idref="fl-12e"/>
      </object_component>
      <object_component id="oc-271">
         <name>.text:__aeabi_cdcmple</name>
         <load_address>0x183c6</load_address>
         <run_address>0x183c6</run_address>
         <size>0x86</size>
         <input_file_ref idref="fl-115"/>
      </object_component>
      <object_component id="oc-262">
         <name>.text:__aeabi_cdrcmple</name>
         <load_address>0x1844c</load_address>
         <run_address>0x1844c</run_address>
         <size>0x86</size>
         <input_file_ref idref="fl-115"/>
      </object_component>
      <object_component id="oc-13f">
         <name>.text</name>
         <load_address>0x184d2</load_address>
         <run_address>0x184d2</run_address>
         <size>0x7a</size>
         <input_file_ref idref="fl-11f"/>
      </object_component>
      <object_component id="oc-615">
         <name>.text:_mcpy</name>
         <load_address>0x1854c</load_address>
         <run_address>0x1854c</run_address>
         <size>0x6e</size>
         <input_file_ref idref="fl-128"/>
      </object_component>
      <object_component id="oc-23c">
         <name>.text</name>
         <load_address>0x185bc</load_address>
         <run_address>0x185bc</run_address>
         <size>0x68</size>
         <input_file_ref idref="fl-33"/>
      </object_component>
      <object_component id="oc-17f">
         <name>.text</name>
         <load_address>0x18624</load_address>
         <run_address>0x18624</run_address>
         <size>0x68</size>
         <input_file_ref idref="fl-56"/>
      </object_component>
      <object_component id="oc-15">
         <name>.text:decompress:lzss:__TI_decompress_lzss</name>
         <load_address>0x1868c</load_address>
         <run_address>0x1868c</run_address>
         <size>0x68</size>
         <input_file_ref idref="fl-122"/>
      </object_component>
      <object_component id="oc-62a">
         <name>.text:frexp</name>
         <load_address>0x186f4</load_address>
         <run_address>0x186f4</run_address>
         <size>0x64</size>
         <input_file_ref idref="fl-129"/>
      </object_component>
      <object_component id="oc-4e5">
         <name>.text:_pconv_f</name>
         <load_address>0x18758</load_address>
         <run_address>0x18758</run_address>
         <size>0x56</size>
         <input_file_ref idref="fl-128"/>
      </object_component>
      <object_component id="oc-604">
         <name>.text:__TI_ltoa</name>
         <load_address>0x187ae</load_address>
         <run_address>0x187ae</run_address>
         <size>0x54</size>
         <input_file_ref idref="fl-134"/>
      </object_component>
      <object_component id="oc-60f">
         <name>.text:_ecpy</name>
         <load_address>0x18802</load_address>
         <run_address>0x18802</run_address>
         <size>0x52</size>
         <input_file_ref idref="fl-128"/>
      </object_component>
      <object_component id="oc-4d3">
         <name>.text:atoi</name>
         <load_address>0x18854</load_address>
         <run_address>0x18854</run_address>
         <size>0x4c</size>
         <input_file_ref idref="fl-136"/>
      </object_component>
      <object_component id="oc-26c">
         <name>.text</name>
         <load_address>0x188a0</load_address>
         <run_address>0x188a0</run_address>
         <size>0x48</size>
         <input_file_ref idref="fl-118"/>
      </object_component>
      <object_component id="oc-311">
         <name>.text:__TI_auto_init_nobinit_nopinit:__TI_auto_init_nobinit_nopinit</name>
         <load_address>0x188e8</load_address>
         <run_address>0x188e8</run_address>
         <size>0x44</size>
         <input_file_ref idref="fl-12f"/>
      </object_component>
      <object_component id="oc-25a">
         <name>.text</name>
         <load_address>0x1892c</load_address>
         <run_address>0x1892c</run_address>
         <size>0x44</size>
         <input_file_ref idref="fl-119"/>
      </object_component>
      <object_component id="oc-c8">
         <name>.text</name>
         <load_address>0x18970</load_address>
         <run_address>0x18970</run_address>
         <size>0x40</size>
         <input_file_ref idref="fl-11e"/>
      </object_component>
      <object_component id="oc-1a4">
         <name>.text:sprintf</name>
         <load_address>0x189b0</load_address>
         <run_address>0x189b0</run_address>
         <size>0x40</size>
         <input_file_ref idref="fl-113"/>
      </object_component>
      <object_component id="oc-622">
         <name>.text:_fcpy</name>
         <load_address>0x189f0</load_address>
         <run_address>0x189f0</run_address>
         <size>0x3e</size>
         <input_file_ref idref="fl-128"/>
      </object_component>
      <object_component id="oc-216">
         <name>.text</name>
         <load_address>0x18a2e</load_address>
         <run_address>0x18a2e</run_address>
         <size>0x3e</size>
         <input_file_ref idref="fl-13"/>
      </object_component>
      <object_component id="oc-27e">
         <name>.text</name>
         <load_address>0x18a6c</load_address>
         <run_address>0x18a6c</run_address>
         <size>0x38</size>
         <input_file_ref idref="fl-11a"/>
      </object_component>
      <object_component id="oc-76">
         <name>.text:_c_int00_noargs:_c_int00_noargs</name>
         <load_address>0x18aa4</load_address>
         <run_address>0x18aa4</run_address>
         <size>0x34</size>
         <input_file_ref idref="fl-127"/>
      </object_component>
      <object_component id="oc-60a">
         <name>.text</name>
         <load_address>0x18ad8</load_address>
         <run_address>0x18ad8</run_address>
         <size>0x2e</size>
         <input_file_ref idref="fl-12d"/>
      </object_component>
      <object_component id="oc-27">
         <name>.text</name>
         <load_address>0x18b08</load_address>
         <run_address>0x18b08</run_address>
         <size>0x2c</size>
         <input_file_ref idref="fl-4"/>
      </object_component>
      <object_component id="oc-284">
         <name>.text:strncmp</name>
         <load_address>0x18b34</load_address>
         <run_address>0x18b34</run_address>
         <size>0x2c</size>
         <input_file_ref idref="fl-126"/>
      </object_component>
      <object_component id="oc-188">
         <name>.text:GetOverflowCounts</name>
         <load_address>0x18b60</load_address>
         <run_address>0x18b60</run_address>
         <size>0x24</size>
         <input_file_ref idref="fl-56"/>
      </object_component>
      <object_component id="oc-44">
         <name>.text</name>
         <load_address>0x18b84</load_address>
         <run_address>0x18b84</run_address>
         <size>0x24</size>
         <input_file_ref idref="fl-40"/>
      </object_component>
      <object_component id="oc-250">
         <name>.text</name>
         <load_address>0x18ba8</load_address>
         <run_address>0x18ba8</run_address>
         <size>0x20</size>
         <input_file_ref idref="fl-11d"/>
      </object_component>
      <object_component id="oc-4f7">
         <name>.text:memccpy</name>
         <load_address>0x18bc8</load_address>
         <run_address>0x18bc8</run_address>
         <size>0x1c</size>
         <input_file_ref idref="fl-138"/>
      </object_component>
      <object_component id="oc-6e5">
         <name>.text:copysign</name>
         <load_address>0x18be4</load_address>
         <run_address>0x18be4</run_address>
         <size>0x1a</size>
         <input_file_ref idref="fl-13b"/>
      </object_component>
      <object_component id="oc-39a">
         <name>.text:_outs</name>
         <load_address>0x18bfe</load_address>
         <run_address>0x18bfe</run_address>
         <size>0x18</size>
         <input_file_ref idref="fl-113"/>
      </object_component>
      <object_component id="oc-444">
         <name>.text:strcmp</name>
         <load_address>0x18c16</load_address>
         <run_address>0x18c16</run_address>
         <size>0x18</size>
         <input_file_ref idref="fl-123"/>
      </object_component>
      <object_component id="oc-636">
         <name>.text:strchr</name>
         <load_address>0x18c2e</load_address>
         <run_address>0x18c2e</run_address>
         <size>0x16</size>
         <input_file_ref idref="fl-139"/>
      </object_component>
      <object_component id="oc-198">
         <name>.text:strcpy</name>
         <load_address>0x18c44</load_address>
         <run_address>0x18c44</run_address>
         <size>0x14</size>
         <input_file_ref idref="fl-124"/>
      </object_component>
      <object_component id="oc-19e">
         <name>.text:strlen</name>
         <load_address>0x18c58</load_address>
         <run_address>0x18c58</run_address>
         <size>0x14</size>
         <input_file_ref idref="fl-125"/>
      </object_component>
      <object_component id="oc-4fd">
         <name>.text:wcslen</name>
         <load_address>0x18c6c</load_address>
         <run_address>0x18c6c</run_address>
         <size>0x12</size>
         <input_file_ref idref="fl-12b"/>
      </object_component>
      <object_component id="oc-1b">
         <name>.text:decompress:none:__TI_decompress_none</name>
         <load_address>0x18c7e</load_address>
         <run_address>0x18c7e</run_address>
         <size>0xe</size>
         <input_file_ref idref="fl-121"/>
      </object_component>
      <object_component id="oc-6a">
         <name>.text:decompress:ZI:__TI_zero_init</name>
         <load_address>0x18c8c</load_address>
         <run_address>0x18c8c</run_address>
         <size>0xc</size>
         <input_file_ref idref="fl-120"/>
      </object_component>
      <object_component id="oc-3a0">
         <name>.text:_outc</name>
         <load_address>0x18c98</load_address>
         <run_address>0x18c98</run_address>
         <size>0xa</size>
         <input_file_ref idref="fl-113"/>
      </object_component>
      <object_component id="oc-503">
         <name>.text:__aeabi_errno_addr</name>
         <load_address>0x18ca4</load_address>
         <run_address>0x18ca4</run_address>
         <size>0x8</size>
         <input_file_ref idref="fl-13a"/>
      </object_component>
      <object_component id="oc-225">
         <name>.text:SysCtlDelay</name>
         <load_address>0x18cac</load_address>
         <run_address>0x18cac</run_address>
         <size>0x6</size>
         <input_file_ref idref="fl-28"/>
      </object_component>
      <object_component id="oc-145">
         <name>.text:_system_pre_init</name>
         <load_address>0x18cb2</load_address>
         <run_address>0x18cb2</run_address>
         <size>0x4</size>
         <input_file_ref idref="fl-130"/>
      </object_component>
      <object_component id="oc-305">
         <name>.text:abort:abort</name>
         <load_address>0x18cb6</load_address>
         <run_address>0x18cb6</run_address>
         <size>0x4</size>
         <input_file_ref idref="fl-132"/>
      </object_component>
      <object_component id="oc-441">
         <name>.const:.string</name>
         <load_address>0x18cbc</load_address>
         <run_address>0x18cbc</run_address>
         <size>0x248</size>
         <input_file_ref idref="fl-2"/>
      </object_component>
      <object_component id="oc-426">
         <name>.const:crctttab</name>
         <load_address>0x18f04</load_address>
         <run_address>0x18f04</run_address>
         <size>0x200</size>
         <input_file_ref idref="fl-33"/>
      </object_component>
      <object_component id="oc-222">
         <name>.const:g_pppui32XTALtoVCO</name>
         <load_address>0x19104</load_address>
         <run_address>0x19104</run_address>
         <size>0x1b0</size>
         <input_file_ref idref="fl-28"/>
      </object_component>
      <object_component id="oc-5f9">
         <name>.const:.string:_ctypes_</name>
         <load_address>0x192b4</load_address>
         <run_address>0x192b4</run_address>
         <size>0x101</size>
         <input_file_ref idref="fl-137"/>
      </object_component>
      <object_component id="oc-297">
         <name>.const:g_ppui32GPIOIntMapSnowflake</name>
         <load_address>0x193b8</load_address>
         <run_address>0x193b8</run_address>
         <size>0xd8</size>
         <input_file_ref idref="fl-1c"/>
      </object_component>
      <object_component id="oc-294">
         <name>.const:g_ppui32GPIOIntMapBlizzard</name>
         <load_address>0x19490</load_address>
         <run_address>0x19490</run_address>
         <size>0xc0</size>
         <input_file_ref idref="fl-1c"/>
      </object_component>
      <object_component id="oc-3cc">
         <name>.const:g_pui32Regs</name>
         <load_address>0x19550</load_address>
         <run_address>0x19550</run_address>
         <size>0x9c</size>
         <input_file_ref idref="fl-1f"/>
      </object_component>
      <object_component id="oc-29a">
         <name>.const:g_pui32GPIOBaseAddrs</name>
         <load_address>0x195ec</load_address>
         <run_address>0x195ec</run_address>
         <size>0x90</size>
         <input_file_ref idref="fl-1c"/>
      </object_component>
      <object_component id="oc-21c">
         <name>.const:g_pui32Xtals</name>
         <load_address>0x1967c</load_address>
         <run_address>0x1967c</run_address>
         <size>0x6c</size>
         <input_file_ref idref="fl-28"/>
      </object_component>
      <object_component id="oc-4c7">
         <name>.const:g_ppui32TimerIntMap</name>
         <load_address>0x196e8</load_address>
         <run_address>0x196e8</run_address>
         <size>0x60</size>
         <input_file_ref idref="fl-2b"/>
      </object_component>
      <object_component id="oc-4ca">
         <name>.const:g_ppui32TimerIntMapSnowflake</name>
         <load_address>0x19748</load_address>
         <run_address>0x19748</run_address>
         <size>0x40</size>
         <input_file_ref idref="fl-2b"/>
      </object_component>
      <object_component id="oc-1ce">
         <name>.const:g_ppui32UARTIntMap</name>
         <load_address>0x19788</load_address>
         <run_address>0x19788</run_address>
         <size>0x40</size>
         <input_file_ref idref="fl-2c"/>
      </object_component>
      <object_component id="oc-1d1">
         <name>.const:g_ppui32UARTIntMapSnowflake</name>
         <load_address>0x197c8</load_address>
         <run_address>0x197c8</run_address>
         <size>0x40</size>
         <input_file_ref idref="fl-2c"/>
      </object_component>
      <object_component id="oc-6b3">
         <name>.const:.string:g_pui8ConfigString</name>
         <load_address>0x19808</load_address>
         <run_address>0x19808</run_address>
         <size>0x36</size>
         <input_file_ref idref="fl-37"/>
      </object_component>
      <object_component id="oc-2dd">
         <name>.const:g_psUSBDStdRequests</name>
         <load_address>0x19840</load_address>
         <run_address>0x19840</run_address>
         <size>0x34</size>
         <input_file_ref idref="fl-3f"/>
      </object_component>
      <object_component id="oc-555">
         <name>.const:g_sCDCHandlers</name>
         <load_address>0x19874</load_address>
         <run_address>0x19874</run_address>
         <size>0x30</size>
         <input_file_ref idref="fl-3a"/>
      </object_component>
      <object_component id="oc-213">
         <name>.const:g_sXTALtoMEMTIM</name>
         <load_address>0x198a4</load_address>
         <run_address>0x198a4</run_address>
         <size>0x30</size>
         <input_file_ref idref="fl-28"/>
      </object_component>
      <object_component id="oc-6b0">
         <name>.const:.string:g_pui8ControlInterfaceString</name>
         <load_address>0x198d4</load_address>
         <run_address>0x198d4</run_address>
         <size>0x2c</size>
         <input_file_ref idref="fl-37"/>
      </object_component>
      <object_component id="oc-6a7">
         <name>.const:.string:g_pui8ManufacturerString</name>
         <load_address>0x19900</load_address>
         <run_address>0x19900</run_address>
         <size>0x24</size>
         <input_file_ref idref="fl-37"/>
      </object_component>
      <object_component id="oc-78a">
         <name>.const:.string:g_pui8CDCSerCommInterface</name>
         <load_address>0x19924</load_address>
         <run_address>0x19924</run_address>
         <size>0x23</size>
         <input_file_ref idref="fl-3a"/>
      </object_component>
      <object_component id="oc-6aa">
         <name>.const:.string:g_pui8ProductString</name>
         <load_address>0x19947</load_address>
         <run_address>0x19947</run_address>
         <size>0x22</size>
         <input_file_ref idref="fl-37"/>
      </object_component>
      <object_component id="oc-3c9">
         <name>.const:g_pui32Priority</name>
         <load_address>0x1996c</load_address>
         <run_address>0x1996c</run_address>
         <size>0x20</size>
         <input_file_ref idref="fl-1f"/>
      </object_component>
      <object_component id="oc-584">
         <name>.const:g_ppui8StringDescriptors</name>
         <load_address>0x1998c</load_address>
         <run_address>0x1998c</run_address>
         <size>0x18</size>
         <input_file_ref idref="fl-37"/>
      </object_component>
      <object_component id="oc-78f">
         <name>.const:.string:g_pui8CDCSerDataInterface</name>
         <load_address>0x199a4</load_address>
         <run_address>0x199a4</run_address>
         <size>0x17</size>
         <input_file_ref idref="fl-3a"/>
      </object_component>
      <object_component id="oc-794">
         <name>.const:.string:g_pui8CDCSerDataInterfaceHS</name>
         <load_address>0x199bb</load_address>
         <run_address>0x199bb</run_address>
         <size>0x17</size>
         <input_file_ref idref="fl-3a"/>
      </object_component>
      <object_component id="oc-3d2">
         <name>.const:g_pui32Dii16Regs</name>
         <load_address>0x199d4</load_address>
         <run_address>0x199d4</run_address>
         <size>0x14</size>
         <input_file_ref idref="fl-1f"/>
      </object_component>
      <object_component id="oc-3cf">
         <name>.const:g_pui32EnRegs</name>
         <load_address>0x199e8</load_address>
         <run_address>0x199e8</run_address>
         <size>0x14</size>
         <input_file_ref idref="fl-1f"/>
      </object_component>
      <object_component id="oc-3d5">
         <name>.const:g_pui32PendRegs</name>
         <load_address>0x199fc</load_address>
         <run_address>0x199fc</run_address>
         <size>0x14</size>
         <input_file_ref idref="fl-1f"/>
      </object_component>
      <object_component id="oc-3d8">
         <name>.const:g_pui32UnpendRegs</name>
         <load_address>0x19a10</load_address>
         <run_address>0x19a10</run_address>
         <size>0x14</size>
         <input_file_ref idref="fl-1f"/>
      </object_component>
      <object_component id="oc-6ad">
         <name>.const:.string:g_pui8SerialNumberString</name>
         <load_address>0x19a24</load_address>
         <run_address>0x19a24</run_address>
         <size>0x12</size>
         <input_file_ref idref="fl-37"/>
      </object_component>
      <object_component id="oc-1ff">
         <name>.const:.string</name>
         <load_address>0x19a38</load_address>
         <run_address>0x19a38</run_address>
         <size>0x12</size>
         <input_file_ref idref="fl-59"/>
      </object_component>
      <object_component id="oc-b6">
         <name>.const:g_ui32UARTBase</name>
         <load_address>0x19a4c</load_address>
         <run_address>0x19a4c</run_address>
         <size>0xc</size>
         <input_file_ref idref="fl-59"/>
      </object_component>
      <object_component id="oc-bc">
         <name>.const:g_ui32UARTInt</name>
         <load_address>0x19a58</load_address>
         <run_address>0x19a58</run_address>
         <size>0xc</size>
         <input_file_ref idref="fl-59"/>
      </object_component>
      <object_component id="oc-b9">
         <name>.const:g_ui32UARTPeriph</name>
         <load_address>0x19a64</load_address>
         <run_address>0x19a64</run_address>
         <size>0xc</size>
         <input_file_ref idref="fl-59"/>
      </object_component>
      <object_component id="oc-21f">
         <name>.const:g_pui32VCOFrequencies</name>
         <load_address>0x19a70</load_address>
         <run_address>0x19a70</run_address>
         <size>0x8</size>
         <input_file_ref idref="fl-28"/>
      </object_component>
      <object_component id="oc-694">
         <name>.const:g_sCDCCompSerConfigHeader</name>
         <load_address>0x19a78</load_address>
         <run_address>0x19a78</run_address>
         <size>0x8</size>
         <input_file_ref idref="fl-3a"/>
      </object_component>
      <object_component id="oc-699">
         <name>.const:g_sCDCCompSerConfigHeaderHS</name>
         <load_address>0x19a80</load_address>
         <run_address>0x19a80</run_address>
         <size>0x8</size>
         <input_file_ref idref="fl-3a"/>
      </object_component>
      <object_component id="oc-76f">
         <name>.const:g_sCDCSerCommInterfaceSection</name>
         <load_address>0x19a88</load_address>
         <run_address>0x19a88</run_address>
         <size>0x8</size>
         <input_file_ref idref="fl-3a"/>
      </object_component>
      <object_component id="oc-68a">
         <name>.const:g_sCDCSerConfigHeader</name>
         <load_address>0x19a90</load_address>
         <run_address>0x19a90</run_address>
         <size>0x8</size>
         <input_file_ref idref="fl-3a"/>
      </object_component>
      <object_component id="oc-68f">
         <name>.const:g_sCDCSerConfigHeaderHS</name>
         <load_address>0x19a98</load_address>
         <run_address>0x19a98</run_address>
         <size>0x8</size>
         <input_file_ref idref="fl-3a"/>
      </object_component>
      <object_component id="oc-76c">
         <name>.const:g_sCDCSerConfigSection</name>
         <load_address>0x19aa0</load_address>
         <run_address>0x19aa0</run_address>
         <size>0x8</size>
         <input_file_ref idref="fl-3a"/>
      </object_component>
      <object_component id="oc-772">
         <name>.const:g_sCDCSerDataInterfaceSection</name>
         <load_address>0x19aa8</load_address>
         <run_address>0x19aa8</run_address>
         <size>0x8</size>
         <input_file_ref idref="fl-3a"/>
      </object_component>
      <object_component id="oc-777">
         <name>.const:g_sCDCSerDataInterfaceSectionHS</name>
         <load_address>0x19ab0</load_address>
         <run_address>0x19ab0</run_address>
         <size>0x8</size>
         <input_file_ref idref="fl-3a"/>
      </object_component>
      <object_component id="oc-77c">
         <name>.const:g_sIADSerConfigSection</name>
         <load_address>0x19ab8</load_address>
         <run_address>0x19ab8</run_address>
         <size>0x8</size>
         <input_file_ref idref="fl-3a"/>
      </object_component>
      <object_component id="oc-6a4">
         <name>.const:.string:g_pui8LangDescriptor</name>
         <load_address>0x19ac0</load_address>
         <run_address>0x19ac0</run_address>
         <size>0x4</size>
         <input_file_ref idref="fl-37"/>
      </object_component>
      <object_component id="oc-561">
         <name>.const:g_pCDCCompSerConfigDescriptors</name>
         <load_address>0x19ac4</load_address>
         <run_address>0x19ac4</run_address>
         <size>0x4</size>
         <input_file_ref idref="fl-3a"/>
      </object_component>
      <object_component id="oc-564">
         <name>.const:g_pCDCCompSerConfigDescriptorsHS</name>
         <load_address>0x19ac8</load_address>
         <run_address>0x19ac8</run_address>
         <size>0x4</size>
         <input_file_ref idref="fl-3a"/>
      </object_component>
      <object_component id="oc-55b">
         <name>.const:g_ppCDCSerConfigDescriptors</name>
         <load_address>0x19acc</load_address>
         <run_address>0x19acc</run_address>
         <size>0x4</size>
         <input_file_ref idref="fl-3a"/>
      </object_component>
      <object_component id="oc-55e">
         <name>.const:g_ppCDCSerConfigDescriptorsHS</name>
         <load_address>0x19ad0</load_address>
         <run_address>0x19ad0</run_address>
         <size>0x4</size>
         <input_file_ref idref="fl-3a"/>
      </object_component>
      <object_component id="oc-8e">
         <name>.const</name>
         <load_address>0x19ad4</load_address>
         <run_address>0x19ad4</run_address>
         <size>0x4</size>
         <input_file_ref idref="fl-c"/>
      </object_component>
      <object_component id="oc-18f">
         <name>.const</name>
         <load_address>0x19ad8</load_address>
         <run_address>0x19ad8</run_address>
         <size>0x4</size>
         <input_file_ref idref="fl-a"/>
      </object_component>
      <object_component id="oc-cd">
         <name>.const</name>
         <load_address>0x19adc</load_address>
         <run_address>0x19adc</run_address>
         <size>0x4</size>
         <input_file_ref idref="fl-59"/>
      </object_component>
      <object_component id="oc-7d2">
         <name>.cinit..data.load</name>
         <load_address>0x19ae0</load_address>
         <run_address>0x19ae0</run_address>
         <size>0x170</size>
      </object_component>
      <object_component id="oc-7cf">
         <name>__TI_handler_table</name>
         <load_address>0x19c50</load_address>
         <run_address>0x19c50</run_address>
         <size>0xc</size>
      </object_component>
      <object_component id="oc-7d3">
         <name>.cinit..bss.load</name>
         <load_address>0x19c60</load_address>
         <run_address>0x19c60</run_address>
         <size>0x8</size>
      </object_component>
      <object_component id="oc-7d1">
         <name>.cinit..vtable.load</name>
         <load_address>0x19c68</load_address>
         <run_address>0x19c68</run_address>
         <size>0x8</size>
      </object_component>
      <object_component id="oc-7d0">
         <name>__TI_cinit_table</name>
         <load_address>0x19c70</load_address>
         <run_address>0x19c70</run_address>
         <size>0x18</size>
      </object_component>
      <object_component id="oc-3c6">
         <name>.vtable</name>
         <uninitialized>true</uninitialized>
         <run_address>0x20000000</run_address>
         <size>0x26c</size>
         <input_file_ref idref="fl-1f"/>
      </object_component>
      <object_component id="oc-28a">
         <name>.data:g_psCmdTable</name>
         <load_address>0x20006344</load_address>
         <run_address>0x20006344</run_address>
         <size>0xc0</size>
         <input_file_ref idref="fl-2"/>
      </object_component>
      <object_component id="oc-10b">
         <name>.data</name>
         <load_address>0x2000660d</load_address>
         <run_address>0x2000660d</run_address>
         <size>0x1</size>
         <input_file_ref idref="fl-3"/>
      </object_component>
      <object_component id="oc-8b">
         <name>.data</name>
         <load_address>0x20006464</load_address>
         <run_address>0x20006464</run_address>
         <size>0x3c</size>
         <input_file_ref idref="fl-a"/>
      </object_component>
      <object_component id="oc-369">
         <name>.data</name>
         <load_address>0x200065e0</load_address>
         <run_address>0x200065e0</run_address>
         <size>0xc</size>
         <input_file_ref idref="fl-b"/>
      </object_component>
      <object_component id="oc-98">
         <name>.data</name>
         <load_address>0x20006634</load_address>
         <run_address>0x20006634</run_address>
         <size>0x4</size>
         <input_file_ref idref="fl-c"/>
      </object_component>
      <object_component id="oc-354">
         <name>.data</name>
         <load_address>0x20006558</load_address>
         <run_address>0x20006558</run_address>
         <size>0x18</size>
         <input_file_ref idref="fl-e"/>
      </object_component>
      <object_component id="oc-42d">
         <name>.data</name>
         <load_address>0x200065c5</load_address>
         <run_address>0x200065c5</run_address>
         <size>0x3</size>
         <input_file_ref idref="fl-31"/>
      </object_component>
      <object_component id="oc-234">
         <name>.data</name>
         <load_address>0x20006638</load_address>
         <run_address>0x20006638</run_address>
         <size>0x4</size>
         <input_file_ref idref="fl-34"/>
      </object_component>
      <object_component id="oc-40b">
         <name>.data</name>
         <load_address>0x200065b8</load_address>
         <run_address>0x200065b8</run_address>
         <size>0xd</size>
         <input_file_ref idref="fl-36"/>
      </object_component>
      <object_component id="oc-411">
         <name>.data:ConfigLinea</name>
         <load_address>0x2000662c</load_address>
         <run_address>0x2000662c</run_address>
         <size>0x7</size>
         <input_file_ref idref="fl-36"/>
      </object_component>
      <object_component id="oc-417">
         <name>.data:g_sCDCDevice</name>
         <load_address>0x20006404</load_address>
         <run_address>0x20006404</run_address>
         <size>0x60</size>
         <input_file_ref idref="fl-37"/>
      </object_component>
      <object_component id="oc-408">
         <name>.data:g_sRxBuffer</name>
         <load_address>0x200064a0</load_address>
         <run_address>0x200064a0</run_address>
         <size>0x38</size>
         <input_file_ref idref="fl-37"/>
      </object_component>
      <object_component id="oc-414">
         <name>.data:g_sTxBuffer</name>
         <load_address>0x200064d8</load_address>
         <run_address>0x200064d8</run_address>
         <size>0x38</size>
         <input_file_ref idref="fl-37"/>
      </object_component>
      <object_component id="oc-558">
         <name>.data:g_pui8CDCSerDeviceDescriptor</name>
         <load_address>0x20006584</load_address>
         <run_address>0x20006584</run_address>
         <size>0x12</size>
         <input_file_ref idref="fl-3a"/>
      </object_component>
      <object_component id="oc-567">
         <name>.data:g_pui8CDCSerDescriptor</name>
         <load_address>0x20006604</load_address>
         <run_address>0x20006604</run_address>
         <size>0x9</size>
         <input_file_ref idref="fl-3a"/>
      </object_component>
      <object_component id="oc-799">
         <name>.data:g_pui8IADSerDescriptor</name>
         <load_address>0x20006619</load_address>
         <run_address>0x20006619</run_address>
         <size>0x8</size>
         <input_file_ref idref="fl-3a"/>
      </object_component>
      <object_component id="oc-72a">
         <name>.data:g_psCDCSerSections</name>
         <load_address>0x200065c8</load_address>
         <run_address>0x200065c8</run_address>
         <size>0xc</size>
         <input_file_ref idref="fl-3a"/>
      </object_component>
      <object_component id="oc-72f">
         <name>.data:g_psCDCSerSectionsHS</name>
         <load_address>0x200065d4</load_address>
         <run_address>0x200065d4</run_address>
         <size>0xc</size>
         <input_file_ref idref="fl-3a"/>
      </object_component>
      <object_component id="oc-734">
         <name>.data:g_psCDCCompSerSections</name>
         <load_address>0x20006598</load_address>
         <run_address>0x20006598</run_address>
         <size>0x10</size>
         <input_file_ref idref="fl-3a"/>
      </object_component>
      <object_component id="oc-739">
         <name>.data:g_psCDCCompSerSectionsHS</name>
         <load_address>0x200065a8</load_address>
         <run_address>0x200065a8</run_address>
         <size>0x10</size>
         <input_file_ref idref="fl-3a"/>
      </object_component>
      <object_component id="oc-552">
         <name>.data</name>
         <load_address>0x20006596</load_address>
         <run_address>0x20006596</run_address>
         <size>0x2</size>
         <input_file_ref idref="fl-3a"/>
      </object_component>
      <object_component id="oc-2d4">
         <name>.data</name>
         <load_address>0x20006624</load_address>
         <run_address>0x20006624</run_address>
         <size>0x8</size>
         <input_file_ref idref="fl-3f"/>
      </object_component>
      <object_component id="oc-666">
         <name>.data</name>
         <load_address>0x20006570</load_address>
         <run_address>0x20006570</run_address>
         <size>0x14</size>
         <input_file_ref idref="fl-4c"/>
      </object_component>
      <object_component id="oc-678">
         <name>.data:g_sUSBHEP0State</name>
         <load_address>0x20006540</load_address>
         <run_address>0x20006540</run_address>
         <size>0x18</size>
         <input_file_ref idref="fl-4c"/>
      </object_component>
      <object_component id="oc-2d1">
         <name>.data</name>
         <load_address>0x20006610</load_address>
         <run_address>0x20006610</run_address>
         <size>0x9</size>
         <input_file_ref idref="fl-52"/>
      </object_component>
      <object_component id="oc-2ec">
         <name>.data</name>
         <load_address>0x200065f8</load_address>
         <run_address>0x200065f8</run_address>
         <size>0xc</size>
         <input_file_ref idref="fl-54"/>
      </object_component>
      <object_component id="oc-20f">
         <name>.data:g_pui32CPUUsageTimerPeriph</name>
         <load_address>0x20006528</load_address>
         <run_address>0x20006528</run_address>
         <size>0x18</size>
         <input_file_ref idref="fl-58"/>
      </object_component>
      <object_component id="oc-209">
         <name>.data:g_pui32CPUUsageTimerBase</name>
         <load_address>0x20006510</load_address>
         <run_address>0x20006510</run_address>
         <size>0x18</size>
         <input_file_ref idref="fl-58"/>
      </object_component>
      <object_component id="oc-bf">
         <name>.data</name>
         <load_address>0x200065ec</load_address>
         <run_address>0x200065ec</run_address>
         <size>0xc</size>
         <input_file_ref idref="fl-59"/>
      </object_component>
      <object_component id="oc-646">
         <name>.data</name>
         <load_address>0x2000663c</load_address>
         <run_address>0x2000663c</run_address>
         <size>0x4</size>
         <input_file_ref idref="fl-13a"/>
      </object_component>
      <object_component id="oc-16d">
         <name>.bss:pxReadyTasksLists</name>
         <uninitialized>true</uninitialized>
         <run_address>0x20005b38</run_address>
         <size>0x140</size>
         <input_file_ref idref="fl-a"/>
      </object_component>
      <object_component id="oc-192">
         <name>.bss:xDelayedTaskList1</name>
         <uninitialized>true</uninitialized>
         <run_address>0x20006264</run_address>
         <size>0x14</size>
         <input_file_ref idref="fl-a"/>
      </object_component>
      <object_component id="oc-195">
         <name>.bss:xDelayedTaskList2</name>
         <uninitialized>true</uninitialized>
         <run_address>0x20006278</run_address>
         <size>0x14</size>
         <input_file_ref idref="fl-a"/>
      </object_component>
      <object_component id="oc-173">
         <name>.bss</name>
         <uninitialized>true</uninitialized>
         <run_address>0x200062dc</run_address>
         <size>0x8</size>
         <input_file_ref idref="fl-a"/>
      </object_component>
      <object_component id="oc-185">
         <name>.bss:xPendingReadyList</name>
         <uninitialized>true</uninitialized>
         <run_address>0x2000628c</run_address>
         <size>0x14</size>
         <input_file_ref idref="fl-a"/>
      </object_component>
      <object_component id="oc-170">
         <name>.bss:xTasksWaitingTermination</name>
         <uninitialized>true</uninitialized>
         <run_address>0x200062b4</run_address>
         <size>0x14</size>
         <input_file_ref idref="fl-a"/>
      </object_component>
      <object_component id="oc-176">
         <name>.bss:xSuspendedTaskList</name>
         <uninitialized>true</uninitialized>
         <run_address>0x200062a0</run_address>
         <size>0x14</size>
         <input_file_ref idref="fl-a"/>
      </object_component>
      <object_component id="oc-36f">
         <name>.bss:xActiveTimerList1</name>
         <uninitialized>true</uninitialized>
         <run_address>0x2000623c</run_address>
         <size>0x14</size>
         <input_file_ref idref="fl-b"/>
      </object_component>
      <object_component id="oc-372">
         <name>.bss:xActiveTimerList2</name>
         <uninitialized>true</uninitialized>
         <run_address>0x20006250</run_address>
         <size>0x14</size>
         <input_file_ref idref="fl-b"/>
      </object_component>
      <object_component id="oc-36c">
         <name>.bss</name>
         <uninitialized>true</uninitialized>
         <run_address>0x200062e4</run_address>
         <size>0x8</size>
         <input_file_ref idref="fl-b"/>
      </object_component>
      <object_component id="oc-35a">
         <name>.bss:ucHeap</name>
         <uninitialized>true</uninitialized>
         <run_address>0x2000026c</run_address>
         <size>0x5000</size>
         <input_file_ref idref="fl-e"/>
      </object_component>
      <object_component id="oc-357">
         <name>.bss:xStart</name>
         <uninitialized>true</uninitialized>
         <run_address>0x200062fc</run_address>
         <size>0x8</size>
         <input_file_ref idref="fl-e"/>
      </object_component>
      <object_component id="oc-231">
         <name>.bss:Rxframe</name>
         <uninitialized>true</uninitialized>
         <run_address>0x200060c4</run_address>
         <size>0x40</size>
         <input_file_ref idref="fl-34"/>
      </object_component>
      <object_component id="oc-22e">
         <name>.bss:Txframe</name>
         <uninitialized>true</uninitialized>
         <run_address>0x20006104</run_address>
         <size>0x40</size>
         <input_file_ref idref="fl-34"/>
      </object_component>
      <object_component id="oc-237">
         <name>.bss</name>
         <uninitialized>true</uninitialized>
         <run_address>0x20006314</run_address>
         <size>0x4</size>
         <input_file_ref idref="fl-34"/>
      </object_component>
      <object_component id="oc-40e">
         <name>.bss</name>
         <uninitialized>true</uninitialized>
         <run_address>0x200062ec</run_address>
         <size>0x8</size>
         <input_file_ref idref="fl-36"/>
      </object_component>
      <object_component id="oc-2da">
         <name>.bss:g_pui8DataBufferIn</name>
         <uninitialized>true</uninitialized>
         <run_address>0x20006144</run_address>
         <size>0x40</size>
         <input_file_ref idref="fl-3f"/>
      </object_component>
      <object_component id="oc-2d7">
         <name>.bss</name>
         <uninitialized>true</uninitialized>
         <run_address>0x20006318</run_address>
         <size>0x4</size>
         <input_file_ref idref="fl-3f"/>
      </object_component>
      <object_component id="oc-709">
         <name>.bss:g_sRootHub</name>
         <uninitialized>true</uninitialized>
         <run_address>0x20005f88</run_address>
         <size>0x9c</size>
         <input_file_ref idref="fl-4a"/>
      </object_component>
      <object_component id="oc-70c">
         <name>.bss</name>
         <uninitialized>true</uninitialized>
         <run_address>0x200062f4</run_address>
         <size>0x8</size>
         <input_file_ref idref="fl-4a"/>
      </object_component>
      <object_component id="oc-672">
         <name>.bss</name>
         <uninitialized>true</uninitialized>
         <run_address>0x2000631c</run_address>
         <size>0x4</size>
         <input_file_ref idref="fl-4c"/>
      </object_component>
      <object_component id="oc-66f">
         <name>.bss:g_pi32USBHActiveDriver</name>
         <uninitialized>true</uninitialized>
         <run_address>0x200061c8</run_address>
         <size>0x18</size>
         <input_file_ref idref="fl-4c"/>
      </object_component>
[...]
      </symbol>
      <symbol id="sm-1b3d">
         <name>USBDescGet</name>
         <value>0x16f3d</value>
         <object_component_ref idref="oc-47c"/>
      </symbol>
      <symbol id="sm-1b3e">
         <name>USBDescGetNum</name>
         <value>0x16ee1</value>
         <object_component_ref idref="oc-47c"/>
      </symbol>
      <symbol id="sm-1b3f">
         <name>USBDescGetNumAlternateInterfaces</name>
         <value>0x16fa7</value>
         <object_component_ref idref="oc-47c"/>
      </symbol>
      <symbol id="sm-1c26">
         <name>USBLibDMASizeGet</name>
         <value>0xe081</value>
         <object_component_ref idref="oc-2c1"/>
      </symbol>
      <symbol id="sm-1c27">
         <name>USBLibDMAAddrGet</name>
         <value>0xe069</value>
         <object_component_ref idref="oc-2c1"/>
      </symbol>
      <symbol id="sm-1c28">
         <name>USBLibDMAInit</name>
         <value>0xe099</value>
         <object_component_ref idref="oc-2c1"/>
      </symbol>
      <symbol id="sm-1ca3">
         <name>g_ui32PollRate</name>
         <value>0x20006334</value>
      </symbol>
      <symbol id="sm-1ca4">
         <name>g_eOTGModeState</name>
         <value>0x20006340</value>
      </symbol>
      <symbol id="sm-1ca5">
         <name>USBOTGModeTerm</name>
         <value>0x14a57</value>
         <object_component_ref idref="oc-3fc"/>
      </symbol>
      <symbol id="sm-1ca6">
         <name>USB0DualModeIntHandler</name>
         <value>0x1494b</value>
         <object_component_ref idref="oc-3fc"/>
      </symbol>
      <symbol id="sm-1ca7">
         <name>USBOTGMain</name>
         <value>0x14cf7</value>
         <object_component_ref idref="oc-3fc"/>
      </symbol>
      <symbol id="sm-1ca8">
         <name>USB0OTGModeIntHandler</name>
         <value>0x14bf5</value>
         <object_component_ref idref="oc-3fc"/>
      </symbol>
      <symbol id="sm-1ca9">
         <name>USBDualModeInit</name>
         <value>0x14997</value>
         <object_component_ref idref="oc-3fc"/>
      </symbol>
      <symbol id="sm-1caa">
         <name>USBDualModeTerm</name>
         <value>0x14a15</value>
         <object_component_ref idref="oc-3fc"/>
      </symbol>
      <symbol id="sm-1cab">
         <name>g_iUSBMode</name>
         <value>0x20006610</value>
         <object_component_ref idref="oc-2d1"/>
      </symbol>
      <symbol id="sm-1cac">
         <name>USBOTGModeInit</name>
         <value>0x14a9f</value>
         <object_component_ref idref="oc-3fc"/>
      </symbol>
      <symbol id="sm-1cad">
         <name>USBStackModeSet</name>
         <value>0x14901</value>
         <object_component_ref idref="oc-3fc"/>
      </symbol>
      <symbol id="sm-1cae">
         <name>g_ui32WaitTicks</name>
         <value>0x20006614</value>
         <object_component_ref idref="oc-2d1"/>
      </symbol>
      <symbol id="sm-1caf">
         <name>USBOTGPollRate</name>
         <value>0x14bc5</value>
         <object_component_ref idref="oc-3fc"/>
      </symbol>
      <symbol id="sm-1cb0">
         <name>OTGDeviceDisconnect</name>
         <value>0x14cdd</value>
         <object_component_ref idref="oc-3fc"/>
      </symbol>
      <symbol id="sm-1cb1">
         <name>USBOTGFeatureSet</name>
         <value>0x14d95</value>
         <object_component_ref idref="oc-3fc"/>
      </symbol>
      <symbol id="sm-1d08">
         <name>USBRingBufWrite</name>
         <value>0x15647</value>
         <object_component_ref idref="oc-53e"/>
      </symbol>
      <symbol id="sm-1d09">
         <name>USBRingBufContigUsed</name>
         <value>0x153c9</value>
         <object_component_ref idref="oc-53e"/>
      </symbol>
      <symbol id="sm-1d0a">
         <name>USBRingBufFlush</name>
         <value>0x1533f</value>
         <object_component_ref idref="oc-53e"/>
      </symbol>
      <symbol id="sm-1d0b">
         <name>USBRingBufAdvanceWrite</name>
         <value>0x15571</value>
         <object_component_ref idref="oc-53e"/>
      </symbol>
      <symbol id="sm-1d0c">
         <name>USBRingBufWriteOne</name>
         <value>0x15601</value>
         <object_component_ref idref="oc-53e"/>
      </symbol>
      <symbol id="sm-1d0d">
         <name>USBRingBufUsed</name>
         <value>0x1536b</value>
         <object_component_ref idref="oc-53e"/>
      </symbol>
      <symbol id="sm-1d0e">
         <name>USBRingBufFree</name>
         <value>0x153a5</value>
         <object_component_ref idref="oc-53e"/>
      </symbol>
      <symbol id="sm-1d0f">
         <name>USBRingBufAdvanceRead</name>
         <value>0x1551b</value>
         <object_component_ref idref="oc-53e"/>
      </symbol>
      <symbol id="sm-1d10">
         <name>USBRingBufFull</name>
         <value>0x152cb</value>
         <object_component_ref idref="oc-53e"/>
      </symbol>
      <symbol id="sm-1d11">
         <name>USBRingBufReadOne</name>
         <value>0x1545f</value>
         <object_component_ref idref="oc-53e"/>
      </symbol>
      <symbol id="sm-1d12">
         <name>USBRingBufEmpty</name>
         <value>0x1530d</value>
         <object_component_ref idref="oc-53e"/>
      </symbol>
      <symbol id="sm-1d13">
         <name>USBRingBufSize</name>
         <value>0x15447</value>
         <object_component_ref idref="oc-53e"/>
      </symbol>
      <symbol id="sm-1d14">
         <name>USBRingBufInit</name>
         <value>0x156bd</value>
         <object_component_ref idref="oc-53e"/>
      </symbol>
      <symbol id="sm-1d15">
         <name>USBRingBufRead</name>
         <value>0x154a5</value>
         <object_component_ref idref="oc-53e"/>
      </symbol>
      <symbol id="sm-1d16">
         <name>USBRingBufContigFree</name>
         <value>0x15401</value>
         <object_component_ref idref="oc-53e"/>
      </symbol>
      <symbol id="sm-1d3f">
         <name>g_pfnTickHandlers</name>
         <value>0x200061f8</value>
      </symbol>
      <symbol id="sm-1d40">
         <name>g_pvTickInstance</name>
         <value>0x20006210</value>
      </symbol>
      <symbol id="sm-1d41">
         <name>g_ui32USBSOFCount</name>
         <value>0x20006600</value>
         <object_component_ref idref="oc-2ec"/>
      </symbol>
      <symbol id="sm-1d42">
         <name>InternalUSBTickReset</name>
         <value>0x17ee3</value>
         <object_component_ref idref="oc-2c7"/>
      </symbol>
      <symbol id="sm-1d43">
         <name>g_bUSBTimerInitialized</name>
         <value>0x200065f8</value>
         <object_component_ref idref="oc-2ec"/>
      </symbol>
      <symbol id="sm-1d44">
         <name>g_ui32CurrentUSBTick</name>
         <value>0x200065fc</value>
         <object_component_ref idref="oc-2ec"/>
      </symbol>
      <symbol id="sm-1d45">
         <name>InternalUSBStartOfFrameTick</name>
         <value>0x17f3b</value>
         <object_component_ref idref="oc-2c7"/>
      </symbol>
      <symbol id="sm-1d46">
         <name>InternalUSBRegisterTickHandler</name>
         <value>0x17eeb</value>
         <object_component_ref idref="oc-2c7"/>
      </symbol>
      <symbol id="sm-1d47">
         <name>InternalUSBTickInit</name>
         <value>0x17ea5</value>
         <object_component_ref idref="oc-2c7"/>
      </symbol>
      <symbol id="sm-1d54">
         <name>ULPIPowerTransceiver</name>
         <value>0x1810d</value>
         <object_component_ref idref="oc-2bb"/>
      </symbol>
      <symbol id="sm-1d55">
         <name>ULPIConfigSet</name>
         <value>0x1806b</value>
         <object_component_ref idref="oc-2bb"/>
      </symbol>
      <symbol id="sm-1d6f">
         <name>GetOverflowCounts</name>
         <value>0x18b61</value>
         <object_component_ref idref="oc-188"/>
      </symbol>
      <symbol id="sm-1d70">
         <name>vConfigureTimerForRunTimeStats</name>
         <value>0x18625</value>
         <object_component_ref idref="oc-17f"/>
      </symbol>
      <symbol id="sm-1d90">
         <name>CmdLineProcess</name>
         <value>0x181e9</value>
         <object_component_ref idref="oc-28d"/>
      </symbol>
      <symbol id="sm-1dc0">
         <name>CPUUsageInit</name>
         <value>0x17a8f</value>
         <object_component_ref idref="oc-e1"/>
      </symbol>
      <symbol id="sm-1dc1">
         <name>CPUUsageTick</name>
         <value>0x17a51</value>
         <object_component_ref idref="oc-e1"/>
      </symbol>
      <symbol id="sm-1ecb">
         <name>UARTTxBytesFree</name>
         <value>0x11627</value>
         <object_component_ref idref="oc-38"/>
      </symbol>
      <symbol id="sm-1ecc">
         <name>UARTFlushRx</name>
         <value>0x11633</value>
         <object_component_ref idref="oc-38"/>
      </symbol>
      <symbol id="sm-1ecd">
         <name>UARTgetc</name>
         <value>0x112bd</value>
         <object_component_ref idref="oc-38"/>
      </symbol>
      <symbol id="sm-1ece">
         <name>UARTgets</name>
         <value>0x10e5d</value>
         <object_component_ref idref="oc-38"/>
      </symbol>
      <symbol id="sm-1ecf">
         <name>UARTFlushTx</name>
         <value>0x11641</value>
         <object_component_ref idref="oc-38"/>
      </symbol>
      <symbol id="sm-1ed0">
         <name>UARTStdioConfig</name>
         <value>0x10c67</value>
         <object_component_ref idref="oc-38"/>
      </symbol>
      <symbol id="sm-1ed1">
         <name>UARTStdioIntHandler</name>
         <value>0x1168f</value>
         <object_component_ref idref="oc-38"/>
      </symbol>
      <symbol id="sm-1ed2">
         <name>UARTRxBytesAvail</name>
         <value>0x1161b</value>
         <object_component_ref idref="oc-38"/>
      </symbol>
      <symbol id="sm-1ed3">
         <name>UARTwrite</name>
         <value>0x10d93</value>
         <object_component_ref idref="oc-38"/>
      </symbol>
      <symbol id="sm-1ed4">
         <name>UARTEchoSet</name>
         <value>0x11667</value>
         <object_component_ref idref="oc-38"/>
      </symbol>
      <symbol id="sm-1ed5">
         <name>UARTprintf</name>
         <value>0x115f7</value>
         <object_component_ref idref="oc-38"/>
      </symbol>
      <symbol id="sm-1ed6">
         <name>UARTvprintf</name>
         <value>0x112e5</value>
         <object_component_ref idref="oc-38"/>
      </symbol>
      <symbol id="sm-1efd">
         <name>sprintf</name>
         <value>0x189b1</value>
         <object_component_ref idref="oc-1a4"/>
      </symbol>
      <symbol id="sm-1f14">
         <name>__aeabi_dsub</name>
         <value>0x17285</value>
         <object_component_ref idref="oc-267"/>
      </symbol>
      <symbol id="sm-1f15">
         <name>__aeabi_dadd</name>
         <value>0x1728f</value>
         <object_component_ref idref="oc-267"/>
      </symbol>
      <symbol id="sm-1f37">
         <name>__aeabi_cdcmpeq</name>
         <value>0x183c7</value>
         <object_component_ref idref="oc-271"/>
      </symbol>
      <symbol id="sm-1f38">
         <name>__aeabi_cdcmple</name>
         <value>0x183c7</value>
         <object_component_ref idref="oc-271"/>
      </symbol>
      <symbol id="sm-1f39">
         <name>__aeabi_cdrcmple</name>
         <value>0x1844d</value>
         <object_component_ref idref="oc-262"/>
      </symbol>
      <symbol id="sm-1f4d">
         <name>__aeabi_ddiv</name>
         <value>0x176c9</value>
         <object_component_ref idref="oc-279"/>
      </symbol>
      <symbol id="sm-1f58">
         <name>__aeabi_dmul</name>
         <value>0x17da9</value>
         <object_component_ref idref="oc-255"/>
      </symbol>
      <symbol id="sm-1f62">
         <name>__aeabi_d2iz</name>
         <value>0x188a1</value>
         <object_component_ref idref="oc-26c"/>
      </symbol>
      <symbol id="sm-1f6c">
         <name>__aeabi_d2uiz</name>
         <value>0x1892d</value>
         <object_component_ref idref="oc-25a"/>
      </symbol>
      <symbol id="sm-1f77">
         <name>__aeabi_f2d</name>
         <value>0x18a6d</value>
         <object_component_ref idref="oc-27e"/>
      </symbol>
      <symbol id="sm-1f93">
         <name>memcpy</name>
         <value>0x18295</value>
         <object_component_ref idref="oc-58"/>
      </symbol>
      <symbol id="sm-1f94">
         <name>__aeabi_memcpy</name>
         <value>0x18295</value>
         <object_component_ref idref="oc-58"/>
      </symbol>
      <symbol id="sm-1f95">
         <name>__aeabi_memcpy8</name>
         <value>0x18295</value>
         <object_component_ref idref="oc-58"/>
      </symbol>
      <symbol id="sm-1f96">
         <name>__aeabi_memcpy4</name>
         <value>0x18295</value>
         <object_component_ref idref="oc-58"/>
      </symbol>
      <symbol id="sm-1fa0">
         <name>__aeabi_ui2d</name>
         <value>0x18ba9</value>
         <object_component_ref idref="oc-250"/>
      </symbol>
      <symbol id="sm-1faf">
         <name>__aeabi_uidivmod</name>
         <value>0x18971</value>
         <object_component_ref idref="oc-c8"/>
      </symbol>
      <symbol id="sm-1fb0">
         <name>__aeabi_uidiv</name>
         <value>0x18971</value>
         <object_component_ref idref="oc-c8"/>
      </symbol>
      <symbol id="sm-1fbf">
         <name>__aeabi_memset</name>
         <value>0x184d5</value>
         <object_component_ref idref="oc-13f"/>
      </symbol>
      <symbol id="sm-1fc0">
         <name>memset</name>
         <value>0x184db</value>
         <object_component_ref idref="oc-13f"/>
      </symbol>
      <symbol id="sm-1fc1">
         <name>__aeabi_memset8</name>
         <value>0x184d5</value>
         <object_component_ref idref="oc-13f"/>
      </symbol>
      <symbol id="sm-1fc2">
         <name>__aeabi_memset4</name>
         <value>0x184d5</value>
         <object_component_ref idref="oc-13f"/>
      </symbol>
      <symbol id="sm-1fc3">
         <name>__aeabi_memclr8</name>
         <value>0x184d3</value>
         <object_component_ref idref="oc-13f"/>
      </symbol>
      <symbol id="sm-1fc4">
         <name>__aeabi_memclr4</name>
         <value>0x184d3</value>
         <object_component_ref idref="oc-13f"/>
      </symbol>
      <symbol id="sm-1fc5">
         <name>__aeabi_memclr</name>
         <value>0x184d3</value>
         <object_component_ref idref="oc-13f"/>
      </symbol>
      <symbol id="sm-1fd7">
         <name>__TI_zero_init</name>
         <value>0x18c8d</value>
         <object_component_ref idref="oc-6a"/>
      </symbol>
      <symbol id="sm-1fee">
         <name>__TI_decompress_none</name>
         <value>0x18c7f</value>
         <object_component_ref idref="oc-1b"/>
      </symbol>
      <symbol id="sm-2011">
         <name>__TI_decompress_lzss</name>
         <value>0x1868d</value>
         <object_component_ref idref="oc-15"/>
      </symbol>
      <symbol id="sm-2020">
         <name>strcmp</name>
         <value>0x18c17</value>
         <object_component_ref idref="oc-444"/>
      </symbol>
      <symbol id="sm-202e">
         <name>strcpy</name>
         <value>0x18c45</value>
         <object_component_ref idref="oc-198"/>
      </symbol>
      <symbol id="sm-203c">
         <name>strlen</name>
         <value>0x18c59</value>
         <object_component_ref idref="oc-19e"/>
      </symbol>
      <symbol id="sm-204c">
         <name>strncmp</name>
         <value>0x18b35</value>
         <object_component_ref idref="oc-284"/>
      </symbol>
      <symbol id="sm-205f">
         <name>__stack</name>
         <value>0x20006640</value>
         <object_component_ref idref="oc-24"/>
      </symbol>
      <symbol id="sm-2060">
         <name>_c_int00_noargs</name>
         <value>0x18aa5</value>
         <object_component_ref idref="oc-76"/>
      </symbol>
      <symbol id="sm-21c5">
         <name>__TI_printfi</name>
         <value>0x122a1</value>
         <object_component_ref idref="oc-394"/>
      </symbol>
      <symbol id="sm-21e5">
         <name>frexpl</name>
         <value>0x186f5</value>
         <object_component_ref idref="oc-62a"/>
      </symbol>
      <symbol id="sm-21e6">
         <name>frexp</name>
         <value>0x186f5</value>
         <object_component_ref idref="oc-62a"/>
      </symbol>
      <symbol id="sm-2203">
         <name>scalbn</name>
         <value>0x17c99</value>
         <object_component_ref idref="oc-630"/>
      </symbol>
      <symbol id="sm-2204">
         <name>scalbnl</name>
         <value>0x17c99</value>
         <object_component_ref idref="oc-630"/>
      </symbol>
      <symbol id="sm-2205">
         <name>ldexpl</name>
         <value>0x17c99</value>
         <object_component_ref idref="oc-630"/>
      </symbol>
      <symbol id="sm-2206">
         <name>ldexp</name>
         <value>0x17c99</value>
         <object_component_ref idref="oc-630"/>
      </symbol>
      <symbol id="sm-221f">
         <name>wcslen</name>
         <value>0x18c6d</value>
         <object_component_ref idref="oc-4fd"/>
      </symbol>
      <symbol id="sm-2229">
         <name>__aeabi_idiv0</name>
         <value>0x12cef</value>
         <object_component_ref idref="oc-1f9"/>
      </symbol>
      <symbol id="sm-222a">
         <name>__aeabi_ldiv0</name>
         <value>0x12cef</value>
         <object_component_ref idref="oc-1f9"/>
      </symbol>
      <symbol id="sm-2234">
         <name>__aeabi_i2d</name>
         <value>0x18ad9</value>
         <object_component_ref idref="oc-60a"/>
      </symbol>
      <symbol id="sm-2241">
         <name>__aeabi_uldivmod</name>
         <value>0x18331</value>
         <object_component_ref idref="oc-5fe"/>
      </symbol>
      <symbol id="sm-2269">
         <name>__TI_auto_init_nobinit_nopinit</name>
         <value>0x188e9</value>
         <object_component_ref idref="oc-311"/>
      </symbol>
      <symbol id="sm-2273">
         <name>_system_pre_init</name>
         <value>0x18cb3</value>
         <object_component_ref idref="oc-145"/>
      </symbol>
      <symbol id="sm-227f">
         <name>C$$EXIT</name>
         <value>0x18cb7</value>
         <object_component_ref idref="oc-305"/>
      </symbol>
      <symbol id="sm-2280">
         <name>abort</name>
         <value>0x18cb7</value>
         <object_component_ref idref="oc-305"/>
      </symbol>
      <symbol id="sm-2290">
         <name>__TI_ltoa</name>
         <value>0x187af</value>
         <object_component_ref idref="oc-604"/>
      </symbol>
      <symbol id="sm-22a7">
         <name>atoi</name>
         <value>0x18855</value>
         <object_component_ref idref="oc-4d3"/>
      </symbol>
      <symbol id="sm-22b2">
         <name>_ctypes_</name>
         <value>0x192b4</value>
         <object_component_ref idref="oc-5f9"/>
      </symbol>
      <symbol id="sm-22c2">
         <name>memccpy</name>
         <value>0x18bc9</value>
         <object_component_ref idref="oc-4f7"/>
      </symbol>
      <symbol id="sm-22d2">
         <name>strchr</name>
         <value>0x18c2f</value>
         <object_component_ref idref="oc-636"/>
      </symbol>
      <symbol id="sm-22e8">
         <name>__aeabi_errno_addr</name>
         <value>0x18ca5</value>
         <object_component_ref idref="oc-503"/>
      </symbol>
      <symbol id="sm-22e9">
         <name>errno</name>
         <value>0x2000663c</value>
         <object_component_ref idref="oc-646"/>
      </symbol>
      <symbol id="sm-22f3">
         <name>copysign</name>
         <value>0x18be5</value>
         <object_component_ref idref="oc-6e5"/>
      </symbol>
      <symbol id="sm-22f4">
         <name>copysignl</name>
         <value>0x18be5</value>
         <object_component_ref idref="oc-6e5"/>
      </symbol>
      <symbol id="sm-22f5">
         <name>__TI_static_base__</name>
         <value>0x0</value>
      </symbol>
      <symbol id="sm-22f8">
         <name>__mpu_init</name>
         <value>0x0</value>
      </symbol>
      <symbol id="sm-22f9">
         <name>_system_post_cinit</name>
         <value>0x0</value>
      </symbol>
   </symbol_table>
   <title>Link successful</title>
</link_info>
