******************************************************************************
                  TI ARM Linker PC v20.2.5                     
******************************************************************************
>> Linked Sat Oct 22 20:39:43 2022

OUTPUT FILE NAME:   <P2.out>
ENTRY POINT SYMBOL: "_c_int00_noargs"  address: 00019f4d


MEMORY CONFIGURATION

         name            origin    length      used     unused   attr    fill
----------------------  --------  ---------  --------  --------  ----  --------
  FLASH                 00000000   00040000  0001b12e  00024ed2  R  X
  SRAM                  20000000   00008000  0000684d  000017b3  RW X


SEGMENT ALLOCATION MAP

run origin  load origin   length   init length attrs members
----------  ----------- ---------- ----------- ----- -------
00000000    00000000    0001b130   0001b130    r-x
  00000000    00000000    0000026c   0000026c    r-- .intvecs
  0000026c    0000026c    00019ef6   00019ef6    r-x .text
  0001a164    0001a164    00000e24   00000e24    r-- .const
  0001af88    0001af88    000001a8   000001a8    r-- .cinit
20000000    20000000    00006850   00000000    rw-
  20000000    20000000    0000026c   00000000    rw- .vtable
  2000026c    2000026c    000060e5   00000000    rw- .bss
  20006354    20006354    000002fc   00000000    rw- .data
  20006650    20006650    00000200   00000000    rw- .stack


SECTION ALLOCATION MAP

 output                                  attributes/
section   page    origin      length       input sections
--------  ----  ----------  ----------   ----------------
.intvecs   0    00000000    0000026c     
                  00000000    0000026c     startup_ccs.obj (.intvecs)

.text      0    0000026c    00019ef6     
                  0000026c    00003084     usbhostenum.obj (.text)
                  000032f0    0000238c     usb.obj (.text)
                  0000567c    00001d1c     tasks.obj (.text)
                  00007398    00001688     sysctl.obj (.text)
                  00008a20    00001570     usbdenum.obj (.text)
                  00009f90    00001288     gpio.obj (.text)
                  0000b218    000010e0     Servos.obj (.text)
                  0000c2f8    00001040     adc.obj (.text)
                  0000d338    00000fdc     usbdcdc.obj (.text)
                  0000e314    00000fa8     usbdma.obj (.text)
                  0000f2bc    00000f4c     pwm.obj (.text)
                  00010208    00000d20     queue.obj (.text)
                  00010f28    00000d20     timer.obj (.text)
                  00011c48    00000b8c     uartstdio.obj (.text)
                  000127d4    00000b08     uart.obj (.text)
                  000132dc    00000a4e     rtsv7M4_T_le_v4SPD16_eabi.lib : _printfi.c.obj (.text:__TI_printfi)
                  00013d2a    00000002                                   : div0.asm.obj (.text)
                  00013d2c    00000924     usbhhub.obj (.text)
                  00014650    000006f0     timers.obj (.text)
                  00014d40    000005e4     commands.obj (.text)
                  00015324    00000598     usbbuffer.obj (.text)
                  000158bc    00000570     usbmode.obj (.text)
                  00015e2c    00000490     interrupt.obj (.text)
                  000162bc    0000048c     usbringbuf.obj (.text)
                  00016748    00000448     main.obj (.text)
                  00016b90    000003bc     usbdconfig.obj (.text)
                  00016f4c    000003a0     heap_4.obj (.text)
                  000172ec    00000388     usb_dev_serial.obj (.text)
                  00017674    000002f2     serialprotocol.obj (.text)
                  00017966    000002de     usbdcdesc.obj (.text)
                  00017c44    000002b0     remotelink.obj (.text)
                  00017ef4    00000270     rtsv7M4_T_le_v4SPD16_eabi.lib : _printfi.c.obj (.text:_pconv_a)
                  00018164    000001d2     usbdesc.obj (.text)
                  00018336    00000002     --HOLE-- [fill = 0]
                  00018338    000001d0     rtsv7M4_T_le_v4SPD16_eabi.lib : _printfi.c.obj (.text:_pconv_g)
                  00018508    000001b6                                   : fd_add_t2.asm.obj (.text)
                  000186be    00000002     --HOLE-- [fill = 0]
                  000186c0    00000150     configADC.obj (.text)
                  00018810    00000150     port.obj (.text)
                  00018960    0000013c     rtsv7M4_T_le_v4SPD16_eabi.lib : _printfi.c.obj (.text:_pconv_e)
                  00018a9c    00000136                                   : fd_div_t2.asm.obj (.text)
                  00018bd2    0000012a     list.obj (.text)
                  00018cfc    00000128     buttons.obj (.text)
                  00018e24    00000124     cpu_usage.obj (.text)
                  00018f48    00000124     rtsv7M4_T_le_v4SPD16_eabi.lib : _printfi.c.obj (.text:fcvt)
                  0001906c    00000110                                   : s_scalbn.c.obj (.text:scalbn)
                  0001917c    000000fc                                   : fd_mul_t2.asm.obj (.text)
                  00019278    000000ec     usbtick.obj (.text)
                  00019364    000000da     portasm.obj (.text)
                  0001943e    000000c8     usbulpi.obj (.text)
                  00019506    00000002     --HOLE-- [fill = 0]
                  00019508    000000b1     rtsv7M4_T_le_v4SPD16_eabi.lib : _printfi.c.obj (.text:_ltostr)
                  000195b9    00000003     --HOLE-- [fill = 0]
                  000195bc    000000ac     cmdline.obj (.text)
                  00019668    0000009c     rtsv7M4_T_le_v4SPD16_eabi.lib : memcpy_t2.asm.obj (.text)
                  00019704    00000096                                   : ull_div_t2.asm.obj (.text)
                  0001979a    00000086                                   : fd_cmp_t2.asm.obj (.text:__aeabi_cdcmple)
                  00019820    00000086                                   : fd_cmp_t2.asm.obj (.text:__aeabi_cdrcmple)
                  000198a6    0000007a                                   : memset_t2.asm.obj (.text)
                  00019920    0000006e                                   : _printfi.c.obj (.text:_mcpy)
                  0001998e    0000006e                                   : fd_tos_t2.asm.obj (.text)
                  000199fc    00000068     crc.obj (.text)
                  00019a64    00000068     RunTimeStatsConfig.obj (.text)
                  00019acc    00000068     Sensors.obj (.text)
                  00019b34    00000068     rtsv7M4_T_le_v4SPD16_eabi.lib : copy_decompress_lzss.c.obj (.text:decompress:lzss:__TI_decompress_lzss)
                  00019b9c    00000064                                   : s_frexp.c.obj (.text:frexp)
                  00019c00    00000056                                   : _printfi.c.obj (.text:_pconv_f)
                  00019c56    00000054                                   : _ltoa.c.obj (.text:__TI_ltoa)
                  00019caa    00000052                                   : _printfi.c.obj (.text:_ecpy)
                  00019cfc    0000004c                                   : atoi.c.obj (.text:atoi)
                  00019d48    00000048                                   : fd_toi_t2.asm.obj (.text)
                  00019d90    00000044                                   : autoinit.c.obj (.text:__TI_auto_init_nobinit_nopinit:__TI_auto_init_nobinit_nopinit)
                  00019dd4    00000044                                   : fd_tou_t2.asm.obj (.text)
                  00019e18    00000040                                   : u_divt2.asm.obj (.text)
                  00019e58    00000040                                   : sprintf.c.obj (.text:sprintf)
                  00019e98    0000003e                                   : _printfi.c.obj (.text:_fcpy)
                  00019ed6    0000003e     cpu.obj (.text)
                  00019f14    00000038     rtsv7M4_T_le_v4SPD16_eabi.lib : fs_tod_t2.asm.obj (.text)
                  00019f4c    00000034                                   : boot_cortex_m.c.obj (.text:_c_int00_noargs:_c_int00_noargs)
                  00019f80    0000002e                                   : i_tofd_t2.asm.obj (.text)
                  00019fae    00000002     --HOLE-- [fill = 0]
                  00019fb0    0000002c     startup_ccs.obj (.text)
                  00019fdc    0000002c     rtsv7M4_T_le_v4SPD16_eabi.lib : strncmp.c.obj (.text:strncmp)
                  0001a008    00000024     RunTimeStatsConfig.obj (.text:GetOverflowCounts)
                  0001a02c    00000024     usbdhandler.obj (.text)
                  0001a050    00000020     rtsv7M4_T_le_v4SPD16_eabi.lib : u_tofd_t2.asm.obj (.text)
                  0001a070    0000001c                                   : memccpy.c.obj (.text:memccpy)
                  0001a08c    0000001a                                   : s_copysign.c.obj (.text:copysign)
                  0001a0a6    00000018                                   : sprintf.c.obj (.text:_outs)
                  0001a0be    00000018                                   : strcmp.c.obj (.text:strcmp)
                  0001a0d6    00000016                                   : strchr.c.obj (.text:strchr)
                  0001a0ec    00000014                                   : strcpy.c.obj (.text:strcpy)
                  0001a100    00000014                                   : strlen.c.obj (.text:strlen)
                  0001a114    00000012                                   : wcslen.c.obj (.text:wcslen)
                  0001a126    0000000e                                   : copy_decompress_none.c.obj (.text:decompress:none:__TI_decompress_none)
                  0001a134    0000000c                                   : copy_zero_init.c.obj (.text:decompress:ZI:__TI_zero_init)
                  0001a140    0000000a                                   : sprintf.c.obj (.text:_outc)
                  0001a14a    00000002     --HOLE-- [fill = 0]
                  0001a14c    00000008                                   : errno.c.obj (.text:__aeabi_errno_addr)
                  0001a154    00000006     sysctl.obj (.text:SysCtlDelay)
                  0001a15a    00000004     rtsv7M4_T_le_v4SPD16_eabi.lib : pre_init.c.obj (.text:_system_pre_init)
                  0001a15e    00000004                                   : exit.c.obj (.text:abort:abort)

.const     0    0001a164    00000e24     
                  0001a164    00000248     commands.obj (.const:.string)
                  0001a3ac    00000200     crc.obj (.const:crctttab)
                  0001a5ac    000001b0     sysctl.obj (.const:g_pppui32XTALtoVCO)
                  0001a75c    00000101     rtsv7M4_T_le_v4SPD16_eabi.lib : ctype.c.obj (.const:.string:_ctypes_)
                  0001a85d    00000003     --HOLE-- [fill = 0]
                  0001a860    000000d8     gpio.obj (.const:g_ppui32GPIOIntMapSnowflake)
                  0001a938    000000c0     gpio.obj (.const:g_ppui32GPIOIntMapBlizzard)
                  0001a9f8    0000009c     interrupt.obj (.const:g_pui32Regs)
                  0001aa94    00000090     gpio.obj (.const:g_pui32GPIOBaseAddrs)
                  0001ab24    0000006c     sysctl.obj (.const:g_pui32Xtals)
                  0001ab90    00000060     timer.obj (.const:g_ppui32TimerIntMap)
                  0001abf0    00000040     timer.obj (.const:g_ppui32TimerIntMapSnowflake)
                  0001ac30    00000040     uart.obj (.const:g_ppui32UARTIntMap)
                  0001ac70    00000040     uart.obj (.const:g_ppui32UARTIntMapSnowflake)
                  0001acb0    00000036     usb_serial_structs.obj (.const:.string:g_pui8ConfigString)
                  0001ace6    00000002     --HOLE-- [fill = 0]
                  0001ace8    00000034     usbdenum.obj (.const:g_psUSBDStdRequests)
                  0001ad1c    00000030     usbdcdc.obj (.const:g_sCDCHandlers)
                  0001ad4c    00000030     sysctl.obj (.const:g_sXTALtoMEMTIM)
                  0001ad7c    0000002c     usb_serial_structs.obj (.const:.string:g_pui8ControlInterfaceString)
                  0001ada8    00000024     usb_serial_structs.obj (.const:.string:g_pui8ManufacturerString)
                  0001adcc    00000023     usbdcdc.obj (.const:.string:g_pui8CDCSerCommInterface)
                  0001adef    00000022     usb_serial_structs.obj (.const:.string:g_pui8ProductString)
                  0001ae11    00000003     --HOLE-- [fill = 0]
                  0001ae14    00000020     interrupt.obj (.const:g_pui32Priority)
                  0001ae34    00000018     usb_serial_structs.obj (.const:g_ppui8StringDescriptors)
                  0001ae4c    00000017     usbdcdc.obj (.const:.string:g_pui8CDCSerDataInterface)
                  0001ae63    00000017     usbdcdc.obj (.const:.string:g_pui8CDCSerDataInterfaceHS)
                  0001ae7a    00000002     --HOLE-- [fill = 0]
                  0001ae7c    00000014     interrupt.obj (.const:g_pui32Dii16Regs)
                  0001ae90    00000014     interrupt.obj (.const:g_pui32EnRegs)
                  0001aea4    00000014     interrupt.obj (.const:g_pui32PendRegs)
                  0001aeb8    00000014     interrupt.obj (.const:g_pui32UnpendRegs)
                  0001aecc    00000012     usb_serial_structs.obj (.const:.string:g_pui8SerialNumberString)
                  0001aede    00000002     --HOLE-- [fill = 0]
                  0001aee0    00000012     uartstdio.obj (.const:.string)
                  0001aef2    00000002     --HOLE-- [fill = 0]
                  0001aef4    0000000c     uartstdio.obj (.const:g_ui32UARTBase)
                  0001af00    0000000c     uartstdio.obj (.const:g_ui32UARTInt)
                  0001af0c    0000000c     uartstdio.obj (.const:g_ui32UARTPeriph)
                  0001af18    00000008     sysctl.obj (.const:g_pui32VCOFrequencies)
                  0001af20    00000008     usbdcdc.obj (.const:g_sCDCCompSerConfigHeader)
                  0001af28    00000008     usbdcdc.obj (.const:g_sCDCCompSerConfigHeaderHS)
                  0001af30    00000008     usbdcdc.obj (.const:g_sCDCSerCommInterfaceSection)
                  0001af38    00000008     usbdcdc.obj (.const:g_sCDCSerConfigHeader)
                  0001af40    00000008     usbdcdc.obj (.const:g_sCDCSerConfigHeaderHS)
                  0001af48    00000008     usbdcdc.obj (.const:g_sCDCSerConfigSection)
                  0001af50    00000008     usbdcdc.obj (.const:g_sCDCSerDataInterfaceSection)
                  0001af58    00000008     usbdcdc.obj (.const:g_sCDCSerDataInterfaceSectionHS)
                  0001af60    00000008     usbdcdc.obj (.const:g_sIADSerConfigSection)
                  0001af68    00000004     usb_serial_structs.obj (.const:.string:g_pui8LangDescriptor)
                  0001af6c    00000004     usbdcdc.obj (.const:g_pCDCCompSerConfigDescriptors)
                  0001af70    00000004     usbdcdc.obj (.const:g_pCDCCompSerConfigDescriptorsHS)
                  0001af74    00000004     usbdcdc.obj (.const:g_ppCDCSerConfigDescriptors)
                  0001af78    00000004     usbdcdc.obj (.const:g_ppCDCSerConfigDescriptorsHS)
                  0001af7c    00000004     port.obj (.const)
                  0001af80    00000004     tasks.obj (.const)
                  0001af84    00000004     uartstdio.obj (.const)

.cinit     0    0001af88    000001a8     
                  0001af88    00000172     (.cinit..data.load) [load image, compression = lzss]
                  0001b0fa    00000002     --HOLE-- [fill = 0]
                  0001b0fc    0000000c     (__TI_handler_table)
                  0001b108    00000008     (.cinit..bss.load) [load image, compression = zero_init]
                  0001b110    00000008     (.cinit..vtable.load) [load image, compression = zero_init]
                  0001b118    00000018     (__TI_cinit_table)

.init_array 
*          0    00000000    00000000     UNINITIALIZED

.vtable    0    20000000    0000026c     UNINITIALIZED
                  20000000    0000026c     interrupt.obj (.vtable)

.bss       0    2000026c    000060e5     UNINITIALIZED
                  2000026c    00005000     heap_4.obj (.bss:ucHeap)
                  2000526c    000006cc     usbhostenum.obj (.bss:g_sUSBHCD)
                  20005938    00000200     uartstdio.obj (.bss:g_pcUARTRxHistoryBuffer)
                  20005b38    00000140     tasks.obj (.bss:pxReadyTasksLists)
                  20005c78    00000110     usbdma.obj (.bss:g_psUSBDMAInst)
                  20005d88    00000100     (.common:g_pui8USBRxBuffer)
                  20005e88    00000100     (.common:g_pui8USBTxBuffer)
                  20005f88    0000009c     usbhhub.obj (.bss:g_sRootHub)
                  20006024    00000050     (.common:g_psDCDInst)
                  20006074    00000050     (.common:xQueueRegistry)
                  200060c4    00000040     remotelink.obj (.bss:Rxframe)
                  20006104    00000040     remotelink.obj (.bss:Txframe)
                  20006144    00000040     usbdenum.obj (.bss:g_pui8DataBufferIn)
                  20006184    00000024     cmdline.obj (.bss:g_ppcArgv)
                  200061a8    00000020     uartstdio.obj (.bss:g_usUARTRxHistoryOffset)
                  200061c8    00000018     usbhostenum.obj (.bss:g_pi32USBHActiveDriver)
                  200061e0    00000018     usbhostenum.obj (.bss:g_ppvDriverInstance)
                  200061f8    00000018     (.common:g_pfnTickHandlers)
                  20006210    00000018     (.common:g_pvTickInstance)
                  20006228    00000014     uartstdio.obj (.bss)
                  2000623c    00000014     timers.obj (.bss:xActiveTimerList1)
                  20006250    00000014     timers.obj (.bss:xActiveTimerList2)
                  20006264    00000014     tasks.obj (.bss:xDelayedTaskList1)
                  20006278    00000014     tasks.obj (.bss:xDelayedTaskList2)
                  2000628c    00000014     tasks.obj (.bss:xPendingReadyList)
                  200062a0    00000014     tasks.obj (.bss:xSuspendedTaskList)
                  200062b4    00000014     tasks.obj (.bss:xTasksWaitingTermination)
                  200062c8    0000000c     cpu_usage.obj (.bss)
                  200062d4    00000008     usbhostenum.obj (.bss:g_pui32Alloc)
                  200062dc    00000008     adc.obj (.bss:g_pui8OversampleFactor)
                  200062e4    00000008     tasks.obj (.bss)
                  200062ec    00000008     timers.obj (.bss)
                  200062f4    00000008     usb_dev_serial.obj (.bss)
                  200062fc    00000008     usbhhub.obj (.bss)
                  20006304    00000008     heap_4.obj (.bss:xStart)
                  2000630c    00000008     (.common:DCanterior)
                  20006314    00000008     (.common:ui32DutyCycle)
                  2000631c    00000004     configADC.obj (.bss)
                  20006320    00000004     remotelink.obj (.bss)
                  20006324    00000004     usbdenum.obj (.bss)
                  20006328    00000004     usbhostenum.obj (.bss)
                  2000632c    00000004     usbmode.obj (.bss)
                  20006330    00000004     (.common:cola_freertos)
                  20006334    00000004     (.common:cola_pa3)
                  20006338    00000004     (.common:estado)
                  2000633c    00000004     (.common:g_ppsDevInfo)
                  20006340    00000004     (.common:g_ui32CPUUsage)
                  20006344    00000004     (.common:g_ui32PollRate)
                  20006348    00000004     (.common:g_ulSystemClock)
                  2000634c    00000004     (.common:ui32Period)
                  20006350    00000001     (.common:g_eOTGModeState)

.data      0    20006354    000002fc     UNINITIALIZED
                  20006354    000000c0     commands.obj (.data:g_psCmdTable)
                  20006414    00000060     usb_serial_structs.obj (.data:g_sCDCDevice)
                  20006474    0000003c     tasks.obj (.data)
                  200064b0    00000038     usb_serial_structs.obj (.data:g_sRxBuffer)
                  200064e8    00000038     usb_serial_structs.obj (.data:g_sTxBuffer)
                  20006520    00000018     cpu_usage.obj (.data:g_pui32CPUUsageTimerBase)
                  20006538    00000018     cpu_usage.obj (.data:g_pui32CPUUsageTimerPeriph)
                  20006550    00000018     usbhostenum.obj (.data:g_sUSBHEP0State)
                  20006568    00000018     heap_4.obj (.data)
                  20006580    00000014     usbhostenum.obj (.data)
                  20006594    00000012     usbdcdc.obj (.data:g_pui8CDCSerDeviceDescriptor)
                  200065a6    00000002     usbdcdc.obj (.data)
                  200065a8    00000010     usbdcdc.obj (.data:g_psCDCCompSerSections)
                  200065b8    00000010     usbdcdc.obj (.data:g_psCDCCompSerSectionsHS)
                  200065c8    0000000d     usb_dev_serial.obj (.data)
                  200065d5    00000003     buttons.obj (.data)
                  200065d8    0000000c     usbdcdc.obj (.data:g_psCDCSerSections)
                  200065e4    0000000c     usbdcdc.obj (.data:g_psCDCSerSectionsHS)
                  200065f0    0000000c     timers.obj (.data)
                  200065fc    0000000c     uartstdio.obj (.data)
                  20006608    0000000c     usbtick.obj (.data)
                  20006614    00000009     usbdcdc.obj (.data:g_pui8CDCSerDescriptor)
                  2000661d    00000001     main.obj (.data)
                  2000661e    00000002     --HOLE--
                  20006620    00000009     usbmode.obj (.data)
                  20006629    00000008     usbdcdc.obj (.data:g_pui8IADSerDescriptor)
                  20006631    00000003     --HOLE--
                  20006634    00000008     usbdenum.obj (.data)
                  2000663c    00000007     usb_dev_serial.obj (.data:ConfigLinea)
                  20006643    00000001     --HOLE--
                  20006644    00000004     port.obj (.data)
                  20006648    00000004     remotelink.obj (.data)
                  2000664c    00000004     rtsv7M4_T_le_v4SPD16_eabi.lib : errno.c.obj (.data)

.stack     0    20006650    00000200     UNINITIALIZED
                  20006650    00000004     rtsv7M4_T_le_v4SPD16_eabi.lib : boot_cortex_m.c.obj (.stack)
                  20006654    000001fc     --HOLE--

__llvm_prf_cnts 
*          0    20000000    00000000     UNINITIALIZED

MODULE SUMMARY

       Module                       code     ro data   rw data
       ------                       ----     -------   -------
    .\
       commands.obj                 1508     584       204    
       main.obj                     1096     0         17     
       startup_ccs.obj              44       620       0      
    +--+----------------------------+--------+---------+---------+
       Total:                       2648     1204      221    
                                                              
    .\FreeRTOS\Source\
       tasks.obj                    7452     4         488    
       queue.obj                    3360     0         80     
       timers.obj                   1776     0         60     
       list.obj                     298      0         0      
    +--+----------------------------+--------+---------+---------+
       Total:                       12886    4         628    
                                                              
    .\FreeRTOS\Source\portable\CCS\ARM_CM4F\
       port.obj                     336      4         4      
       portasm.obj                  218      0         0      
    +--+----------------------------+--------+---------+---------+
       Total:                       554      4         4      
                                                              
    .\FreeRTOS\Source\portable\MemMang\
       heap_4.obj                   928      0         20512  
    +--+----------------------------+--------+---------+---------+
       Total:                       928      0         20512  
                                                              
    .\driverlib\
       usb.obj                      9100     0         0      
       sysctl.obj                   5774     596       0      
       gpio.obj                     4744     552       0      
       adc.obj                      4160     0         8      
       pwm.obj                      3916     0         0      
       timer.obj                    3360     160       0      
       uart.obj                     2824     128       0      
       interrupt.obj                1168     268       620    
       cpu.obj                      62       0         0      
    +--+----------------------------+--------+---------+---------+
       Total:                       35108    1704      628    
                                                              
    .\drivers\
       Servos.obj                   4320     0         12     
       configADC.obj                336      0         4      
       buttons.obj                  296      0         3      
       Sensors.obj                  104      0         0      
    +--+----------------------------+--------+---------+---------+
       Total:                       5056     0         19     
                                                              
    .\remotelink\
       usb_serial_structs.obj       0        214       720    
       usb_dev_serial.obj           904      0         28     
       remotelink.obj               688      0         136    
       serialprotocol.obj           754      0         0      
       crc.obj                      104      512       0      
    +--+----------------------------+--------+---------+---------+
       Total:                       2450     726       884    
                                                              
    .\usblib\
       usbdma.obj                   4008     0         272    
       usbbuffer.obj                1432     0         0      
       usbmode.obj                  1392     0         18     
       usbringbuf.obj               1164     0         0      
       usbdesc.obj                  466      0         0      
       usbtick.obj                  236      0         60     
       usbulpi.obj                  200      0         0      
    +--+----------------------------+--------+---------+---------+
       Total:                       8898     0         350    
                                                              
    .\usblib\device\
       usbdenum.obj                 5488     52        160    
       usbdcdc.obj                  4060     217       93     
       usbdconfig.obj               956      0         0      
       usbdcdesc.obj                734      0         0      
       usbdhandler.obj              36       0         0      
    +--+----------------------------+--------+---------+---------+
       Total:                       11274    269       253    
                                                              
    .\usblib\host\
       usbhostenum.obj              12420    0         1844   
       usbhhub.obj                  2340     0         164    
    +--+----------------------------+--------+---------+---------+
       Total:                       14760    0         2008   
                                                              
    .\utils\
       uartstdio.obj                2956     58        576    
       cpu_usage.obj                292      0         60     
       cmdline.obj                  172      0         36     
       RunTimeStatsConfig.obj       140      0         0      
    +--+----------------------------+--------+---------+---------+
       Total:                       3560     58        672    
                                                              
    C:\ti\ccs1110\ccs\tools\compiler\ti-cgt-arm_20.2.5.LTS\lib\rtsv7M4_T_le_v4SPD16_eabi.lib
       _printfi.c.obj               4851     0         0      
       fd_add_t2.asm.obj            438      0         0      
       fd_div_t2.asm.obj            310      0         0      
       s_scalbn.c.obj               272      0         0      
       fd_cmp_t2.asm.obj            268      0         0      
       ctype.c.obj                  0        257       0      
       fd_mul_t2.asm.obj            252      0         0      
       memcpy_t2.asm.obj            156      0         0      
       ull_div_t2.asm.obj           150      0         0      
       memset_t2.asm.obj            122      0         0      
       fd_tos_t2.asm.obj            110      0         0      
       copy_decompress_lzss.c.obj   104      0         0      
       s_frexp.c.obj                100      0         0      
       sprintf.c.obj                98       0         0      
       _ltoa.c.obj                  84       0         0      
       atoi.c.obj                   76       0         0      
       fd_toi_t2.asm.obj            72       0         0      
       autoinit.c.obj               68       0         0      
       fd_tou_t2.asm.obj            68       0         0      
       u_divt2.asm.obj              64       0         0      
       fs_tod_t2.asm.obj            56       0         0      
       boot_cortex_m.c.obj          52       0         0      
       i_tofd_t2.asm.obj            46       0         0      
       strncmp.c.obj                44       0         0      
       u_tofd_t2.asm.obj            32       0         0      
       memccpy.c.obj                28       0         0      
       s_copysign.c.obj             26       0         0      
       strcmp.c.obj                 24       0         0      
       strchr.c.obj                 22       0         0      
       strcpy.c.obj                 20       0         0      
       strlen.c.obj                 20       0         0      
       wcslen.c.obj                 18       0         0      
       copy_decompress_none.c.obj   14       0         0      
       copy_zero_init.c.obj         12       0         0      
       errno.c.obj                  8        0         4      
       exit.c.obj                   4        0         0      
       pre_init.c.obj               4        0         0      
       div0.asm.obj                 2        0         0      
    +--+----------------------------+--------+---------+---------+
       Total:                       8095     257       4      
                                                              
       Stack:                       0        0         512    
       Linker Generated:            0        422       0      
    +--+----------------------------+--------+---------+---------+
       Grand Total:                 106217   4648      26695  


LINKER GENERATED COPY TABLES

__TI_cinit_table @ 0001b118 records: 3, size/record: 8, table size: 24
	.data: load addr=0001af88, load size=00000172 bytes, run addr=20006354, run size=000002fc bytes, compression=lzss
	.bss: load addr=0001b108, load size=00000008 bytes, run addr=2000026c, run size=000060e5 bytes, compression=zero_init
	.vtable: load addr=0001b110, load size=00000008 bytes, run addr=20000000, run size=0000026c bytes, compression=zero_init


LINKER GENERATED HANDLER TABLE

__TI_handler_table @ 0001b0fc records: 3, size/record: 4, table size: 12
	index: 0, handler: __TI_zero_init
	index: 1, handler: __TI_decompress_lzss
	index: 2, handler: __TI_decompress_none


GLOBAL SYMBOLS: SORTED ALPHABETICALLY BY Name 

address   name                                 
-------   ----                                 
0000d247  ADCBusy                              
0000d2dd  ADCClockConfigGet                    
0000d281  ADCClockConfigSet                    
0000cdcf  ADCComparatorConfigure               
0000cfb1  ADCComparatorIntClear                
0000cf05  ADCComparatorIntDisable              
0000cf49  ADCComparatorIntEnable               
0000cf8d  ADCComparatorIntStatus               
0000ce15  ADCComparatorRegionSet               
0000ce8d  ADCComparatorReset                   
0000cd55  ADCHardwareOversampleConfigure       
0000c50b  ADCIntClear                          
0000d081  ADCIntClearEx                        
0000c3fd  ADCIntDisable                        
0000cfdd  ADCIntDisableEx                      
0000c43b  ADCIntEnable                         
0000d00b  ADCIntEnableEx                       
0000c353  ADCIntRegister                       
0000c487  ADCIntStatus                         
0000d039  ADCIntStatusEx                       
0000c3ad  ADCIntUnregister                     
0000d19f  ADCPhaseDelayGet                     
0000d105  ADCPhaseDelaySet                     
0000ca05  ADCProcessorTrigger                  
0000d0dd  ADCReferenceGet                      
0000d093  ADCReferenceSet                      
0000c5e1  ADCSequenceConfigure                 
0000d205  ADCSequenceDMADisable                
0000d1c3  ADCSequenceDMAEnable                 
0000c993  ADCSequenceDataGet                   
0000c599  ADCSequenceDisable                   
0000c547  ADCSequenceEnable                    
0000c899  ADCSequenceOverflow                  
0000c8dd  ADCSequenceOverflowClear             
0000c745  ADCSequenceStepConfigure             
0000c919  ADCSequenceUnderflow                 
0000c957  ADCSequenceUnderflowClear            
0000ca53  ADCSoftwareOversampleConfigure       
0000cc4d  ADCSoftwareOversampleDataGet         
0000caf7  ADCSoftwareOversampleStepConfigure   
00018da3  ButtonsInit                          
00018cfd  ButtonsPoll                          
0001a15f  C$$EXIT                              
00018e63  CPUUsageInit                         
00018e25  CPUUsageTick                         
00019f0b  CPUbasepriGet                        
00019efd  CPUbasepriSet                        
00019ed7  CPUcpsid                             
00019eed  CPUcpsie                             
00019ee3  CPUprimask                           
00019ef9  CPUwfi                               
000195bd  CmdLineProcess                       
0000026d  ConfigDescAlloc                      
00000303  ConfigDescFree                       
2000630c  DCanterior                           
0000b1a7  GPIOADCTriggerDisable                
0000b17b  GPIOADCTriggerEnable                 
0000b14f  GPIODMATriggerDisable                
0000b123  GPIODMATriggerEnable                 
0000a16d  GPIODirModeGet                       
0000a0e9  GPIODirModeSet                       
00016a05  GPIOFIntHandler                      
0000a93d  GPIOIntClear                         
0000a8e5  GPIOIntDisable                       
0000a8bd  GPIOIntEnable                        
0000a95f  GPIOIntRegister                      
0000a9dd  GPIOIntRegisterPin                   
0000a90d  GPIOIntStatus                        
0000a391  GPIOIntTypeGet                       
0000a241  GPIOIntTypeSet                       
0000a99d  GPIOIntUnregister                    
0000aa55  GPIOIntUnregisterPin                 
00016a8b  GPIOInt_A_Handler                    
0000a729  GPIOPadConfigGet                     
0000a435  GPIOPadConfigSet                     
0000b09d  GPIOPinConfigure                     
0000aaa7  GPIOPinRead                          
0000aafb  GPIOPinTypeADC                       
0000ab31  GPIOPinTypeCAN                       
0000ab67  GPIOPinTypeComparator                
0000ab9d  GPIOPinTypeComparatorOutput          
0000abd3  GPIOPinTypeDIVSCLK                   
0000ac09  GPIOPinTypeEPI                       
0000ac3f  GPIOPinTypeEthernetLED               
0000ac75  GPIOPinTypeEthernetMII               
0000acb9  GPIOPinTypeGPIOInput                 
0000acef  GPIOPinTypeGPIOOutput                
0000ad25  GPIOPinTypeGPIOOutputOD              
0000ad5b  GPIOPinTypeHibernateRTCCLK           
0000ad91  GPIOPinTypeI2C                       
0000adc7  GPIOPinTypeI2CSCL                    
0000adfd  GPIOPinTypeLCD                       
0000ae33  GPIOPinTypeOneWire                   
0000ae69  GPIOPinTypePWM                       
0000ae9f  GPIOPinTypeQEI                       
0000aed5  GPIOPinTypeSSI                       
0000af0b  GPIOPinTypeTimer                     
0000af41  GPIOPinTypeTrace                     
0000af77  GPIOPinTypeUART                      
0000afb1  GPIOPinTypeUSBAnalog                 
0000afe7  GPIOPinTypeUSBDigital                
0000b01d  GPIOPinTypeWakeHigh                  
0000b055  GPIOPinTypeWakeLow                   
0000b08d  GPIOPinWakeStatus                    
0000aacd  GPIOPinWrite                         
0000b1d3  GPIOUnlockPin                        
0001a009  GetOverflowCounts                    
00016059  IntDisable                           
00015fdb  IntEnable                            
000160e1  IntIsEnabled                         
00015e3f  IntMasterDisable                     
00015e2f  IntMasterEnable                      
00016205  IntPendClear                         
00016195  IntPendSet                           
00015fa5  IntPriorityGet                       
00015f0b  IntPriorityGroupingGet               
00015ee5  IntPriorityGroupingSet               
0001626b  IntPriorityMaskGet                   
0001625f  IntPriorityMaskSet                   
00015f43  IntPrioritySet                       
00015e4f  IntRegister                          
00016273  IntTrigger                           
00015ec5  IntUnregister                        
000025c1  InternalUSBHCDSendEvent              
000192bf  InternalUSBRegisterTickHandler       
0001930f  InternalUSBStartOfFrameTick          
00019279  InternalUSBTickInit                  
000192b7  InternalUSBTickReset                 
00015d19  OTGDeviceDisconnect                  
00010105  PWMClockGet                          
0001008b  PWMClockSet                          
0000f69f  PWMDeadBandDisable                   
0000f617  PWMDeadBandEnable                    
0000fd4f  PWMFaultIntClear                     
0000fdad  PWMFaultIntClearExt                  
0000facf  PWMFaultIntRegister                  
0000fb15  PWMFaultIntUnregister                
0000f331  PWMGenConfigure                      
0000f4b3  PWMGenDisable                        
0000f471  PWMGenEnable                         
0000ffe5  PWMGenFaultClear                     
0000fded  PWMGenFaultConfigure                 
0000ff79  PWMGenFaultStatus                    
0000ff05  PWMGenFaultTriggerGet                
0000fe6b  PWMGenFaultTriggerSet                
0000fc7d  PWMGenIntClear                       
0000f9cd  PWMGenIntRegister                    
0000fc1d  PWMGenIntStatus                      
0000fbc1  PWMGenIntTrigDisable                 
0000fb69  PWMGenIntTrigEnable                  
0000fa2f  PWMGenIntUnregister                  
0000f41f  PWMGenPeriodGet                      
0000f39f  PWMGenPeriodSet                      
0000fd0f  PWMIntDisable                        
0000fccf  PWMIntEnable                         
0000fd77  PWMIntStatus                         
0000f865  PWMOutputFault                       
0000f80b  PWMOutputFaultLevel                  
0000f7b1  PWMOutputInvert                      
0000f757  PWMOutputState                       
0001013f  PWMOutputUpdateMode                  
0000f57f  PWMPulseWidthGet                     
0000f4f5  PWMPulseWidthSet                     
0000f71d  PWMSyncTimeBase                      
0000f6e3  PWMSyncUpdate                        
0000d581  ProcessDataFromHost                  
0000d691  ProcessDataToHost                    
0000d62f  ProcessNotificationToHost            
00019fb1  ResetISR                             
000089ab  SysCtlAltClkConfig                   
00007f71  SysCtlClockFreqSet                   
00008451  SysCtlClockGet                       
00008973  SysCtlClockOutConfig                 
00008279  SysCtlClockSet                       
00007e59  SysCtlDeepSleep                      
00008629  SysCtlDeepSleepClockConfigSet        
0000860d  SysCtlDeepSleepClockSet              
00007e39  SysCtlDeepSleepPowerSet              
0001a155  SysCtlDelay                          
0000775d  SysCtlFlashSectorSizeGet             
00007731  SysCtlFlashSizeGet                   
000087fd  SysCtlGPIOAHBDisable                 
00008779  SysCtlGPIOAHBEnable                  
00007d4d  SysCtlIntClear                       
00007d35  SysCtlIntDisable                     
00007d21  SysCtlIntEnable                      
00007cfd  SysCtlIntRegister                    
00007d5d  SysCtlIntStatus                      
00007d11  SysCtlIntUnregister                  
00007e1f  SysCtlLDODeepSleepGet                
00007dd1  SysCtlLDODeepSleepSet                
00007dc7  SysCtlLDOSleepGet                    
00007d79  SysCtlLDOSleepSet                    
00007e95  SysCtlMOSCConfigSet                  
0000895f  SysCtlNMIClear                       
00008959  SysCtlNMIStatus                      
00007ea5  SysCtlPIOSCCalibrate                 
00008745  SysCtlPWMClockGet                    
000086d5  SysCtlPWMClockSet                    
00007ca9  SysCtlPeripheralClockGating          
00007c5b  SysCtlPeripheralDeepSleepDisable     
00007c0d  SysCtlPeripheralDeepSleepEnable      
00007b19  SysCtlPeripheralDisable              
00007aad  SysCtlPeripheralEnable               
00007961  SysCtlPeripheralPowerOff             
000078dd  SysCtlPeripheralPowerOn              
000077c9  SysCtlPeripheralPresent              
00007855  SysCtlPeripheralReady                
00007a0d  SysCtlPeripheralReset                
00007bb9  SysCtlPeripheralSleepDisable         
00007b67  SysCtlPeripheralSleepEnable          
00007e49  SysCtlReset                          
00007f05  SysCtlResetBehaviorGet               
00007ef5  SysCtlResetBehaviorSet               
00007e81  SysCtlResetCauseClear                
00007e75  SysCtlResetCauseGet                  
00007727  SysCtlSRAMSizeGet                    
00007e51  SysCtlSleep                          
00007e29  SysCtlSleepPowerSet                  
00008873  SysCtlUSBPLLDisable                  
00008867  SysCtlUSBPLLEnable                   
000088ad  SysCtlVCOGet                         
00008895  SysCtlVoltageEventClear              
0000887f  SysCtlVoltageEventConfig             
0000888f  SysCtlVoltageEventStatus             
00011b95  TimerADCEventGet                     
00011b75  TimerADCEventSet                     
000115c5  TimerClockSourceGet                  
00011589  TimerClockSourceSet                  
000110f1  TimerConfigure                       
000113e9  TimerControlEvent                    
000112c5  TimerControlLevel                    
00011447  TimerControlStall                    
00011345  TimerControlTrigger                  
000114b1  TimerControlWaitOnTrigger            
00011bd1  TimerDMAEventGet                     
00011bb1  TimerDMAEventSet                     
00011065  TimerDisable                         
0001101b  TimerEnable                          
00011b35  TimerIntClear                        
00011ae3  TimerIntDisable                      
00011abd  TimerIntEnable                       
000119fd  TimerIntRegister                     
00011b09  TimerIntStatus                       
00011a67  TimerIntUnregister                   
000117b7  TimerLoadGet                         
00011825  TimerLoadGet64                       
0001175d  TimerLoadSet                         
000117f9  TimerLoadSet64                       
0001194d  TimerMatchGet                        
000119b7  TimerMatchGet64                      
000118f3  TimerMatchSet                        
0001198f  TimerMatchSet64                      
0001165b  TimerPrescaleGet                     
00011711  TimerPrescaleMatchGet                
000116a7  TimerPrescaleMatchSet                
000115f1  TimerPrescaleSet                     
00011565  TimerRTCDisable                      
00011541  TimerRTCEnable                       
00011b55  TimerSynchronize                     
00011bed  TimerUpdateMode                      
0001186b  TimerValueGet                        
000118ad  TimerValueGet64                      
0001325f  UART9BitAddrSend                     
0001322b  UART9BitAddrSet                      
00013207  UART9BitDisable                      
000131e3  UART9BitEnable                       
00012f8b  UARTBreakCtl                         
00012fc3  UARTBusy                             
00012f09  UARTCharGet                          
00012ecb  UARTCharGetNonBlocking               
00012f5f  UARTCharPut                          
00012f2d  UARTCharPutNonBlocking               
00012e73  UARTCharsAvail                       
000131c5  UARTClockSourceGet                   
0001318f  UARTClockSourceSet                   
00012a79  UARTConfigGetExpClk                  
0001299b  UARTConfigSetExpClk                  
0001312b  UARTDMADisable                       
00013105  UARTDMAEnable                        
00012b21  UARTDisable                          
00012bdd  UARTDisableSIR                       
000126a3  UARTEchoSet                          
00012ad9  UARTEnable                           
00012ba1  UARTEnableSIR                        
00012b7d  UARTFIFODisable                      
00012b59  UARTFIFOEnable                       
0001295f  UARTFIFOLevelGet                     
000128ed  UARTFIFOLevelSet                     
00012df5  UARTFlowControlGet                   
00012daf  UARTFlowControlSet                   
0001266f  UARTFlushRx                          
0001267d  UARTFlushTx                          
000130e5  UARTIntClear                         
00013093  UARTIntDisable                       
0001306d  UARTIntEnable                        
00012fef  UARTIntRegister                      
000130b9  UARTIntStatus                        
0001302d  UARTIntUnregister                    
000132b5  UARTLoopbackEnable                   
00012cc9  UARTModemControlClear                
00012d2d  UARTModemControlGet                  
00012c65  UARTModemControlSet                  
00012d6d  UARTModemStatusGet                   
000128cf  UARTParityModeGet                    
00012883  UARTParityModeSet                    
00012657  UARTRxBytesAvail                     
00013171  UARTRxErrorClear                     
00013151  UARTRxErrorGet                       
00012c41  UARTSmartCardDisable                 
00012c01  UARTSmartCardEnable                  
00012e9f  UARTSpaceAvail                       
00011ca3  UARTStdioConfig                      
000126cb  UARTStdioIntHandler                  
00012663  UARTTxBytesFree                      
00012e53  UARTTxIntModeGet                     
00012e15  UARTTxIntModeSet                     
000122f9  UARTgetc                             
00011e99  UARTgets                             
00012633  UARTprintf                           
00012321  UARTvprintf                          
00011dcf  UARTwrite                            
0001943f  ULPIConfigSet                        
000194e1  ULPIPowerTransceiver                 
0001a02d  USB0DeviceIntHandler                 
00015987  USB0DualModeIntHandler               
000024b7  USB0HostIntHandler                   
00015c31  USB0OTGModeIntHandler                
000156e7  USBBufferCallbackDataSet             
000157dd  USBBufferDataAvailable               
000156bf  USBBufferDataRemoved                 
00015691  USBBufferDataWritten                 
0001581d  USBBufferEventCallback               
00015769  USBBufferFlush                       
00015657  USBBufferInfoGet                     
000155d3  USBBufferInit                        
00015789  USBBufferRead                        
000157fd  USBBufferSpaceAvailable              
00015701  USBBufferWrite                       
0001561d  USBBufferZeroLengthPacketInsert      
0000500b  USBClockDisable                      
00004fe1  USBClockEnable                       
00017331  USBControlHandler                    
00004fc9  USBControllerVersion                 
0000dd9b  USBDCDCCompositeInit                 
0000df19  USBDCDCInit                          
0000e109  USBDCDCPacketRead                    
0000e051  USBDCDCPacketWrite                   
0000e2cb  USBDCDCPowerStatusSet                
0000e2ed  USBDCDCRemoteWakeupRequest           
0000e21b  USBDCDCRxPacketAvailable             
0000e285  USBDCDCSerialStateChange             
0000dfad  USBDCDCSetControlCBData              
0000dfdb  USBDCDCSetRxCBData                   
0000e00d  USBDCDCSetTxCBData                   
0000df87  USBDCDCTerm                          
0000e1f1  USBDCDCTxPacketAvailable             
00017abf  USBDCDConfigDescGet                  
00017a71  USBDCDConfigDescGetNum               
00017a39  USBDCDConfigDescGetSize              
00017ba1  USBDCDConfigGetInterface             
00017bd7  USBDCDConfigGetInterfaceEndpoint     
00017b4d  USBDCDConfigGetNumAlternateInterfaces
00008a21  USBDCDDeviceInfoInit                 
00008f2f  USBDCDFeatureGet                     
00008e7d  USBDCDFeatureSet                     
00008a85  USBDCDInit                           
00008e1d  USBDCDPowerStatusSet                 
00008f69  USBDCDRemoteWakeLPM                  
00008f83  USBDCDRemoteWakeupRequest            
00008d19  USBDCDRequestDataEP0                 
00008d85  USBDCDSendDataEP0                    
00008dc1  USBDCDSetDefaultConfiguration        
00008ddd  USBDCDStallEP0                       
00008c83  USBDCDTerm                           
00005263  USBDMAChannelAddressGet              
00005229  USBDMAChannelAddressSet              
00005141  USBDMAChannelConfigSet               
000052db  USBDMAChannelCountGet                
000052a1  USBDMAChannelCountSet                
00005103  USBDMAChannelDisable                 
000050c5  USBDMAChannelEnable                  
00005069  USBDMAChannelIntDisable              
0000502b  USBDMAChannelIntEnable               
000050a7  USBDMAChannelIntStatus               
000051a7  USBDMAChannelStatus                  
000051e1  USBDMAChannelStatusClear             
00005311  USBDMANumChannels                    
000181c1  USBDescGet                           
000182e5  USBDescGetInterface                  
00018313  USBDescGetInterfaceEndpoint          
00018165  USBDescGetNum                        
0001822b  USBDescGetNumAlternateInterfaces     
00003d33  USBDevAddrGet                        
00003d11  USBDevAddrSet                        
00003cc9  USBDevConnect                        
00003ced  USBDevDisconnect                     
00004177  USBDevEndpointConfigGet              
0000403d  USBDevEndpointConfigSet              
00004691  USBDevEndpointDataAck                
00003b55  USBDevEndpointStall                  
00003bfd  USBDevEndpointStallClear             
000038d1  USBDevEndpointStatusClear            
00005519  USBDevLPMConfig                      
00005563  USBDevLPMDisable                     
0000553d  USBDevLPMEnable                      
000054f3  USBDevLPMRemoteWake                  
00004ef9  USBDevMode                           
00003517  USBDevSpeedGet                       
00016c57  USBDeviceConfig                      
00016e83  USBDeviceConfigAlternate             
000090c9  USBDeviceEnumHandler                 
00009229  USBDeviceEnumResetHandler            
00009da1  USBDeviceIntHandlerInternal          
00008fc9  USBDeviceResumeTickHandler           
000159d3  USBDualModeInit                      
00015a51  USBDualModeTerm                      
00004e45  USBEndpointDMAChannel                
00004425  USBEndpointDMAConfigSet              
000044f7  USBEndpointDMADisable                
000044bd  USBEndpointDMAEnable                 
00004531  USBEndpointDataAvail                 
000045bb  USBEndpointDataGet                   
0000478d  USBEndpointDataPut                   
00004847  USBEndpointDataSend                  
00003a89  USBEndpointDataToggleClear           
00004f8d  USBEndpointPacketCountSet            
000037bd  USBEndpointStatus                    
00004e0d  USBFIFOAddrGet                       
00004379  USBFIFOConfigGet                     
000042cd  USBFIFOConfigSet                     
000048eb  USBFIFOFlush                         
00004db5  USBFrameNumberGet                    
00002b31  USBHCDControlTransfer                
00002ffd  USBHCDDevAddress                     
00003029  USBHCDDevClass                       
00002fd1  USBHCDDevHubPort                     
000030bd  USBHCDDevProtocol                    
00003071  USBHCDDevSubClass                    
00000429  USBHCDEventDisable                   
000003eb  USBHCDEventEnable                    
00003121  USBHCDFeatureSet                     
00002cb1  USBHCDHubDeviceConnected             
00002d75  USBHCDHubDeviceDisconnected          
000015b5  USBHCDInit                           
0000329d  USBHCDLPMResume                      
00003223  USBHCDLPMSleep                       
000031d9  USBHCDLPMStatus                      
00002711  USBHCDMain                           
000008c1  USBHCDPipeAlloc                      
0000060d  USBHCDPipeAllocSize                  
0000090d  USBHCDPipeConfig                     
00000e4f  USBHCDPipeDataAck                    
000010e1  USBHCDPipeFree                       
00000e85  USBHCDPipeRead                       
00000e05  USBHCDPipeReadNonBlocking            
00000ce1  USBHCDPipeSchedule                   
000005e7  USBHCDPipeTransferSizeGet            
00000ab1  USBHCDPipeWrite                      
0000154d  USBHCDPowerAutomatic                 
00001495  USBHCDPowerConfigGet                 
00001471  USBHCDPowerConfigInit                
000014bd  USBHCDPowerConfigSet                 
00001715  USBHCDRegisterDrivers                
00001801  USBHCDReset                          
00001879  USBHCDResume                         
00001abd  USBHCDSetAddress                     
00001bd5  USBHCDSetConfig                      
00001c2b  USBHCDSetInterface                   
00001a41  USBHCDStringDescriptorGet            
00001859  USBHCDSuspend                        
0000173d  USBHCDTerm                           
000145bd  USBHHubClose                         
00014561  USBHHubEnumerationComplete           
00014583  USBHHubEnumerationError              
000145d1  USBHHubInit                          
000145ff  USBHHubLPMSleep                      
0001460d  USBHHubLPMStatus                     
00014335  USBHHubMain                          
000145a5  USBHHubOpen                          
0000345b  USBHighSpeed                         
00004b31  USBHostAddrGet                       
00004aad  USBHostAddrSet                       
00001c85  USBHostCheckPipes                    
00003d55  USBHostEndpointConfig                
00004715  USBHostEndpointDataAck               
000039a5  USBHostEndpointDataToggle            
00003b09  USBHostEndpointPing                  
00003f55  USBHostEndpointSpeed                 
00003835  USBHostEndpointStatusClear           
00004c55  USBHostHubAddrGet                    
00004ba5  USBHostHubAddrSet                    
00001d4d  USBHostIntHandlerInternal            
00005477  USBHostLPMConfig                     
000054cd  USBHostLPMResume                     
0000540b  USBHostLPMSend                       
00004ed9  USBHostMode                          
00004ccd  USBHostPwrConfig                     
00004d8f  USBHostPwrDisable                    
00004d69  USBHostPwrEnable                     
00004d43  USBHostPwrFaultDisable               
00004d1d  USBHostPwrFaultEnable                
000049a1  USBHostRequestIN                     
00004a0f  USBHostRequestINClear                
00004a89  USBHostRequestStatus                 
0000341f  USBHostReset                         
00003497  USBHostResume                        
000034d3  USBHostSpeedGet                      
000033fd  USBHostSuspend                       
0000353d  USBIntDisableControl                 
00003669  USBIntDisableEndpoint                
000035b5  USBIntEnableControl                  
000036a5  USBIntEnableEndpoint                 
00003745  USBIntRegister                       
0000360f  USBIntStatusControl                  
000036e1  USBIntStatusEndpoint                 
00003783  USBIntUnregister                     
000055b3  USBLPMEndpointGet                    
0000564b  USBLPMIntDisable                     
00005623  USBLPMIntEnable                      
00005605  USBLPMIntStatus                      
00005591  USBLPMLinkStateGet                   
000055dd  USBLPMRemoteWakeEnabled              
0000f0a5  USBLibDMAAddrGet                     
0000f0d5  USBLibDMAInit                        
0000f0bd  USBLibDMASizeGet                     
00004f39  USBModeConfig                        
00004e23  USBModeGet                           
00004fb1  USBNumEndpointsGet                   
00015dd1  USBOTGFeatureSet                     
00015d33  USBOTGMain                           
00004f19  USBOTGMode                           
00015adb  USBOTGModeInit                       
00015a93  USBOTGModeTerm                       
00015c01  USBOTGPollRate                       
00004dd1  USBOTGSessionRequest                 
00004f5b  USBPHYPowerOff                       
00004f71  USBPHYPowerOn                        
00016557  USBRingBufAdvanceRead                
000165ad  USBRingBufAdvanceWrite               
0001643d  USBRingBufContigFree                 
00016405  USBRingBufContigUsed                 
00016349  USBRingBufEmpty                      
0001637b  USBRingBufFlush                      
000163e1  USBRingBufFree                       
00016307  USBRingBufFull                       
000166f9  USBRingBufInit                       
000164e1  USBRingBufRead                       
0001649b  USBRingBufReadOne                    
00016483  USBRingBufSize                       
000163a7  USBRingBufUsed                       
00016683  USBRingBufWrite                      
0001663d  USBRingBufWriteOne                   
0001742f  USBRxHandler                         
00017521  USBSerialGetChar                     
00017491  USBSerialInit                        
00017535  USBSerialPutChar                     
00017581  USBSerialRead                        
000175d1  USBSerialWrite                       
0001593d  USBStackModeSet                      
000173bf  USBTxHandler                         
00005331  USBULPIConfig                        
0000535f  USBULPIDisable                       
00005347  USBULPIEnable                        
00005377  USBULPIRegRead                       
000053bd  USBULPIRegWrite                      
20006850  __STACK_END                          
00000200  __STACK_SIZE                         
20006850  __STACK_TOP                          
0001b118  __TI_CINIT_Base                      
0001b130  __TI_CINIT_Limit                     
0001b0fc  __TI_Handler_Table_Base              
0001b108  __TI_Handler_Table_Limit             
00019d91  __TI_auto_init_nobinit_nopinit       
00019b35  __TI_decompress_lzss                 
0001a127  __TI_decompress_none                 
00019c57  __TI_ltoa                            
ffffffff  __TI_pprof_out_hndl                  
000132dd  __TI_printfi                         
ffffffff  __TI_prof_data_size                  
ffffffff  __TI_prof_data_start                 
00000000  __TI_static_base__                   
0001a135  __TI_zero_init                       
0001979b  __aeabi_cdcmpeq                      
0001979b  __aeabi_cdcmple                      
00019821  __aeabi_cdrcmple                     
0001998f  __aeabi_d2f                          
00019d49  __aeabi_d2iz                         
00019dd5  __aeabi_d2uiz                        
00018513  __aeabi_dadd                         
00018a9d  __aeabi_ddiv                         
0001917d  __aeabi_dmul                         
00018509  __aeabi_dsub                         
0001a14d  __aeabi_errno_addr                   
00019f15  __aeabi_f2d                          
00019f81  __aeabi_i2d                          
00013d2b  __aeabi_idiv0                        
00013d2b  __aeabi_ldiv0                        
000198a7  __aeabi_memclr                       
000198a7  __aeabi_memclr4                      
000198a7  __aeabi_memclr8                      
00019669  __aeabi_memcpy                       
00019669  __aeabi_memcpy4                      
00019669  __aeabi_memcpy8                      
000198a9  __aeabi_memset                       
000198a9  __aeabi_memset4                      
000198a9  __aeabi_memset8                      
0001a051  __aeabi_ui2d                         
00019e19  __aeabi_uidiv                        
00019e19  __aeabi_uidivmod                     
00019705  __aeabi_uldivmod                     
ffffffff  __binit__                            
ffffffff  __c_args__                           
00016749  __error__                            
UNDEFED   __mpu_init                           
20006650  __stack                              
20000000  __start___llvm_prf_cnts              
20000000  __stop___llvm_prf_cnts               
00019f4d  _c_int00_noargs                      
0001a75c  _ctypes_                             
UNDEFED   _system_post_cinit                   
0001a15b  _system_pre_init                     
0001a15f  abort                                
00019cfd  atoi                                 
ffffffff  binit                                
0001790d  check_and_extract_command_param      
20006330  cola_freertos                        
20006334  cola_pa3                             
000187ad  configADC0_ISR                       
000186cd  configADC0_IniciaADC0                
00018799  configADC0_LeeADC0                   
000186c1  configADC_DisparaADC                 
00019acd  config_sensors                       
0001a08d  copysign                             
0001a08d  copysignl                            
000199fd  create_checksum                      
0001787b  create_frame                         
000178ff  decode_command_type                  
00017827  destuff_and_check_checksum           
00005a11  eTaskGetState                        
2000664c  errno                                
20006338  estado                               
00019b9d  frexp                                
00019b9d  frexpl                               
20006608  g_bUSBTimerInitialized               
20006350  g_eOTGModeState                      
20006620  g_iUSBMode                           
0001af6c  g_pCDCCompSerConfigDescriptors       
0001af70  g_pCDCCompSerConfigDescriptorsHS     
20000000  g_pfnRAMVectors                      
200061f8  g_pfnTickHandlers                    
00000000  g_pfnVectors                         
0001af74  g_ppCDCSerConfigDescriptors          
0001af78  g_ppCDCSerConfigDescriptorsHS        
2000633c  g_ppsDevInfo                         
0001ae34  g_ppui8StringDescriptors             
200065a8  g_psCDCCompSerSections               
200065b8  g_psCDCCompSerSectionsHS             
200065d8  g_psCDCSerSections                   
200065e4  g_psCDCSerSectionsHS                 
20006354  g_psCmdTable                         
20006024  g_psDCDInst                          
0001adcc  g_pui8CDCSerCommInterface            
0001ae4c  g_pui8CDCSerDataInterface            
0001ae63  g_pui8CDCSerDataInterfaceHS          
20006614  g_pui8CDCSerDescriptor               
20006594  g_pui8CDCSerDeviceDescriptor         
0001acb0  g_pui8ConfigString                   
0001ad7c  g_pui8ControlInterfaceString         
20006629  g_pui8IADSerDescriptor               
0001af68  g_pui8LangDescriptor                 
0001ada8  g_pui8ManufacturerString             
0001adef  g_pui8ProductString                  
0001aecc  g_pui8SerialNumberString             
20005d88  g_pui8USBRxBuffer                    
20005e88  g_pui8USBTxBuffer                    
20006210  g_pvTickInstance                     
0001af20  g_sCDCCompSerConfigHeader            
0001af28  g_sCDCCompSerConfigHeaderHS          
20006414  g_sCDCDevice                         
0001ad1c  g_sCDCHandlers                       
0001af30  g_sCDCSerCommInterfaceSection        
0001af38  g_sCDCSerConfigHeader                
0001af40  g_sCDCSerConfigHeaderHS              
0001af48  g_sCDCSerConfigSection               
0001af50  g_sCDCSerDataInterfaceSection        
0001af58  g_sCDCSerDataInterfaceSectionHS      
0001af60  g_sIADSerConfigSection               
200064b0  g_sRxBuffer                          
200064e8  g_sTxBuffer                          
20006340  g_ui32CPUUsage                       
2000660c  g_ui32CurrentUSBTick                 
20006344  g_ui32PollRate                       
20006610  g_ui32USBSOFCount                    
20006624  g_ui32WaitTicks                      
20006348  g_ulSystemClock                      
200065cc  g_ulUARTRxCount                      
200065d0  g_ulUARTRxErrors                     
200065c8  g_ulUARTTxCount                      
00017939  get_command_param_pointer            
000151b3  initCommandLine                      
0001906d  ldexp                                
0001906d  ldexpl                               
00016931  main                                 
0001a071  memccpy                              
00019669  memcpy                               
000198af  memset                               
0000b5d9  mov_curvo_servos                     
0000b361  mov_rectilineo_servos                
0000b771  mov_rotatorio_servos                 
0000bec3  mov_rueda_Qt                         
0000bac9  mov_una_rueda                        
0000b9db  parar_pausar_motor                   
00010e3f  pcQueueGetName                       
00006049  pcTaskGetName                        
000147fd  pcTimerGetName                       
00016f4d  pvPortMalloc                         
00006da1  pvTaskIncrementMutexHeldCount        
00014c65  pvTimerGetTimerID                    
20006474  pxCurrentTCB                         
00018811  pxPortInitialiseStack                
00017daf  remotelink_init                      
00017c45  remotelink_sendMessage               
0001906d  scalbn                               
0001906d  scalbnl                              
0000b219  servos_init                          
00019e59  sprintf                              
0001a0d7  strchr                               
0001a0bf  strcmp                               
0001a0ed  strcpy                               
0001a101  strlen                               
00019fdd  strncmp                              
00010b97  ucQueueGetQueueType                  
20006314  ui32DutyCycle                        
2000634c  ui32Period                           
0001af7c  ulMaxSyscallInterruptPriority        
00019375  ulPortGetIPSR                        
00006dbd  ulTaskGenericNotifyTake              
00007299  ulTaskGenericNotifyValueClear        
00018cb5  uxListRemove                         
00010b77  uxQueueGetQueueNumber                
00010b15  uxQueueMessagesWaiting               
00010b4b  uxQueueMessagesWaitingFromISR        
00010b2b  uxQueueSpacesAvailable               
0000603d  uxTaskGetNumberOfTasks               
00006859  uxTaskGetStackHighWaterMark          
0000606d  uxTaskGetSystemState                 
000065cd  uxTaskGetTaskNumber                  
00005ad9  uxTaskPriorityGet                    
00005b01  uxTaskPriorityGetFromISR             
00006d7f  uxTaskResetEventItemValue            
000147bf  uxTimerGetReloadMode                 
00014d05  uxTimerGetTimerNumber                
0001af80  uxTopUsedPriority                    
0001677f  vApplicationIdleHook                 
0001675d  vApplicationMallocFailedHook         
00016753  vApplicationStackOverflowHook        
0001675f  vApplicationTickHook                 
00019a65  vConfigureTimerForRunTimeStats       
00018bd3  vListInitialise                      
00018c03  vListInitialiseItem                  
00018c4f  vListInsert                          
00018c13  vListInsertEnd                       
00019431  vPortEnableVFP                       
000188b1  vPortEndScheduler                    
000188b3  vPortEnterCritical                   
000188d3  vPortExitCritical                    
0001707b  vPortFree                            
0001722d  vPortGetHeapStats                    
000170e1  vPortInitialiseBlocks                
000193ed  vPortSVCHandler                      
0001890f  vPortSetupTimerInterrupt             
0001940d  vPortStartFirstTask                  
00010dfd  vQueueAddToRegistry                  
00010b61  vQueueDelete                         
00010b85  vQueueSetQueueNumber                 
00010e7f  vQueueUnregisterQueue                
00010ec3  vQueueWaitForMessageRestricted       
000059cf  vTaskDelay                           
00005891  vTaskDelete                          
00005f03  vTaskEndScheduler                    
0000718b  vTaskGenericNotifyGiveFromISR        
000066c5  vTaskGetInfo                         
00006ca7  vTaskGetRunTimeStats                 
00006513  vTaskInternalSetTimeOutState         
00006b95  vTaskList                            
000065c1  vTaskMissedYield                     
00006381  vTaskPlaceOnEventList                
000063d5  vTaskPlaceOnEventListRestricted      
000063a5  vTaskPlaceOnUnorderedEventList       
00006a7b  vTaskPriorityDisinheritAfterTimeout  
00005b49  vTaskPrioritySet                     
00006489  vTaskRemoveFromUnorderedEventList    
00005d93  vTaskResume                          
000065ed  vTaskSetTaskNumber                   
000064f5  vTaskSetTimeOutState                 
00005ea9  vTaskStartScheduler                  
00005c61  vTaskSuspend                         
00005f1f  vTaskSuspendAll                      
000062a1  vTaskSwitchContext                   
00014789  vTimerSetReloadMode                  
00014c7f  vTimerSetTimerID                     
00014d13  vTimerSetTimerNumber                 
0001a115  wcslen                               
000170d5  xPortGetFreeHeapSize                 
000170db  xPortGetMinimumEverFreeHeapSize      
0001938d  xPortPendSVHandler                   
0001887b  xPortStartScheduler                  
000188e9  xPortSysTickHandler                  
00010409  xQueueCreateCountingSemaphore        
0001035d  xQueueCreateMutex                    
000102a9  xQueueGenericCreate                  
00010209  xQueueGenericReset                   
00010429  xQueueGenericSend                    
00010559  xQueueGenericSendFromISR             
000105fb  xQueueGiveFromISR                    
00010389  xQueueGiveMutexRecursive             
00010d91  xQueueIsQueueEmptyFromISR            
00010dd7  xQueueIsQueueFullFromISR             
00010907  xQueuePeek                           
00010ac3  xQueuePeekFromISR                    
0001068f  xQueueReceive                        
00010a29  xQueueReceiveFromISR                 
20006074  xQueueRegistry                       
000107ad  xQueueSemaphoreTake                  
000103c5  xQueueTakeMutexRecursive             
00006151  xTaskCatchUpTicks                    
0000653d  xTaskCheckForTimeOut                 
0000567d  xTaskCreate                          
0000593f  xTaskDelayUntil                      
00006f45  xTaskGenericNotify                   
0000705d  xTaskGenericNotifyFromISR            
00007247  xTaskGenericNotifyStateClear         
00006e5b  xTaskGenericNotifyWait               
000068c9  xTaskGetCurrentTaskHandle            
000068e9  xTaskGetSchedulerState               
00006019  xTaskGetTickCount                    
00006029  xTaskGetTickCountFromISR             
0000618d  xTaskIncrementTick                   
000069f1  xTaskPriorityDisinherit              
00006925  xTaskPriorityInherit                 
00006405  xTaskRemoveFromEventList             
00005f31  xTaskResumeAll                       
00005e11  xTaskResumeFromISR                   
0001467d  xTimerCreate                         
00014651  xTimerCreateTimerTask                
00014705  xTimerGenericCommand                 
000147e7  xTimerGetExpiryTime                  
00014777  xTimerGetPeriod                      
00014771  xTimerGetTimerDaemonTaskHandle       
00014c3d  xTimerIsTimerActive                  
00014ccf  xTimerPendFunctionCall               
00014c99  xTimerPendFunctionCallFromISR        


GLOBAL SYMBOLS: SORTED BY Symbol Address 

address   name                                 
-------   ----                                 
00000000  __TI_static_base__                   
00000000  g_pfnVectors                         
00000200  __STACK_SIZE                         
0000026d  ConfigDescAlloc                      
00000303  ConfigDescFree                       
000003eb  USBHCDEventEnable                    
00000429  USBHCDEventDisable                   
000005e7  USBHCDPipeTransferSizeGet            
0000060d  USBHCDPipeAllocSize                  
000008c1  USBHCDPipeAlloc                      
0000090d  USBHCDPipeConfig                     
00000ab1  USBHCDPipeWrite                      
00000ce1  USBHCDPipeSchedule                   
00000e05  USBHCDPipeReadNonBlocking            
00000e4f  USBHCDPipeDataAck                    
00000e85  USBHCDPipeRead                       
000010e1  USBHCDPipeFree                       
00001471  USBHCDPowerConfigInit                
00001495  USBHCDPowerConfigGet                 
000014bd  USBHCDPowerConfigSet                 
0000154d  USBHCDPowerAutomatic                 
000015b5  USBHCDInit                           
00001715  USBHCDRegisterDrivers                
0000173d  USBHCDTerm                           
00001801  USBHCDReset                          
00001859  USBHCDSuspend                        
00001879  USBHCDResume                         
00001a41  USBHCDStringDescriptorGet            
00001abd  USBHCDSetAddress                     
00001bd5  USBHCDSetConfig                      
00001c2b  USBHCDSetInterface                   
00001c85  USBHostCheckPipes                    
00001d4d  USBHostIntHandlerInternal            
000024b7  USB0HostIntHandler                   
000025c1  InternalUSBHCDSendEvent              
00002711  USBHCDMain                           
00002b31  USBHCDControlTransfer                
00002cb1  USBHCDHubDeviceConnected             
00002d75  USBHCDHubDeviceDisconnected          
00002fd1  USBHCDDevHubPort                     
00002ffd  USBHCDDevAddress                     
00003029  USBHCDDevClass                       
00003071  USBHCDDevSubClass                    
000030bd  USBHCDDevProtocol                    
00003121  USBHCDFeatureSet                     
000031d9  USBHCDLPMStatus                      
00003223  USBHCDLPMSleep                       
0000329d  USBHCDLPMResume                      
000033fd  USBHostSuspend                       
0000341f  USBHostReset                         
0000345b  USBHighSpeed                         
00003497  USBHostResume                        
000034d3  USBHostSpeedGet                      
00003517  USBDevSpeedGet                       
0000353d  USBIntDisableControl                 
000035b5  USBIntEnableControl                  
0000360f  USBIntStatusControl                  
00003669  USBIntDisableEndpoint                
000036a5  USBIntEnableEndpoint                 
000036e1  USBIntStatusEndpoint                 
00003745  USBIntRegister                       
00003783  USBIntUnregister                     
000037bd  USBEndpointStatus                    
00003835  USBHostEndpointStatusClear           
000038d1  USBDevEndpointStatusClear            
000039a5  USBHostEndpointDataToggle            
00003a89  USBEndpointDataToggleClear           
00003b09  USBHostEndpointPing                  
00003b55  USBDevEndpointStall                  
00003bfd  USBDevEndpointStallClear             
00003cc9  USBDevConnect                        
00003ced  USBDevDisconnect                     
00003d11  USBDevAddrSet                        
00003d33  USBDevAddrGet                        
00003d55  USBHostEndpointConfig                
00003f55  USBHostEndpointSpeed                 
0000403d  USBDevEndpointConfigSet              
00004177  USBDevEndpointConfigGet              
000042cd  USBFIFOConfigSet                     
00004379  USBFIFOConfigGet                     
00004425  USBEndpointDMAConfigSet              
000044bd  USBEndpointDMAEnable                 
000044f7  USBEndpointDMADisable                
00004531  USBEndpointDataAvail                 
000045bb  USBEndpointDataGet                   
00004691  USBDevEndpointDataAck                
00004715  USBHostEndpointDataAck               
0000478d  USBEndpointDataPut                   
00004847  USBEndpointDataSend                  
000048eb  USBFIFOFlush                         
000049a1  USBHostRequestIN                     
00004a0f  USBHostRequestINClear                
00004a89  USBHostRequestStatus                 
00004aad  USBHostAddrSet                       
00004b31  USBHostAddrGet                       
00004ba5  USBHostHubAddrSet                    
00004c55  USBHostHubAddrGet                    
00004ccd  USBHostPwrConfig                     
00004d1d  USBHostPwrFaultEnable                
00004d43  USBHostPwrFaultDisable               
00004d69  USBHostPwrEnable                     
00004d8f  USBHostPwrDisable                    
00004db5  USBFrameNumberGet                    
00004dd1  USBOTGSessionRequest                 
00004e0d  USBFIFOAddrGet                       
00004e23  USBModeGet                           
00004e45  USBEndpointDMAChannel                
00004ed9  USBHostMode                          
00004ef9  USBDevMode                           
00004f19  USBOTGMode                           
00004f39  USBModeConfig                        
00004f5b  USBPHYPowerOff                       
00004f71  USBPHYPowerOn                        
00004f8d  USBEndpointPacketCountSet            
00004fb1  USBNumEndpointsGet                   
00004fc9  USBControllerVersion                 
00004fe1  USBClockEnable                       
0000500b  USBClockDisable                      
[...]
00010dfd  vQueueAddToRegistry                  
00010e3f  pcQueueGetName                       
00010e7f  vQueueUnregisterQueue                
00010ec3  vQueueWaitForMessageRestricted       
0001101b  TimerEnable                          
00011065  TimerDisable                         
000110f1  TimerConfigure                       
000112c5  TimerControlLevel                    
00011345  TimerControlTrigger                  
000113e9  TimerControlEvent                    
00011447  TimerControlStall                    
000114b1  TimerControlWaitOnTrigger            
00011541  TimerRTCEnable                       
00011565  TimerRTCDisable                      
00011589  TimerClockSourceSet                  
000115c5  TimerClockSourceGet                  
000115f1  TimerPrescaleSet                     
0001165b  TimerPrescaleGet                     
000116a7  TimerPrescaleMatchSet                
00011711  TimerPrescaleMatchGet                
0001175d  TimerLoadSet                         
000117b7  TimerLoadGet                         
000117f9  TimerLoadSet64                       
00011825  TimerLoadGet64                       
0001186b  TimerValueGet                        
000118ad  TimerValueGet64                      
000118f3  TimerMatchSet                        
0001194d  TimerMatchGet                        
0001198f  TimerMatchSet64                      
000119b7  TimerMatchGet64                      
000119fd  TimerIntRegister                     
00011a67  TimerIntUnregister                   
00011abd  TimerIntEnable                       
00011ae3  TimerIntDisable                      
00011b09  TimerIntStatus                       
00011b35  TimerIntClear                        
00011b55  TimerSynchronize                     
00011b75  TimerADCEventSet                     
00011b95  TimerADCEventGet                     
00011bb1  TimerDMAEventSet                     
00011bd1  TimerDMAEventGet                     
00011bed  TimerUpdateMode                      
00011ca3  UARTStdioConfig                      
00011dcf  UARTwrite                            
00011e99  UARTgets                             
000122f9  UARTgetc                             
00012321  UARTvprintf                          
00012633  UARTprintf                           
00012657  UARTRxBytesAvail                     
00012663  UARTTxBytesFree                      
0001266f  UARTFlushRx                          
0001267d  UARTFlushTx                          
000126a3  UARTEchoSet                          
000126cb  UARTStdioIntHandler                  
00012883  UARTParityModeSet                    
000128cf  UARTParityModeGet                    
000128ed  UARTFIFOLevelSet                     
0001295f  UARTFIFOLevelGet                     
0001299b  UARTConfigSetExpClk                  
00012a79  UARTConfigGetExpClk                  
00012ad9  UARTEnable                           
00012b21  UARTDisable                          
00012b59  UARTFIFOEnable                       
00012b7d  UARTFIFODisable                      
00012ba1  UARTEnableSIR                        
00012bdd  UARTDisableSIR                       
00012c01  UARTSmartCardEnable                  
00012c41  UARTSmartCardDisable                 
00012c65  UARTModemControlSet                  
00012cc9  UARTModemControlClear                
00012d2d  UARTModemControlGet                  
00012d6d  UARTModemStatusGet                   
00012daf  UARTFlowControlSet                   
00012df5  UARTFlowControlGet                   
00012e15  UARTTxIntModeSet                     
00012e53  UARTTxIntModeGet                     
00012e73  UARTCharsAvail                       
00012e9f  UARTSpaceAvail                       
00012ecb  UARTCharGetNonBlocking               
00012f09  UARTCharGet                          
00012f2d  UARTCharPutNonBlocking               
00012f5f  UARTCharPut                          
00012f8b  UARTBreakCtl                         
00012fc3  UARTBusy                             
00012fef  UARTIntRegister                      
0001302d  UARTIntUnregister                    
0001306d  UARTIntEnable                        
00013093  UARTIntDisable                       
000130b9  UARTIntStatus                        
000130e5  UARTIntClear                         
00013105  UARTDMAEnable                        
0001312b  UARTDMADisable                       
00013151  UARTRxErrorGet                       
00013171  UARTRxErrorClear                     
0001318f  UARTClockSourceSet                   
000131c5  UARTClockSourceGet                   
000131e3  UART9BitEnable                       
00013207  UART9BitDisable                      
0001322b  UART9BitAddrSet                      
0001325f  UART9BitAddrSend                     
000132b5  UARTLoopbackEnable                   
000132dd  __TI_printfi                         
00013d2b  __aeabi_idiv0                        
00013d2b  __aeabi_ldiv0                        
00014335  USBHHubMain                          
00014561  USBHHubEnumerationComplete           
00014583  USBHHubEnumerationError              
000145a5  USBHHubOpen                          
000145bd  USBHHubClose                         
000145d1  USBHHubInit                          
000145ff  USBHHubLPMSleep                      
0001460d  USBHHubLPMStatus                     
00014651  xTimerCreateTimerTask                
0001467d  xTimerCreate                         
00014705  xTimerGenericCommand                 
00014771  xTimerGetTimerDaemonTaskHandle       
00014777  xTimerGetPeriod                      
00014789  vTimerSetReloadMode                  
000147bf  uxTimerGetReloadMode                 
000147e7  xTimerGetExpiryTime                  
000147fd  pcTimerGetName                       
00014c3d  xTimerIsTimerActive                  
00014c65  pvTimerGetTimerID                    
00014c7f  vTimerSetTimerID                     
00014c99  xTimerPendFunctionCallFromISR        
00014ccf  xTimerPendFunctionCall               
00014d05  uxTimerGetTimerNumber                
00014d13  vTimerSetTimerNumber                 
000151b3  initCommandLine                      
000155d3  USBBufferInit                        
0001561d  USBBufferZeroLengthPacketInsert      
00015657  USBBufferInfoGet                     
00015691  USBBufferDataWritten                 
000156bf  USBBufferDataRemoved                 
000156e7  USBBufferCallbackDataSet             
00015701  USBBufferWrite                       
00015769  USBBufferFlush                       
00015789  USBBufferRead                        
000157dd  USBBufferDataAvailable               
000157fd  USBBufferSpaceAvailable              
0001581d  USBBufferEventCallback               
0001593d  USBStackModeSet                      
00015987  USB0DualModeIntHandler               
000159d3  USBDualModeInit                      
00015a51  USBDualModeTerm                      
00015a93  USBOTGModeTerm                       
00015adb  USBOTGModeInit                       
00015c01  USBOTGPollRate                       
00015c31  USB0OTGModeIntHandler                
00015d19  OTGDeviceDisconnect                  
00015d33  USBOTGMain                           
00015dd1  USBOTGFeatureSet                     
00015e2f  IntMasterEnable                      
00015e3f  IntMasterDisable                     
00015e4f  IntRegister                          
00015ec5  IntUnregister                        
00015ee5  IntPriorityGroupingSet               
00015f0b  IntPriorityGroupingGet               
00015f43  IntPrioritySet                       
00015fa5  IntPriorityGet                       
00015fdb  IntEnable                            
00016059  IntDisable                           
000160e1  IntIsEnabled                         
00016195  IntPendSet                           
00016205  IntPendClear                         
0001625f  IntPriorityMaskSet                   
0001626b  IntPriorityMaskGet                   
00016273  IntTrigger                           
00016307  USBRingBufFull                       
00016349  USBRingBufEmpty                      
0001637b  USBRingBufFlush                      
000163a7  USBRingBufUsed                       
000163e1  USBRingBufFree                       
00016405  USBRingBufContigUsed                 
0001643d  USBRingBufContigFree                 
00016483  USBRingBufSize                       
0001649b  USBRingBufReadOne                    
000164e1  USBRingBufRead                       
00016557  USBRingBufAdvanceRead                
000165ad  USBRingBufAdvanceWrite               
0001663d  USBRingBufWriteOne                   
00016683  USBRingBufWrite                      
000166f9  USBRingBufInit                       
00016749  __error__                            
00016753  vApplicationStackOverflowHook        
0001675d  vApplicationMallocFailedHook         
0001675f  vApplicationTickHook                 
0001677f  vApplicationIdleHook                 
00016931  main                                 
00016a05  GPIOFIntHandler                      
00016a8b  GPIOInt_A_Handler                    
00016c57  USBDeviceConfig                      
00016e83  USBDeviceConfigAlternate             
00016f4d  pvPortMalloc                         
0001707b  vPortFree                            
000170d5  xPortGetFreeHeapSize                 
000170db  xPortGetMinimumEverFreeHeapSize      
000170e1  vPortInitialiseBlocks                
0001722d  vPortGetHeapStats                    
00017331  USBControlHandler                    
000173bf  USBTxHandler                         
0001742f  USBRxHandler                         
00017491  USBSerialInit                        
00017521  USBSerialGetChar                     
00017535  USBSerialPutChar                     
00017581  USBSerialRead                        
000175d1  USBSerialWrite                       
00017827  destuff_and_check_checksum           
0001787b  create_frame                         
000178ff  decode_command_type                  
0001790d  check_and_extract_command_param      
00017939  get_command_param_pointer            
00017a39  USBDCDConfigDescGetSize              
00017a71  USBDCDConfigDescGetNum               
00017abf  USBDCDConfigDescGet                  
00017b4d  USBDCDConfigGetNumAlternateInterfaces
00017ba1  USBDCDConfigGetInterface             
00017bd7  USBDCDConfigGetInterfaceEndpoint     
00017c45  remotelink_sendMessage               
00017daf  remotelink_init                      
00018165  USBDescGetNum                        
000181c1  USBDescGet                           
0001822b  USBDescGetNumAlternateInterfaces     
000182e5  USBDescGetInterface                  
00018313  USBDescGetInterfaceEndpoint          
00018509  __aeabi_dsub                         
00018513  __aeabi_dadd                         
000186c1  configADC_DisparaADC                 
000186cd  configADC0_IniciaADC0                
00018799  configADC0_LeeADC0                   
000187ad  configADC0_ISR                       
00018811  pxPortInitialiseStack                
0001887b  xPortStartScheduler                  
000188b1  vPortEndScheduler                    
000188b3  vPortEnterCritical                   
000188d3  vPortExitCritical                    
000188e9  xPortSysTickHandler                  
0001890f  vPortSetupTimerInterrupt             
00018a9d  __aeabi_ddiv                         
00018bd3  vListInitialise                      
00018c03  vListInitialiseItem                  
00018c13  vListInsertEnd                       
00018c4f  vListInsert                          
00018cb5  uxListRemove                         
00018cfd  ButtonsPoll                          
00018da3  ButtonsInit                          
00018e25  CPUUsageTick                         
00018e63  CPUUsageInit                         
0001906d  ldexp                                
0001906d  ldexpl                               
0001906d  scalbn                               
0001906d  scalbnl                              
0001917d  __aeabi_dmul                         
00019279  InternalUSBTickInit                  
000192b7  InternalUSBTickReset                 
000192bf  InternalUSBRegisterTickHandler       
0001930f  InternalUSBStartOfFrameTick          
00019375  ulPortGetIPSR                        
0001938d  xPortPendSVHandler                   
000193ed  vPortSVCHandler                      
0001940d  vPortStartFirstTask                  
00019431  vPortEnableVFP                       
0001943f  ULPIConfigSet                        
000194e1  ULPIPowerTransceiver                 
000195bd  CmdLineProcess                       
00019669  __aeabi_memcpy                       
00019669  __aeabi_memcpy4                      
00019669  __aeabi_memcpy8                      
00019669  memcpy                               
00019705  __aeabi_uldivmod                     
0001979b  __aeabi_cdcmpeq                      
0001979b  __aeabi_cdcmple                      
00019821  __aeabi_cdrcmple                     
000198a7  __aeabi_memclr                       
000198a7  __aeabi_memclr4                      
000198a7  __aeabi_memclr8                      
000198a9  __aeabi_memset                       
000198a9  __aeabi_memset4                      
000198a9  __aeabi_memset8                      
000198af  memset                               
0001998f  __aeabi_d2f                          
000199fd  create_checksum                      
00019a65  vConfigureTimerForRunTimeStats       
00019acd  config_sensors                       
00019b35  __TI_decompress_lzss                 
00019b9d  frexp                                
00019b9d  frexpl                               
00019c57  __TI_ltoa                            
00019cfd  atoi                                 
00019d49  __aeabi_d2iz                         
00019d91  __TI_auto_init_nobinit_nopinit       
00019dd5  __aeabi_d2uiz                        
00019e19  __aeabi_uidiv                        
00019e19  __aeabi_uidivmod                     
00019e59  sprintf                              
00019ed7  CPUcpsid                             
00019ee3  CPUprimask                           
00019eed  CPUcpsie                             
00019ef9  CPUwfi                               
00019efd  CPUbasepriSet                        
00019f0b  CPUbasepriGet                        
00019f15  __aeabi_f2d                          
00019f4d  _c_int00_noargs                      
00019f81  __aeabi_i2d                          
00019fb1  ResetISR                             
00019fdd  strncmp                              
0001a009  GetOverflowCounts                    
0001a02d  USB0DeviceIntHandler                 
0001a051  __aeabi_ui2d                         
0001a071  memccpy                              
0001a08d  copysign                             
0001a08d  copysignl                            
0001a0bf  strcmp                               
0001a0d7  strchr                               
0001a0ed  strcpy                               
0001a101  strlen                               
0001a115  wcslen                               
0001a127  __TI_decompress_none                 
0001a135  __TI_zero_init                       
0001a14d  __aeabi_errno_addr                   
0001a155  SysCtlDelay                          
0001a15b  _system_pre_init                     
0001a15f  C$$EXIT                              
0001a15f  abort                                
0001a75c  _ctypes_                             
0001acb0  g_pui8ConfigString                   
0001ad1c  g_sCDCHandlers                       
0001ad7c  g_pui8ControlInterfaceString         
0001ada8  g_pui8ManufacturerString             
0001adcc  g_pui8CDCSerCommInterface            
0001adef  g_pui8ProductString                  
0001ae34  g_ppui8StringDescriptors             
0001ae4c  g_pui8CDCSerDataInterface            
0001ae63  g_pui8CDCSerDataInterfaceHS          
0001aecc  g_pui8SerialNumberString             
0001af20  g_sCDCCompSerConfigHeader            
0001af28  g_sCDCCompSerConfigHeaderHS          
0001af30  g_sCDCSerCommInterfaceSection        
0001af38  g_sCDCSerConfigHeader                
0001af40  g_sCDCSerConfigHeaderHS              
0001af48  g_sCDCSerConfigSection               
0001af50  g_sCDCSerDataInterfaceSection        
0001af58  g_sCDCSerDataInterfaceSectionHS      
0001af60  g_sIADSerConfigSection               
0001af68  g_pui8LangDescriptor                 
0001af6c  g_pCDCCompSerConfigDescriptors       
0001af70  g_pCDCCompSerConfigDescriptorsHS     
0001af74  g_ppCDCSerConfigDescriptors          
0001af78  g_ppCDCSerConfigDescriptorsHS        
0001af7c  ulMaxSyscallInterruptPriority        
0001af80  uxTopUsedPriority                    
0001b0fc  __TI_Handler_Table_Base              
0001b108  __TI_Handler_Table_Limit             
0001b118  __TI_CINIT_Base                      
0001b130  __TI_CINIT_Limit                     
20000000  __start___llvm_prf_cnts              
20000000  __stop___llvm_prf_cnts               
20000000  g_pfnRAMVectors                      
20005d88  g_pui8USBRxBuffer                    
20005e88  g_pui8USBTxBuffer                    
20006024  g_psDCDInst                          
20006074  xQueueRegistry                       
200061f8  g_pfnTickHandlers                    
20006210  g_pvTickInstance                     
2000630c  DCanterior                           
20006314  ui32DutyCycle                        
20006330  cola_freertos                        
20006334  cola_pa3                             
20006338  estado                               
2000633c  g_ppsDevInfo                         
20006340  g_ui32CPUUsage                       
20006344  g_ui32PollRate                       
20006348  g_ulSystemClock                      
2000634c  ui32Period                           
20006350  g_eOTGModeState                      
20006354  g_psCmdTable                         
20006414  g_sCDCDevice                         
20006474  pxCurrentTCB                         
200064b0  g_sRxBuffer                          
200064e8  g_sTxBuffer                          
20006594  g_pui8CDCSerDeviceDescriptor         
200065a8  g_psCDCCompSerSections               
200065b8  g_psCDCCompSerSectionsHS             
200065c8  g_ulUARTTxCount                      
200065cc  g_ulUARTRxCount                      
200065d0  g_ulUARTRxErrors                     
200065d8  g_psCDCSerSections                   
200065e4  g_psCDCSerSectionsHS                 
20006608  g_bUSBTimerInitialized               
2000660c  g_ui32CurrentUSBTick                 
20006610  g_ui32USBSOFCount                    
20006614  g_pui8CDCSerDescriptor               
20006620  g_iUSBMode                           
20006624  g_ui32WaitTicks                      
20006629  g_pui8IADSerDescriptor               
2000664c  errno                                
20006650  __stack                              
20006850  __STACK_END                          
20006850  __STACK_TOP                          
ffffffff  __TI_pprof_out_hndl                  
ffffffff  __TI_prof_data_size                  
ffffffff  __TI_prof_data_start                 
ffffffff  __binit__                            
ffffffff  __c_args__                           
ffffffff  binit                                
UNDEFED   __mpu_init                           
UNDEFED   _system_post_cinit                   

[853 symbols]
