******************************************************************************
                  TI ARM Linker PC v20.2.5                     
******************************************************************************
>> Linked Tue Nov  1 14:35:46 2022

OUTPUT FILE NAME:   <P2.out>
ENTRY POINT SYMBOL: "_c_int00_noargs"  address: 0001a801


MEMORY CONFIGURATION

         name            origin    length      used     unused   attr    fill
----------------------  --------  ---------  --------  --------  ----  --------
  FLASH                 00000000   00040000  0001bace  00024532  R  X
  SRAM                  20000000   00008000  000068b9  00001747  RW X


SEGMENT ALLOCATION MAP

run origin  load origin   length   init length attrs members
----------  ----------- ---------- ----------- ----- -------
00000000    00000000    0001bad0   0001bad0    r-x
  00000000    00000000    0000026c   0000026c    r-- .intvecs
  0000026c    0000026c    0001a7aa   0001a7aa    r-x .text
  0001aa18    0001aa18    00000ea8   00000ea8    r-- .const
  0001b8c0    0001b8c0    00000210   00000210    r-- .cinit
20000000    20000000    000068c0   00000000    rw-
  20000000    20000000    0000026c   00000000    rw- .vtable
  2000026c    2000026c    000060f1   00000000    rw- .bss
  20006360    20006360    0000035c   00000000    rw- .data
  200066c0    200066c0    00000200   00000000    rw- .stack


SECTION ALLOCATION MAP

 output                                  attributes/
section   page    origin      length       input sections
--------  ----  ----------  ----------   ----------------
.intvecs   0    00000000    0000026c     
                  00000000    0000026c     startup_ccs.obj (.intvecs)

.text      0    0000026c    0001a7aa     
                  0000026c    00003084     usbhostenum.obj (.text)
                  000032f0    0000238c     usb.obj (.text)
                  0000567c    00001d1c     tasks.obj (.text)
                  00007398    00001688     sysctl.obj (.text)
                  00008a20    00001570     usbdenum.obj (.text)
                  00009f90    00001288     gpio.obj (.text)
                  0000b218    00001040     adc.obj (.text)
                  0000c258    00000fdc     usbdcdc.obj (.text)
                  0000d234    00000fa8     usbdma.obj (.text)
                  0000e1dc    00000f4c     pwm.obj (.text)
                  0000f128    00000e04     Servos.obj (.text)
                  0000ff2c    00000d20     queue.obj (.text)
                  00010c4c    00000d20     timer.obj (.text)
                  0001196c    00000b8c     uartstdio.obj (.text)
                  000124f8    00000b08     uart.obj (.text)
                  00013000    00000a4e     rtsv7M4_T_le_v4SPD16_eabi.lib : _printfi.c.obj (.text:__TI_printfi)
                  00013a4e    00000002                                   : div0.asm.obj (.text)
                  00013a50    00000924     usbhhub.obj (.text)
                  00014374    00000870     main.obj (.text)
                  00014be4    000007e0     commands.obj (.text)
                  000153c4    000006f0     timers.obj (.text)
                  00015ab4    00000598     usbbuffer.obj (.text)
                  0001604c    00000570     usbmode.obj (.text)
                  000165bc    00000490     interrupt.obj (.text)
                  00016a4c    0000048c     usbringbuf.obj (.text)
                  00016ed8    00000408     event_groups.obj (.text)
                  000172e0    000003bc     usbdconfig.obj (.text)
                  0001769c    000003a0     heap_4.obj (.text)
                  00017a3c    00000388     usb_dev_serial.obj (.text)
                  00017dc4    000002f2     serialprotocol.obj (.text)
                  000180b6    000002de     usbdcdesc.obj (.text)
                  00018394    000002b0     remotelink.obj (.text)
                  00018644    00000270     rtsv7M4_T_le_v4SPD16_eabi.lib : _printfi.c.obj (.text:_pconv_a)
                  000188b4    000001d2     usbdesc.obj (.text)
                  00018a86    00000002     --HOLE-- [fill = 0]
                  00018a88    000001d0     rtsv7M4_T_le_v4SPD16_eabi.lib : _printfi.c.obj (.text:_pconv_g)
                  00018c58    000001b6                                   : fd_add_t2.asm.obj (.text)
                  00018e0e    00000002     --HOLE-- [fill = 0]
                  00018e10    00000150     configADC.obj (.text)
                  00018f60    00000150     port.obj (.text)
                  000190b0    0000013c     rtsv7M4_T_le_v4SPD16_eabi.lib : _printfi.c.obj (.text:_pconv_e)
                  000191ec    00000136                                   : fd_div_t2.asm.obj (.text)
                  00019322    0000012a     list.obj (.text)
                  0001944c    00000128     buttons.obj (.text)
                  00019574    00000124     cpu_usage.obj (.text)
                  00019698    00000124     rtsv7M4_T_le_v4SPD16_eabi.lib : _printfi.c.obj (.text:fcvt)
                  000197bc    00000110                                   : s_scalbn.c.obj (.text:scalbn)
                  000198cc    000000fc                                   : fd_mul_t2.asm.obj (.text)
                  000199c8    000000f8                                   : s_floor.c.obj (.text:floor)
                  00019ac0    000000ec     usbtick.obj (.text)
                  00019bac    000000da     portasm.obj (.text)
                  00019c86    000000c8     usbulpi.obj (.text)
                  00019d4e    00000002     --HOLE-- [fill = 0]
                  00019d50    000000c4     rtsv7M4_T_le_v4SPD16_eabi.lib : s_round.c.obj (.text:round)
                  00019e14    000000b4     Sensors.obj (.text)
                  00019ec8    000000b1     rtsv7M4_T_le_v4SPD16_eabi.lib : _printfi.c.obj (.text:_ltostr)
                  00019f79    00000003     --HOLE-- [fill = 0]
                  00019f7c    000000ac     cmdline.obj (.text)
                  0001a028    0000009c     rtsv7M4_T_le_v4SPD16_eabi.lib : memcpy_t2.asm.obj (.text)
                  0001a0c4    00000096                                   : ull_div_t2.asm.obj (.text)
                  0001a15a    00000086                                   : fd_cmp_t2.asm.obj (.text:__aeabi_cdcmple)
                  0001a1e0    00000086                                   : fd_cmp_t2.asm.obj (.text:__aeabi_cdrcmple)
                  0001a266    0000007a                                   : memset_t2.asm.obj (.text)
                  0001a2e0    0000006e                                   : _printfi.c.obj (.text:_mcpy)
                  0001a34e    00000002     --HOLE-- [fill = 0]
                  0001a350    00000068     crc.obj (.text)
                  0001a3b8    00000068     RunTimeStatsConfig.obj (.text)
                  0001a420    00000068     rtsv7M4_T_le_v4SPD16_eabi.lib : copy_decompress_lzss.c.obj (.text:decompress:lzss:__TI_decompress_lzss)
                  0001a488    00000064                                   : s_frexp.c.obj (.text:frexp)
                  0001a4ec    00000056                                   : _printfi.c.obj (.text:_pconv_f)
                  0001a542    00000054                                   : _ltoa.c.obj (.text:__TI_ltoa)
                  0001a596    00000052                                   : _printfi.c.obj (.text:_ecpy)
                  0001a5e8    0000004c                                   : atoi.c.obj (.text:atoi)
                  0001a634    00000048                                   : fd_toi_t2.asm.obj (.text)
                  0001a67c    00000044                                   : autoinit.c.obj (.text:__TI_auto_init_nobinit_nopinit:__TI_auto_init_nobinit_nopinit)
                  0001a6c0    00000044                                   : fd_tou_t2.asm.obj (.text)
                  0001a704    00000040                                   : u_divt2.asm.obj (.text)
                  0001a744    00000040                                   : sprintf.c.obj (.text:sprintf)
                  0001a784    0000003e                                   : _printfi.c.obj (.text:_fcpy)
                  0001a7c2    0000003e     cpu.obj (.text)
                  0001a800    00000034     rtsv7M4_T_le_v4SPD16_eabi.lib : boot_cortex_m.c.obj (.text:_c_int00_noargs:_c_int00_noargs)
                  0001a834    0000002e                                   : i_tofd_t2.asm.obj (.text)
                  0001a862    00000002     --HOLE-- [fill = 0]
                  0001a864    0000002c     startup_ccs.obj (.text)
                  0001a890    0000002c     rtsv7M4_T_le_v4SPD16_eabi.lib : strncmp.c.obj (.text:strncmp)
                  0001a8bc    00000024     RunTimeStatsConfig.obj (.text:GetOverflowCounts)
                  0001a8e0    00000024     usbdhandler.obj (.text)
                  0001a904    00000020     rtsv7M4_T_le_v4SPD16_eabi.lib : u_tofd_t2.asm.obj (.text)
                  0001a924    0000001c                                   : memccpy.c.obj (.text:memccpy)
                  0001a940    0000001a                                   : s_copysign.c.obj (.text:copysign)
                  0001a95a    00000018                                   : sprintf.c.obj (.text:_outs)
                  0001a972    00000018                                   : strcmp.c.obj (.text:strcmp)
                  0001a98a    00000016                                   : strchr.c.obj (.text:strchr)
                  0001a9a0    00000014                                   : strcpy.c.obj (.text:strcpy)
                  0001a9b4    00000014                                   : strlen.c.obj (.text:strlen)
                  0001a9c8    00000012                                   : wcslen.c.obj (.text:wcslen)
                  0001a9da    0000000e                                   : copy_decompress_none.c.obj (.text:decompress:none:__TI_decompress_none)
                  0001a9e8    0000000c                                   : copy_zero_init.c.obj (.text:decompress:ZI:__TI_zero_init)
                  0001a9f4    0000000a                                   : sprintf.c.obj (.text:_outc)
                  0001a9fe    00000002     --HOLE-- [fill = 0]
                  0001aa00    00000008                                   : errno.c.obj (.text:__aeabi_errno_addr)
                  0001aa08    00000006     sysctl.obj (.text:SysCtlDelay)
                  0001aa0e    00000004     rtsv7M4_T_le_v4SPD16_eabi.lib : pre_init.c.obj (.text:_system_pre_init)
                  0001aa12    00000004                                   : exit.c.obj (.text:abort:abort)

.const     0    0001aa18    00000ea8     
                  0001aa18    000002cc     commands.obj (.const:.string)
                  0001ace4    00000200     crc.obj (.const:crctttab)
                  0001aee4    000001b0     sysctl.obj (.const:g_pppui32XTALtoVCO)
                  0001b094    00000101     rtsv7M4_T_le_v4SPD16_eabi.lib : ctype.c.obj (.const:.string:_ctypes_)
                  0001b195    00000003     --HOLE-- [fill = 0]
                  0001b198    000000d8     gpio.obj (.const:g_ppui32GPIOIntMapSnowflake)
                  0001b270    000000c0     gpio.obj (.const:g_ppui32GPIOIntMapBlizzard)
                  0001b330    0000009c     interrupt.obj (.const:g_pui32Regs)
                  0001b3cc    00000090     gpio.obj (.const:g_pui32GPIOBaseAddrs)
                  0001b45c    0000006c     sysctl.obj (.const:g_pui32Xtals)
                  0001b4c8    00000060     timer.obj (.const:g_ppui32TimerIntMap)
                  0001b528    00000040     timer.obj (.const:g_ppui32TimerIntMapSnowflake)
                  0001b568    00000040     uart.obj (.const:g_ppui32UARTIntMap)
                  0001b5a8    00000040     uart.obj (.const:g_ppui32UARTIntMapSnowflake)
                  0001b5e8    00000036     usb_serial_structs.obj (.const:.string:g_pui8ConfigString)
                  0001b61e    00000002     --HOLE-- [fill = 0]
                  0001b620    00000034     usbdenum.obj (.const:g_psUSBDStdRequests)
                  0001b654    00000030     usbdcdc.obj (.const:g_sCDCHandlers)
                  0001b684    00000030     sysctl.obj (.const:g_sXTALtoMEMTIM)
                  0001b6b4    0000002c     usb_serial_structs.obj (.const:.string:g_pui8ControlInterfaceString)
                  0001b6e0    00000024     usb_serial_structs.obj (.const:.string:g_pui8ManufacturerString)
                  0001b704    00000023     usbdcdc.obj (.const:.string:g_pui8CDCSerCommInterface)
                  0001b727    00000022     usb_serial_structs.obj (.const:.string:g_pui8ProductString)
                  0001b749    00000003     --HOLE-- [fill = 0]
                  0001b74c    00000020     interrupt.obj (.const:g_pui32Priority)
                  0001b76c    00000018     usb_serial_structs.obj (.const:g_ppui8StringDescriptors)
                  0001b784    00000017     usbdcdc.obj (.const:.string:g_pui8CDCSerDataInterface)
                  0001b79b    00000017     usbdcdc.obj (.const:.string:g_pui8CDCSerDataInterfaceHS)
                  0001b7b2    00000002     --HOLE-- [fill = 0]
                  0001b7b4    00000014     interrupt.obj (.const:g_pui32Dii16Regs)
                  0001b7c8    00000014     interrupt.obj (.const:g_pui32EnRegs)
                  0001b7dc    00000014     interrupt.obj (.const:g_pui32PendRegs)
                  0001b7f0    00000014     interrupt.obj (.const:g_pui32UnpendRegs)
                  0001b804    00000012     usb_serial_structs.obj (.const:.string:g_pui8SerialNumberString)
                  0001b816    00000002     --HOLE-- [fill = 0]
                  0001b818    00000012     uartstdio.obj (.const:.string)
                  0001b82a    00000002     --HOLE-- [fill = 0]
                  0001b82c    0000000c     uartstdio.obj (.const:g_ui32UARTBase)
                  0001b838    0000000c     uartstdio.obj (.const:g_ui32UARTInt)
                  0001b844    0000000c     uartstdio.obj (.const:g_ui32UARTPeriph)
                  0001b850    00000008     sysctl.obj (.const:g_pui32VCOFrequencies)
                  0001b858    00000008     usbdcdc.obj (.const:g_sCDCCompSerConfigHeader)
                  0001b860    00000008     usbdcdc.obj (.const:g_sCDCCompSerConfigHeaderHS)
                  0001b868    00000008     usbdcdc.obj (.const:g_sCDCSerCommInterfaceSection)
                  0001b870    00000008     usbdcdc.obj (.const:g_sCDCSerConfigHeader)
                  0001b878    00000008     usbdcdc.obj (.const:g_sCDCSerConfigHeaderHS)
                  0001b880    00000008     usbdcdc.obj (.const:g_sCDCSerConfigSection)
                  0001b888    00000008     usbdcdc.obj (.const:g_sCDCSerDataInterfaceSection)
                  0001b890    00000008     usbdcdc.obj (.const:g_sCDCSerDataInterfaceSectionHS)
                  0001b898    00000008     usbdcdc.obj (.const:g_sIADSerConfigSection)
                  0001b8a0    00000004     usb_serial_structs.obj (.const:.string:g_pui8LangDescriptor)
                  0001b8a4    00000004     usbdcdc.obj (.const:g_pCDCCompSerConfigDescriptors)
                  0001b8a8    00000004     usbdcdc.obj (.const:g_pCDCCompSerConfigDescriptorsHS)
                  0001b8ac    00000004     usbdcdc.obj (.const:g_ppCDCSerConfigDescriptors)
                  0001b8b0    00000004     usbdcdc.obj (.const:g_ppCDCSerConfigDescriptorsHS)
                  0001b8b4    00000004     port.obj (.const)
                  0001b8b8    00000004     tasks.obj (.const)
                  0001b8bc    00000004     uartstdio.obj (.const)

.cinit     0    0001b8c0    00000210     
                  0001b8c0    000001d5     (.cinit..data.load) [load image, compression = lzss]
                  0001ba95    00000003     --HOLE-- [fill = 0]
                  0001ba98    0000000c     (__TI_handler_table)
                  0001baa4    00000004     --HOLE-- [fill = 0]
                  0001baa8    00000008     (.cinit..bss.load) [load image, compression = zero_init]
                  0001bab0    00000008     (.cinit..vtable.load) [load image, compression = zero_init]
                  0001bab8    00000018     (__TI_cinit_table)

.init_array 
*          0    00000000    00000000     UNINITIALIZED

.vtable    0    20000000    0000026c     UNINITIALIZED
                  20000000    0000026c     interrupt.obj (.vtable)

.bss       0    2000026c    000060f1     UNINITIALIZED
                  2000026c    00005000     heap_4.obj (.bss:ucHeap)
                  2000526c    000006cc     usbhostenum.obj (.bss:g_sUSBHCD)
                  20005938    00000200     uartstdio.obj (.bss:g_pcUARTRxHistoryBuffer)
                  20005b38    00000140     tasks.obj (.bss:pxReadyTasksLists)
                  20005c78    00000110     usbdma.obj (.bss:g_psUSBDMAInst)
                  20005d88    00000100     (.common:g_pui8USBRxBuffer)
                  20005e88    00000100     (.common:g_pui8USBTxBuffer)
                  20005f88    0000009c     usbhhub.obj (.bss:g_sRootHub)
                  20006024    00000050     (.common:g_psDCDInst)
                  20006074    00000050     (.common:xQueueRegistry)
                  200060c4    00000040     remotelink.obj (.bss:Rxframe)
                  20006104    00000040     remotelink.obj (.bss:Txframe)
                  20006144    00000040     usbdenum.obj (.bss:g_pui8DataBufferIn)
                  20006184    00000024     cmdline.obj (.bss:g_ppcArgv)
                  200061a8    00000020     uartstdio.obj (.bss:g_usUARTRxHistoryOffset)
                  200061c8    00000018     usbhostenum.obj (.bss:g_pi32USBHActiveDriver)
                  200061e0    00000018     usbhostenum.obj (.bss:g_ppvDriverInstance)
                  200061f8    00000018     (.common:g_pfnTickHandlers)
                  20006210    00000018     (.common:g_pvTickInstance)
                  20006228    00000014     uartstdio.obj (.bss)
                  2000623c    00000014     timers.obj (.bss:xActiveTimerList1)
                  20006250    00000014     timers.obj (.bss:xActiveTimerList2)
                  20006264    00000014     tasks.obj (.bss:xDelayedTaskList1)
                  20006278    00000014     tasks.obj (.bss:xDelayedTaskList2)
                  2000628c    00000014     tasks.obj (.bss:xPendingReadyList)
                  200062a0    00000014     tasks.obj (.bss:xSuspendedTaskList)
                  200062b4    00000014     tasks.obj (.bss:xTasksWaitingTermination)
                  200062c8    0000000c     cpu_usage.obj (.bss)
                  200062d4    00000008     usbhostenum.obj (.bss:g_pui32Alloc)
                  200062dc    00000008     adc.obj (.bss:g_pui8OversampleFactor)
                  200062e4    00000008     tasks.obj (.bss)
                  200062ec    00000008     timers.obj (.bss)
                  200062f4    00000008     usb_dev_serial.obj (.bss)
                  200062fc    00000008     usbhhub.obj (.bss)
                  20006304    00000008     heap_4.obj (.bss:xStart)
                  2000630c    00000008     (.common:DCanterior)
                  20006314    00000008     (.common:ui32DutyCycle)
                  2000631c    00000004     configADC.obj (.bss)
                  20006320    00000004     remotelink.obj (.bss)
                  20006324    00000004     usbdenum.obj (.bss)
                  20006328    00000004     usbhostenum.obj (.bss)
                  2000632c    00000004     usbmode.obj (.bss)
                  20006330    00000004     (.common:FlagsEventos)
                  20006334    00000004     (.common:colaCM)
                  20006338    00000004     (.common:colaGrados)
                  2000633c    00000004     (.common:colaPA)
                  20006340    00000004     (.common:estado)
                  20006344    00000004     (.common:g_ppsDevInfo)
                  20006348    00000004     (.common:g_ui32CPUUsage)
                  2000634c    00000004     (.common:g_ui32PollRate)
                  20006350    00000004     (.common:g_ulSystemClock)
                  20006354    00000004     (.common:semWhisker)
                  20006358    00000004     (.common:ui32Period)
                  2000635c    00000001     (.common:g_eOTGModeState)

.data      0    20006360    0000035c     UNINITIALIZED
                  20006360    000000e4     commands.obj (.data:g_psCmdTable)
                  20006444    00000060     usb_serial_structs.obj (.data:g_sCDCDevice)
                  200064a4    0000003c     tasks.obj (.data)
                  200064e0    00000038     usb_serial_structs.obj (.data:g_sRxBuffer)
                  20006518    00000038     usb_serial_structs.obj (.data:g_sTxBuffer)
                  20006550    0000001e     main.obj (.data:val_distancia)
                  2000656e    0000001e     main.obj (.data:val_voltaje_hex)
                  2000658c    00000018     cpu_usage.obj (.data:g_pui32CPUUsageTimerBase)
                  200065a4    00000018     cpu_usage.obj (.data:g_pui32CPUUsageTimerPeriph)
                  200065bc    00000018     usbhostenum.obj (.data:g_sUSBHEP0State)
                  200065d4    00000018     heap_4.obj (.data)
                  200065ec    00000014     usbhostenum.obj (.data)
                  20006600    00000012     usbdcdc.obj (.data:g_pui8CDCSerDeviceDescriptor)
                  20006612    00000002     main.obj (.data)
                  20006614    00000010     usbdcdc.obj (.data:g_psCDCCompSerSections)
                  20006624    00000010     usbdcdc.obj (.data:g_psCDCCompSerSectionsHS)
                  20006634    0000000d     usb_dev_serial.obj (.data)
                  20006641    00000003     buttons.obj (.data)
                  20006644    0000000c     usbdcdc.obj (.data:g_psCDCSerSections)
                  20006650    0000000c     usbdcdc.obj (.data:g_psCDCSerSectionsHS)
                  2000665c    0000000c     timers.obj (.data)
                  20006668    0000000c     uartstdio.obj (.data)
                  20006674    0000000c     usbtick.obj (.data)
                  20006680    00000009     usbdcdc.obj (.data:g_pui8CDCSerDescriptor)
                  20006689    00000001     --HOLE--
                  2000668a    00000002     usbdcdc.obj (.data)
                  2000668c    00000009     usbmode.obj (.data)
                  20006695    00000008     usbdcdc.obj (.data:g_pui8IADSerDescriptor)
                  2000669d    00000003     --HOLE--
                  200066a0    00000008     usbdenum.obj (.data)
                  200066a8    00000007     usb_dev_serial.obj (.data:ConfigLinea)
                  200066af    00000001     --HOLE--
                  200066b0    00000004     port.obj (.data)
                  200066b4    00000004     remotelink.obj (.data)
                  200066b8    00000004     rtsv7M4_T_le_v4SPD16_eabi.lib : errno.c.obj (.data)

.stack     0    200066c0    00000200     UNINITIALIZED
                  200066c0    00000004     rtsv7M4_T_le_v4SPD16_eabi.lib : boot_cortex_m.c.obj (.stack)
                  200066c4    000001fc     --HOLE--

__llvm_prf_cnts 
*          0    20000000    00000000     UNINITIALIZED

MODULE SUMMARY

       Module                       code     ro data   rw data
       ------                       ----     -------   -------
    .\
       commands.obj                 2016     716       240    
       main.obj                     2160     0         90     
       startup_ccs.obj              44       620       0      
    +--+----------------------------+--------+---------+---------+
       Total:                       4220     1336      330    
                                                              
    .\FreeRTOS\Source\
       tasks.obj                    7452     4         488    
       queue.obj                    3360     0         80     
       timers.obj                   1776     0         60     
       event_groups.obj             1032     0         0      
       list.obj                     298      0         0      
    +--+----------------------------+--------+---------+---------+
       Total:                       13918    4         628    
                                                              
    .\FreeRTOS\Source\portable\CCS\ARM_CM4F\
       port.obj                     336      4         4      
       portasm.obj                  218      0         0      
    +--+----------------------------+--------+---------+---------+
       Total:                       554      4         4      
                                                              
    .\FreeRTOS\Source\portable\MemMang\
       heap_4.obj                   928      0         20512  
    +--+----------------------------+--------+---------+---------+
       Total:                       928      0         20512  
                                                              
    .\driverlib\
       usb.obj                      9100     0         0      
       sysctl.obj                   5774     596       0      
       gpio.obj                     4744     552       0      
       adc.obj                      4160     0         8      
       pwm.obj                      3916     0         0      
       timer.obj                    3360     160       0      
       uart.obj                     2824     128       0      
       interrupt.obj                1168     268       620    
       cpu.obj                      62       0         0      
    +--+----------------------------+--------+---------+---------+
       Total:                       35108    1704      628    
                                                              
    .\drivers\
       Servos.obj                   3588     0         12     
       configADC.obj                336      0         4      
       buttons.obj                  296      0         3      
       Sensors.obj                  180      0         0      
    +--+----------------------------+--------+---------+---------+
       Total:                       4400     0         19     
                                                              
    .\remotelink\
       usb_serial_structs.obj       0        214       720    
       usb_dev_serial.obj           904      0         28     
       remotelink.obj               688      0         136    
       serialprotocol.obj           754      0         0      
       crc.obj                      104      512       0      
    +--+----------------------------+--------+---------+---------+
       Total:                       2450     726       884    
                                                              
    .\usblib\
       usbdma.obj                   4008     0         272    
       usbbuffer.obj                1432     0         0      
       usbmode.obj                  1392     0         18     
       usbringbuf.obj               1164     0         0      
       usbdesc.obj                  466      0         0      
       usbtick.obj                  236      0         60     
       usbulpi.obj                  200      0         0      
    +--+----------------------------+--------+---------+---------+
       Total:                       8898     0         350    
                                                              
    .\usblib\device\
       usbdenum.obj                 5488     52        160    
       usbdcdc.obj                  4060     217       93     
       usbdconfig.obj               956      0         0      
       usbdcdesc.obj                734      0         0      
       usbdhandler.obj              36       0         0      
    +--+----------------------------+--------+---------+---------+
       Total:                       11274    269       253    
                                                              
    .\usblib\host\
       usbhostenum.obj              12420    0         1844   
       usbhhub.obj                  2340     0         164    
    +--+----------------------------+--------+---------+---------+
       Total:                       14760    0         2008   
                                                              
    .\utils\
       uartstdio.obj                2956     58        576    
       cpu_usage.obj                292      0         60     
       cmdline.obj                  172      0         36     
       RunTimeStatsConfig.obj       140      0         0      
    +--+----------------------------+--------+---------+---------+
       Total:                       3560     58        672    
                                                              
    C:\ti\ccs1110\ccs\tools\compiler\ti-cgt-arm_20.2.5.LTS\lib\rtsv7M4_T_le_v4SPD16_eabi.lib
       _printfi.c.obj               4851     0         0      
       fd_add_t2.asm.obj            438      0         0      
       fd_div_t2.asm.obj            310      0         0      
       s_scalbn.c.obj               272      0         0      
       fd_cmp_t2.asm.obj            268      0         0      
       ctype.c.obj                  0        257       0      
       fd_mul_t2.asm.obj            252      0         0      
       s_floor.c.obj                248      0         0      
       s_round.c.obj                196      0         0      
       memcpy_t2.asm.obj            156      0         0      
       ull_div_t2.asm.obj           150      0         0      
       memset_t2.asm.obj            122      0         0      
       copy_decompress_lzss.c.obj   104      0         0      
       s_frexp.c.obj                100      0         0      
       sprintf.c.obj                98       0         0      
       _ltoa.c.obj                  84       0         0      
       atoi.c.obj                   76       0         0      
       fd_toi_t2.asm.obj            72       0         0      
       autoinit.c.obj               68       0         0      
       fd_tou_t2.asm.obj            68       0         0      
       u_divt2.asm.obj              64       0         0      
       boot_cortex_m.c.obj          52       0         0      
       i_tofd_t2.asm.obj            46       0         0      
       strncmp.c.obj                44       0         0      
       u_tofd_t2.asm.obj            32       0         0      
       memccpy.c.obj                28       0         0      
       s_copysign.c.obj             26       0         0      
       strcmp.c.obj                 24       0         0      
       strchr.c.obj                 22       0         0      
       strcpy.c.obj                 20       0         0      
       strlen.c.obj                 20       0         0      
       wcslen.c.obj                 18       0         0      
       copy_decompress_none.c.obj   14       0         0      
       copy_zero_init.c.obj         12       0         0      
       errno.c.obj                  8        0         4      
       exit.c.obj                   4        0         0      
       pre_init.c.obj               4        0         0      
       div0.asm.obj                 2        0         0      
    +--+----------------------------+--------+---------+---------+
       Total:                       8373     257       4      
                                                              
       Stack:                       0        0         512    
       Linker Generated:            0        521       0      
    +--+----------------------------+--------+---------+---------+
       Grand Total:                 108443   4879      26804  


LINKER GENERATED COPY TABLES

__TI_cinit_table @ 0001bab8 records: 3, size/record: 8, table size: 24
	.data: load addr=0001b8c0, load size=000001d5 bytes, run addr=20006360, run size=0000035c bytes, compression=lzss
	.bss: load addr=0001baa8, load size=00000008 bytes, run addr=2000026c, run size=000060f1 bytes, compression=zero_init
	.vtable: load addr=0001bab0, load size=00000008 bytes, run addr=20000000, run size=0000026c bytes, compression=zero_init


LINKER GENERATED HANDLER TABLE

__TI_handler_table @ 0001ba98 records: 3, size/record: 4, table size: 12
	index: 0, handler: __TI_zero_init
	index: 1, handler: __TI_decompress_lzss
	index: 2, handler: __TI_decompress_none


GLOBAL SYMBOLS: SORTED ALPHABETICALLY BY Name 

address   name                                 
-------   ----                                 
0000c167  ADCBusy                              
0000c1fd  ADCClockConfigGet                    
0000c1a1  ADCClockConfigSet                    
0000bcef  ADCComparatorConfigure               
0000bed1  ADCComparatorIntClear                
0000be25  ADCComparatorIntDisable              
0000be69  ADCComparatorIntEnable               
0000bead  ADCComparatorIntStatus               
0000bd35  ADCComparatorRegionSet               
0000bdad  ADCComparatorReset                   
0000bc75  ADCHardwareOversampleConfigure       
0000b42b  ADCIntClear                          
0000bfa1  ADCIntClearEx                        
0000b31d  ADCIntDisable                        
0000befd  ADCIntDisableEx                      
0000b35b  ADCIntEnable                         
0000bf2b  ADCIntEnableEx                       
0000b273  ADCIntRegister                       
0000b3a7  ADCIntStatus                         
0000bf59  ADCIntStatusEx                       
0000b2cd  ADCIntUnregister                     
0000c0bf  ADCPhaseDelayGet                     
0000c025  ADCPhaseDelaySet                     
0000b925  ADCProcessorTrigger                  
0000bffd  ADCReferenceGet                      
0000bfb3  ADCReferenceSet                      
0000b501  ADCSequenceConfigure                 
0000c125  ADCSequenceDMADisable                
0000c0e3  ADCSequenceDMAEnable                 
0000b8b3  ADCSequenceDataGet                   
0000b4b9  ADCSequenceDisable                   
0000b467  ADCSequenceEnable                    
0000b7b9  ADCSequenceOverflow                  
0000b7fd  ADCSequenceOverflowClear             
0000b665  ADCSequenceStepConfigure             
0000b839  ADCSequenceUnderflow                 
0000b877  ADCSequenceUnderflowClear            
0000b973  ADCSoftwareOversampleConfigure       
0000bb6d  ADCSoftwareOversampleDataGet         
0000ba17  ADCSoftwareOversampleStepConfigure   
000194f3  ButtonsInit                          
0001944d  ButtonsPoll                          
0001aa13  C$$EXIT                              
000195b3  CPUUsageInit                         
00019575  CPUUsageTick                         
0001a7f7  CPUbasepriGet                        
0001a7e9  CPUbasepriSet                        
0001a7c3  CPUcpsid                             
0001a7d9  CPUcpsie                             
0001a7cf  CPUprimask                           
0001a7e5  CPUwfi                               
00019f7d  CmdLineProcess                       
0000026d  ConfigDescAlloc                      
00000303  ConfigDescFree                       
2000630c  DCanterior                           
20006330  FlagsEventos                         
0000b1a7  GPIOADCTriggerDisable                
0000b17b  GPIOADCTriggerEnable                 
0000b14f  GPIODMATriggerDisable                
0000b123  GPIODMATriggerEnable                 
0000a16d  GPIODirModeGet                       
0000a0e9  GPIODirModeSet                       
00014a51  GPIOFIntHandler                      
0000a93d  GPIOIntClear                         
0000a8e5  GPIOIntDisable                       
0000a8bd  GPIOIntEnable                        
0000a95f  GPIOIntRegister                      
0000a9dd  GPIOIntRegisterPin                   
0000a90d  GPIOIntStatus                        
0000a391  GPIOIntTypeGet                       
0000a241  GPIOIntTypeSet                       
0000a99d  GPIOIntUnregister                    
0000aa55  GPIOIntUnregisterPin                 
00014aed  GPIOInt_A_Handler                    
0000a729  GPIOPadConfigGet                     
0000a435  GPIOPadConfigSet                     
0000b09d  GPIOPinConfigure                     
0000aaa7  GPIOPinRead                          
0000aafb  GPIOPinTypeADC                       
0000ab31  GPIOPinTypeCAN                       
0000ab67  GPIOPinTypeComparator                
0000ab9d  GPIOPinTypeComparatorOutput          
0000abd3  GPIOPinTypeDIVSCLK                   
0000ac09  GPIOPinTypeEPI                       
0000ac3f  GPIOPinTypeEthernetLED               
0000ac75  GPIOPinTypeEthernetMII               
0000acb9  GPIOPinTypeGPIOInput                 
0000acef  GPIOPinTypeGPIOOutput                
0000ad25  GPIOPinTypeGPIOOutputOD              
0000ad5b  GPIOPinTypeHibernateRTCCLK           
0000ad91  GPIOPinTypeI2C                       
0000adc7  GPIOPinTypeI2CSCL                    
0000adfd  GPIOPinTypeLCD                       
0000ae33  GPIOPinTypeOneWire                   
0000ae69  GPIOPinTypePWM                       
0000ae9f  GPIOPinTypeQEI                       
0000aed5  GPIOPinTypeSSI                       
0000af0b  GPIOPinTypeTimer                     
0000af41  GPIOPinTypeTrace                     
0000af77  GPIOPinTypeUART                      
0000afb1  GPIOPinTypeUSBAnalog                 
0000afe7  GPIOPinTypeUSBDigital                
0000b01d  GPIOPinTypeWakeHigh                  
0000b055  GPIOPinTypeWakeLow                   
0000b08d  GPIOPinWakeStatus                    
0000aacd  GPIOPinWrite                         
0000b1d3  GPIOUnlockPin                        
0001a8bd  GetOverflowCounts                    
000167e9  IntDisable                           
0001676b  IntEnable                            
00016871  IntIsEnabled                         
000165cf  IntMasterDisable                     
000165bf  IntMasterEnable                      
00016995  IntPendClear                         
00016925  IntPendSet                           
00016735  IntPriorityGet                       
0001669b  IntPriorityGroupingGet               
00016675  IntPriorityGroupingSet               
000169fb  IntPriorityMaskGet                   
000169ef  IntPriorityMaskSet                   
000166d3  IntPrioritySet                       
000165df  IntRegister                          
00016a03  IntTrigger                           
00016655  IntUnregister                        
000025c1  InternalUSBHCDSendEvent              
00019b07  InternalUSBRegisterTickHandler       
00019b57  InternalUSBStartOfFrameTick          
00019ac1  InternalUSBTickInit                  
00019aff  InternalUSBTickReset                 
000164a9  OTGDeviceDisconnect                  
0000f025  PWMClockGet                          
0000efab  PWMClockSet                          
0000e5bf  PWMDeadBandDisable                   
0000e537  PWMDeadBandEnable                    
0000ec6f  PWMFaultIntClear                     
0000eccd  PWMFaultIntClearExt                  
0000e9ef  PWMFaultIntRegister                  
0000ea35  PWMFaultIntUnregister                
0000e251  PWMGenConfigure                      
0000e3d3  PWMGenDisable                        
0000e391  PWMGenEnable                         
0000ef05  PWMGenFaultClear                     
0000ed0d  PWMGenFaultConfigure                 
0000ee99  PWMGenFaultStatus                    
0000ee25  PWMGenFaultTriggerGet                
0000ed8b  PWMGenFaultTriggerSet                
0000eb9d  PWMGenIntClear                       
0000e8ed  PWMGenIntRegister                    
0000eb3d  PWMGenIntStatus                      
0000eae1  PWMGenIntTrigDisable                 
0000ea89  PWMGenIntTrigEnable                  
0000e94f  PWMGenIntUnregister                  
0000e33f  PWMGenPeriodGet                      
0000e2bf  PWMGenPeriodSet                      
0000ec2f  PWMIntDisable                        
0000ebef  PWMIntEnable                         
0000ec97  PWMIntStatus                         
0000e785  PWMOutputFault                       
0000e72b  PWMOutputFaultLevel                  
0000e6d1  PWMOutputInvert                      
0000e677  PWMOutputState                       
0000f05f  PWMOutputUpdateMode                  
0000e49f  PWMPulseWidthGet                     
0000e415  PWMPulseWidthSet                     
0000e63d  PWMSyncTimeBase                      
0000e603  PWMSyncUpdate                        
0000c4a1  ProcessDataFromHost                  
0000c5b1  ProcessDataToHost                    
0000c54f  ProcessNotificationToHost            
0001a865  ResetISR                             
000089ab  SysCtlAltClkConfig                   
00007f71  SysCtlClockFreqSet                   
00008451  SysCtlClockGet                       
00008973  SysCtlClockOutConfig                 
00008279  SysCtlClockSet                       
00007e59  SysCtlDeepSleep                      
00008629  SysCtlDeepSleepClockConfigSet        
0000860d  SysCtlDeepSleepClockSet              
00007e39  SysCtlDeepSleepPowerSet              
0001aa09  SysCtlDelay                          
0000775d  SysCtlFlashSectorSizeGet             
00007731  SysCtlFlashSizeGet                   
000087fd  SysCtlGPIOAHBDisable                 
00008779  SysCtlGPIOAHBEnable                  
00007d4d  SysCtlIntClear                       
00007d35  SysCtlIntDisable                     
00007d21  SysCtlIntEnable                      
00007cfd  SysCtlIntRegister                    
00007d5d  SysCtlIntStatus                      
00007d11  SysCtlIntUnregister                  
00007e1f  SysCtlLDODeepSleepGet                
00007dd1  SysCtlLDODeepSleepSet                
00007dc7  SysCtlLDOSleepGet                    
00007d79  SysCtlLDOSleepSet                    
00007e95  SysCtlMOSCConfigSet                  
0000895f  SysCtlNMIClear                       
00008959  SysCtlNMIStatus                      
00007ea5  SysCtlPIOSCCalibrate                 
00008745  SysCtlPWMClockGet                    
000086d5  SysCtlPWMClockSet                    
00007ca9  SysCtlPeripheralClockGating          
00007c5b  SysCtlPeripheralDeepSleepDisable     
00007c0d  SysCtlPeripheralDeepSleepEnable      
00007b19  SysCtlPeripheralDisable              
00007aad  SysCtlPeripheralEnable               
00007961  SysCtlPeripheralPowerOff             
000078dd  SysCtlPeripheralPowerOn              
000077c9  SysCtlPeripheralPresent              
00007855  SysCtlPeripheralReady                
00007a0d  SysCtlPeripheralReset                
00007bb9  SysCtlPeripheralSleepDisable         
00007b67  SysCtlPeripheralSleepEnable          
00007e49  SysCtlReset                          
00007f05  SysCtlResetBehaviorGet               
00007ef5  SysCtlResetBehaviorSet               
00007e81  SysCtlResetCauseClear                
00007e75  SysCtlResetCauseGet                  
00007727  SysCtlSRAMSizeGet                    
00007e51  SysCtlSleep                          
00007e29  SysCtlSleepPowerSet                  
00008873  SysCtlUSBPLLDisable                  
00008867  SysCtlUSBPLLEnable                   
000088ad  SysCtlVCOGet                         
00008895  SysCtlVoltageEventClear              
0000887f  SysCtlVoltageEventConfig             
0000888f  SysCtlVoltageEventStatus             
000118b9  TimerADCEventGet                     
00011899  TimerADCEventSet                     
000112e9  TimerClockSourceGet                  
000112ad  TimerClockSourceSet                  
00010e15  TimerConfigure                       
0001110d  TimerControlEvent                    
00010fe9  TimerControlLevel                    
0001116b  TimerControlStall                    
00011069  TimerControlTrigger                  
000111d5  TimerControlWaitOnTrigger            
000118f5  TimerDMAEventGet                     
000118d5  TimerDMAEventSet                     
00010d89  TimerDisable                         
00010d3f  TimerEnable                          
00011859  TimerIntClear                        
00011807  TimerIntDisable                      
000117e1  TimerIntEnable                       
00011721  TimerIntRegister                     
0001182d  TimerIntStatus                       
0001178b  TimerIntUnregister                   
000114db  TimerLoadGet                         
00011549  TimerLoadGet64                       
00011481  TimerLoadSet                         
0001151d  TimerLoadSet64                       
00011671  TimerMatchGet                        
000116db  TimerMatchGet64                      
00011617  TimerMatchSet                        
000116b3  TimerMatchSet64                      
0001137f  TimerPrescaleGet                     
00011435  TimerPrescaleMatchGet                
000113cb  TimerPrescaleMatchSet                
00011315  TimerPrescaleSet                     
00011289  TimerRTCDisable                      
00011265  TimerRTCEnable                       
00011879  TimerSynchronize                     
00011911  TimerUpdateMode                      
0001158f  TimerValueGet                        
000115d1  TimerValueGet64                      
00012f83  UART9BitAddrSend                     
00012f4f  UART9BitAddrSet                      
00012f2b  UART9BitDisable                      
00012f07  UART9BitEnable                       
00012caf  UARTBreakCtl                         
00012ce7  UARTBusy                             
00012c2d  UARTCharGet                          
00012bef  UARTCharGetNonBlocking               
00012c83  UARTCharPut                          
00012c51  UARTCharPutNonBlocking               
00012b97  UARTCharsAvail                       
00012ee9  UARTClockSourceGet                   
00012eb3  UARTClockSourceSet                   
0001279d  UARTConfigGetExpClk                  
000126bf  UARTConfigSetExpClk                  
00012e4f  UARTDMADisable                       
00012e29  UARTDMAEnable                        
00012845  UARTDisable                          
00012901  UARTDisableSIR                       
000123c7  UARTEchoSet                          
000127fd  UARTEnable                           
000128c5  UARTEnableSIR                        
000128a1  UARTFIFODisable                      
0001287d  UARTFIFOEnable                       
00012683  UARTFIFOLevelGet                     
00012611  UARTFIFOLevelSet                     
00012b19  UARTFlowControlGet                   
00012ad3  UARTFlowControlSet                   
00012393  UARTFlushRx                          
000123a1  UARTFlushTx                          
00012e09  UARTIntClear                         
00012db7  UARTIntDisable                       
00012d91  UARTIntEnable                        
00012d13  UARTIntRegister                      
00012ddd  UARTIntStatus                        
00012d51  UARTIntUnregister                    
00012fd9  UARTLoopbackEnable                   
000129ed  UARTModemControlClear                
00012a51  UARTModemControlGet                  
00012989  UARTModemControlSet                  
00012a91  UARTModemStatusGet                   
000125f3  UARTParityModeGet                    
000125a7  UARTParityModeSet                    
0001237b  UARTRxBytesAvail                     
00012e95  UARTRxErrorClear                     
00012e75  UARTRxErrorGet                       
00012965  UARTSmartCardDisable                 
00012925  UARTSmartCardEnable                  
00012bc3  UARTSpaceAvail                       
000119c7  UARTStdioConfig                      
000123ef  UARTStdioIntHandler                  
00012387  UARTTxBytesFree                      
00012b77  UARTTxIntModeGet                     
00012b39  UARTTxIntModeSet                     
0001201d  UARTgetc                             
00011bbd  UARTgets                             
00012357  UARTprintf                           
00012045  UARTvprintf                          
00011af3  UARTwrite                            
00019c87  ULPIConfigSet                        
00019d29  ULPIPowerTransceiver                 
0001a8e1  USB0DeviceIntHandler                 
00016117  USB0DualModeIntHandler               
000024b7  USB0HostIntHandler                   
000163c1  USB0OTGModeIntHandler                
00015e77  USBBufferCallbackDataSet             
00015f6d  USBBufferDataAvailable               
00015e4f  USBBufferDataRemoved                 
00015e21  USBBufferDataWritten                 
00015fad  USBBufferEventCallback               
00015ef9  USBBufferFlush                       
00015de7  USBBufferInfoGet                     
00015d63  USBBufferInit                        
00015f19  USBBufferRead                        
00015f8d  USBBufferSpaceAvailable              
00015e91  USBBufferWrite                       
00015dad  USBBufferZeroLengthPacketInsert      
0000500b  USBClockDisable                      
00004fe1  USBClockEnable                       
00017a81  USBControlHandler                    
00004fc9  USBControllerVersion                 
0000ccbb  USBDCDCCompositeInit                 
0000ce39  USBDCDCInit                          
0000d029  USBDCDCPacketRead                    
0000cf71  USBDCDCPacketWrite                   
0000d1eb  USBDCDCPowerStatusSet                
0000d20d  USBDCDCRemoteWakeupRequest           
0000d13b  USBDCDCRxPacketAvailable             
0000d1a5  USBDCDCSerialStateChange             
0000cecd  USBDCDCSetControlCBData              
0000cefb  USBDCDCSetRxCBData                   
0000cf2d  USBDCDCSetTxCBData                   
0000cea7  USBDCDCTerm                          
0000d111  USBDCDCTxPacketAvailable             
0001820f  USBDCDConfigDescGet                  
000181c1  USBDCDConfigDescGetNum               
00018189  USBDCDConfigDescGetSize              
000182f1  USBDCDConfigGetInterface             
00018327  USBDCDConfigGetInterfaceEndpoint     
0001829d  USBDCDConfigGetNumAlternateInterfaces
00008a21  USBDCDDeviceInfoInit                 
00008f2f  USBDCDFeatureGet                     
00008e7d  USBDCDFeatureSet                     
00008a85  USBDCDInit                           
00008e1d  USBDCDPowerStatusSet                 
00008f69  USBDCDRemoteWakeLPM                  
00008f83  USBDCDRemoteWakeupRequest            
00008d19  USBDCDRequestDataEP0                 
00008d85  USBDCDSendDataEP0                    
00008dc1  USBDCDSetDefaultConfiguration        
00008ddd  USBDCDStallEP0                       
00008c83  USBDCDTerm                           
00005263  USBDMAChannelAddressGet              
00005229  USBDMAChannelAddressSet              
00005141  USBDMAChannelConfigSet               
000052db  USBDMAChannelCountGet                
000052a1  USBDMAChannelCountSet                
00005103  USBDMAChannelDisable                 
000050c5  USBDMAChannelEnable                  
00005069  USBDMAChannelIntDisable              
0000502b  USBDMAChannelIntEnable               
000050a7  USBDMAChannelIntStatus               
000051a7  USBDMAChannelStatus                  
000051e1  USBDMAChannelStatusClear             
00005311  USBDMANumChannels                    
00018911  USBDescGet                           
00018a35  USBDescGetInterface                  
00018a63  USBDescGetInterfaceEndpoint          
000188b5  USBDescGetNum                        
0001897b  USBDescGetNumAlternateInterfaces     
00003d33  USBDevAddrGet                        
00003d11  USBDevAddrSet                        
00003cc9  USBDevConnect                        
00003ced  USBDevDisconnect                     
00004177  USBDevEndpointConfigGet              
0000403d  USBDevEndpointConfigSet              
00004691  USBDevEndpointDataAck                
00003b55  USBDevEndpointStall                  
00003bfd  USBDevEndpointStallClear             
000038d1  USBDevEndpointStatusClear            
00005519  USBDevLPMConfig                      
00005563  USBDevLPMDisable                     
0000553d  USBDevLPMEnable                      
000054f3  USBDevLPMRemoteWake                  
00004ef9  USBDevMode                           
00003517  USBDevSpeedGet                       
000173a7  USBDeviceConfig                      
000175d3  USBDeviceConfigAlternate             
000090c9  USBDeviceEnumHandler                 
00009229  USBDeviceEnumResetHandler            
00009da1  USBDeviceIntHandlerInternal          
00008fc9  USBDeviceResumeTickHandler           
00016163  USBDualModeInit                      
000161e1  USBDualModeTerm                      
00004e45  USBEndpointDMAChannel                
00004425  USBEndpointDMAConfigSet              
000044f7  USBEndpointDMADisable                
000044bd  USBEndpointDMAEnable                 
00004531  USBEndpointDataAvail                 
000045bb  USBEndpointDataGet                   
0000478d  USBEndpointDataPut                   
00004847  USBEndpointDataSend                  
00003a89  USBEndpointDataToggleClear           
00004f8d  USBEndpointPacketCountSet            
000037bd  USBEndpointStatus                    
00004e0d  USBFIFOAddrGet                       
00004379  USBFIFOConfigGet                     
000042cd  USBFIFOConfigSet                     
000048eb  USBFIFOFlush                         
00004db5  USBFrameNumberGet                    
00002b31  USBHCDControlTransfer                
00002ffd  USBHCDDevAddress                     
00003029  USBHCDDevClass                       
00002fd1  USBHCDDevHubPort                     
000030bd  USBHCDDevProtocol                    
00003071  USBHCDDevSubClass                    
00000429  USBHCDEventDisable                   
000003eb  USBHCDEventEnable                    
00003121  USBHCDFeatureSet                     
00002cb1  USBHCDHubDeviceConnected             
00002d75  USBHCDHubDeviceDisconnected          
000015b5  USBHCDInit                           
0000329d  USBHCDLPMResume                      
00003223  USBHCDLPMSleep                       
000031d9  USBHCDLPMStatus                      
00002711  USBHCDMain                           
000008c1  USBHCDPipeAlloc                      
0000060d  USBHCDPipeAllocSize                  
0000090d  USBHCDPipeConfig                     
00000e4f  USBHCDPipeDataAck                    
000010e1  USBHCDPipeFree                       
00000e85  USBHCDPipeRead                       
00000e05  USBHCDPipeReadNonBlocking            
00000ce1  USBHCDPipeSchedule                   
000005e7  USBHCDPipeTransferSizeGet            
00000ab1  USBHCDPipeWrite                      
0000154d  USBHCDPowerAutomatic                 
00001495  USBHCDPowerConfigGet                 
00001471  USBHCDPowerConfigInit                
000014bd  USBHCDPowerConfigSet                 
00001715  USBHCDRegisterDrivers                
00001801  USBHCDReset                          
00001879  USBHCDResume                         
00001abd  USBHCDSetAddress                     
00001bd5  USBHCDSetConfig                      
00001c2b  USBHCDSetInterface                   
00001a41  USBHCDStringDescriptorGet            
00001859  USBHCDSuspend                        
0000173d  USBHCDTerm                           
000142e1  USBHHubClose                         
00014285  USBHHubEnumerationComplete           
000142a7  USBHHubEnumerationError              
000142f5  USBHHubInit                          
00014323  USBHHubLPMSleep                      
00014331  USBHHubLPMStatus                     
00014059  USBHHubMain                          
000142c9  USBHHubOpen                          
0000345b  USBHighSpeed                         
00004b31  USBHostAddrGet                       
00004aad  USBHostAddrSet                       
00001c85  USBHostCheckPipes                    
00003d55  USBHostEndpointConfig                
00004715  USBHostEndpointDataAck               
000039a5  USBHostEndpointDataToggle            
00003b09  USBHostEndpointPing                  
00003f55  USBHostEndpointSpeed                 
00003835  USBHostEndpointStatusClear           
00004c55  USBHostHubAddrGet                    
00004ba5  USBHostHubAddrSet                    
00001d4d  USBHostIntHandlerInternal            
00005477  USBHostLPMConfig                     
000054cd  USBHostLPMResume                     
0000540b  USBHostLPMSend                       
00004ed9  USBHostMode                          
00004ccd  USBHostPwrConfig                     
00004d8f  USBHostPwrDisable                    
00004d69  USBHostPwrEnable                     
00004d43  USBHostPwrFaultDisable               
00004d1d  USBHostPwrFaultEnable                
000049a1  USBHostRequestIN                     
00004a0f  USBHostRequestINClear                
00004a89  USBHostRequestStatus                 
0000341f  USBHostReset                         
00003497  USBHostResume                        
000034d3  USBHostSpeedGet                      
000033fd  USBHostSuspend                       
0000353d  USBIntDisableControl                 
00003669  USBIntDisableEndpoint                
000035b5  USBIntEnableControl                  
000036a5  USBIntEnableEndpoint                 
00003745  USBIntRegister                       
0000360f  USBIntStatusControl                  
000036e1  USBIntStatusEndpoint                 
00003783  USBIntUnregister                     
000055b3  USBLPMEndpointGet                    
0000564b  USBLPMIntDisable                     
00005623  USBLPMIntEnable                      
00005605  USBLPMIntStatus                      
00005591  USBLPMLinkStateGet                   
000055dd  USBLPMRemoteWakeEnabled              
0000dfc5  USBLibDMAAddrGet                     
0000dff5  USBLibDMAInit                        
0000dfdd  USBLibDMASizeGet                     
00004f39  USBModeConfig                        
00004e23  USBModeGet                           
00004fb1  USBNumEndpointsGet                   
00016561  USBOTGFeatureSet                     
000164c3  USBOTGMain                           
00004f19  USBOTGMode                           
0001626b  USBOTGModeInit                       
00016223  USBOTGModeTerm                       
00016391  USBOTGPollRate                       
00004dd1  USBOTGSessionRequest                 
00004f5b  USBPHYPowerOff                       
00004f71  USBPHYPowerOn                        
00016ce7  USBRingBufAdvanceRead                
00016d3d  USBRingBufAdvanceWrite               
00016bcd  USBRingBufContigFree                 
00016b95  USBRingBufContigUsed                 
00016ad9  USBRingBufEmpty                      
00016b0b  USBRingBufFlush                      
00016b71  USBRingBufFree                       
00016a97  USBRingBufFull                       
00016e89  USBRingBufInit                       
00016c71  USBRingBufRead                       
00016c2b  USBRingBufReadOne                    
00016c13  USBRingBufSize                       
00016b37  USBRingBufUsed                       
00016e13  USBRingBufWrite                      
00016dcd  USBRingBufWriteOne                   
00017b7f  USBRxHandler                         
00017c71  USBSerialGetChar                     
00017be1  USBSerialInit                        
00017c85  USBSerialPutChar                     
00017cd1  USBSerialRead                        
00017d21  USBSerialWrite                       
000160cd  USBStackModeSet                      
00017b0f  USBTxHandler                         
00005331  USBULPIConfig                        
0000535f  USBULPIDisable                       
00005347  USBULPIEnable                        
00005377  USBULPIRegRead                       
000053bd  USBULPIRegWrite                      
200068c0  __STACK_END                          
00000200  __STACK_SIZE                         
200068c0  __STACK_TOP                          
0001bab8  __TI_CINIT_Base                      
0001bad0  __TI_CINIT_Limit                     
0001ba98  __TI_Handler_Table_Base              
0001baa4  __TI_Handler_Table_Limit             
0001a67d  __TI_auto_init_nobinit_nopinit       
0001a421  __TI_decompress_lzss                 
0001a9db  __TI_decompress_none                 
0001a543  __TI_ltoa                            
ffffffff  __TI_pprof_out_hndl                  
00013001  __TI_printfi                         
ffffffff  __TI_prof_data_size                  
ffffffff  __TI_prof_data_start                 
00000000  __TI_static_base__                   
0001a9e9  __TI_zero_init                       
0001a15b  __aeabi_cdcmpeq                      
0001a15b  __aeabi_cdcmple                      
0001a1e1  __aeabi_cdrcmple                     
0001a635  __aeabi_d2iz                         
0001a6c1  __aeabi_d2uiz                        
00018c63  __aeabi_dadd                         
000191ed  __aeabi_ddiv                         
000198cd  __aeabi_dmul                         
00018c59  __aeabi_dsub                         
0001aa01  __aeabi_errno_addr                   
0001a835  __aeabi_i2d                          
00013a4f  __aeabi_idiv0                        
00013a4f  __aeabi_ldiv0                        
0001a267  __aeabi_memclr                       
0001a267  __aeabi_memclr4                      
0001a267  __aeabi_memclr8                      
0001a029  __aeabi_memcpy                       
0001a029  __aeabi_memcpy4                      
0001a029  __aeabi_memcpy8                      
0001a269  __aeabi_memset                       
0001a269  __aeabi_memset4                      
0001a269  __aeabi_memset8                      
0001a905  __aeabi_ui2d                         
0001a705  __aeabi_uidiv                        
0001a705  __aeabi_uidivmod                     
0001a0c5  __aeabi_uldivmod                     
ffffffff  __binit__                            
ffffffff  __c_args__                           
00014375  __error__                            
UNDEFED   __mpu_init                           
200066c0  __stack                              
20000000  __start___llvm_prf_cnts              
20000000  __stop___llvm_prf_cnts               
0001a801  _c_int00_noargs                      
0001b094  _ctypes_                             
UNDEFED   _system_post_cinit                   
0001aa0f  _system_pre_init                     
0001aa13  abort                                
0001a5e9  atoi                                 
00019e6d  binary_lookup                        
ffffffff  binit                                
0001805d  check_and_extract_command_param      
20006334  colaCM                               
20006338  colaGrados                           
2000633c  colaPA                               
00018efd  configADC0_ISR                       
00018e1d  configADC0_IniciaADC0                
00018ee9  configADC0_LeeADC0                   
00018e11  configADC_DisparaADC                 
00019e15  config_sensors                       
0001a941  copysign                             
0001a941  copysignl                            
0001a351  create_checksum                      
00017fcb  create_frame                         
0001804f  decode_command_type                  
00017f77  destuff_and_check_checksum           
00005a11  eTaskGetState                        
200066b8  errno                                
20006340  estado                               
000199c9  floor                                
000199c9  floorl                               
0001a489  frexp                                
0001a489  frexpl                               
20006674  g_bUSBTimerInitialized               
2000635c  g_eOTGModeState                      
2000668c  g_iUSBMode                           
0001b8a4  g_pCDCCompSerConfigDescriptors       
0001b8a8  g_pCDCCompSerConfigDescriptorsHS     
20000000  g_pfnRAMVectors                      
200061f8  g_pfnTickHandlers                    
00000000  g_pfnVectors                         
0001b8ac  g_ppCDCSerConfigDescriptors          
0001b8b0  g_ppCDCSerConfigDescriptorsHS        
20006344  g_ppsDevInfo                         
0001b76c  g_ppui8StringDescriptors             
20006614  g_psCDCCompSerSections               
20006624  g_psCDCCompSerSectionsHS             
20006644  g_psCDCSerSections                   
20006650  g_psCDCSerSectionsHS                 
20006360  g_psCmdTable                         
20006024  g_psDCDInst                          
0001b704  g_pui8CDCSerCommInterface            
0001b784  g_pui8CDCSerDataInterface            
0001b79b  g_pui8CDCSerDataInterfaceHS          
20006680  g_pui8CDCSerDescriptor               
20006600  g_pui8CDCSerDeviceDescriptor         
0001b5e8  g_pui8ConfigString                   
0001b6b4  g_pui8ControlInterfaceString         
20006695  g_pui8IADSerDescriptor               
0001b8a0  g_pui8LangDescriptor                 
0001b6e0  g_pui8ManufacturerString             
0001b727  g_pui8ProductString                  
0001b804  g_pui8SerialNumberString             
20005d88  g_pui8USBRxBuffer                    
20005e88  g_pui8USBTxBuffer                    
20006210  g_pvTickInstance                     
0001b858  g_sCDCCompSerConfigHeader            
0001b860  g_sCDCCompSerConfigHeaderHS          
20006444  g_sCDCDevice                         
0001b654  g_sCDCHandlers                       
0001b868  g_sCDCSerCommInterfaceSection        
0001b870  g_sCDCSerConfigHeader                
0001b878  g_sCDCSerConfigHeaderHS              
0001b880  g_sCDCSerConfigSection               
0001b888  g_sCDCSerDataInterfaceSection        
0001b890  g_sCDCSerDataInterfaceSectionHS      
0001b898  g_sIADSerConfigSection               
200064e0  g_sRxBuffer                          
20006518  g_sTxBuffer                          
20006348  g_ui32CPUUsage                       
20006678  g_ui32CurrentUSBTick                 
2000634c  g_ui32PollRate                       
2000667c  g_ui32USBSOFCount                    
20006690  g_ui32WaitTicks                      
20006350  g_ulSystemClock                      
20006638  g_ulUARTRxCount                      
2000663c  g_ulUARTRxErrors                     
20006634  g_ulUARTTxCount                      
00018089  get_command_param_pointer            
00015269  initCommandLine                      
000197bd  ldexp                                
000197bd  ldexpl                               
00014931  main                                 
0001a925  memccpy                              
0001a029  memcpy                               
0001a26f  memset                               
0000f4e9  mov_curvo_servos                     
0000f271  mov_rectilineo_servos                
0000f681  mov_rotatorio_servos                 
0000fc75  mov_rueda_universal                  
0000f9c1  mov_una_rueda                        
0000f8eb  parar_pausar_motor                   
00010b63  pcQueueGetName                       
00006049  pcTaskGetName                        
00015571  pcTimerGetName                       
0001769d  pvPortMalloc                         
00006da1  pvTaskIncrementMutexHeldCount        
000159d9  pvTimerGetTimerID                    
200064a4  pxCurrentTCB                         
00018f61  pxPortInitialiseStack                
000184ff  remotelink_init                      
00018395  remotelink_sendMessage               
00019d51  round                                
00019d51  roundl                               
000197bd  scalbn                               
000197bd  scalbnl                              
20006354  semWhisker                           
0000f129  servos_init                          
0001a745  sprintf                              
0001a98b  strchr                               
0001a973  strcmp                               
0001a9a1  strcpy                               
0001a9b5  strlen                               
0001a891  strncmp                              
000108bb  ucQueueGetQueueType                  
20006314  ui32DutyCycle                        
20006358  ui32Period                           
0001b8b4  ulMaxSyscallInterruptPriority        
00019bbd  ulPortGetIPSR                        
00006dbd  ulTaskGenericNotifyTake              
00007299  ulTaskGenericNotifyValueClear        
000172a7  uxEventGroupGetNumber                
00019405  uxListRemove                         
0001089b  uxQueueGetQueueNumber                
00010839  uxQueueMessagesWaiting               
0001086f  uxQueueMessagesWaitingFromISR        
0001084f  uxQueueSpacesAvailable               
0000603d  uxTaskGetNumberOfTasks               
00006859  uxTaskGetStackHighWaterMark          
0000606d  uxTaskGetSystemState                 
000065cd  uxTaskGetTaskNumber                  
00005ad9  uxTaskPriorityGet                    
00005b01  uxTaskPriorityGetFromISR             
00006d7f  uxTaskResetEventItemValue            
00015533  uxTimerGetReloadMode                 
00015a79  uxTimerGetTimerNumber                
0001b8b8  uxTopUsedPriority                    
000143ab  vApplicationIdleHook                 
00014389  vApplicationMallocFailedHook         
0001437f  vApplicationStackOverflowHook        
0001438b  vApplicationTickHook                 
0001a3b9  vConfigureTimerForRunTimeStats       
00017241  vEventGroupClearBitsCallback         
000171fd  vEventGroupDelete                    
00017231  vEventGroupSetBitsCallback           
000172c7  vEventGroupSetNumber                 
00019323  vListInitialise                      
00019353  vListInitialiseItem                  
0001939f  vListInsert                          
00019363  vListInsertEnd                       
00019c79  vPortEnableVFP                       
00019001  vPortEndScheduler                    
00019003  vPortEnterCritical                   
00019023  vPortExitCritical                    
000177cb  vPortFree                            
0001797d  vPortGetHeapStats                    
00017831  vPortInitialiseBlocks                
00019c35  vPortSVCHandler                      
0001905f  vPortSetupTimerInterrupt             
00019c55  vPortStartFirstTask                  
00010b21  vQueueAddToRegistry                  
00010885  vQueueDelete                         
000108a9  vQueueSetQueueNumber                 
00010ba3  vQueueUnregisterQueue                
00010be7  vQueueWaitForMessageRestricted       
000059cf  vTaskDelay                           
00005891  vTaskDelete                          
00005f03  vTaskEndScheduler                    
0000718b  vTaskGenericNotifyGiveFromISR        
000066c5  vTaskGetInfo                         
00006ca7  vTaskGetRunTimeStats                 
00006513  vTaskInternalSetTimeOutState         
00006b95  vTaskList                            
000065c1  vTaskMissedYield                     
00006381  vTaskPlaceOnEventList                
000063d5  vTaskPlaceOnEventListRestricted      
000063a5  vTaskPlaceOnUnorderedEventList       
00006a7b  vTaskPriorityDisinheritAfterTimeout  
00005b49  vTaskPrioritySet                     
00006489  vTaskRemoveFromUnorderedEventList    
00005d93  vTaskResume                          
000065ed  vTaskSetTaskNumber                   
000064f5  vTaskSetTimeOutState                 
00005ea9  vTaskStartScheduler                  
00005c61  vTaskSuspend                         
00005f1f  vTaskSuspendAll                      
000062a1  vTaskSwitchContext                   
000154fd  vTimerSetReloadMode                  
000159f3  vTimerSetTimerID                     
00015a87  vTimerSetTimerNumber                 
20006550  val_distancia                        
2000656e  val_voltaje_hex                      
0001a9c9  wcslen                               
000170bb  xEventGroupClearBits                 
000170e7  xEventGroupClearBitsFromISR          
00016ed9  xEventGroupCreate                    
000170ff  xEventGroupGetBitsFromISR            
0001712f  xEventGroupSetBits                   
00017287  xEventGroupSetBitsFromISR            
00016ef9  xEventGroupSync                      
00016fcd  xEventGroupWaitBits                  
00017825  xPortGetFreeHeapSize                 
0001782b  xPortGetMinimumEverFreeHeapSize      
00019bd5  xPortPendSVHandler                   
00018fcb  xPortStartScheduler                  
00019039  xPortSysTickHandler                  
0001012d  xQueueCreateCountingSemaphore        
00010081  xQueueCreateMutex                    
0000ffcd  xQueueGenericCreate                  
0000ff2d  xQueueGenericReset                   
0001014d  xQueueGenericSend                    
0001027d  xQueueGenericSendFromISR             
0001031f  xQueueGiveFromISR                    
000100ad  xQueueGiveMutexRecursive             
00010ab5  xQueueIsQueueEmptyFromISR            
00010afb  xQueueIsQueueFullFromISR             
0001062b  xQueuePeek                           
000107e7  xQueuePeekFromISR                    
000103b3  xQueueReceive                        
0001074d  xQueueReceiveFromISR                 
20006074  xQueueRegistry                       
000104d1  xQueueSemaphoreTake                  
000100e9  xQueueTakeMutexRecursive             
00006151  xTaskCatchUpTicks                    
0000653d  xTaskCheckForTimeOut                 
0000567d  xTaskCreate                          
0000593f  xTaskDelayUntil                      
00006f45  xTaskGenericNotify                   
0000705d  xTaskGenericNotifyFromISR            
00007247  xTaskGenericNotifyStateClear         
00006e5b  xTaskGenericNotifyWait               
000068c9  xTaskGetCurrentTaskHandle            
000068e9  xTaskGetSchedulerState               
00006019  xTaskGetTickCount                    
00006029  xTaskGetTickCountFromISR             
0000618d  xTaskIncrementTick                   
000069f1  xTaskPriorityDisinherit              
00006925  xTaskPriorityInherit                 
00006405  xTaskRemoveFromEventList             
00005f31  xTaskResumeAll                       
00005e11  xTaskResumeFromISR                   
000153f1  xTimerCreate                         
000153c5  xTimerCreateTimerTask                
00015479  xTimerGenericCommand                 
0001555b  xTimerGetExpiryTime                  
000154eb  xTimerGetPeriod                      
000154e5  xTimerGetTimerDaemonTaskHandle       
000159b1  xTimerIsTimerActive                  
00015a43  xTimerPendFunctionCall               
00015a0d  xTimerPendFunctionCallFromISR        


GLOBAL SYMBOLS: SORTED BY Symbol Address 

address   name                                 
-------   ----                                 
00000000  __TI_static_base__                   
00000000  g_pfnVectors                         
00000200  __STACK_SIZE                         
0000026d  ConfigDescAlloc                      
00000303  ConfigDescFree                       
000003eb  USBHCDEventEnable                    
00000429  USBHCDEventDisable                   
000005e7  USBHCDPipeTransferSizeGet            
0000060d  USBHCDPipeAllocSize                  
000008c1  USBHCDPipeAlloc                      
0000090d  USBHCDPipeConfig                     
00000ab1  USBHCDPipeWrite                      
00000ce1  USBHCDPipeSchedule                   
00000e05  USBHCDPipeReadNonBlocking            
00000e4f  USBHCDPipeDataAck                    
00000e85  USBHCDPipeRead                       
000010e1  USBHCDPipeFree                       
00001471  USBHCDPowerConfigInit                
00001495  USBHCDPowerConfigGet                 
000014bd  USBHCDPowerConfigSet                 
0000154d  USBHCDPowerAutomatic                 
000015b5  USBHCDInit                           
00001715  USBHCDRegisterDrivers                
0000173d  USBHCDTerm                           
00001801  USBHCDReset                          
00001859  USBHCDSuspend                        
00001879  USBHCDResume                         
00001a41  USBHCDStringDescriptorGet            
00001abd  USBHCDSetAddress                     
00001bd5  USBHCDSetConfig                      
00001c2b  USBHCDSetInterface                   
00001c85  USBHostCheckPipes                    
00001d4d  USBHostIntHandlerInternal            
000024b7  USB0HostIntHandler                   
000025c1  InternalUSBHCDSendEvent              
00002711  USBHCDMain                           
00002b31  USBHCDControlTransfer                
00002cb1  USBHCDHubDeviceConnected             
00002d75  USBHCDHubDeviceDisconnected          
00002fd1  USBHCDDevHubPort                     
00002ffd  USBHCDDevAddress                     
00003029  USBHCDDevClass                       
00003071  USBHCDDevSubClass                    
000030bd  USBHCDDevProtocol                    
00003121  USBHCDFeatureSet                     
000031d9  USBHCDLPMStatus                      
00003223  USBHCDLPMSleep                       
0000329d  USBHCDLPMResume                      
000033fd  USBHostSuspend                       
0000341f  USBHostReset                         
0000345b  USBHighSpeed                         
00003497  USBHostResume                        
000034d3  USBHostSpeedGet                      
00003517  USBDevSpeedGet                       
0000353d  USBIntDisableControl                 
000035b5  USBIntEnableControl                  
0000360f  USBIntStatusControl                  
00003669  USBIntDisableEndpoint                
000036a5  USBIntEnableEndpoint                 
000036e1  USBIntStatusEndpoint                 
00003745  USBIntRegister                       
00003783  USBIntUnregister                     
000037bd  USBEndpointStatus                    
00003835  USBHostEndpointStatusClear           
000038d1  USBDevEndpointStatusClear            
000039a5  USBHostEndpointDataToggle            
00003a89  USBEndpointDataToggleClear           
00003b09  USBHostEndpointPing                  
00003b55  USBDevEndpointStall                  
00003bfd  USBDevEndpointStallClear             
00003cc9  USBDevConnect                        
00003ced  USBDevDisconnect                     
00003d11  USBDevAddrSet                        
00003d33  USBDevAddrGet                        
00003d55  USBHostEndpointConfig                
00003f55  USBHostEndpointSpeed                 
0000403d  USBDevEndpointConfigSet              
00004177  USBDevEndpointConfigGet              
000042cd  USBFIFOConfigSet                     
00004379  USBFIFOConfigGet                     
00004425  USBEndpointDMAConfigSet              
000044bd  USBEndpointDMAEnable                 
000044f7  USBEndpointDMADisable                
00004531  USBEndpointDataAvail                 
[...]
000114db  TimerLoadGet                         
0001151d  TimerLoadSet64                       
00011549  TimerLoadGet64                       
0001158f  TimerValueGet                        
000115d1  TimerValueGet64                      
00011617  TimerMatchSet                        
00011671  TimerMatchGet                        
000116b3  TimerMatchSet64                      
000116db  TimerMatchGet64                      
00011721  TimerIntRegister                     
0001178b  TimerIntUnregister                   
000117e1  TimerIntEnable                       
00011807  TimerIntDisable                      
0001182d  TimerIntStatus                       
00011859  TimerIntClear                        
00011879  TimerSynchronize                     
00011899  TimerADCEventSet                     
000118b9  TimerADCEventGet                     
000118d5  TimerDMAEventSet                     
000118f5  TimerDMAEventGet                     
00011911  TimerUpdateMode                      
000119c7  UARTStdioConfig                      
00011af3  UARTwrite                            
00011bbd  UARTgets                             
0001201d  UARTgetc                             
00012045  UARTvprintf                          
00012357  UARTprintf                           
0001237b  UARTRxBytesAvail                     
00012387  UARTTxBytesFree                      
00012393  UARTFlushRx                          
000123a1  UARTFlushTx                          
000123c7  UARTEchoSet                          
000123ef  UARTStdioIntHandler                  
000125a7  UARTParityModeSet                    
000125f3  UARTParityModeGet                    
00012611  UARTFIFOLevelSet                     
00012683  UARTFIFOLevelGet                     
000126bf  UARTConfigSetExpClk                  
0001279d  UARTConfigGetExpClk                  
000127fd  UARTEnable                           
00012845  UARTDisable                          
0001287d  UARTFIFOEnable                       
000128a1  UARTFIFODisable                      
000128c5  UARTEnableSIR                        
00012901  UARTDisableSIR                       
00012925  UARTSmartCardEnable                  
00012965  UARTSmartCardDisable                 
00012989  UARTModemControlSet                  
000129ed  UARTModemControlClear                
00012a51  UARTModemControlGet                  
00012a91  UARTModemStatusGet                   
00012ad3  UARTFlowControlSet                   
00012b19  UARTFlowControlGet                   
00012b39  UARTTxIntModeSet                     
00012b77  UARTTxIntModeGet                     
00012b97  UARTCharsAvail                       
00012bc3  UARTSpaceAvail                       
00012bef  UARTCharGetNonBlocking               
00012c2d  UARTCharGet                          
00012c51  UARTCharPutNonBlocking               
00012c83  UARTCharPut                          
00012caf  UARTBreakCtl                         
00012ce7  UARTBusy                             
00012d13  UARTIntRegister                      
00012d51  UARTIntUnregister                    
00012d91  UARTIntEnable                        
00012db7  UARTIntDisable                       
00012ddd  UARTIntStatus                        
00012e09  UARTIntClear                         
00012e29  UARTDMAEnable                        
00012e4f  UARTDMADisable                       
00012e75  UARTRxErrorGet                       
00012e95  UARTRxErrorClear                     
00012eb3  UARTClockSourceSet                   
00012ee9  UARTClockSourceGet                   
00012f07  UART9BitEnable                       
00012f2b  UART9BitDisable                      
00012f4f  UART9BitAddrSet                      
00012f83  UART9BitAddrSend                     
00012fd9  UARTLoopbackEnable                   
00013001  __TI_printfi                         
00013a4f  __aeabi_idiv0                        
00013a4f  __aeabi_ldiv0                        
00014059  USBHHubMain                          
00014285  USBHHubEnumerationComplete           
000142a7  USBHHubEnumerationError              
000142c9  USBHHubOpen                          
000142e1  USBHHubClose                         
000142f5  USBHHubInit                          
00014323  USBHHubLPMSleep                      
00014331  USBHHubLPMStatus                     
00014375  __error__                            
0001437f  vApplicationStackOverflowHook        
00014389  vApplicationMallocFailedHook         
0001438b  vApplicationTickHook                 
000143ab  vApplicationIdleHook                 
00014931  main                                 
00014a51  GPIOFIntHandler                      
00014aed  GPIOInt_A_Handler                    
00015269  initCommandLine                      
000153c5  xTimerCreateTimerTask                
000153f1  xTimerCreate                         
00015479  xTimerGenericCommand                 
000154e5  xTimerGetTimerDaemonTaskHandle       
000154eb  xTimerGetPeriod                      
000154fd  vTimerSetReloadMode                  
00015533  uxTimerGetReloadMode                 
0001555b  xTimerGetExpiryTime                  
00015571  pcTimerGetName                       
000159b1  xTimerIsTimerActive                  
000159d9  pvTimerGetTimerID                    
000159f3  vTimerSetTimerID                     
00015a0d  xTimerPendFunctionCallFromISR        
00015a43  xTimerPendFunctionCall               
00015a79  uxTimerGetTimerNumber                
00015a87  vTimerSetTimerNumber                 
00015d63  USBBufferInit                        
00015dad  USBBufferZeroLengthPacketInsert      
00015de7  USBBufferInfoGet                     
00015e21  USBBufferDataWritten                 
00015e4f  USBBufferDataRemoved                 
00015e77  USBBufferCallbackDataSet             
00015e91  USBBufferWrite                       
00015ef9  USBBufferFlush                       
00015f19  USBBufferRead                        
00015f6d  USBBufferDataAvailable               
00015f8d  USBBufferSpaceAvailable              
00015fad  USBBufferEventCallback               
000160cd  USBStackModeSet                      
00016117  USB0DualModeIntHandler               
00016163  USBDualModeInit                      
000161e1  USBDualModeTerm                      
00016223  USBOTGModeTerm                       
0001626b  USBOTGModeInit                       
00016391  USBOTGPollRate                       
000163c1  USB0OTGModeIntHandler                
000164a9  OTGDeviceDisconnect                  
000164c3  USBOTGMain                           
00016561  USBOTGFeatureSet                     
000165bf  IntMasterEnable                      
000165cf  IntMasterDisable                     
000165df  IntRegister                          
00016655  IntUnregister                        
00016675  IntPriorityGroupingSet               
0001669b  IntPriorityGroupingGet               
000166d3  IntPrioritySet                       
00016735  IntPriorityGet                       
0001676b  IntEnable                            
000167e9  IntDisable                           
00016871  IntIsEnabled                         
00016925  IntPendSet                           
00016995  IntPendClear                         
000169ef  IntPriorityMaskSet                   
000169fb  IntPriorityMaskGet                   
00016a03  IntTrigger                           
00016a97  USBRingBufFull                       
00016ad9  USBRingBufEmpty                      
00016b0b  USBRingBufFlush                      
00016b37  USBRingBufUsed                       
00016b71  USBRingBufFree                       
00016b95  USBRingBufContigUsed                 
00016bcd  USBRingBufContigFree                 
00016c13  USBRingBufSize                       
00016c2b  USBRingBufReadOne                    
00016c71  USBRingBufRead                       
00016ce7  USBRingBufAdvanceRead                
00016d3d  USBRingBufAdvanceWrite               
00016dcd  USBRingBufWriteOne                   
00016e13  USBRingBufWrite                      
00016e89  USBRingBufInit                       
00016ed9  xEventGroupCreate                    
00016ef9  xEventGroupSync                      
00016fcd  xEventGroupWaitBits                  
000170bb  xEventGroupClearBits                 
000170e7  xEventGroupClearBitsFromISR          
000170ff  xEventGroupGetBitsFromISR            
0001712f  xEventGroupSetBits                   
000171fd  vEventGroupDelete                    
00017231  vEventGroupSetBitsCallback           
00017241  vEventGroupClearBitsCallback         
00017287  xEventGroupSetBitsFromISR            
000172a7  uxEventGroupGetNumber                
000172c7  vEventGroupSetNumber                 
000173a7  USBDeviceConfig                      
000175d3  USBDeviceConfigAlternate             
0001769d  pvPortMalloc                         
000177cb  vPortFree                            
00017825  xPortGetFreeHeapSize                 
0001782b  xPortGetMinimumEverFreeHeapSize      
00017831  vPortInitialiseBlocks                
0001797d  vPortGetHeapStats                    
00017a81  USBControlHandler                    
00017b0f  USBTxHandler                         
00017b7f  USBRxHandler                         
00017be1  USBSerialInit                        
00017c71  USBSerialGetChar                     
00017c85  USBSerialPutChar                     
00017cd1  USBSerialRead                        
00017d21  USBSerialWrite                       
00017f77  destuff_and_check_checksum           
00017fcb  create_frame                         
0001804f  decode_command_type                  
0001805d  check_and_extract_command_param      
00018089  get_command_param_pointer            
00018189  USBDCDConfigDescGetSize              
000181c1  USBDCDConfigDescGetNum               
0001820f  USBDCDConfigDescGet                  
0001829d  USBDCDConfigGetNumAlternateInterfaces
000182f1  USBDCDConfigGetInterface             
00018327  USBDCDConfigGetInterfaceEndpoint     
00018395  remotelink_sendMessage               
000184ff  remotelink_init                      
000188b5  USBDescGetNum                        
00018911  USBDescGet                           
0001897b  USBDescGetNumAlternateInterfaces     
00018a35  USBDescGetInterface                  
00018a63  USBDescGetInterfaceEndpoint          
00018c59  __aeabi_dsub                         
00018c63  __aeabi_dadd                         
00018e11  configADC_DisparaADC                 
00018e1d  configADC0_IniciaADC0                
00018ee9  configADC0_LeeADC0                   
00018efd  configADC0_ISR                       
00018f61  pxPortInitialiseStack                
00018fcb  xPortStartScheduler                  
00019001  vPortEndScheduler                    
00019003  vPortEnterCritical                   
00019023  vPortExitCritical                    
00019039  xPortSysTickHandler                  
0001905f  vPortSetupTimerInterrupt             
000191ed  __aeabi_ddiv                         
00019323  vListInitialise                      
00019353  vListInitialiseItem                  
00019363  vListInsertEnd                       
0001939f  vListInsert                          
00019405  uxListRemove                         
0001944d  ButtonsPoll                          
000194f3  ButtonsInit                          
00019575  CPUUsageTick                         
000195b3  CPUUsageInit                         
000197bd  ldexp                                
000197bd  ldexpl                               
000197bd  scalbn                               
000197bd  scalbnl                              
000198cd  __aeabi_dmul                         
000199c9  floor                                
000199c9  floorl                               
00019ac1  InternalUSBTickInit                  
00019aff  InternalUSBTickReset                 
00019b07  InternalUSBRegisterTickHandler       
00019b57  InternalUSBStartOfFrameTick          
00019bbd  ulPortGetIPSR                        
00019bd5  xPortPendSVHandler                   
00019c35  vPortSVCHandler                      
00019c55  vPortStartFirstTask                  
00019c79  vPortEnableVFP                       
00019c87  ULPIConfigSet                        
00019d29  ULPIPowerTransceiver                 
00019d51  round                                
00019d51  roundl                               
00019e15  config_sensors                       
00019e6d  binary_lookup                        
00019f7d  CmdLineProcess                       
0001a029  __aeabi_memcpy                       
0001a029  __aeabi_memcpy4                      
0001a029  __aeabi_memcpy8                      
0001a029  memcpy                               
0001a0c5  __aeabi_uldivmod                     
0001a15b  __aeabi_cdcmpeq                      
0001a15b  __aeabi_cdcmple                      
0001a1e1  __aeabi_cdrcmple                     
0001a267  __aeabi_memclr                       
0001a267  __aeabi_memclr4                      
0001a267  __aeabi_memclr8                      
0001a269  __aeabi_memset                       
0001a269  __aeabi_memset4                      
0001a269  __aeabi_memset8                      
0001a26f  memset                               
0001a351  create_checksum                      
0001a3b9  vConfigureTimerForRunTimeStats       
0001a421  __TI_decompress_lzss                 
0001a489  frexp                                
0001a489  frexpl                               
0001a543  __TI_ltoa                            
0001a5e9  atoi                                 
0001a635  __aeabi_d2iz                         
0001a67d  __TI_auto_init_nobinit_nopinit       
0001a6c1  __aeabi_d2uiz                        
0001a705  __aeabi_uidiv                        
0001a705  __aeabi_uidivmod                     
0001a745  sprintf                              
0001a7c3  CPUcpsid                             
0001a7cf  CPUprimask                           
0001a7d9  CPUcpsie                             
0001a7e5  CPUwfi                               
0001a7e9  CPUbasepriSet                        
0001a7f7  CPUbasepriGet                        
0001a801  _c_int00_noargs                      
0001a835  __aeabi_i2d                          
0001a865  ResetISR                             
0001a891  strncmp                              
0001a8bd  GetOverflowCounts                    
0001a8e1  USB0DeviceIntHandler                 
0001a905  __aeabi_ui2d                         
0001a925  memccpy                              
0001a941  copysign                             
0001a941  copysignl                            
0001a973  strcmp                               
0001a98b  strchr                               
0001a9a1  strcpy                               
0001a9b5  strlen                               
0001a9c9  wcslen                               
0001a9db  __TI_decompress_none                 
0001a9e9  __TI_zero_init                       
0001aa01  __aeabi_errno_addr                   
0001aa09  SysCtlDelay                          
0001aa0f  _system_pre_init                     
0001aa13  C$$EXIT                              
0001aa13  abort                                
0001b094  _ctypes_                             
0001b5e8  g_pui8ConfigString                   
0001b654  g_sCDCHandlers                       
0001b6b4  g_pui8ControlInterfaceString         
0001b6e0  g_pui8ManufacturerString             
0001b704  g_pui8CDCSerCommInterface            
0001b727  g_pui8ProductString                  
0001b76c  g_ppui8StringDescriptors             
0001b784  g_pui8CDCSerDataInterface            
0001b79b  g_pui8CDCSerDataInterfaceHS          
0001b804  g_pui8SerialNumberString             
0001b858  g_sCDCCompSerConfigHeader            
0001b860  g_sCDCCompSerConfigHeaderHS          
0001b868  g_sCDCSerCommInterfaceSection        
0001b870  g_sCDCSerConfigHeader                
0001b878  g_sCDCSerConfigHeaderHS              
0001b880  g_sCDCSerConfigSection               
0001b888  g_sCDCSerDataInterfaceSection        
0001b890  g_sCDCSerDataInterfaceSectionHS      
0001b898  g_sIADSerConfigSection               
0001b8a0  g_pui8LangDescriptor                 
0001b8a4  g_pCDCCompSerConfigDescriptors       
0001b8a8  g_pCDCCompSerConfigDescriptorsHS     
0001b8ac  g_ppCDCSerConfigDescriptors          
0001b8b0  g_ppCDCSerConfigDescriptorsHS        
0001b8b4  ulMaxSyscallInterruptPriority        
0001b8b8  uxTopUsedPriority                    
0001ba98  __TI_Handler_Table_Base              
0001baa4  __TI_Handler_Table_Limit             
0001bab8  __TI_CINIT_Base                      
0001bad0  __TI_CINIT_Limit                     
20000000  __start___llvm_prf_cnts              
20000000  __stop___llvm_prf_cnts               
20000000  g_pfnRAMVectors                      
20005d88  g_pui8USBRxBuffer                    
20005e88  g_pui8USBTxBuffer                    
20006024  g_psDCDInst                          
20006074  xQueueRegistry                       
200061f8  g_pfnTickHandlers                    
20006210  g_pvTickInstance                     
2000630c  DCanterior                           
20006314  ui32DutyCycle                        
20006330  FlagsEventos                         
20006334  colaCM                               
20006338  colaGrados                           
2000633c  colaPA                               
20006340  estado                               
20006344  g_ppsDevInfo                         
20006348  g_ui32CPUUsage                       
2000634c  g_ui32PollRate                       
20006350  g_ulSystemClock                      
20006354  semWhisker                           
20006358  ui32Period                           
2000635c  g_eOTGModeState                      
20006360  g_psCmdTable                         
20006444  g_sCDCDevice                         
200064a4  pxCurrentTCB                         
200064e0  g_sRxBuffer                          
20006518  g_sTxBuffer                          
20006550  val_distancia                        
2000656e  val_voltaje_hex                      
20006600  g_pui8CDCSerDeviceDescriptor         
20006614  g_psCDCCompSerSections               
20006624  g_psCDCCompSerSectionsHS             
20006634  g_ulUARTTxCount                      
20006638  g_ulUARTRxCount                      
2000663c  g_ulUARTRxErrors                     
20006644  g_psCDCSerSections                   
20006650  g_psCDCSerSectionsHS                 
20006674  g_bUSBTimerInitialized               
20006678  g_ui32CurrentUSBTick                 
2000667c  g_ui32USBSOFCount                    
20006680  g_pui8CDCSerDescriptor               
2000668c  g_iUSBMode                           
20006690  g_ui32WaitTicks                      
20006695  g_pui8IADSerDescriptor               
200066b8  errno                                
200066c0  __stack                              
200068c0  __STACK_END                          
200068c0  __STACK_TOP                          
ffffffff  __TI_pprof_out_hndl                  
ffffffff  __TI_prof_data_size                  
ffffffff  __TI_prof_data_start                 
ffffffff  __binit__                            
ffffffff  __c_args__                           
ffffffff  binit                                
UNDEFED   __mpu_init                           
UNDEFED   _system_post_cinit                   

[874 symbols]
