******************************************************************************
                  TI ARM Linker PC v20.2.5                     
******************************************************************************
>> Linked Sat Dec  3 14:06:43 2022

OUTPUT FILE NAME:   <PF-uB_ToDo.out>
ENTRY POINT SYMBOL: "_c_int00_noargs"  address: 000148a5


MEMORY CONFIGURATION

         name            origin    length      used     unused   attr    fill
----------------------  --------  ---------  --------  --------  ----  --------
  FLASH                 00000000   00040000  000156e2  0002a91e  R  X
  SRAM                  20000000   00008000  00005cdc  00002324  RW X


SEGMENT ALLOCATION MAP

run origin  load origin   length   init length attrs members
----------  ----------- ---------- ----------- ----- -------
00000000    00000000    000156e8   000156e8    r-x
  00000000    00000000    0000026c   0000026c    r-- .intvecs
  0000026c    0000026c    0001484e   0001484e    r-x .text
  00014abc    00014abc    00000af0   00000af0    r-- .const
  000155b0    000155b0    00000138   00000138    r-- .cinit
20000000    20000000    00005cdc   00000000    rw-
  20000000    20000000    0000026c   00000000    rw- .vtable
  2000026c    2000026c    000056ac   00000000    rw- .bss
  20005918    20005918    00000200   00000000    rw- .stack
  20005b18    20005b18    000001c4   00000000    rw- .data


SECTION ALLOCATION MAP

 output                                  attributes/
section   page    origin      length       input sections
--------  ----  ----------  ----------   ----------------
.intvecs   0    00000000    0000026c     
                  00000000    0000026c     startup_ccs.obj (.intvecs)

.text      0    0000026c    0001484e     
                  0000026c    0000238c     usb.obj (.text)
                  000025f8    00001d1c     tasks.obj (.text)
                  00004314    00001688     sysctl.obj (.text)
                  0000599c    00001570     usbdenum.obj (.text)
                  00006f0c    00001288     gpio.obj (.text)
                  00008194    00001040     adc.obj (.text)
                  000091d4    00000fa8     usbdma.obj (.text)
                  0000a17c    00000f4c     pwm.obj (.text)
                  0000b0c8    00000e04     Servos.obj (.text)
                  0000becc    00000d20     queue.obj (.text)
                  0000cbec    00000d20     timer.obj (.text)
                  0000d90c    00000bec     main.obj (.text)
                  0000e4f8    00000b8c     uartstdio.obj (.text)
                  0000f084    00000b08     uart.obj (.text)
                  0000fb8c    00000a4e     rtsv7M4_T_le_v4SPD16_eabi.lib : _printfi.c.obj (.text:__TI_printfi)
                  000105da    00000002                                   : div0.asm.obj (.text)
                  000105dc    00000738     commands.obj (.text)
                  00010d14    000006f0     timers.obj (.text)
                  00011404    00000490     interrupt.obj (.text)
                  00011894    00000408     event_groups.obj (.text)
                  00011c9c    000003bc     usbdconfig.obj (.text)
                  00012058    000003a0     heap_4.obj (.text)
                  000123f8    000002de     usbdcdesc.obj (.text)
                  000126d6    00000002     --HOLE-- [fill = 0]
                  000126d8    00000270     rtsv7M4_T_le_v4SPD16_eabi.lib : _printfi.c.obj (.text:_pconv_a)
                  00012948    000001d2     usbdesc.obj (.text)
                  00012b1a    00000002     --HOLE-- [fill = 0]
                  00012b1c    000001d0     rtsv7M4_T_le_v4SPD16_eabi.lib : _printfi.c.obj (.text:_pconv_g)
                  00012cec    000001b6                                   : fd_add_t2.asm.obj (.text)
                  00012ea2    00000002     --HOLE-- [fill = 0]
                  00012ea4    00000164     configADC.obj (.text)
                  00013008    00000150     port.obj (.text)
                  00013158    0000013c     rtsv7M4_T_le_v4SPD16_eabi.lib : _printfi.c.obj (.text:_pconv_e)
                  00013294    00000136                                   : fd_div_t2.asm.obj (.text)
                  000133ca    0000012a     list.obj (.text)
                  000134f4    00000128     buttons.obj (.text)
                  0001361c    00000124     cpu_usage.obj (.text)
                  00013740    00000124     rtsv7M4_T_le_v4SPD16_eabi.lib : _printfi.c.obj (.text:fcvt)
                  00013864    00000118     Sensors.obj (.text)
                  0001397c    00000110     rtsv7M4_T_le_v4SPD16_eabi.lib : s_scalbn.c.obj (.text:scalbn)
                  00013a8c    000000fc                                   : fd_mul_t2.asm.obj (.text)
                  00013b88    000000f8                                   : s_floor.c.obj (.text:floor)
                  00013c80    000000ec     usbtick.obj (.text)
                  00013d6c    000000da     portasm.obj (.text)
                  00013e46    000000c8     usbulpi.obj (.text)
                  00013f0e    00000002     --HOLE-- [fill = 0]
                  00013f10    000000c4     rtsv7M4_T_le_v4SPD16_eabi.lib : s_round.c.obj (.text:round)
                  00013fd4    000000b1                                   : _printfi.c.obj (.text:_ltostr)
                  00014085    00000003     --HOLE-- [fill = 0]
                  00014088    000000ac     cmdline.obj (.text)
                  00014134    0000009c     rtsv7M4_T_le_v4SPD16_eabi.lib : memcpy_t2.asm.obj (.text)
                  000141d0    00000096                                   : ull_div_t2.asm.obj (.text)
                  00014266    00000086                                   : fd_cmp_t2.asm.obj (.text:__aeabi_cdcmple)
                  000142ec    00000086                                   : fd_cmp_t2.asm.obj (.text:__aeabi_cdrcmple)
                  00014372    0000007a                                   : memset_t2.asm.obj (.text)
                  000143ec    0000006e                                   : _printfi.c.obj (.text:_mcpy)
                  0001445a    00000002     --HOLE-- [fill = 0]
                  0001445c    00000068     RunTimeStatsConfig.obj (.text)
                  000144c4    00000068     rtsv7M4_T_le_v4SPD16_eabi.lib : copy_decompress_lzss.c.obj (.text:decompress:lzss:__TI_decompress_lzss)
                  0001452c    00000064                                   : s_frexp.c.obj (.text:frexp)
                  00014590    00000056                                   : _printfi.c.obj (.text:_pconv_f)
                  000145e6    00000054                                   : _ltoa.c.obj (.text:__TI_ltoa)
                  0001463a    00000052                                   : _printfi.c.obj (.text:_ecpy)
                  0001468c    0000004c                                   : atoi.c.obj (.text:atoi)
                  000146d8    00000048                                   : fd_toi_t2.asm.obj (.text)
                  00014720    00000044                                   : autoinit.c.obj (.text:__TI_auto_init_nobinit_nopinit:__TI_auto_init_nobinit_nopinit)
                  00014764    00000044                                   : fd_tou_t2.asm.obj (.text)
                  000147a8    00000040                                   : u_divt2.asm.obj (.text)
                  000147e8    00000040                                   : sprintf.c.obj (.text:sprintf)
                  00014828    0000003e                                   : _printfi.c.obj (.text:_fcpy)
                  00014866    0000003e     cpu.obj (.text)
                  000148a4    00000034     rtsv7M4_T_le_v4SPD16_eabi.lib : boot_cortex_m.c.obj (.text:_c_int00_noargs:_c_int00_noargs)
                  000148d8    0000002e                                   : i_tofd_t2.asm.obj (.text)
                  00014906    00000002     --HOLE-- [fill = 0]
                  00014908    0000002c     startup_ccs.obj (.text)
                  00014934    0000002c     rtsv7M4_T_le_v4SPD16_eabi.lib : strncmp.c.obj (.text:strncmp)
                  00014960    00000024     RunTimeStatsConfig.obj (.text:GetOverflowCounts)
                  00014984    00000024     usbdhandler.obj (.text)
                  000149a8    00000020     rtsv7M4_T_le_v4SPD16_eabi.lib : u_tofd_t2.asm.obj (.text)
                  000149c8    0000001c                                   : memccpy.c.obj (.text:memccpy)
                  000149e4    0000001a                                   : s_copysign.c.obj (.text:copysign)
                  000149fe    00000018                                   : sprintf.c.obj (.text:_outs)
                  00014a16    00000018                                   : strcmp.c.obj (.text:strcmp)
                  00014a2e    00000016                                   : strchr.c.obj (.text:strchr)
                  00014a44    00000014                                   : strcpy.c.obj (.text:strcpy)
                  00014a58    00000014                                   : strlen.c.obj (.text:strlen)
                  00014a6c    00000012                                   : wcslen.c.obj (.text:wcslen)
                  00014a7e    0000000e                                   : copy_decompress_none.c.obj (.text:decompress:none:__TI_decompress_none)
                  00014a8c    0000000c                                   : copy_zero_init.c.obj (.text:decompress:ZI:__TI_zero_init)
                  00014a98    0000000a                                   : sprintf.c.obj (.text:_outc)
                  00014aa2    00000002     --HOLE-- [fill = 0]
                  00014aa4    00000008                                   : errno.c.obj (.text:__aeabi_errno_addr)
                  00014aac    00000006     sysctl.obj (.text:SysCtlDelay)
                  00014ab2    00000004     rtsv7M4_T_le_v4SPD16_eabi.lib : pre_init.c.obj (.text:_system_pre_init)
                  00014ab6    00000004                                   : exit.c.obj (.text:abort:abort)

.const     0    00014abc    00000af0     
                  00014abc    000002cc     commands.obj (.const:.string)
                  00014d88    000001b0     sysctl.obj (.const:g_pppui32XTALtoVCO)
                  00014f38    00000101     rtsv7M4_T_le_v4SPD16_eabi.lib : ctype.c.obj (.const:.string:_ctypes_)
                  00015039    00000003     --HOLE-- [fill = 0]
                  0001503c    000000d8     gpio.obj (.const:g_ppui32GPIOIntMapSnowflake)
                  00015114    000000c0     gpio.obj (.const:g_ppui32GPIOIntMapBlizzard)
                  000151d4    0000009c     interrupt.obj (.const:g_pui32Regs)
                  00015270    00000090     gpio.obj (.const:g_pui32GPIOBaseAddrs)
                  00015300    0000006c     sysctl.obj (.const:g_pui32Xtals)
                  0001536c    00000060     timer.obj (.const:g_ppui32TimerIntMap)
                  000153cc    00000040     timer.obj (.const:g_ppui32TimerIntMapSnowflake)
                  0001540c    00000040     uart.obj (.const:g_ppui32UARTIntMap)
                  0001544c    00000040     uart.obj (.const:g_ppui32UARTIntMapSnowflake)
                  0001548c    00000034     usbdenum.obj (.const:g_psUSBDStdRequests)
                  000154c0    00000030     sysctl.obj (.const:g_sXTALtoMEMTIM)
                  000154f0    00000020     interrupt.obj (.const:g_pui32Priority)
                  00015510    00000014     interrupt.obj (.const:g_pui32Dii16Regs)
                  00015524    00000014     interrupt.obj (.const:g_pui32EnRegs)
                  00015538    00000014     interrupt.obj (.const:g_pui32PendRegs)
                  0001554c    00000014     interrupt.obj (.const:g_pui32UnpendRegs)
                  00015560    00000012     uartstdio.obj (.const:.string)
                  00015572    00000002     --HOLE-- [fill = 0]
                  00015574    0000000c     uartstdio.obj (.const:g_ui32UARTBase)
                  00015580    0000000c     uartstdio.obj (.const:g_ui32UARTInt)
                  0001558c    0000000c     uartstdio.obj (.const:g_ui32UARTPeriph)
                  00015598    00000008     sysctl.obj (.const:g_pui32VCOFrequencies)
                  000155a0    00000004     port.obj (.const)
                  000155a4    00000004     tasks.obj (.const)
                  000155a8    00000004     uartstdio.obj (.const)

.cinit     0    000155b0    00000138     
                  000155b0    00000102     (.cinit..data.load) [load image, compression = lzss]
                  000156b2    00000002     --HOLE-- [fill = 0]
                  000156b4    0000000c     (__TI_handler_table)
                  000156c0    00000008     (.cinit..bss.load) [load image, compression = zero_init]
                  000156c8    00000008     (.cinit..vtable.load) [load image, compression = zero_init]
                  000156d0    00000018     (__TI_cinit_table)

.init_array 
*          0    00000000    00000000     UNINITIALIZED

.vtable    0    20000000    0000026c     UNINITIALIZED
                  20000000    0000026c     interrupt.obj (.vtable)

.bss       0    2000026c    000056ac     UNINITIALIZED
                  2000026c    00005000     heap_4.obj (.bss:ucHeap)
                  2000526c    00000200     uartstdio.obj (.bss:g_pcUARTRxHistoryBuffer)
                  2000546c    00000140     tasks.obj (.bss:pxReadyTasksLists)
                  200055ac    00000110     usbdma.obj (.bss:g_psUSBDMAInst)
                  200056bc    00000050     (.common:g_psDCDInst)
                  2000570c    00000050     (.common:xQueueRegistry)
                  2000575c    00000040     usbdenum.obj (.bss:g_pui8DataBufferIn)
                  2000579c    00000024     cmdline.obj (.bss:g_ppcArgv)
                  200057c0    00000020     uartstdio.obj (.bss:g_usUARTRxHistoryOffset)
                  200057e0    00000018     (.common:g_pfnTickHandlers)
                  200057f8    00000018     (.common:g_pvTickInstance)
                  20005810    00000014     uartstdio.obj (.bss)
                  20005824    00000014     timers.obj (.bss:xActiveTimerList1)
                  20005838    00000014     timers.obj (.bss:xActiveTimerList2)
                  2000584c    00000014     tasks.obj (.bss:xDelayedTaskList1)
                  20005860    00000014     tasks.obj (.bss:xDelayedTaskList2)
                  20005874    00000014     tasks.obj (.bss:xPendingReadyList)
                  20005888    00000014     tasks.obj (.bss:xSuspendedTaskList)
                  2000589c    00000014     tasks.obj (.bss:xTasksWaitingTermination)
                  200058b0    0000000c     cpu_usage.obj (.bss)
                  200058bc    00000008     adc.obj (.bss:g_pui8OversampleFactor)
                  200058c4    00000008     tasks.obj (.bss)
                  200058cc    00000008     timers.obj (.bss)
                  200058d4    00000008     heap_4.obj (.bss:xStart)
                  200058dc    00000008     (.common:DCanterior)
                  200058e4    00000008     (.common:ui32DutyCycle)
                  200058ec    00000004     configADC.obj (.bss)
                  200058f0    00000004     main.obj (.bss)
                  200058f4    00000004     usbdenum.obj (.bss)
                  200058f8    00000004     (.common:FlagsEventos)
                  200058fc    00000004     (.common:colaMovimiento)
                  20005900    00000004     (.common:colaSharp)
                  20005904    00000004     (.common:estado)
                  20005908    00000004     (.common:g_ppsDevInfo)
                  2000590c    00000004     (.common:g_ui32CPUUsage)
                  20005910    00000004     (.common:g_ulSystemClock)
                  20005914    00000004     (.common:ui32Period)

.data      0    20005b18    000001c4     UNINITIALIZED
                  20005b18    000000e4     commands.obj (.data:g_psCmdTable)
                  20005bfc    0000003c     tasks.obj (.data)
                  20005c38    00000019     main.obj (.data)
                  20005c51    00000003     buttons.obj (.data)
                  20005c54    00000018     cpu_usage.obj (.data:g_pui32CPUUsageTimerBase)
                  20005c6c    00000018     cpu_usage.obj (.data:g_pui32CPUUsageTimerPeriph)
                  20005c84    00000018     heap_4.obj (.data)
                  20005c9c    0000000c     timers.obj (.data)
                  20005ca8    0000000c     uartstdio.obj (.data)
                  20005cb4    0000000c     usbtick.obj (.data)
                  20005cc0    00000009     usbmode.obj (.data)
                  20005cc9    00000003     main.obj (.data:show_once)
                  20005ccc    00000008     usbdenum.obj (.data)
                  20005cd4    00000004     port.obj (.data)
                  20005cd8    00000004     rtsv7M4_T_le_v4SPD16_eabi.lib : errno.c.obj (.data)

.stack     0    20005918    00000200     UNINITIALIZED
                  20005918    00000004     rtsv7M4_T_le_v4SPD16_eabi.lib : boot_cortex_m.c.obj (.stack)
                  2000591c    000001fc     --HOLE--

__llvm_prf_cnts 
*          0    20000000    00000000     UNINITIALIZED

MODULE SUMMARY

       Module                       code    ro data   rw data
       ------                       ----    -------   -------
    .\
       main.obj                     3052    0         52     
       commands.obj                 1848    716       240    
       startup_ccs.obj              44      620       0      
    +--+----------------------------+-------+---------+---------+
       Total:                       4944    1336      292    
                                                             
    .\FreeRTOS\Source\
       tasks.obj                    7452    4         488    
       queue.obj                    3360    0         80     
       timers.obj                   1776    0         60     
       event_groups.obj             1032    0         0      
       list.obj                     298     0         0      
    +--+----------------------------+-------+---------+---------+
       Total:                       13918   4         628    
                                                             
    .\FreeRTOS\Source\portable\CCS\ARM_CM4F\
       port.obj                     336     4         4      
       portasm.obj                  218     0         0      
    +--+----------------------------+-------+---------+---------+
       Total:                       554     4         4      
                                                             
    .\FreeRTOS\Source\portable\MemMang\
       heap_4.obj                   928     0         20512  
    +--+----------------------------+-------+---------+---------+
       Total:                       928     0         20512  
                                                             
    .\driverlib\
       usb.obj                      9100    0         0      
       sysctl.obj                   5774    596       0      
       gpio.obj                     4744    552       0      
       adc.obj                      4160    0         8      
       pwm.obj                      3916    0         0      
       timer.obj                    3360    160       0      
       uart.obj                     2824    128       0      
       interrupt.obj                1168    268       620    
       cpu.obj                      62      0         0      
    +--+----------------------------+-------+---------+---------+
       Total:                       35108   1704      628    
                                                             
    .\drivers\
       Servos.obj                   3588    0         12     
       configADC.obj                356     0         4      
       buttons.obj                  296     0         3      
       Sensors.obj                  280     0         0      
    +--+----------------------------+-------+---------+---------+
       Total:                       4520    0         19     
                                                             
    .\usblib\
       usbdma.obj                   4008    0         272    
       usbdesc.obj                  466     0         0      
       usbtick.obj                  236     0         60     
       usbulpi.obj                  200     0         0      
       usbmode.obj                  0       0         9      
    +--+----------------------------+-------+---------+---------+
       Total:                       4910    0         341    
                                                             
    .\usblib\device\
       usbdenum.obj                 5488    52        160    
       usbdconfig.obj               956     0         0      
       usbdcdesc.obj                734     0         0      
       usbdhandler.obj              36      0         0      
    +--+----------------------------+-------+---------+---------+
       Total:                       7214    52        160    
                                                             
    .\utils\
       uartstdio.obj                2956    58        576    
       cpu_usage.obj                292     0         60     
       cmdline.obj                  172     0         36     
       RunTimeStatsConfig.obj       140     0         0      
    +--+----------------------------+-------+---------+---------+
       Total:                       3560    58        672    
                                                             
    C:\ti\ccs1110\ccs\tools\compiler\ti-cgt-arm_20.2.5.LTS\lib\rtsv7M4_T_le_v4SPD16_eabi.lib
       _printfi.c.obj               4851    0         0      
       fd_add_t2.asm.obj            438     0         0      
       fd_div_t2.asm.obj            310     0         0      
       s_scalbn.c.obj               272     0         0      
       fd_cmp_t2.asm.obj            268     0         0      
       ctype.c.obj                  0       257       0      
       fd_mul_t2.asm.obj            252     0         0      
       s_floor.c.obj                248     0         0      
       s_round.c.obj                196     0         0      
       memcpy_t2.asm.obj            156     0         0      
       ull_div_t2.asm.obj           150     0         0      
       memset_t2.asm.obj            122     0         0      
       copy_decompress_lzss.c.obj   104     0         0      
       s_frexp.c.obj                100     0         0      
       sprintf.c.obj                98      0         0      
       _ltoa.c.obj                  84      0         0      
       atoi.c.obj                   76      0         0      
       fd_toi_t2.asm.obj            72      0         0      
       autoinit.c.obj               68      0         0      
       fd_tou_t2.asm.obj            68      0         0      
       u_divt2.asm.obj              64      0         0      
       boot_cortex_m.c.obj          52      0         0      
       i_tofd_t2.asm.obj            46      0         0      
       strncmp.c.obj                44      0         0      
       u_tofd_t2.asm.obj            32      0         0      
       memccpy.c.obj                28      0         0      
       s_copysign.c.obj             26      0         0      
       strcmp.c.obj                 24      0         0      
       strchr.c.obj                 22      0         0      
       strcpy.c.obj                 20      0         0      
       strlen.c.obj                 20      0         0      
       wcslen.c.obj                 18      0         0      
       copy_decompress_none.c.obj   14      0         0      
       copy_zero_init.c.obj         12      0         0      
       errno.c.obj                  8       0         4      
       exit.c.obj                   4       0         0      
       pre_init.c.obj               4       0         0      
       div0.asm.obj                 2       0         0      
    +--+----------------------------+-------+---------+---------+
       Total:                       8373    257       4      
                                                             
       Stack:                       0       0         512    
       Linker Generated:            0       310       0      
    +--+----------------------------+-------+---------+---------+
       Grand Total:                 84029   3725      23772  


LINKER GENERATED COPY TABLES

__TI_cinit_table @ 000156d0 records: 3, size/record: 8, table size: 24
	.data: load addr=000155b0, load size=00000102 bytes, run addr=20005b18, run size=000001c4 bytes, compression=lzss
	.bss: load addr=000156c0, load size=00000008 bytes, run addr=2000026c, run size=000056ac bytes, compression=zero_init
	.vtable: load addr=000156c8, load size=00000008 bytes, run addr=20000000, run size=0000026c bytes, compression=zero_init


LINKER GENERATED HANDLER TABLE

__TI_handler_table @ 000156b4 records: 3, size/record: 4, table size: 12
	index: 0, handler: __TI_zero_init
	index: 1, handler: __TI_decompress_lzss
	index: 2, handler: __TI_decompress_none


GLOBAL SYMBOLS: SORTED ALPHABETICALLY BY Name 

address   name                                 
-------   ----                                 
000090e3  ADCBusy                              
00009179  ADCClockConfigGet                    
0000911d  ADCClockConfigSet                    
00008c6b  ADCComparatorConfigure               
00008e4d  ADCComparatorIntClear                
00008da1  ADCComparatorIntDisable              
00008de5  ADCComparatorIntEnable               
00008e29  ADCComparatorIntStatus               
00008cb1  ADCComparatorRegionSet               
00008d29  ADCComparatorReset                   
00008bf1  ADCHardwareOversampleConfigure       
000083a7  ADCIntClear                          
00008f1d  ADCIntClearEx                        
00008299  ADCIntDisable                        
00008e79  ADCIntDisableEx                      
000082d7  ADCIntEnable                         
00008ea7  ADCIntEnableEx                       
000081ef  ADCIntRegister                       
00008323  ADCIntStatus                         
00008ed5  ADCIntStatusEx                       
00008249  ADCIntUnregister                     
0000903b  ADCPhaseDelayGet                     
00008fa1  ADCPhaseDelaySet                     
000088a1  ADCProcessorTrigger                  
00008f79  ADCReferenceGet                      
00008f2f  ADCReferenceSet                      
0000847d  ADCSequenceConfigure                 
000090a1  ADCSequenceDMADisable                
0000905f  ADCSequenceDMAEnable                 
0000882f  ADCSequenceDataGet                   
00008435  ADCSequenceDisable                   
000083e3  ADCSequenceEnable                    
00008735  ADCSequenceOverflow                  
00008779  ADCSequenceOverflowClear             
000085e1  ADCSequenceStepConfigure             
000087b5  ADCSequenceUnderflow                 
000087f3  ADCSequenceUnderflowClear            
000088ef  ADCSoftwareOversampleConfigure       
00008ae9  ADCSoftwareOversampleDataGet         
00008993  ADCSoftwareOversampleStepConfigure   
0001359b  ButtonsInit                          
000134f5  ButtonsPoll                          
00014ab7  C$$EXIT                              
0000d94b  CASIOCallback                        
20005c3c  CASIO_on                             
0001365b  CPUUsageInit                         
0001361d  CPUUsageTick                         
0001489b  CPUbasepriGet                        
0001488d  CPUbasepriSet                        
00014867  CPUcpsid                             
0001487d  CPUcpsie                             
00014873  CPUprimask                           
00014889  CPUwfi                               
00014089  CmdLineProcess                       
200058dc  DCanterior                           
200058f8  FlagsEventos                         
00008123  GPIOADCTriggerDisable                
000080f7  GPIOADCTriggerEnable                 
000080cb  GPIODMATriggerDisable                
0000809f  GPIODMATriggerEnable                 
000070e9  GPIODirModeGet                       
00007065  GPIODirModeSet                       
0000e311  GPIOFIntHandler                      
000078b9  GPIOIntClear                         
00007861  GPIOIntDisable                       
00007839  GPIOIntEnable                        
000078db  GPIOIntRegister                      
00007959  GPIOIntRegisterPin                   
00007889  GPIOIntStatus                        
0000730d  GPIOIntTypeGet                       
000071bd  GPIOIntTypeSet                       
00007919  GPIOIntUnregister                    
000079d1  GPIOIntUnregisterPin                 
0000e361  GPIOInt_A_Handler                    
0000e3f5  GPIOInt_C_Handler                    
000076a5  GPIOPadConfigGet                     
000073b1  GPIOPadConfigSet                     
00008019  GPIOPinConfigure                     
00007a23  GPIOPinRead                          
00007a77  GPIOPinTypeADC                       
00007aad  GPIOPinTypeCAN                       
00007ae3  GPIOPinTypeComparator                
00007b19  GPIOPinTypeComparatorOutput          
00007b4f  GPIOPinTypeDIVSCLK                   
00007b85  GPIOPinTypeEPI                       
00007bbb  GPIOPinTypeEthernetLED               
00007bf1  GPIOPinTypeEthernetMII               
00007c35  GPIOPinTypeGPIOInput                 
00007c6b  GPIOPinTypeGPIOOutput                
00007ca1  GPIOPinTypeGPIOOutputOD              
00007cd7  GPIOPinTypeHibernateRTCCLK           
00007d0d  GPIOPinTypeI2C                       
00007d43  GPIOPinTypeI2CSCL                    
00007d79  GPIOPinTypeLCD                       
00007daf  GPIOPinTypeOneWire                   
00007de5  GPIOPinTypePWM                       
00007e1b  GPIOPinTypeQEI                       
00007e51  GPIOPinTypeSSI                       
00007e87  GPIOPinTypeTimer                     
00007ebd  GPIOPinTypeTrace                     
00007ef3  GPIOPinTypeUART                      
00007f2d  GPIOPinTypeUSBAnalog                 
00007f63  GPIOPinTypeUSBDigital                
00007f99  GPIOPinTypeWakeHigh                  
00007fd1  GPIOPinTypeWakeLow                   
00008009  GPIOPinWakeStatus                    
00007a49  GPIOPinWrite                         
0000814f  GPIOUnlockPin                        
00014961  GetOverflowCounts                    
00011631  IntDisable                           
000115b3  IntEnable                            
000116b9  IntIsEnabled                         
00011417  IntMasterDisable                     
00011407  IntMasterEnable                      
000117dd  IntPendClear                         
0001176d  IntPendSet                           
0001157d  IntPriorityGet                       
000114e3  IntPriorityGroupingGet               
000114bd  IntPriorityGroupingSet               
00011843  IntPriorityMaskGet                   
00011837  IntPriorityMaskSet                   
0001151b  IntPrioritySet                       
00011427  IntRegister                          
0001184b  IntTrigger                           
0001149d  IntUnregister                        
00013cc7  InternalUSBRegisterTickHandler       
00013d17  InternalUSBStartOfFrameTick          
00013c81  InternalUSBTickInit                  
00013cbf  InternalUSBTickReset                 
20005c38  ON_INI                               
0000afc5  PWMClockGet                          
0000af4b  PWMClockSet                          
0000a55f  PWMDeadBandDisable                   
0000a4d7  PWMDeadBandEnable                    
0000ac0f  PWMFaultIntClear                     
0000ac6d  PWMFaultIntClearExt                  
0000a98f  PWMFaultIntRegister                  
0000a9d5  PWMFaultIntUnregister                
0000a1f1  PWMGenConfigure                      
0000a373  PWMGenDisable                        
0000a331  PWMGenEnable                         
0000aea5  PWMGenFaultClear                     
0000acad  PWMGenFaultConfigure                 
0000ae39  PWMGenFaultStatus                    
0000adc5  PWMGenFaultTriggerGet                
0000ad2b  PWMGenFaultTriggerSet                
0000ab3d  PWMGenIntClear                       
0000a88d  PWMGenIntRegister                    
0000aadd  PWMGenIntStatus                      
0000aa81  PWMGenIntTrigDisable                 
0000aa29  PWMGenIntTrigEnable                  
0000a8ef  PWMGenIntUnregister                  
0000a2df  PWMGenPeriodGet                      
0000a25f  PWMGenPeriodSet                      
0000abcf  PWMIntDisable                        
0000ab8f  PWMIntEnable                         
0000ac37  PWMIntStatus                         
0000a725  PWMOutputFault                       
0000a6cb  PWMOutputFaultLevel                  
0000a671  PWMOutputInvert                      
0000a617  PWMOutputState                       
0000afff  PWMOutputUpdateMode                  
0000a43f  PWMPulseWidthGet                     
0000a3b5  PWMPulseWidthSet                     
0000a5dd  PWMSyncTimeBase                      
0000a5a3  PWMSyncUpdate                        
00014909  ResetISR                             
00005927  SysCtlAltClkConfig                   
00004eed  SysCtlClockFreqSet                   
000053cd  SysCtlClockGet                       
000058ef  SysCtlClockOutConfig                 
000051f5  SysCtlClockSet                       
00004dd5  SysCtlDeepSleep                      
000055a5  SysCtlDeepSleepClockConfigSet        
00005589  SysCtlDeepSleepClockSet              
00004db5  SysCtlDeepSleepPowerSet              
00014aad  SysCtlDelay                          
000046d9  SysCtlFlashSectorSizeGet             
000046ad  SysCtlFlashSizeGet                   
00005779  SysCtlGPIOAHBDisable                 
000056f5  SysCtlGPIOAHBEnable                  
00004cc9  SysCtlIntClear                       
00004cb1  SysCtlIntDisable                     
00004c9d  SysCtlIntEnable                      
00004c79  SysCtlIntRegister                    
00004cd9  SysCtlIntStatus                      
00004c8d  SysCtlIntUnregister                  
00004d9b  SysCtlLDODeepSleepGet                
00004d4d  SysCtlLDODeepSleepSet                
00004d43  SysCtlLDOSleepGet                    
00004cf5  SysCtlLDOSleepSet                    
00004e11  SysCtlMOSCConfigSet                  
000058db  SysCtlNMIClear                       
000058d5  SysCtlNMIStatus                      
00004e21  SysCtlPIOSCCalibrate                 
000056c1  SysCtlPWMClockGet                    
00005651  SysCtlPWMClockSet                    
00004c25  SysCtlPeripheralClockGating          
00004bd7  SysCtlPeripheralDeepSleepDisable     
00004b89  SysCtlPeripheralDeepSleepEnable      
00004a95  SysCtlPeripheralDisable              
00004a29  SysCtlPeripheralEnable               
000048dd  SysCtlPeripheralPowerOff             
00004859  SysCtlPeripheralPowerOn              
00004745  SysCtlPeripheralPresent              
000047d1  SysCtlPeripheralReady                
00004989  SysCtlPeripheralReset                
00004b35  SysCtlPeripheralSleepDisable         
00004ae3  SysCtlPeripheralSleepEnable          
00004dc5  SysCtlReset                          
00004e81  SysCtlResetBehaviorGet               
00004e71  SysCtlResetBehaviorSet               
00004dfd  SysCtlResetCauseClear                
00004df1  SysCtlResetCauseGet                  
000046a3  SysCtlSRAMSizeGet                    
00004dcd  SysCtlSleep                          
00004da5  SysCtlSleepPowerSet                  
000057ef  SysCtlUSBPLLDisable                  
000057e3  SysCtlUSBPLLEnable                   
00005829  SysCtlVCOGet                         
00005811  SysCtlVoltageEventClear              
000057fb  SysCtlVoltageEventConfig             
0000580b  SysCtlVoltageEventStatus             
0000d859  TimerADCEventGet                     
0000d839  TimerADCEventSet                     
0000d289  TimerClockSourceGet                  
0000d24d  TimerClockSourceSet                  
0000cdb5  TimerConfigure                       
0000d0ad  TimerControlEvent                    
0000cf89  TimerControlLevel                    
0000d10b  TimerControlStall                    
0000d009  TimerControlTrigger                  
0000d175  TimerControlWaitOnTrigger            
0000d895  TimerDMAEventGet                     
0000d875  TimerDMAEventSet                     
0000cd29  TimerDisable                         
0000ccdf  TimerEnable                          
0000d7f9  TimerIntClear                        
0000d7a7  TimerIntDisable                      
0000d781  TimerIntEnable                       
0000d6c1  TimerIntRegister                     
0000d7cd  TimerIntStatus                       
0000d72b  TimerIntUnregister                   
0000d47b  TimerLoadGet                         
0000d4e9  TimerLoadGet64                       
0000d421  TimerLoadSet                         
0000d4bd  TimerLoadSet64                       
0000d611  TimerMatchGet                        
0000d67b  TimerMatchGet64                      
0000d5b7  TimerMatchSet                        
0000d653  TimerMatchSet64                      
0000d31f  TimerPrescaleGet                     
0000d3d5  TimerPrescaleMatchGet                
0000d36b  TimerPrescaleMatchSet                
0000d2b5  TimerPrescaleSet                     
0000d229  TimerRTCDisable                      
0000d205  TimerRTCEnable                       
0000d819  TimerSynchronize                     
0000d8b1  TimerUpdateMode                      
0000d52f  TimerValueGet                        
0000d571  TimerValueGet64                      
0000fb0f  UART9BitAddrSend                     
0000fadb  UART9BitAddrSet                      
0000fab7  UART9BitDisable                      
0000fa93  UART9BitEnable                       
0000f83b  UARTBreakCtl                         
0000f873  UARTBusy                             
0000f7b9  UARTCharGet                          
0000f77b  UARTCharGetNonBlocking               
0000f80f  UARTCharPut                          
0000f7dd  UARTCharPutNonBlocking               
0000f723  UARTCharsAvail                       
0000fa75  UARTClockSourceGet                   
0000fa3f  UARTClockSourceSet                   
0000f329  UARTConfigGetExpClk                  
0000f24b  UARTConfigSetExpClk                  
0000f9db  UARTDMADisable                       
0000f9b5  UARTDMAEnable                        
0000f3d1  UARTDisable                          
0000f48d  UARTDisableSIR                       
0000ef53  UARTEchoSet                          
0000f389  UARTEnable                           
0000f451  UARTEnableSIR                        
0000f42d  UARTFIFODisable                      
0000f409  UARTFIFOEnable                       
0000f20f  UARTFIFOLevelGet                     
0000f19d  UARTFIFOLevelSet                     
0000f6a5  UARTFlowControlGet                   
0000f65f  UARTFlowControlSet                   
0000ef1f  UARTFlushRx                          
0000ef2d  UARTFlushTx                          
0000f995  UARTIntClear                         
0000f943  UARTIntDisable                       
0000f91d  UARTIntEnable                        
0000f89f  UARTIntRegister                      
0000f969  UARTIntStatus                        
0000f8dd  UARTIntUnregister                    
0000fb65  UARTLoopbackEnable                   
0000f579  UARTModemControlClear                
0000f5dd  UARTModemControlGet                  
0000f515  UARTModemControlSet                  
0000f61d  UARTModemStatusGet                   
0000f17f  UARTParityModeGet                    
0000f133  UARTParityModeSet                    
0000ef07  UARTRxBytesAvail                     
0000fa21  UARTRxErrorClear                     
0000fa01  UARTRxErrorGet                       
0000f4f1  UARTSmartCardDisable                 
0000f4b1  UARTSmartCardEnable                  
0000f74f  UARTSpaceAvail                       
0000e553  UARTStdioConfig                      
0000ef7b  UARTStdioIntHandler                  
0000ef13  UARTTxBytesFree                      
0000f703  UARTTxIntModeGet                     
0000f6c5  UARTTxIntModeSet                     
0000eba9  UARTgetc                             
0000e749  UARTgets                             
0000eee3  UARTprintf                           
0000ebd1  UARTvprintf                          
0000e67f  UARTwrite                            
00013e47  ULPIConfigSet                        
00013ee9  ULPIPowerTransceiver                 
00014985  USB0DeviceIntHandler                 
00001f87  USBClockDisable                      
00001f5d  USBClockEnable                       
00001f45  USBControllerVersion                 
00012551  USBDCDConfigDescGet                  
00012503  USBDCDConfigDescGetNum               
000124cb  USBDCDConfigDescGetSize              
00012633  USBDCDConfigGetInterface             
00012669  USBDCDConfigGetInterfaceEndpoint     
000125df  USBDCDConfigGetNumAlternateInterfaces
0000599d  USBDCDDeviceInfoInit                 
00005eab  USBDCDFeatureGet                     
00005df9  USBDCDFeatureSet                     
00005a01  USBDCDInit                           
00005d99  USBDCDPowerStatusSet                 
00005ee5  USBDCDRemoteWakeLPM                  
00005eff  USBDCDRemoteWakeupRequest            
00005c95  USBDCDRequestDataEP0                 
00005d01  USBDCDSendDataEP0                    
00005d3d  USBDCDSetDefaultConfiguration        
00005d59  USBDCDStallEP0                       
00005bff  USBDCDTerm                           
000021df  USBDMAChannelAddressGet              
000021a5  USBDMAChannelAddressSet              
000020bd  USBDMAChannelConfigSet               
00002257  USBDMAChannelCountGet                
0000221d  USBDMAChannelCountSet                
0000207f  USBDMAChannelDisable                 
00002041  USBDMAChannelEnable                  
00001fe5  USBDMAChannelIntDisable              
00001fa7  USBDMAChannelIntEnable               
00002023  USBDMAChannelIntStatus               
00002123  USBDMAChannelStatus                  
0000215d  USBDMAChannelStatusClear             
0000228d  USBDMANumChannels                    
000129a5  USBDescGet                           
00012ac9  USBDescGetInterface                  
00012af7  USBDescGetInterfaceEndpoint          
00012949  USBDescGetNum                        
00012a0f  USBDescGetNumAlternateInterfaces     
00000caf  USBDevAddrGet                        
00000c8d  USBDevAddrSet                        
00000c45  USBDevConnect                        
00000c69  USBDevDisconnect                     
000010f3  USBDevEndpointConfigGet              
00000fb9  USBDevEndpointConfigSet              
0000160d  USBDevEndpointDataAck                
00000ad1  USBDevEndpointStall                  
00000b79  USBDevEndpointStallClear             
0000084d  USBDevEndpointStatusClear            
00002495  USBDevLPMConfig                      
000024df  USBDevLPMDisable                     
000024b9  USBDevLPMEnable                      
0000246f  USBDevLPMRemoteWake                  
00001e75  USBDevMode                           
00000493  USBDevSpeedGet                       
00011d63  USBDeviceConfig                      
00011f8f  USBDeviceConfigAlternate             
00006045  USBDeviceEnumHandler                 
000061a5  USBDeviceEnumResetHandler            
00006d1d  USBDeviceIntHandlerInternal          
00005f45  USBDeviceResumeTickHandler           
00001dc1  USBEndpointDMAChannel                
000013a1  USBEndpointDMAConfigSet              
00001473  USBEndpointDMADisable                
00001439  USBEndpointDMAEnable                 
000014ad  USBEndpointDataAvail                 
00001537  USBEndpointDataGet                   
00001709  USBEndpointDataPut                   
000017c3  USBEndpointDataSend                  
00000a05  USBEndpointDataToggleClear           
00001f09  USBEndpointPacketCountSet            
00000739  USBEndpointStatus                    
00001d89  USBFIFOAddrGet                       
000012f5  USBFIFOConfigGet                     
00001249  USBFIFOConfigSet                     
00001867  USBFIFOFlush                         
00001d31  USBFrameNumberGet                    
000003d7  USBHighSpeed                         
00001aad  USBHostAddrGet                       
00001a29  USBHostAddrSet                       
00000cd1  USBHostEndpointConfig                
00001691  USBHostEndpointDataAck               
00000921  USBHostEndpointDataToggle            
00000a85  USBHostEndpointPing                  
00000ed1  USBHostEndpointSpeed                 
000007b1  USBHostEndpointStatusClear           
00001bd1  USBHostHubAddrGet                    
00001b21  USBHostHubAddrSet                    
000023f3  USBHostLPMConfig                     
00002449  USBHostLPMResume                     
00002387  USBHostLPMSend                       
00001e55  USBHostMode                          
00001c49  USBHostPwrConfig                     
00001d0b  USBHostPwrDisable                    
00001ce5  USBHostPwrEnable                     
00001cbf  USBHostPwrFaultDisable               
00001c99  USBHostPwrFaultEnable                
0000191d  USBHostRequestIN                     
0000198b  USBHostRequestINClear                
00001a05  USBHostRequestStatus                 
0000039b  USBHostReset                         
00000413  USBHostResume                        
0000044f  USBHostSpeedGet                      
00000379  USBHostSuspend                       
000004b9  USBIntDisableControl                 
000005e5  USBIntDisableEndpoint                
00000531  USBIntEnableControl                  
00000621  USBIntEnableEndpoint                 
000006c1  USBIntRegister                       
0000058b  USBIntStatusControl                  
0000065d  USBIntStatusEndpoint                 
000006ff  USBIntUnregister                     
0000252f  USBLPMEndpointGet                    
000025c7  USBLPMIntDisable                     
0000259f  USBLPMIntEnable                      
00002581  USBLPMIntStatus                      
0000250d  USBLPMLinkStateGet                   
00002559  USBLPMRemoteWakeEnabled              
00009f65  USBLibDMAAddrGet                     
00009f95  USBLibDMAInit                        
00009f7d  USBLibDMASizeGet                     
00001eb5  USBModeConfig                        
00001d9f  USBModeGet                           
00001f2d  USBNumEndpointsGet                   
00001e95  USBOTGMode                           
00001d4d  USBOTGSessionRequest                 
00001ed7  USBPHYPowerOff                       
00001eed  USBPHYPowerOn                        
000022ad  USBULPIConfig                        
000022db  USBULPIDisable                       
000022c3  USBULPIEnable                        
000022f3  USBULPIRegRead                       
00002339  USBULPIRegWrite                      
20005b18  __STACK_END                          
00000200  __STACK_SIZE                         
20005b18  __STACK_TOP                          
000156d0  __TI_CINIT_Base                      
000156e8  __TI_CINIT_Limit                     
000156b4  __TI_Handler_Table_Base              
000156c0  __TI_Handler_Table_Limit             
00014721  __TI_auto_init_nobinit_nopinit       
000144c5  __TI_decompress_lzss                 
00014a7f  __TI_decompress_none                 
000145e7  __TI_ltoa                            
ffffffff  __TI_pprof_out_hndl                  
0000fb8d  __TI_printfi                         
ffffffff  __TI_prof_data_size                  
ffffffff  __TI_prof_data_start                 
00000000  __TI_static_base__                   
00014a8d  __TI_zero_init                       
00014267  __aeabi_cdcmpeq                      
00014267  __aeabi_cdcmple                      
000142ed  __aeabi_cdrcmple                     
000146d9  __aeabi_d2iz                         
00014765  __aeabi_d2uiz                        
00012cf7  __aeabi_dadd                         
00013295  __aeabi_ddiv                         
00013a8d  __aeabi_dmul                         
00012ced  __aeabi_dsub                         
00014aa5  __aeabi_errno_addr                   
000148d9  __aeabi_i2d                          
000105db  __aeabi_idiv0                        
000105db  __aeabi_ldiv0                        
00014373  __aeabi_memclr                       
00014373  __aeabi_memclr4                      
00014373  __aeabi_memclr8                      
00014135  __aeabi_memcpy                       
00014135  __aeabi_memcpy4                      
00014135  __aeabi_memcpy8                      
00014375  __aeabi_memset                       
00014375  __aeabi_memset4                      
00014375  __aeabi_memset8                      
000149a9  __aeabi_ui2d                         
000147a9  __aeabi_uidiv                        
000147a9  __aeabi_uidivmod                     
000141d1  __aeabi_uldivmod                     
ffffffff  __binit__                            
ffffffff  __c_args__                           
0000d90d  __error__                            
UNDEFED   __mpu_init                           
20005918  __stack                              
20000000  __start___llvm_prf_cnts              
20000000  __stop___llvm_prf_cnts               
000148a5  _c_int00_noargs                      
00014f38  _ctypes_                             
UNDEFED   _system_post_cinit                   
00014ab3  _system_pre_init                     
00014ab7  abort                                
0001468d  atoi                                 
20005c3b  avanzar                              
00013911  binary_lookup                        
ffffffff  binit                                
200058fc  colaMovimiento                       
20005900  colaSharp                            
00012f9b  configADC0_ISR                       
00012eb1  configADC0_IniciaADC0                
00012f87  configADC0_LeeADC0                   
00012ea5  configADC_DisparaADC                 
00013865  config_sensors                       
20005c40  contSharp                            
000149e5  copysign                             
000149e5  copysignl                            
0000298d  eTaskGetState                        
20005c3a  en_movimiento                        
20005cd8  errno                                
20005904  estado                               
00013b89  floor                                
00013b89  floorl                               
0001452d  frexp                                
0001452d  frexpl                               
20005cb4  g_bUSBTimerInitialized               
20005cc0  g_iUSBMode                           
20000000  g_pfnRAMVectors                      
200057e0  g_pfnTickHandlers                    
00000000  g_pfnVectors                         
20005908  g_ppsDevInfo                         
20005b18  g_psCmdTable                         
200056bc  g_psDCDInst                          
200057f8  g_pvTickInstance                     
2000590c  g_ui32CPUUsage                       
20005cb8  g_ui32CurrentUSBTick                 
20005cbc  g_ui32USBSOFCount                    
20005cc4  g_ui32WaitTicks                      
20005910  g_ulSystemClock                      
00010bbd  initCommandLine                      
0001397d  ldexp                                
0001397d  ldexpl                               
0000e215  main                                 
000149c9  memccpy                              
00014135  memcpy                               
0001437b  memset                               
20005c39  modo                                 
0000b489  mov_curvo_servos                     
0000b211  mov_rectilineo_servos                
0000b621  mov_rotatorio_servos                 
0000bc15  mov_rueda_universal                  
0000b961  mov_una_rueda                        
20005c48  objetivo_cm                          
20005c4c  objetivo_grados                      
0000b88b  parar_pausar_motor                   
20005c3d  pasar_SD                             
20005c3e  pasar_ST                             
0000cb03  pcQueueGetName                       
00002fc5  pcTaskGetName                        
00010ec1  pcTimerGetName                       
00012059  pvPortMalloc                         
00003d1d  pvTaskIncrementMutexHeldCount        
00011329  pvTimerGetTimerID                    
20005bfc  pxCurrentTCB                         
00013009  pxPortInitialiseStack                
00013f11  round                                
00013f11  roundl                               
0001397d  scalbn                               
0001397d  scalbnl                              
0000b0c9  servos_init                          
20005cc9  show_once                            
000147e9  sprintf                              
00014a2f  strchr                               
00014a17  strcmp                               
00014a45  strcpy                               
00014a59  strlen                               
00014935  strncmp                              
0000c85b  ucQueueGetQueueType                  
200058e4  ui32DutyCycle                        
20005914  ui32Period                           
000155a0  ulMaxSyscallInterruptPriority        
00013d7d  ulPortGetIPSR                        
00003d39  ulTaskGenericNotifyTake              
00004215  ulTaskGenericNotifyValueClear        
20005c44  umbralSharp                          
00011c63  uxEventGroupGetNumber                
000134ad  uxListRemove                         
0000c83b  uxQueueGetQueueNumber                
0000c7d9  uxQueueMessagesWaiting               
0000c80f  uxQueueMessagesWaitingFromISR        
0000c7ef  uxQueueSpacesAvailable               
00002fb9  uxTaskGetNumberOfTasks               
000037d5  uxTaskGetStackHighWaterMark          
00002fe9  uxTaskGetSystemState                 
00003549  uxTaskGetTaskNumber                  
00002a55  uxTaskPriorityGet                    
00002a7d  uxTaskPriorityGetFromISR             
00003cfb  uxTaskResetEventItemValue            
00010e83  uxTimerGetReloadMode                 
000113c9  uxTimerGetTimerNumber                
000155a4  uxTopUsedPriority                    
0000d943  vApplicationIdleHook                 
0000d921  vApplicationMallocFailedHook         
0000d917  vApplicationStackOverflowHook        
0000d923  vApplicationTickHook                 
0001445d  vConfigureTimerForRunTimeStats       
00011bfd  vEventGroupClearBitsCallback         
00011bb9  vEventGroupDelete                    
00011bed  vEventGroupSetBitsCallback           
00011c83  vEventGroupSetNumber                 
000133cb  vListInitialise                      
000133fb  vListInitialiseItem                  
00013447  vListInsert                          
0001340b  vListInsertEnd                       
00013e39  vPortEnableVFP                       
000130a9  vPortEndScheduler                    
000130ab  vPortEnterCritical                   
000130cb  vPortExitCritical                    
00012187  vPortFree                            
00012339  vPortGetHeapStats                    
000121ed  vPortInitialiseBlocks                
00013df5  vPortSVCHandler                      
00013107  vPortSetupTimerInterrupt             
00013e15  vPortStartFirstTask                  
0000cac1  vQueueAddToRegistry                  
0000c825  vQueueDelete                         
0000c849  vQueueSetQueueNumber                 
0000cb43  vQueueUnregisterQueue                
0000cb87  vQueueWaitForMessageRestricted       
0000294b  vTaskDelay                           
0000280d  vTaskDelete                          
00002e7f  vTaskEndScheduler                    
00004107  vTaskGenericNotifyGiveFromISR        
00003641  vTaskGetInfo                         
00003c23  vTaskGetRunTimeStats                 
0000348f  vTaskInternalSetTimeOutState         
00003b11  vTaskList                            
0000353d  vTaskMissedYield                     
000032fd  vTaskPlaceOnEventList                
00003351  vTaskPlaceOnEventListRestricted      
00003321  vTaskPlaceOnUnorderedEventList       
000039f7  vTaskPriorityDisinheritAfterTimeout  
00002ac5  vTaskPrioritySet                     
00003405  vTaskRemoveFromUnorderedEventList    
00002d0f  vTaskResume                          
00003569  vTaskSetTaskNumber                   
00003471  vTaskSetTimeOutState                 
00002e25  vTaskStartScheduler                  
00002bdd  vTaskSuspend                         
00002e9b  vTaskSuspendAll                      
0000321d  vTaskSwitchContext                   
00010e4d  vTimerSetReloadMode                  
00011343  vTimerSetTimerID                     
000113d7  vTimerSetTimerNumber                 
00014a6d  wcslen                               
00011a77  xEventGroupClearBits                 
00011aa3  xEventGroupClearBitsFromISR          
00011895  xEventGroupCreate                    
00011abb  xEventGroupGetBitsFromISR            
00011aeb  xEventGroupSetBits                   
00011c43  xEventGroupSetBitsFromISR            
000118b5  xEventGroupSync                      
00011989  xEventGroupWaitBits                  
000121e1  xPortGetFreeHeapSize                 
000121e7  xPortGetMinimumEverFreeHeapSize      
00013d95  xPortPendSVHandler                   
00013073  xPortStartScheduler                  
000130e1  xPortSysTickHandler                  
0000c0cd  xQueueCreateCountingSemaphore        
0000c021  xQueueCreateMutex                    
0000bf6d  xQueueGenericCreate                  
0000becd  xQueueGenericReset                   
0000c0ed  xQueueGenericSend                    
0000c21d  xQueueGenericSendFromISR             
0000c2bf  xQueueGiveFromISR                    
0000c04d  xQueueGiveMutexRecursive             
0000ca55  xQueueIsQueueEmptyFromISR            
0000ca9b  xQueueIsQueueFullFromISR             
0000c5cb  xQueuePeek                           
0000c787  xQueuePeekFromISR                    
0000c353  xQueueReceive                        
0000c6ed  xQueueReceiveFromISR                 
2000570c  xQueueRegistry                       
0000c471  xQueueSemaphoreTake                  
0000c089  xQueueTakeMutexRecursive             
000030cd  xTaskCatchUpTicks                    
000034b9  xTaskCheckForTimeOut                 
000025f9  xTaskCreate                          
000028bb  xTaskDelayUntil                      
00003ec1  xTaskGenericNotify                   
00003fd9  xTaskGenericNotifyFromISR            
000041c3  xTaskGenericNotifyStateClear         
00003dd7  xTaskGenericNotifyWait               
00003845  xTaskGetCurrentTaskHandle            
00003865  xTaskGetSchedulerState               
00002f95  xTaskGetTickCount                    
00002fa5  xTaskGetTickCountFromISR             
00003109  xTaskIncrementTick                   
0000396d  xTaskPriorityDisinherit              
000038a1  xTaskPriorityInherit                 
00003381  xTaskRemoveFromEventList             
00002ead  xTaskResumeAll                       
00002d8d  xTaskResumeFromISR                   
00010d41  xTimerCreate                         
00010d15  xTimerCreateTimerTask                
00010dc9  xTimerGenericCommand                 
00010eab  xTimerGetExpiryTime                  
00010e3b  xTimerGetPeriod                      
00010e35  xTimerGetTimerDaemonTaskHandle       
00011301  xTimerIsTimerActive                  
00011393  xTimerPendFunctionCall               
0001135d  xTimerPendFunctionCallFromISR        


GLOBAL SYMBOLS: SORTED BY Symbol Address 

address   name                                 
-------   ----                                 
00000000  __TI_static_base__                   
00000000  g_pfnVectors                         
00000200  __STACK_SIZE                         
00000379  USBHostSuspend                       
0000039b  USBHostReset                         
000003d7  USBHighSpeed                         
00000413  USBHostResume                        
0000044f  USBHostSpeedGet                      
00000493  USBDevSpeedGet                       
000004b9  USBIntDisableControl                 
00000531  USBIntEnableControl                  
0000058b  USBIntStatusControl                  
000005e5  USBIntDisableEndpoint                
00000621  USBIntEnableEndpoint                 
0000065d  USBIntStatusEndpoint                 
000006c1  USBIntRegister                       
000006ff  USBIntUnregister                     
00000739  USBEndpointStatus                    
000007b1  USBHostEndpointStatusClear           
0000084d  USBDevEndpointStatusClear            
00000921  USBHostEndpointDataToggle            
00000a05  USBEndpointDataToggleClear           
00000a85  USBHostEndpointPing                  
00000ad1  USBDevEndpointStall                  
00000b79  USBDevEndpointStallClear             
00000c45  USBDevConnect                        
00000c69  USBDevDisconnect                     
00000c8d  USBDevAddrSet                        
00000caf  USBDevAddrGet                        
00000cd1  USBHostEndpointConfig                
00000ed1  USBHostEndpointSpeed                 
00000fb9  USBDevEndpointConfigSet              
000010f3  USBDevEndpointConfigGet              
00001249  USBFIFOConfigSet                     
000012f5  USBFIFOConfigGet                     
000013a1  USBEndpointDMAConfigSet              
00001439  USBEndpointDMAEnable                 
00001473  USBEndpointDMADisable                
000014ad  USBEndpointDataAvail                 
00001537  USBEndpointDataGet                   
0000160d  USBDevEndpointDataAck                
00001691  USBHostEndpointDataAck               
00001709  USBEndpointDataPut                   
000017c3  USBEndpointDataSend                  
00001867  USBFIFOFlush                         
0000191d  USBHostRequestIN                     
0000198b  USBHostRequestINClear                
00001a05  USBHostRequestStatus                 
00001a29  USBHostAddrSet                       
00001aad  USBHostAddrGet                       
00001b21  USBHostHubAddrSet                    
00001bd1  USBHostHubAddrGet                    
00001c49  USBHostPwrConfig                     
00001c99  USBHostPwrFaultEnable                
00001cbf  USBHostPwrFaultDisable               
00001ce5  USBHostPwrEnable                     
00001d0b  USBHostPwrDisable                    
00001d31  USBFrameNumberGet                    
00001d4d  USBOTGSessionRequest                 
00001d89  USBFIFOAddrGet                       
00001d9f  USBModeGet                           
00001dc1  USBEndpointDMAChannel                
00001e55  USBHostMode                          
00001e75  USBDevMode                           
00001e95  USBOTGMode                           
00001eb5  USBModeConfig                        
00001ed7  USBPHYPowerOff                       
00001eed  USBPHYPowerOn                        
00001f09  USBEndpointPacketCountSet            
00001f2d  USBNumEndpointsGet                   
00001f45  USBControllerVersion                 
00001f5d  USBClockEnable                       
00001f87  USBClockDisable                      
00001fa7  USBDMAChannelIntEnable               
00001fe5  USBDMAChannelIntDisable              
00002023  USBDMAChannelIntStatus               
00002041  USBDMAChannelEnable                  
0000207f  USBDMAChannelDisable                 
000020bd  USBDMAChannelConfigSet               
00002123  USBDMAChannelStatus                  
0000215d  USBDMAChannelStatusClear             
000021a5  USBDMAChannelAddressSet              
000021df  USBDMAChannelAddressGet              
0000221d  USBDMAChannelCountSet                
00002257  USBDMAChannelCountGet                
0000228d  USBDMANumChannels                    
000022ad  USBULPIConfig                        
000022c3  USBULPIEnable                        
000022db  USBULPIDisable                       
000022f3  USBULPIRegRead                       
00002339  USBULPIRegWrite                      
00002387  USBHostLPMSend                       
000023f3  USBHostLPMConfig                     
00002449  USBHostLPMResume                     
0000246f  USBDevLPMRemoteWake                  
00002495  USBDevLPMConfig                      
000024b9  USBDevLPMEnable                      
000024df  USBDevLPMDisable                     
0000250d  USBLPMLinkStateGet                   
0000252f  USBLPMEndpointGet                    
00002559  USBLPMRemoteWakeEnabled              
00002581  USBLPMIntStatus                      
0000259f  USBLPMIntEnable                      
000025c7  USBLPMIntDisable                     
000025f9  xTaskCreate                          
0000280d  vTaskDelete                          
000028bb  xTaskDelayUntil                      
0000294b  vTaskDelay                           
0000298d  eTaskGetState                        
00002a55  uxTaskPriorityGet                    
00002a7d  uxTaskPriorityGetFromISR             
00002ac5  vTaskPrioritySet                     
00002bdd  vTaskSuspend                         
00002d0f  vTaskResume                          
00002d8d  xTaskResumeFromISR                   
00002e25  vTaskStartScheduler                  
00002e7f  vTaskEndScheduler                    
00002e9b  vTaskSuspendAll                      
00002ead  xTaskResumeAll                       
00002f95  xTaskGetTickCount                    
00002fa5  xTaskGetTickCountFromISR             
00002fb9  uxTaskGetNumberOfTasks               
00002fc5  pcTaskGetName                        
00002fe9  uxTaskGetSystemState                 
000030cd  xTaskCatchUpTicks                    
00003109  xTaskIncrementTick                   
0000321d  vTaskSwitchContext                   
000032fd  vTaskPlaceOnEventList                
00003321  vTaskPlaceOnUnorderedEventList       
00003351  vTaskPlaceOnEventListRestricted      
00003381  xTaskRemoveFromEventList             
00003405  vTaskRemoveFromUnorderedEventList    
00003471  vTaskSetTimeOutState                 
0000348f  vTaskInternalSetTimeOutState         
000034b9  xTaskCheckForTimeOut                 
0000353d  vTaskMissedYield                     
00003549  uxTaskGetTaskNumber                  
00003569  vTaskSetTaskNumber                   
00003641  vTaskGetInfo                         
000037d5  uxTaskGetStackHighWaterMark          
00003845  xTaskGetCurrentTaskHandle            
00003865  xTaskGetSchedulerState               
000038a1  xTaskPriorityInherit                 
0000396d  xTaskPriorityDisinherit              
000039f7  vTaskPriorityDisinheritAfterTimeout  
00003b11  vTaskList                            
00003c23  vTaskGetRunTimeStats                 
00003cfb  uxTaskResetEventItemValue            
00003d1d  pvTaskIncrementMutexHeldCount        
00003d39  ulTaskGenericNotifyTake              
00003dd7  xTaskGenericNotifyWait               
00003ec1  xTaskGenericNotify                   
00003fd9  xTaskGenericNotifyFromISR            
00004107  vTaskGenericNotifyGiveFromISR        
000041c3  xTaskGenericNotifyStateClear         
00004215  ulTaskGenericNotifyValueClear        
000046a3  SysCtlSRAMSizeGet                    
000046ad  SysCtlFlashSizeGet                   
000046d9  SysCtlFlashSectorSizeGet             
00004745  SysCtlPeripheralPresent              
000047d1  SysCtlPeripheralReady                
00004859  SysCtlPeripheralPowerOn              
000048dd  SysCtlPeripheralPowerOff             
00004989  SysCtlPeripheralReset                
00004a29  SysCtlPeripheralEnable               
00004a95  SysCtlPeripheralDisable              
00004ae3  SysCtlPeripheralSleepEnable          
00004b35  SysCtlPeripheralSleepDisable         
00004b89  SysCtlPeripheralDeepSleepEnable      
00004bd7  SysCtlPeripheralDeepSleepDisable     
00004c25  SysCtlPeripheralClockGating          
00004c79  SysCtlIntRegister                    
00004c8d  SysCtlIntUnregister                  
00004c9d  SysCtlIntEnable                      
00004cb1  SysCtlIntDisable                     
00004cc9  SysCtlIntClear                       
00004cd9  SysCtlIntStatus                      
00004cf5  SysCtlLDOSleepSet                    
00004d43  SysCtlLDOSleepGet                    
00004d4d  SysCtlLDODeepSleepSet                
00004d9b  SysCtlLDODeepSleepGet                
00004da5  SysCtlSleepPowerSet                  
00004db5  SysCtlDeepSleepPowerSet              
00004dc5  SysCtlReset                          
00004dcd  SysCtlSleep                          
00004dd5  SysCtlDeepSleep                      
00004df1  SysCtlResetCauseGet                  
00004dfd  SysCtlResetCauseClear                
00004e11  SysCtlMOSCConfigSet                  
00004e21  SysCtlPIOSCCalibrate                 
00004e71  SysCtlResetBehaviorSet               
00004e81  SysCtlResetBehaviorGet               
00004eed  SysCtlClockFreqSet                   
000051f5  SysCtlClockSet                       
000053cd  SysCtlClockGet                       
00005589  SysCtlDeepSleepClockSet              
000055a5  SysCtlDeepSleepClockConfigSet        
00005651  SysCtlPWMClockSet                    
000056c1  SysCtlPWMClockGet                    
000056f5  SysCtlGPIOAHBEnable                  
00005779  SysCtlGPIOAHBDisable                 
000057e3  SysCtlUSBPLLEnable                   
000057ef  SysCtlUSBPLLDisable                  
000057fb  SysCtlVoltageEventConfig             
0000580b  SysCtlVoltageEventStatus             
00005811  SysCtlVoltageEventClear              
00005829  SysCtlVCOGet                         
000058d5  SysCtlNMIStatus                      
000058db  SysCtlNMIClear                       
000058ef  SysCtlClockOutConfig                 
00005927  SysCtlAltClkConfig                   
0000599d  USBDCDDeviceInfoInit                 
00005a01  USBDCDInit                           
00005bff  USBDCDTerm                           
00005c95  USBDCDRequestDataEP0                 
00005d01  USBDCDSendDataEP0                    
00005d3d  USBDCDSetDefaultConfiguration        
00005d59  USBDCDStallEP0                       
00005d99  USBDCDPowerStatusSet                 
00005df9  USBDCDFeatureSet                     
00005eab  USBDCDFeatureGet                     
00005ee5  USBDCDRemoteWakeLPM                  
00005eff  USBDCDRemoteWakeupRequest            
00005f45  USBDeviceResumeTickHandler           
00006045  USBDeviceEnumHandler                 
000061a5  USBDeviceEnumResetHandler            
00006d1d  USBDeviceIntHandlerInternal          
00007065  GPIODirModeSet                       
000070e9  GPIODirModeGet                       
000071bd  GPIOIntTypeSet                       
0000730d  GPIOIntTypeGet                       
000073b1  GPIOPadConfigSet                     
000076a5  GPIOPadConfigGet                     
00007839  GPIOIntEnable                        
00007861  GPIOIntDisable                       
00007889  GPIOIntStatus                        
000078b9  GPIOIntClear                         
000078db  GPIOIntRegister                      
00007919  GPIOIntUnregister                    
00007959  GPIOIntRegisterPin                   
000079d1  GPIOIntUnregisterPin                 
00007a23  GPIOPinRead                          
00007a49  GPIOPinWrite                         
00007a77  GPIOPinTypeADC                       
00007aad  GPIOPinTypeCAN                       
00007ae3  GPIOPinTypeComparator                
00007b19  GPIOPinTypeComparatorOutput          
00007b4f  GPIOPinTypeDIVSCLK                   
00007b85  GPIOPinTypeEPI                       
00007bbb  GPIOPinTypeEthernetLED               
00007bf1  GPIOPinTypeEthernetMII               
00007c35  GPIOPinTypeGPIOInput                 
00007c6b  GPIOPinTypeGPIOOutput                
00007ca1  GPIOPinTypeGPIOOutputOD              
00007cd7  GPIOPinTypeHibernateRTCCLK           
00007d0d  GPIOPinTypeI2C                       
00007d43  GPIOPinTypeI2CSCL                    
00007d79  GPIOPinTypeLCD                       
00007daf  GPIOPinTypeOneWire                   
00007de5  GPIOPinTypePWM                       
00007e1b  GPIOPinTypeQEI                       
00007e51  GPIOPinTypeSSI                       
00007e87  GPIOPinTypeTimer                     
00007ebd  GPIOPinTypeTrace                     
00007ef3  GPIOPinTypeUART                      
00007f2d  GPIOPinTypeUSBAnalog                 
00007f63  GPIOPinTypeUSBDigital                
00007f99  GPIOPinTypeWakeHigh                  
00007fd1  GPIOPinTypeWakeLow                   
00008009  GPIOPinWakeStatus                    
00008019  GPIOPinConfigure                     
0000809f  GPIODMATriggerEnable                 
000080cb  GPIODMATriggerDisable                
000080f7  GPIOADCTriggerEnable                 
00008123  GPIOADCTriggerDisable                
0000814f  GPIOUnlockPin                        
000081ef  ADCIntRegister                       
00008249  ADCIntUnregister                     
00008299  ADCIntDisable                        
000082d7  ADCIntEnable                         
00008323  ADCIntStatus                         
000083a7  ADCIntClear                          
000083e3  ADCSequenceEnable                    
00008435  ADCSequenceDisable                   
0000847d  ADCSequenceConfigure                 
000085e1  ADCSequenceStepConfigure             
00008735  ADCSequenceOverflow                  
00008779  ADCSequenceOverflowClear             
000087b5  ADCSequenceUnderflow                 
000087f3  ADCSequenceUnderflowClear            
0000882f  ADCSequenceDataGet                   
000088a1  ADCProcessorTrigger                  
000088ef  ADCSoftwareOversampleConfigure       
00008993  ADCSoftwareOversampleStepConfigure   
00008ae9  ADCSoftwareOversampleDataGet         
00008bf1  ADCHardwareOversampleConfigure       
00008c6b  ADCComparatorConfigure               
00008cb1  ADCComparatorRegionSet               
00008d29  ADCComparatorReset                   
00008da1  ADCComparatorIntDisable              
00008de5  ADCComparatorIntEnable               
00008e29  ADCComparatorIntStatus               
00008e4d  ADCComparatorIntClear                
00008e79  ADCIntDisableEx                      
00008ea7  ADCIntEnableEx                       
00008ed5  ADCIntStatusEx                       
00008f1d  ADCIntClearEx                        
00008f2f  ADCReferenceSet                      
00008f79  ADCReferenceGet                      
00008fa1  ADCPhaseDelaySet                     
0000903b  ADCPhaseDelayGet                     
0000905f  ADCSequenceDMAEnable                 
000090a1  ADCSequenceDMADisable                
000090e3  ADCBusy                              
0000911d  ADCClockConfigSet                    
00009179  ADCClockConfigGet                    
00009f65  USBLibDMAAddrGet                     
00009f7d  USBLibDMASizeGet                     
00009f95  USBLibDMAInit                        
0000a1f1  PWMGenConfigure                      
0000a25f  PWMGenPeriodSet                      
0000a2df  PWMGenPeriodGet                      
0000a331  PWMGenEnable                         
0000a373  PWMGenDisable                        
0000a3b5  PWMPulseWidthSet                     
0000a43f  PWMPulseWidthGet                     
0000a4d7  PWMDeadBandEnable                    
0000a55f  PWMDeadBandDisable                   
0000a5a3  PWMSyncUpdate                        
0000a5dd  PWMSyncTimeBase                      
0000a617  PWMOutputState                       
0000a671  PWMOutputInvert                      
0000a6cb  PWMOutputFaultLevel                  
0000a725  PWMOutputFault                       
0000a88d  PWMGenIntRegister                    
0000a8ef  PWMGenIntUnregister                  
0000a98f  PWMFaultIntRegister                  
0000a9d5  PWMFaultIntUnregister                
0000aa29  PWMGenIntTrigEnable                  
0000aa81  PWMGenIntTrigDisable                 
0000aadd  PWMGenIntStatus                      
0000ab3d  PWMGenIntClear                       
0000ab8f  PWMIntEnable                         
0000abcf  PWMIntDisable                        
0000ac0f  PWMFaultIntClear                     
0000ac37  PWMIntStatus                         
0000ac6d  PWMFaultIntClearExt                  
0000acad  PWMGenFaultConfigure                 
0000ad2b  PWMGenFaultTriggerSet                
0000adc5  PWMGenFaultTriggerGet                
0000ae39  PWMGenFaultStatus                    
0000aea5  PWMGenFaultClear                     
0000af4b  PWMClockSet                          
0000afc5  PWMClockGet                          
0000afff  PWMOutputUpdateMode                  
0000b0c9  servos_init                          
0000b211  mov_rectilineo_servos                
0000b489  mov_curvo_servos                     
0000b621  mov_rotatorio_servos                 
0000b88b  parar_pausar_motor                   
0000b961  mov_una_rueda                        
0000bc15  mov_rueda_universal                  
0000becd  xQueueGenericReset                   
0000bf6d  xQueueGenericCreate                  
0000c021  xQueueCreateMutex                    
0000c04d  xQueueGiveMutexRecursive             
0000c089  xQueueTakeMutexRecursive             
0000c0cd  xQueueCreateCountingSemaphore        
0000c0ed  xQueueGenericSend                    
0000c21d  xQueueGenericSendFromISR             
0000c2bf  xQueueGiveFromISR                    
0000c353  xQueueReceive                        
0000c471  xQueueSemaphoreTake                  
0000c5cb  xQueuePeek                           
0000c6ed  xQueueReceiveFromISR                 
0000c787  xQueuePeekFromISR                    
0000c7d9  uxQueueMessagesWaiting               
0000c7ef  uxQueueSpacesAvailable               
0000c80f  uxQueueMessagesWaitingFromISR        
0000c825  vQueueDelete                         
0000c83b  uxQueueGetQueueNumber                
0000c849  vQueueSetQueueNumber                 
0000c85b  ucQueueGetQueueType                  
0000ca55  xQueueIsQueueEmptyFromISR            
0000ca9b  xQueueIsQueueFullFromISR             
0000cac1  vQueueAddToRegistry                  
0000cb03  pcQueueGetName                       
0000cb43  vQueueUnregisterQueue                
0000cb87  vQueueWaitForMessageRestricted       
0000ccdf  TimerEnable                          
0000cd29  TimerDisable                         
0000cdb5  TimerConfigure                       
0000cf89  TimerControlLevel                    
0000d009  TimerControlTrigger                  
0000d0ad  TimerControlEvent                    
0000d10b  TimerControlStall                    
0000d175  TimerControlWaitOnTrigger            
0000d205  TimerRTCEnable                       
0000d229  TimerRTCDisable                      
0000d24d  TimerClockSourceSet                  
0000d289  TimerClockSourceGet                  
0000d2b5  TimerPrescaleSet                     
0000d31f  TimerPrescaleGet                     
0000d36b  TimerPrescaleMatchSet                
0000d3d5  TimerPrescaleMatchGet                
0000d421  TimerLoadSet                         
0000d47b  TimerLoadGet                         
0000d4bd  TimerLoadSet64                       
0000d4e9  TimerLoadGet64                       
0000d52f  TimerValueGet                        
0000d571  TimerValueGet64                      
0000d5b7  TimerMatchSet                        
0000d611  TimerMatchGet                        
0000d653  TimerMatchSet64                      
0000d67b  TimerMatchGet64                      
0000d6c1  TimerIntRegister                     
0000d72b  TimerIntUnregister                   
0000d781  TimerIntEnable                       
0000d7a7  TimerIntDisable                      
0000d7cd  TimerIntStatus                       
0000d7f9  TimerIntClear                        
0000d819  TimerSynchronize                     
0000d839  TimerADCEventSet                     
0000d859  TimerADCEventGet                     
0000d875  TimerDMAEventSet                     
0000d895  TimerDMAEventGet                     
0000d8b1  TimerUpdateMode                      
0000d90d  __error__                            
0000d917  vApplicationStackOverflowHook        
0000d921  vApplicationMallocFailedHook         
0000d923  vApplicationTickHook                 
0000d943  vApplicationIdleHook                 
0000d94b  CASIOCallback                        
0000e215  main                                 
0000e311  GPIOFIntHandler                      
0000e361  GPIOInt_A_Handler                    
0000e3f5  GPIOInt_C_Handler                    
0000e553  UARTStdioConfig                      
0000e67f  UARTwrite                            
0000e749  UARTgets                             
0000eba9  UARTgetc                             
0000ebd1  UARTvprintf                          
0000eee3  UARTprintf                           
0000ef07  UARTRxBytesAvail                     
0000ef13  UARTTxBytesFree                      
0000ef1f  UARTFlushRx                          
0000ef2d  UARTFlushTx                          
0000ef53  UARTEchoSet                          
0000ef7b  UARTStdioIntHandler                  
0000f133  UARTParityModeSet                    
0000f17f  UARTParityModeGet                    
0000f19d  UARTFIFOLevelSet                     
0000f20f  UARTFIFOLevelGet                     
0000f24b  UARTConfigSetExpClk                  
0000f329  UARTConfigGetExpClk                  
0000f389  UARTEnable                           
0000f3d1  UARTDisable                          
0000f409  UARTFIFOEnable                       
0000f42d  UARTFIFODisable                      
0000f451  UARTEnableSIR                        
0000f48d  UARTDisableSIR                       
0000f4b1  UARTSmartCardEnable                  
0000f4f1  UARTSmartCardDisable                 
0000f515  UARTModemControlSet                  
0000f579  UARTModemControlClear                
0000f5dd  UARTModemControlGet                  
0000f61d  UARTModemStatusGet                   
0000f65f  UARTFlowControlSet                   
0000f6a5  UARTFlowControlGet                   
0000f6c5  UARTTxIntModeSet                     
0000f703  UARTTxIntModeGet                     
0000f723  UARTCharsAvail                       
0000f74f  UARTSpaceAvail                       
0000f77b  UARTCharGetNonBlocking               
0000f7b9  UARTCharGet                          
0000f7dd  UARTCharPutNonBlocking               
0000f80f  UARTCharPut                          
0000f83b  UARTBreakCtl                         
0000f873  UARTBusy                             
0000f89f  UARTIntRegister                      
0000f8dd  UARTIntUnregister                    
0000f91d  UARTIntEnable                        
0000f943  UARTIntDisable                       
0000f969  UARTIntStatus                        
0000f995  UARTIntClear                         
0000f9b5  UARTDMAEnable                        
0000f9db  UARTDMADisable                       
0000fa01  UARTRxErrorGet                       
0000fa21  UARTRxErrorClear                     
0000fa3f  UARTClockSourceSet                   
0000fa75  UARTClockSourceGet                   
0000fa93  UART9BitEnable                       
0000fab7  UART9BitDisable                      
0000fadb  UART9BitAddrSet                      
0000fb0f  UART9BitAddrSend                     
0000fb65  UARTLoopbackEnable                   
0000fb8d  __TI_printfi                         
000105db  __aeabi_idiv0                        
000105db  __aeabi_ldiv0                        
00010bbd  initCommandLine                      
00010d15  xTimerCreateTimerTask                
00010d41  xTimerCreate                         
00010dc9  xTimerGenericCommand                 
00010e35  xTimerGetTimerDaemonTaskHandle       
00010e3b  xTimerGetPeriod                      
00010e4d  vTimerSetReloadMode                  
00010e83  uxTimerGetReloadMode                 
00010eab  xTimerGetExpiryTime                  
00010ec1  pcTimerGetName                       
00011301  xTimerIsTimerActive                  
00011329  pvTimerGetTimerID                    
00011343  vTimerSetTimerID                     
0001135d  xTimerPendFunctionCallFromISR        
00011393  xTimerPendFunctionCall               
000113c9  uxTimerGetTimerNumber                
000113d7  vTimerSetTimerNumber                 
00011407  IntMasterEnable                      
00011417  IntMasterDisable                     
00011427  IntRegister                          
0001149d  IntUnregister                        
000114bd  IntPriorityGroupingSet               
000114e3  IntPriorityGroupingGet               
0001151b  IntPrioritySet                       
0001157d  IntPriorityGet                       
000115b3  IntEnable                            
00011631  IntDisable                           
000116b9  IntIsEnabled                         
0001176d  IntPendSet                           
000117dd  IntPendClear                         
00011837  IntPriorityMaskSet                   
00011843  IntPriorityMaskGet                   
0001184b  IntTrigger                           
00011895  xEventGroupCreate                    
000118b5  xEventGroupSync                      
00011989  xEventGroupWaitBits                  
00011a77  xEventGroupClearBits                 
00011aa3  xEventGroupClearBitsFromISR          
00011abb  xEventGroupGetBitsFromISR            
00011aeb  xEventGroupSetBits                   
00011bb9  vEventGroupDelete                    
00011bed  vEventGroupSetBitsCallback           
00011bfd  vEventGroupClearBitsCallback         
00011c43  xEventGroupSetBitsFromISR            
00011c63  uxEventGroupGetNumber                
00011c83  vEventGroupSetNumber                 
00011d63  USBDeviceConfig                      
00011f8f  USBDeviceConfigAlternate             
00012059  pvPortMalloc                         
00012187  vPortFree                            
000121e1  xPortGetFreeHeapSize                 
000121e7  xPortGetMinimumEverFreeHeapSize      
000121ed  vPortInitialiseBlocks                
00012339  vPortGetHeapStats                    
000124cb  USBDCDConfigDescGetSize              
00012503  USBDCDConfigDescGetNum               
00012551  USBDCDConfigDescGet                  
000125df  USBDCDConfigGetNumAlternateInterfaces
00012633  USBDCDConfigGetInterface             
00012669  USBDCDConfigGetInterfaceEndpoint     
00012949  USBDescGetNum                        
000129a5  USBDescGet                           
00012a0f  USBDescGetNumAlternateInterfaces     
00012ac9  USBDescGetInterface                  
00012af7  USBDescGetInterfaceEndpoint          
00012ced  __aeabi_dsub                         
00012cf7  __aeabi_dadd                         
00012ea5  configADC_DisparaADC                 
00012eb1  configADC0_IniciaADC0                
00012f87  configADC0_LeeADC0                   
00012f9b  configADC0_ISR                       
00013009  pxPortInitialiseStack                
00013073  xPortStartScheduler                  
000130a9  vPortEndScheduler                    
000130ab  vPortEnterCritical                   
000130cb  vPortExitCritical                    
000130e1  xPortSysTickHandler                  
00013107  vPortSetupTimerInterrupt             
00013295  __aeabi_ddiv                         
000133cb  vListInitialise                      
000133fb  vListInitialiseItem                  
0001340b  vListInsertEnd                       
00013447  vListInsert                          
000134ad  uxListRemove                         
000134f5  ButtonsPoll                          
0001359b  ButtonsInit                          
0001361d  CPUUsageTick                         
0001365b  CPUUsageInit                         
00013865  config_sensors                       
00013911  binary_lookup                        
0001397d  ldexp                                
0001397d  ldexpl                               
0001397d  scalbn                               
0001397d  scalbnl                              
00013a8d  __aeabi_dmul                         
00013b89  floor                                
00013b89  floorl                               
00013c81  InternalUSBTickInit                  
00013cbf  InternalUSBTickReset                 
00013cc7  InternalUSBRegisterTickHandler       
00013d17  InternalUSBStartOfFrameTick          
00013d7d  ulPortGetIPSR                        
00013d95  xPortPendSVHandler                   
00013df5  vPortSVCHandler                      
00013e15  vPortStartFirstTask                  
00013e39  vPortEnableVFP                       
00013e47  ULPIConfigSet                        
00013ee9  ULPIPowerTransceiver                 
00013f11  round                                
00013f11  roundl                               
00014089  CmdLineProcess                       
00014135  __aeabi_memcpy                       
00014135  __aeabi_memcpy4                      
00014135  __aeabi_memcpy8                      
00014135  memcpy                               
000141d1  __aeabi_uldivmod                     
00014267  __aeabi_cdcmpeq                      
00014267  __aeabi_cdcmple                      
000142ed  __aeabi_cdrcmple                     
00014373  __aeabi_memclr                       
00014373  __aeabi_memclr4                      
00014373  __aeabi_memclr8                      
00014375  __aeabi_memset                       
00014375  __aeabi_memset4                      
00014375  __aeabi_memset8                      
0001437b  memset                               
0001445d  vConfigureTimerForRunTimeStats       
000144c5  __TI_decompress_lzss                 
0001452d  frexp                                
0001452d  frexpl                               
000145e7  __TI_ltoa                            
0001468d  atoi                                 
000146d9  __aeabi_d2iz                         
00014721  __TI_auto_init_nobinit_nopinit       
00014765  __aeabi_d2uiz                        
000147a9  __aeabi_uidiv                        
000147a9  __aeabi_uidivmod                     
000147e9  sprintf                              
00014867  CPUcpsid                             
00014873  CPUprimask                           
0001487d  CPUcpsie                             
00014889  CPUwfi                               
0001488d  CPUbasepriSet                        
0001489b  CPUbasepriGet                        
000148a5  _c_int00_noargs                      
000148d9  __aeabi_i2d                          
00014909  ResetISR                             
00014935  strncmp                              
00014961  GetOverflowCounts                    
00014985  USB0DeviceIntHandler                 
000149a9  __aeabi_ui2d                         
000149c9  memccpy                              
000149e5  copysign                             
000149e5  copysignl                            
00014a17  strcmp                               
00014a2f  strchr                               
00014a45  strcpy                               
00014a59  strlen                               
00014a6d  wcslen                               
00014a7f  __TI_decompress_none                 
00014a8d  __TI_zero_init                       
00014aa5  __aeabi_errno_addr                   
00014aad  SysCtlDelay                          
00014ab3  _system_pre_init                     
00014ab7  C$$EXIT                              
00014ab7  abort                                
00014f38  _ctypes_                             
000155a0  ulMaxSyscallInterruptPriority        
000155a4  uxTopUsedPriority                    
000156b4  __TI_Handler_Table_Base              
000156c0  __TI_Handler_Table_Limit             
000156d0  __TI_CINIT_Base                      
000156e8  __TI_CINIT_Limit                     
20000000  __start___llvm_prf_cnts              
20000000  __stop___llvm_prf_cnts               
20000000  g_pfnRAMVectors                      
200056bc  g_psDCDInst                          
2000570c  xQueueRegistry                       
200057e0  g_pfnTickHandlers                    
200057f8  g_pvTickInstance                     
200058dc  DCanterior                           
200058e4  ui32DutyCycle                        
200058f8  FlagsEventos                         
200058fc  colaMovimiento                       
20005900  colaSharp                            
20005904  estado                               
20005908  g_ppsDevInfo                         
2000590c  g_ui32CPUUsage                       
20005910  g_ulSystemClock                      
20005914  ui32Period                           
20005918  __stack                              
20005b18  __STACK_END                          
20005b18  __STACK_TOP                          
20005b18  g_psCmdTable                         
20005bfc  pxCurrentTCB                         
20005c38  ON_INI                               
20005c39  modo                                 
20005c3a  en_movimiento                        
20005c3b  avanzar                              
20005c3c  CASIO_on                             
20005c3d  pasar_SD                             
20005c3e  pasar_ST                             
20005c40  contSharp                            
20005c44  umbralSharp                          
20005c48  objetivo_cm                          
20005c4c  objetivo_grados                      
20005cb4  g_bUSBTimerInitialized               
20005cb8  g_ui32CurrentUSBTick                 
20005cbc  g_ui32USBSOFCount                    
20005cc0  g_iUSBMode                           
20005cc4  g_ui32WaitTicks                      
20005cc9  show_once                            
20005cd8  errno                                
ffffffff  __TI_pprof_out_hndl                  
ffffffff  __TI_prof_data_size                  
ffffffff  __TI_prof_data_start                 
ffffffff  __binit__                            
ffffffff  __c_args__                           
ffffffff  binit                                
UNDEFED   __mpu_init                           
UNDEFED   _system_post_cinit                   

[720 symbols]
