<?xml version="1.0" encoding="ISO-8859-1" ?>
<link_info>
   <banner>TI ARM Linker PC v20.2.5.LTS</banner>
   <copyright>Copyright (c) 1996-2018 Texas Instruments Incorporated</copyright>
   <link_time>0x638b49e3</link_time>
   <link_errors>0x0</link_errors>
   <output_file>PF-uB_ToDo.out</output_file>
   <entry_point>
      <name>_c_int00_noargs</name>
      <address>0x148a5</address>
   </entry_point>
   <input_file_list>
      <input_file id="fl-2">
         <path>.\</path>
         <kind>object</kind>
         <file>commands.obj</file>
         <name>commands.obj</name>
      </input_file>
      <input_file id="fl-3">
         <path>.\</path>
         <kind>object</kind>
         <file>main.obj</file>
         <name>main.obj</name>
      </input_file>
      <input_file id="fl-4">
         <path>.\</path>
         <kind>object</kind>
         <file>startup_ccs.obj</file>
         <name>startup_ccs.obj</name>
      </input_file>
      <input_file id="fl-5">
         <path>.\FreeRTOS\Source\</path>
         <kind>object</kind>
         <file>croutine.obj</file>
         <name>croutine.obj</name>
      </input_file>
      <input_file id="fl-6">
         <path>.\FreeRTOS\Source\</path>
         <kind>object</kind>
         <file>event_groups.obj</file>
         <name>event_groups.obj</name>
      </input_file>
      <input_file id="fl-7">
         <path>.\FreeRTOS\Source\</path>
         <kind>object</kind>
         <file>list.obj</file>
         <name>list.obj</name>
      </input_file>
      <input_file id="fl-8">
         <path>.\FreeRTOS\Source\</path>
         <kind>object</kind>
         <file>queue.obj</file>
         <name>queue.obj</name>
      </input_file>
      <input_file id="fl-9">
         <path>.\FreeRTOS\Source\</path>
         <kind>object</kind>
         <file>stream_buffer.obj</file>
         <name>stream_buffer.obj</name>
      </input_file>
      <input_file id="fl-a">
         <path>.\FreeRTOS\Source\</path>
         <kind>object</kind>
         <file>tasks.obj</file>
         <name>tasks.obj</name>
      </input_file>
      <input_file id="fl-b">
         <path>.\FreeRTOS\Source\</path>
         <kind>object</kind>
         <file>timers.obj</file>
         <name>timers.obj</name>
      </input_file>
      <input_file id="fl-c">
         <path>.\FreeRTOS\Source\portable\CCS\ARM_CM4F\</path>
         <kind>object</kind>
         <file>port.obj</file>
         <name>port.obj</name>
      </input_file>
      <input_file id="fl-d">
         <path>.\FreeRTOS\Source\portable\CCS\ARM_CM4F\</path>
         <kind>object</kind>
         <file>portasm.obj</file>
         <name>portasm.obj</name>
      </input_file>
      <input_file id="fl-e">
         <path>.\FreeRTOS\Source\portable\MemMang\</path>
         <kind>object</kind>
         <file>heap_4.obj</file>
         <name>heap_4.obj</name>
      </input_file>
      <input_file id="fl-f">
         <path>.\driverlib\</path>
         <kind>object</kind>
         <file>adc.obj</file>
         <name>adc.obj</name>
      </input_file>
      <input_file id="fl-10">
         <path>.\driverlib\</path>
         <kind>object</kind>
         <file>aes.obj</file>
         <name>aes.obj</name>
      </input_file>
      <input_file id="fl-11">
         <path>.\driverlib\</path>
         <kind>object</kind>
         <file>can.obj</file>
         <name>can.obj</name>
      </input_file>
      <input_file id="fl-12">
         <path>.\driverlib\</path>
         <kind>object</kind>
         <file>comp.obj</file>
         <name>comp.obj</name>
      </input_file>
      <input_file id="fl-13">
         <path>.\driverlib\</path>
         <kind>object</kind>
         <file>cpu.obj</file>
         <name>cpu.obj</name>
      </input_file>
      <input_file id="fl-14">
         <path>.\driverlib\</path>
         <kind>object</kind>
         <file>crc.obj</file>
         <name>crc.obj</name>
      </input_file>
      <input_file id="fl-15">
         <path>.\driverlib\</path>
         <kind>object</kind>
         <file>des.obj</file>
         <name>des.obj</name>
      </input_file>
      <input_file id="fl-16">
         <path>.\driverlib\</path>
         <kind>object</kind>
         <file>eeprom.obj</file>
         <name>eeprom.obj</name>
      </input_file>
      <input_file id="fl-17">
         <path>.\driverlib\</path>
         <kind>object</kind>
         <file>emac.obj</file>
         <name>emac.obj</name>
      </input_file>
      <input_file id="fl-18">
         <path>.\driverlib\</path>
         <kind>object</kind>
         <file>epi.obj</file>
         <name>epi.obj</name>
      </input_file>
      <input_file id="fl-19">
         <path>.\driverlib\</path>
         <kind>object</kind>
         <file>epi_workaround_ccs.obj</file>
         <name>epi_workaround_ccs.obj</name>
      </input_file>
      <input_file id="fl-1a">
         <path>.\driverlib\</path>
         <kind>object</kind>
         <file>flash.obj</file>
         <name>flash.obj</name>
      </input_file>
      <input_file id="fl-1b">
         <path>.\driverlib\</path>
         <kind>object</kind>
         <file>fpu.obj</file>
         <name>fpu.obj</name>
      </input_file>
      <input_file id="fl-1c">
         <path>.\driverlib\</path>
         <kind>object</kind>
         <file>gpio.obj</file>
         <name>gpio.obj</name>
      </input_file>
      <input_file id="fl-1d">
         <path>.\driverlib\</path>
         <kind>object</kind>
         <file>hibernate.obj</file>
         <name>hibernate.obj</name>
      </input_file>
      <input_file id="fl-1e">
         <path>.\driverlib\</path>
         <kind>object</kind>
         <file>i2c.obj</file>
         <name>i2c.obj</name>
      </input_file>
      <input_file id="fl-1f">
         <path>.\driverlib\</path>
         <kind>object</kind>
         <file>interrupt.obj</file>
         <name>interrupt.obj</name>
      </input_file>
      <input_file id="fl-20">
         <path>.\driverlib\</path>
         <kind>object</kind>
         <file>lcd.obj</file>
         <name>lcd.obj</name>
      </input_file>
      <input_file id="fl-21">
         <path>.\driverlib\</path>
         <kind>object</kind>
         <file>mpu.obj</file>
         <name>mpu.obj</name>
      </input_file>
      <input_file id="fl-22">
         <path>.\driverlib\</path>
         <kind>object</kind>
         <file>onewire.obj</file>
         <name>onewire.obj</name>
      </input_file>
      <input_file id="fl-23">
         <path>.\driverlib\</path>
         <kind>object</kind>
         <file>pwm.obj</file>
         <name>pwm.obj</name>
      </input_file>
      <input_file id="fl-24">
         <path>.\driverlib\</path>
         <kind>object</kind>
         <file>qei.obj</file>
         <name>qei.obj</name>
      </input_file>
      <input_file id="fl-25">
         <path>.\driverlib\</path>
         <kind>object</kind>
         <file>shamd5.obj</file>
         <name>shamd5.obj</name>
      </input_file>
      <input_file id="fl-26">
         <path>.\driverlib\</path>
         <kind>object</kind>
         <file>ssi.obj</file>
         <name>ssi.obj</name>
      </input_file>
      <input_file id="fl-27">
         <path>.\driverlib\</path>
         <kind>object</kind>
         <file>sw_crc.obj</file>
         <name>sw_crc.obj</name>
      </input_file>
      <input_file id="fl-28">
         <path>.\driverlib\</path>
         <kind>object</kind>
         <file>sysctl.obj</file>
         <name>sysctl.obj</name>
      </input_file>
      <input_file id="fl-29">
         <path>.\driverlib\</path>
         <kind>object</kind>
         <file>sysexc.obj</file>
         <name>sysexc.obj</name>
      </input_file>
      <input_file id="fl-2a">
         <path>.\driverlib\</path>
         <kind>object</kind>
         <file>systick.obj</file>
         <name>systick.obj</name>
      </input_file>
      <input_file id="fl-2b">
         <path>.\driverlib\</path>
         <kind>object</kind>
         <file>timer.obj</file>
         <name>timer.obj</name>
      </input_file>
      <input_file id="fl-2c">
         <path>.\driverlib\</path>
         <kind>object</kind>
         <file>uart.obj</file>
         <name>uart.obj</name>
      </input_file>
      <input_file id="fl-2d">
         <path>.\driverlib\</path>
         <kind>object</kind>
         <file>udma.obj</file>
         <name>udma.obj</name>
      </input_file>
      <input_file id="fl-2e">
         <path>.\driverlib\</path>
         <kind>object</kind>
         <file>usb.obj</file>
         <name>usb.obj</name>
      </input_file>
      <input_file id="fl-2f">
         <path>.\driverlib\</path>
         <kind>object</kind>
         <file>watchdog.obj</file>
         <name>watchdog.obj</name>
      </input_file>
      <input_file id="fl-30">
         <path>.\drivers\</path>
         <kind>object</kind>
         <file>Sensors.obj</file>
         <name>Sensors.obj</name>
      </input_file>
      <input_file id="fl-31">
         <path>.\drivers\</path>
         <kind>object</kind>
         <file>Servos.obj</file>
         <name>Servos.obj</name>
      </input_file>
      <input_file id="fl-32">
         <path>.\drivers\</path>
         <kind>object</kind>
         <file>buttons.obj</file>
         <name>buttons.obj</name>
      </input_file>
      <input_file id="fl-33">
         <path>.\drivers\</path>
         <kind>object</kind>
         <file>configADC.obj</file>
         <name>configADC.obj</name>
      </input_file>
      <input_file id="fl-34">
         <path>.\drivers\</path>
         <kind>object</kind>
         <file>rgb.obj</file>
         <name>rgb.obj</name>
      </input_file>
      <input_file id="fl-35">
         <path>.\remotelink\</path>
         <kind>object</kind>
         <file>crc.obj</file>
         <name>crc.obj</name>
      </input_file>
      <input_file id="fl-36">
         <path>.\remotelink\</path>
         <kind>object</kind>
         <file>remotelink.obj</file>
         <name>remotelink.obj</name>
      </input_file>
      <input_file id="fl-37">
         <path>.\remotelink\</path>
         <kind>object</kind>
         <file>serialprotocol.obj</file>
         <name>serialprotocol.obj</name>
      </input_file>
      <input_file id="fl-38">
         <path>.\remotelink\</path>
         <kind>object</kind>
         <file>usb_dev_serial.obj</file>
         <name>usb_dev_serial.obj</name>
      </input_file>
      <input_file id="fl-39">
         <path>.\remotelink\</path>
         <kind>object</kind>
         <file>usb_serial_structs.obj</file>
         <name>usb_serial_structs.obj</name>
      </input_file>
      <input_file id="fl-3a">
         <path>.\usblib\device\</path>
         <kind>object</kind>
         <file>usbdaudio.obj</file>
         <name>usbdaudio.obj</name>
      </input_file>
      <input_file id="fl-3b">
         <path>.\usblib\device\</path>
         <kind>object</kind>
         <file>usbdbulk.obj</file>
         <name>usbdbulk.obj</name>
      </input_file>
      <input_file id="fl-3c">
         <path>.\usblib\device\</path>
         <kind>object</kind>
         <file>usbdcdc.obj</file>
         <name>usbdcdc.obj</name>
      </input_file>
      <input_file id="fl-3d">
         <path>.\usblib\device\</path>
         <kind>object</kind>
         <file>usbdcdesc.obj</file>
         <name>usbdcdesc.obj</name>
      </input_file>
      <input_file id="fl-3e">
         <path>.\usblib\device\</path>
         <kind>object</kind>
         <file>usbdcomp.obj</file>
         <name>usbdcomp.obj</name>
      </input_file>
      <input_file id="fl-3f">
         <path>.\usblib\device\</path>
         <kind>object</kind>
         <file>usbdconfig.obj</file>
         <name>usbdconfig.obj</name>
      </input_file>
      <input_file id="fl-40">
         <path>.\usblib\device\</path>
         <kind>object</kind>
         <file>usbddfu-rt.obj</file>
         <name>usbddfu-rt.obj</name>
      </input_file>
      <input_file id="fl-41">
         <path>.\usblib\device\</path>
         <kind>object</kind>
         <file>usbdenum.obj</file>
         <name>usbdenum.obj</name>
      </input_file>
      <input_file id="fl-42">
         <path>.\usblib\device\</path>
         <kind>object</kind>
         <file>usbdhandler.obj</file>
         <name>usbdhandler.obj</name>
      </input_file>
      <input_file id="fl-43">
         <path>.\usblib\device\</path>
         <kind>object</kind>
         <file>usbdhid.obj</file>
         <name>usbdhid.obj</name>
      </input_file>
      <input_file id="fl-44">
         <path>.\usblib\device\</path>
         <kind>object</kind>
         <file>usbdhidgamepad.obj</file>
         <name>usbdhidgamepad.obj</name>
      </input_file>
      <input_file id="fl-45">
         <path>.\usblib\device\</path>
         <kind>object</kind>
         <file>usbdhidkeyb.obj</file>
         <name>usbdhidkeyb.obj</name>
      </input_file>
      <input_file id="fl-46">
         <path>.\usblib\device\</path>
         <kind>object</kind>
         <file>usbdhidmouse.obj</file>
         <name>usbdhidmouse.obj</name>
      </input_file>
      <input_file id="fl-47">
         <path>.\usblib\device\</path>
         <kind>object</kind>
         <file>usbdmsc.obj</file>
         <name>usbdmsc.obj</name>
      </input_file>
      <input_file id="fl-48">
         <path>.\usblib\host\</path>
         <kind>object</kind>
         <file>usbhaudio.obj</file>
         <name>usbhaudio.obj</name>
      </input_file>
      <input_file id="fl-49">
         <path>.\usblib\host\</path>
         <kind>object</kind>
         <file>usbhhid.obj</file>
         <name>usbhhid.obj</name>
      </input_file>
      <input_file id="fl-4a">
         <path>.\usblib\host\</path>
         <kind>object</kind>
         <file>usbhhidkeyboard.obj</file>
         <name>usbhhidkeyboard.obj</name>
      </input_file>
      <input_file id="fl-4b">
         <path>.\usblib\host\</path>
         <kind>object</kind>
         <file>usbhhidmouse.obj</file>
         <name>usbhhidmouse.obj</name>
      </input_file>
      <input_file id="fl-4c">
         <path>.\usblib\host\</path>
         <kind>object</kind>
         <file>usbhhub.obj</file>
         <name>usbhhub.obj</name>
      </input_file>
      <input_file id="fl-4d">
         <path>.\usblib\host\</path>
         <kind>object</kind>
         <file>usbhmsc.obj</file>
         <name>usbhmsc.obj</name>
      </input_file>
      <input_file id="fl-4e">
         <path>.\usblib\host\</path>
         <kind>object</kind>
         <file>usbhostenum.obj</file>
         <name>usbhostenum.obj</name>
      </input_file>
      <input_file id="fl-4f">
         <path>.\usblib\host\</path>
         <kind>object</kind>
         <file>usbhscsi.obj</file>
         <name>usbhscsi.obj</name>
      </input_file>
      <input_file id="fl-50">
         <path>.\usblib\</path>
         <kind>object</kind>
         <file>usbbuffer.obj</file>
         <name>usbbuffer.obj</name>
      </input_file>
      <input_file id="fl-51">
         <path>.\usblib\</path>
         <kind>object</kind>
         <file>usbdesc.obj</file>
         <name>usbdesc.obj</name>
      </input_file>
      <input_file id="fl-52">
         <path>.\usblib\</path>
         <kind>object</kind>
         <file>usbdma.obj</file>
         <name>usbdma.obj</name>
      </input_file>
      <input_file id="fl-53">
         <path>.\usblib\</path>
         <kind>object</kind>
         <file>usbkeyboardmap.obj</file>
         <name>usbkeyboardmap.obj</name>
      </input_file>
      <input_file id="fl-54">
         <path>.\usblib\</path>
         <kind>object</kind>
         <file>usbmode.obj</file>
         <name>usbmode.obj</name>
      </input_file>
      <input_file id="fl-55">
         <path>.\usblib\</path>
         <kind>object</kind>
         <file>usbringbuf.obj</file>
         <name>usbringbuf.obj</name>
      </input_file>
      <input_file id="fl-56">
         <path>.\usblib\</path>
         <kind>object</kind>
         <file>usbtick.obj</file>
         <name>usbtick.obj</name>
      </input_file>
      <input_file id="fl-57">
         <path>.\usblib\</path>
         <kind>object</kind>
         <file>usbulpi.obj</file>
         <name>usbulpi.obj</name>
      </input_file>
      <input_file id="fl-58">
         <path>.\utils\</path>
         <kind>object</kind>
         <file>RunTimeStatsConfig.obj</file>
         <name>RunTimeStatsConfig.obj</name>
      </input_file>
      <input_file id="fl-59">
         <path>.\utils\</path>
         <kind>object</kind>
         <file>cmdline.obj</file>
         <name>cmdline.obj</name>
      </input_file>
      <input_file id="fl-5a">
         <path>.\utils\</path>
         <kind>object</kind>
         <file>cpu_usage.obj</file>
         <name>cpu_usage.obj</name>
      </input_file>
      <input_file id="fl-5b">
         <path>.\utils\</path>
         <kind>object</kind>
         <file>uartstdio.obj</file>
         <name>uartstdio.obj</name>
      </input_file>
      <input_file id="fl-5f">
         <kind>object</kind>
         <file>&lt;internal&gt;</file>
         <name>&lt;internal&gt;</name>
      </input_file>
      <input_file id="fl-115">
         <path>C:\ti\ccs1110\ccs\tools\compiler\ti-cgt-arm_20.2.5.LTS\lib\</path>
         <kind>archive</kind>
         <file>rtsv7M4_T_le_v4SPD16_eabi.lib</file>
         <name>sprintf.c.obj</name>
      </input_file>
      <input_file id="fl-116">
         <path>C:\ti\ccs1110\ccs\tools\compiler\ti-cgt-arm_20.2.5.LTS\lib\</path>
         <kind>archive</kind>
         <file>rtsv7M4_T_le_v4SPD16_eabi.lib</file>
         <name>s_round.c.obj</name>
      </input_file>
      <input_file id="fl-117">
         <path>C:\ti\ccs1110\ccs\tools\compiler\ti-cgt-arm_20.2.5.LTS\lib\</path>
         <kind>archive</kind>
         <file>rtsv7M4_T_le_v4SPD16_eabi.lib</file>
         <name>fd_add_t2.asm.obj</name>
      </input_file>
      <input_file id="fl-118">
         <path>C:\ti\ccs1110\ccs\tools\compiler\ti-cgt-arm_20.2.5.LTS\lib\</path>
         <kind>archive</kind>
         <file>rtsv7M4_T_le_v4SPD16_eabi.lib</file>
         <name>fd_cmp_t2.asm.obj</name>
      </input_file>
      <input_file id="fl-119">
         <path>C:\ti\ccs1110\ccs\tools\compiler\ti-cgt-arm_20.2.5.LTS\lib\</path>
         <kind>archive</kind>
         <file>rtsv7M4_T_le_v4SPD16_eabi.lib</file>
         <name>fd_div_t2.asm.obj</name>
      </input_file>
      <input_file id="fl-11a">
         <path>C:\ti\ccs1110\ccs\tools\compiler\ti-cgt-arm_20.2.5.LTS\lib\</path>
         <kind>archive</kind>
         <file>rtsv7M4_T_le_v4SPD16_eabi.lib</file>
         <name>fd_mul_t2.asm.obj</name>
      </input_file>
      <input_file id="fl-11b">
         <path>C:\ti\ccs1110\ccs\tools\compiler\ti-cgt-arm_20.2.5.LTS\lib\</path>
         <kind>archive</kind>
         <file>rtsv7M4_T_le_v4SPD16_eabi.lib</file>
         <name>fd_toi_t2.asm.obj</name>
      </input_file>
      <input_file id="fl-11c">
         <path>C:\ti\ccs1110\ccs\tools\compiler\ti-cgt-arm_20.2.5.LTS\lib\</path>
         <kind>archive</kind>
         <file>rtsv7M4_T_le_v4SPD16_eabi.lib</file>
         <name>fd_tou_t2.asm.obj</name>
      </input_file>
      <input_file id="fl-11d">
         <path>C:\ti\ccs1110\ccs\tools\compiler\ti-cgt-arm_20.2.5.LTS\lib\</path>
         <kind>archive</kind>
         <file>rtsv7M4_T_le_v4SPD16_eabi.lib</file>
         <name>fs_toull_t2.asm.obj</name>
      </input_file>
      <input_file id="fl-11e">
         <path>C:\ti\ccs1110\ccs\tools\compiler\ti-cgt-arm_20.2.5.LTS\lib\</path>
         <kind>archive</kind>
         <file>rtsv7M4_T_le_v4SPD16_eabi.lib</file>
         <name>i_tofd_t2.asm.obj</name>
      </input_file>
      <input_file id="fl-11f">
         <path>C:\ti\ccs1110\ccs\tools\compiler\ti-cgt-arm_20.2.5.LTS\lib\</path>
         <kind>archive</kind>
         <file>rtsv7M4_T_le_v4SPD16_eabi.lib</file>
         <name>memcpy_t2.asm.obj</name>
      </input_file>
      <input_file id="fl-120">
         <path>C:\ti\ccs1110\ccs\tools\compiler\ti-cgt-arm_20.2.5.LTS\lib\</path>
         <kind>archive</kind>
         <file>rtsv7M4_T_le_v4SPD16_eabi.lib</file>
         <name>u_tofd_t2.asm.obj</name>
      </input_file>
      <input_file id="fl-121">
         <path>C:\ti\ccs1110\ccs\tools\compiler\ti-cgt-arm_20.2.5.LTS\lib\</path>
         <kind>archive</kind>
         <file>rtsv7M4_T_le_v4SPD16_eabi.lib</file>
         <name>u_divt2.asm.obj</name>
      </input_file>
      <input_file id="fl-122">
         <path>C:\ti\ccs1110\ccs\tools\compiler\ti-cgt-arm_20.2.5.LTS\lib\</path>
         <kind>archive</kind>
         <file>rtsv7M4_T_le_v4SPD16_eabi.lib</file>
         <name>memset_t2.asm.obj</name>
      </input_file>
      <input_file id="fl-123">
         <path>C:\ti\ccs1110\ccs\tools\compiler\ti-cgt-arm_20.2.5.LTS\lib\</path>
         <kind>archive</kind>
         <file>rtsv7M4_T_le_v4SPD16_eabi.lib</file>
         <name>copy_zero_init.c.obj</name>
      </input_file>
      <input_file id="fl-124">
         <path>C:\ti\ccs1110\ccs\tools\compiler\ti-cgt-arm_20.2.5.LTS\lib\</path>
         <kind>archive</kind>
         <file>rtsv7M4_T_le_v4SPD16_eabi.lib</file>
         <name>copy_decompress_none.c.obj</name>
      </input_file>
      <input_file id="fl-125">
         <path>C:\ti\ccs1110\ccs\tools\compiler\ti-cgt-arm_20.2.5.LTS\lib\</path>
         <kind>archive</kind>
         <file>rtsv7M4_T_le_v4SPD16_eabi.lib</file>
         <name>copy_decompress_lzss.c.obj</name>
      </input_file>
      <input_file id="fl-126">
         <path>C:\ti\ccs1110\ccs\tools\compiler\ti-cgt-arm_20.2.5.LTS\lib\</path>
         <kind>archive</kind>
         <file>rtsv7M4_T_le_v4SPD16_eabi.lib</file>
         <name>atoi.c.obj</name>
      </input_file>
      <input_file id="fl-127">
         <path>C:\ti\ccs1110\ccs\tools\compiler\ti-cgt-arm_20.2.5.LTS\lib\</path>
         <kind>archive</kind>
         <file>rtsv7M4_T_le_v4SPD16_eabi.lib</file>
         <name>ctype.c.obj</name>
      </input_file>
      <input_file id="fl-128">
         <path>C:\ti\ccs1110\ccs\tools\compiler\ti-cgt-arm_20.2.5.LTS\lib\</path>
         <kind>archive</kind>
         <file>rtsv7M4_T_le_v4SPD16_eabi.lib</file>
         <name>strcmp.c.obj</name>
      </input_file>
      <input_file id="fl-129">
         <path>C:\ti\ccs1110\ccs\tools\compiler\ti-cgt-arm_20.2.5.LTS\lib\</path>
         <kind>archive</kind>
         <file>rtsv7M4_T_le_v4SPD16_eabi.lib</file>
         <name>strcpy.c.obj</name>
      </input_file>
      <input_file id="fl-12a">
         <path>C:\ti\ccs1110\ccs\tools\compiler\ti-cgt-arm_20.2.5.LTS\lib\</path>
         <kind>archive</kind>
         <file>rtsv7M4_T_le_v4SPD16_eabi.lib</file>
         <name>strlen.c.obj</name>
      </input_file>
      <input_file id="fl-12b">
         <path>C:\ti\ccs1110\ccs\tools\compiler\ti-cgt-arm_20.2.5.LTS\lib\</path>
         <kind>archive</kind>
         <file>rtsv7M4_T_le_v4SPD16_eabi.lib</file>
         <name>strncmp.c.obj</name>
      </input_file>
      <input_file id="fl-12c">
         <path>C:\ti\ccs1110\ccs\tools\compiler\ti-cgt-arm_20.2.5.LTS\lib\</path>
         <kind>archive</kind>
         <file>rtsv7M4_T_le_v4SPD16_eabi.lib</file>
         <name>boot_cortex_m.c.obj</name>
      </input_file>
      <input_file id="fl-12d">
         <path>C:\ti\ccs1110\ccs\tools\compiler\ti-cgt-arm_20.2.5.LTS\lib\</path>
         <kind>archive</kind>
         <file>rtsv7M4_T_le_v4SPD16_eabi.lib</file>
         <name>_printfi.c.obj</name>
      </input_file>
      <input_file id="fl-12e">
         <path>C:\ti\ccs1110\ccs\tools\compiler\ti-cgt-arm_20.2.5.LTS\lib\</path>
         <kind>archive</kind>
         <file>rtsv7M4_T_le_v4SPD16_eabi.lib</file>
         <name>s_floor.c.obj</name>
      </input_file>
      <input_file id="fl-12f">
         <path>C:\ti\ccs1110\ccs\tools\compiler\ti-cgt-arm_20.2.5.LTS\lib\</path>
         <kind>archive</kind>
         <file>rtsv7M4_T_le_v4SPD16_eabi.lib</file>
         <name>s_frexp.c.obj</name>
      </input_file>
      <input_file id="fl-130">
         <path>C:\ti\ccs1110\ccs\tools\compiler\ti-cgt-arm_20.2.5.LTS\lib\</path>
         <kind>archive</kind>
         <file>rtsv7M4_T_le_v4SPD16_eabi.lib</file>
         <name>s_scalbn.c.obj</name>
      </input_file>
      <input_file id="fl-131">
         <path>C:\ti\ccs1110\ccs\tools\compiler\ti-cgt-arm_20.2.5.LTS\lib\</path>
         <kind>archive</kind>
         <file>rtsv7M4_T_le_v4SPD16_eabi.lib</file>
         <name>wcslen.c.obj</name>
      </input_file>
      <input_file id="fl-132">
         <path>C:\ti\ccs1110\ccs\tools\compiler\ti-cgt-arm_20.2.5.LTS\lib\</path>
         <kind>archive</kind>
         <file>rtsv7M4_T_le_v4SPD16_eabi.lib</file>
         <name>div0.asm.obj</name>
      </input_file>
      <input_file id="fl-133">
         <path>C:\ti\ccs1110\ccs\tools\compiler\ti-cgt-arm_20.2.5.LTS\lib\</path>
         <kind>archive</kind>
         <file>rtsv7M4_T_le_v4SPD16_eabi.lib</file>
         <name>ull_div_t2.asm.obj</name>
      </input_file>
      <input_file id="fl-134">
         <path>C:\ti\ccs1110\ccs\tools\compiler\ti-cgt-arm_20.2.5.LTS\lib\</path>
         <kind>archive</kind>
         <file>rtsv7M4_T_le_v4SPD16_eabi.lib</file>
         <name>autoinit.c.obj</name>
      </input_file>
      <input_file id="fl-135">
         <path>C:\ti\ccs1110\ccs\tools\compiler\ti-cgt-arm_20.2.5.LTS\lib\</path>
         <kind>archive</kind>
         <file>rtsv7M4_T_le_v4SPD16_eabi.lib</file>
         <name>pre_init.c.obj</name>
      </input_file>
      <input_file id="fl-136">
         <path>C:\ti\ccs1110\ccs\tools\compiler\ti-cgt-arm_20.2.5.LTS\lib\</path>
         <kind>archive</kind>
         <file>rtsv7M4_T_le_v4SPD16_eabi.lib</file>
         <name>cpy_tbl.c.obj</name>
      </input_file>
      <input_file id="fl-137">
         <path>C:\ti\ccs1110\ccs\tools\compiler\ti-cgt-arm_20.2.5.LTS\lib\</path>
         <kind>archive</kind>
         <file>rtsv7M4_T_le_v4SPD16_eabi.lib</file>
         <name>exit.c.obj</name>
      </input_file>
      <input_file id="fl-138">
         <path>C:\ti\ccs1110\ccs\tools\compiler\ti-cgt-arm_20.2.5.LTS\lib\</path>
         <kind>archive</kind>
         <file>rtsv7M4_T_le_v4SPD16_eabi.lib</file>
         <name>_lock.c.obj</name>
      </input_file>
      <input_file id="fl-139">
         <path>C:\ti\ccs1110\ccs\tools\compiler\ti-cgt-arm_20.2.5.LTS\lib\</path>
         <kind>archive</kind>
         <file>rtsv7M4_T_le_v4SPD16_eabi.lib</file>
         <name>_ltoa.c.obj</name>
      </input_file>
      <input_file id="fl-13a">
         <path>C:\ti\ccs1110\ccs\tools\compiler\ti-cgt-arm_20.2.5.LTS\lib\</path>
         <kind>archive</kind>
         <file>rtsv7M4_T_le_v4SPD16_eabi.lib</file>
         <name>args_main.c.obj</name>
      </input_file>
      <input_file id="fl-13b">
         <path>C:\ti\ccs1110\ccs\tools\compiler\ti-cgt-arm_20.2.5.LTS\lib\</path>
         <kind>archive</kind>
         <file>rtsv7M4_T_le_v4SPD16_eabi.lib</file>
         <name>memccpy.c.obj</name>
      </input_file>
      <input_file id="fl-13c">
         <path>C:\ti\ccs1110\ccs\tools\compiler\ti-cgt-arm_20.2.5.LTS\lib\</path>
         <kind>archive</kind>
         <file>rtsv7M4_T_le_v4SPD16_eabi.lib</file>
         <name>strchr.c.obj</name>
      </input_file>
      <input_file id="fl-13d">
         <path>C:\ti\ccs1110\ccs\tools\compiler\ti-cgt-arm_20.2.5.LTS\lib\</path>
         <kind>archive</kind>
         <file>rtsv7M4_T_le_v4SPD16_eabi.lib</file>
         <name>errno.c.obj</name>
      </input_file>
      <input_file id="fl-13e">
         <path>C:\ti\ccs1110\ccs\tools\compiler\ti-cgt-arm_20.2.5.LTS\lib\</path>
         <kind>archive</kind>
         <file>rtsv7M4_T_le_v4SPD16_eabi.lib</file>
         <name>s_copysign.c.obj</name>
      </input_file>
   </input_file_list>
   <object_component_list>
      <object_component id="oc-12">
         <name>.intvecs</name>
         <load_address>0x0</load_address>
         <run_address>0x0</run_address>
         <size>0x26c</size>
         <input_file_ref idref="fl-4"/>
      </object_component>
      <object_component id="oc-32d">
         <name>.text</name>
         <load_address>0x26c</load_address>
         <run_address>0x26c</run_address>
         <size>0x238c</size>
         <input_file_ref idref="fl-2e"/>
      </object_component>
      <object_component id="oc-97">
         <name>.text</name>
         <load_address>0x25f8</load_address>
         <run_address>0x25f8</run_address>
         <size>0x1d1c</size>
         <input_file_ref idref="fl-a"/>
      </object_component>
      <object_component id="oc-b3">
         <name>.text</name>
         <load_address>0x4314</load_address>
         <run_address>0x4314</run_address>
         <size>0x1688</size>
         <input_file_ref idref="fl-28"/>
      </object_component>
      <object_component id="oc-17c">
         <name>.text</name>
         <load_address>0x599c</load_address>
         <run_address>0x599c</run_address>
         <size>0x1570</size>
         <input_file_ref idref="fl-41"/>
      </object_component>
      <object_component id="oc-c5">
         <name>.text</name>
         <load_address>0x6f0c</load_address>
         <run_address>0x6f0c</run_address>
         <size>0x1288</size>
         <input_file_ref idref="fl-1c"/>
      </object_component>
      <object_component id="oc-156">
         <name>.text</name>
         <load_address>0x8194</load_address>
         <run_address>0x8194</run_address>
         <size>0x1040</size>
         <input_file_ref idref="fl-f"/>
      </object_component>
      <object_component id="oc-339">
         <name>.text</name>
         <load_address>0x91d4</load_address>
         <run_address>0x91d4</run_address>
         <size>0xfa8</size>
         <input_file_ref idref="fl-52"/>
      </object_component>
      <object_component id="oc-28f">
         <name>.text</name>
         <load_address>0xa17c</load_address>
         <run_address>0xa17c</run_address>
         <size>0xf4c</size>
         <input_file_ref idref="fl-23"/>
      </object_component>
      <object_component id="oc-d7">
         <name>.text</name>
         <load_address>0xb0c8</load_address>
         <run_address>0xb0c8</run_address>
         <size>0xe04</size>
         <input_file_ref idref="fl-31"/>
      </object_component>
      <object_component id="oc-cb">
         <name>.text</name>
         <load_address>0xbecc</load_address>
         <run_address>0xbecc</run_address>
         <size>0xd20</size>
         <input_file_ref idref="fl-8"/>
      </object_component>
      <object_component id="oc-15c">
         <name>.text</name>
         <load_address>0xcbec</load_address>
         <run_address>0xcbec</run_address>
         <size>0xd20</size>
         <input_file_ref idref="fl-2b"/>
      </object_component>
      <object_component id="oc-38">
         <name>.text</name>
         <load_address>0xd90c</load_address>
         <run_address>0xd90c</run_address>
         <size>0xbec</size>
         <input_file_ref idref="fl-3"/>
      </object_component>
      <object_component id="oc-3e">
         <name>.text</name>
         <load_address>0xe4f8</load_address>
         <run_address>0xe4f8</run_address>
         <size>0xb8c</size>
         <input_file_ref idref="fl-5b"/>
      </object_component>
      <object_component id="oc-12c">
         <name>.text</name>
         <load_address>0xf084</load_address>
         <run_address>0xf084</run_address>
         <size>0xb08</size>
         <input_file_ref idref="fl-2c"/>
      </object_component>
      <object_component id="oc-3ed">
         <name>.text:__TI_printfi</name>
         <load_address>0xfb8c</load_address>
         <run_address>0xfb8c</run_address>
         <size>0xa4e</size>
         <input_file_ref idref="fl-12d"/>
      </object_component>
      <object_component id="oc-2f7">
         <name>.text</name>
         <load_address>0x105da</load_address>
         <run_address>0x105da</run_address>
         <size>0x2</size>
         <input_file_ref idref="fl-132"/>
      </object_component>
      <object_component id="oc-101">
         <name>.text</name>
         <load_address>0x105dc</load_address>
         <run_address>0x105dc</run_address>
         <size>0x738</size>
         <input_file_ref idref="fl-2"/>
      </object_component>
      <object_component id="oc-d1">
         <name>.text</name>
         <load_address>0x10d14</load_address>
         <run_address>0x10d14</run_address>
         <size>0x6f0</size>
         <input_file_ref idref="fl-b"/>
      </object_component>
      <object_component id="oc-171">
         <name>.text</name>
         <load_address>0x11404</load_address>
         <run_address>0x11404</run_address>
         <size>0x490</size>
         <input_file_ref idref="fl-1f"/>
      </object_component>
      <object_component id="oc-bf">
         <name>.text</name>
         <load_address>0x11894</load_address>
         <run_address>0x11894</run_address>
         <size>0x408</size>
         <input_file_ref idref="fl-6"/>
      </object_component>
      <object_component id="oc-35e">
         <name>.text</name>
         <load_address>0x11c9c</load_address>
         <run_address>0x11c9c</run_address>
         <size>0x3bc</size>
         <input_file_ref idref="fl-3f"/>
      </object_component>
      <object_component id="oc-1bc">
         <name>.text</name>
         <load_address>0x12058</load_address>
         <run_address>0x12058</run_address>
         <size>0x3a0</size>
         <input_file_ref idref="fl-e"/>
      </object_component>
      <object_component id="oc-358">
         <name>.text</name>
         <load_address>0x123f8</load_address>
         <run_address>0x123f8</run_address>
         <size>0x2de</size>
         <input_file_ref idref="fl-3d"/>
      </object_component>
      <object_component id="oc-519">
         <name>.text:_pconv_a</name>
         <load_address>0x126d8</load_address>
         <run_address>0x126d8</run_address>
         <size>0x270</size>
         <input_file_ref idref="fl-12d"/>
      </object_component>
      <object_component id="oc-4bc">
         <name>.text</name>
         <load_address>0x12948</load_address>
         <run_address>0x12948</run_address>
         <size>0x1d2</size>
         <input_file_ref idref="fl-51"/>
      </object_component>
      <object_component id="oc-507">
         <name>.text:_pconv_g</name>
         <load_address>0x12b1c</load_address>
         <run_address>0x12b1c</run_address>
         <size>0x1d0</size>
         <input_file_ref idref="fl-12d"/>
      </object_component>
      <object_component id="oc-29d">
         <name>.text</name>
         <load_address>0x12cec</load_address>
         <run_address>0x12cec</run_address>
         <size>0x1b6</size>
         <input_file_ref idref="fl-117"/>
      </object_component>
      <object_component id="oc-44">
         <name>.text</name>
         <load_address>0x12ea4</load_address>
         <run_address>0x12ea4</run_address>
         <size>0x164</size>
         <input_file_ref idref="fl-33"/>
      </object_component>
      <object_component id="oc-32">
         <name>.text</name>
         <load_address>0x13008</load_address>
         <run_address>0x13008</run_address>
         <size>0x150</size>
         <input_file_ref idref="fl-c"/>
      </object_component>
      <object_component id="oc-513">
         <name>.text:_pconv_e</name>
         <load_address>0x13158</load_address>
         <run_address>0x13158</run_address>
         <size>0x13c</size>
         <input_file_ref idref="fl-12d"/>
      </object_component>
      <object_component id="oc-2aa">
         <name>.text</name>
         <load_address>0x13294</load_address>
         <run_address>0x13294</run_address>
         <size>0x136</size>
         <input_file_ref idref="fl-119"/>
      </object_component>
      <object_component id="oc-1c2">
         <name>.text</name>
         <load_address>0x133ca</load_address>
         <run_address>0x133ca</run_address>
         <size>0x12a</size>
         <input_file_ref idref="fl-7"/>
      </object_component>
      <object_component id="oc-289">
         <name>.text</name>
         <load_address>0x134f4</load_address>
         <run_address>0x134f4</run_address>
         <size>0x128</size>
         <input_file_ref idref="fl-32"/>
      </object_component>
      <object_component id="oc-ad">
         <name>.text</name>
         <load_address>0x1361c</load_address>
         <run_address>0x1361c</run_address>
         <size>0x124</size>
         <input_file_ref idref="fl-5a"/>
      </object_component>
      <object_component id="oc-5c9">
         <name>.text:fcvt</name>
         <load_address>0x13740</load_address>
         <run_address>0x13740</run_address>
         <size>0x124</size>
         <input_file_ref idref="fl-12d"/>
      </object_component>
      <object_component id="oc-fb">
         <name>.text</name>
         <load_address>0x13864</load_address>
         <run_address>0x13864</run_address>
         <size>0x118</size>
         <input_file_ref idref="fl-30"/>
      </object_component>
      <object_component id="oc-5dd">
         <name>.text:scalbn</name>
         <load_address>0x1397c</load_address>
         <run_address>0x1397c</run_address>
         <size>0x110</size>
         <input_file_ref idref="fl-130"/>
      </object_component>
      <object_component id="oc-167">
         <name>.text</name>
         <load_address>0x13a8c</load_address>
         <run_address>0x13a8c</run_address>
         <size>0xfc</size>
         <input_file_ref idref="fl-11a"/>
      </object_component>
      <object_component id="oc-2b6">
         <name>.text:floor</name>
         <load_address>0x13b88</load_address>
         <run_address>0x13b88</run_address>
         <size>0xf8</size>
         <input_file_ref idref="fl-12e"/>
      </object_component>
      <object_component id="oc-33f">
         <name>.text</name>
         <load_address>0x13c80</load_address>
         <run_address>0x13c80</run_address>
         <size>0xec</size>
         <input_file_ref idref="fl-56"/>
      </object_component>
      <object_component id="oc-2d">
         <name>.text</name>
         <load_address>0x13d6c</load_address>
         <run_address>0x13d6c</run_address>
         <size>0xda</size>
         <input_file_ref idref="fl-d"/>
      </object_component>
      <object_component id="oc-333">
         <name>.text</name>
         <load_address>0x13e46</load_address>
         <run_address>0x13e46</run_address>
         <size>0xc8</size>
         <input_file_ref idref="fl-57"/>
      </object_component>
      <object_component id="oc-f0">
         <name>.text:round</name>
         <load_address>0x13f10</load_address>
         <run_address>0x13f10</run_address>
         <size>0xc4</size>
         <input_file_ref idref="fl-116"/>
      </object_component>
      <object_component id="oc-501">
         <name>.text:_ltostr</name>
         <load_address>0x13fd4</load_address>
         <run_address>0x13fd4</run_address>
         <size>0xb1</size>
         <input_file_ref idref="fl-12d"/>
      </object_component>
      <object_component id="oc-2d0">
         <name>.text</name>
         <load_address>0x14088</load_address>
         <run_address>0x14088</run_address>
         <size>0xac</size>
         <input_file_ref idref="fl-59"/>
      </object_component>
      <object_component id="oc-5e">
         <name>.text</name>
         <load_address>0x14134</load_address>
         <run_address>0x14134</run_address>
         <size>0x9c</size>
         <input_file_ref idref="fl-11f"/>
      </object_component>
      <object_component id="oc-5b0">
         <name>.text</name>
         <load_address>0x141d0</load_address>
         <run_address>0x141d0</run_address>
         <size>0x96</size>
         <input_file_ref idref="fl-133"/>
      </object_component>
      <object_component id="oc-2a2">
         <name>.text:__aeabi_cdcmple</name>
         <load_address>0x14266</load_address>
         <run_address>0x14266</run_address>
         <size>0x86</size>
         <input_file_ref idref="fl-118"/>
      </object_component>
      <object_component id="oc-298">
         <name>.text:__aeabi_cdrcmple</name>
         <load_address>0x142ec</load_address>
         <run_address>0x142ec</run_address>
         <size>0x86</size>
         <input_file_ref idref="fl-118"/>
      </object_component>
      <object_component id="oc-e6">
         <name>.text</name>
         <load_address>0x14372</load_address>
         <run_address>0x14372</run_address>
         <size>0x7a</size>
         <input_file_ref idref="fl-122"/>
      </object_component>
      <object_component id="oc-5c2">
         <name>.text:_mcpy</name>
         <load_address>0x143ec</load_address>
         <run_address>0x143ec</run_address>
         <size>0x6e</size>
         <input_file_ref idref="fl-12d"/>
      </object_component>
      <object_component id="oc-1d4">
         <name>.text</name>
         <load_address>0x1445c</load_address>
         <run_address>0x1445c</run_address>
         <size>0x68</size>
         <input_file_ref idref="fl-58"/>
      </object_component>
      <object_component id="oc-15">
         <name>.text:decompress:lzss:__TI_decompress_lzss</name>
         <load_address>0x144c4</load_address>
         <run_address>0x144c4</run_address>
         <size>0x68</size>
         <input_file_ref idref="fl-125"/>
      </object_component>
      <object_component id="oc-5d7">
         <name>.text:frexp</name>
         <load_address>0x1452c</load_address>
         <run_address>0x1452c</run_address>
         <size>0x64</size>
         <input_file_ref idref="fl-12f"/>
      </object_component>
      <object_component id="oc-50d">
         <name>.text:_pconv_f</name>
         <load_address>0x14590</load_address>
         <run_address>0x14590</run_address>
         <size>0x56</size>
         <input_file_ref idref="fl-12d"/>
      </object_component>
      <object_component id="oc-5b6">
         <name>.text:__TI_ltoa</name>
         <load_address>0x145e6</load_address>
         <run_address>0x145e6</run_address>
         <size>0x54</size>
         <input_file_ref idref="fl-139"/>
      </object_component>
      <object_component id="oc-5bc">
         <name>.text:_ecpy</name>
         <load_address>0x1463a</load_address>
         <run_address>0x1463a</run_address>
         <size>0x52</size>
         <input_file_ref idref="fl-12d"/>
      </object_component>
      <object_component id="oc-2ca">
         <name>.text:atoi</name>
         <load_address>0x1468c</load_address>
         <run_address>0x1468c</run_address>
         <size>0x4c</size>
         <input_file_ref idref="fl-126"/>
      </object_component>
      <object_component id="oc-f6">
         <name>.text</name>
         <load_address>0x146d8</load_address>
         <run_address>0x146d8</run_address>
         <size>0x48</size>
         <input_file_ref idref="fl-11b"/>
      </object_component>
      <object_component id="oc-388">
         <name>.text:__TI_auto_init_nobinit_nopinit:__TI_auto_init_nobinit_nopinit</name>
         <load_address>0x14720</load_address>
         <run_address>0x14720</run_address>
         <size>0x44</size>
         <input_file_ref idref="fl-134"/>
      </object_component>
      <object_component id="oc-16c">
         <name>.text</name>
         <load_address>0x14764</load_address>
         <run_address>0x14764</run_address>
         <size>0x44</size>
         <input_file_ref idref="fl-11c"/>
      </object_component>
      <object_component id="oc-147">
         <name>.text</name>
         <load_address>0x147a8</load_address>
         <run_address>0x147a8</run_address>
         <size>0x40</size>
         <input_file_ref idref="fl-121"/>
      </object_component>
      <object_component id="oc-1f9">
         <name>.text:sprintf</name>
         <load_address>0x147e8</load_address>
         <run_address>0x147e8</run_address>
         <size>0x40</size>
         <input_file_ref idref="fl-115"/>
      </object_component>
      <object_component id="oc-5cf">
         <name>.text:_fcpy</name>
         <load_address>0x14828</load_address>
         <run_address>0x14828</run_address>
         <size>0x3e</size>
         <input_file_ref idref="fl-12d"/>
      </object_component>
      <object_component id="oc-227">
         <name>.text</name>
         <load_address>0x14866</load_address>
         <run_address>0x14866</run_address>
         <size>0x3e</size>
         <input_file_ref idref="fl-13"/>
      </object_component>
      <object_component id="oc-7c">
         <name>.text:_c_int00_noargs:_c_int00_noargs</name>
         <load_address>0x148a4</load_address>
         <run_address>0x148a4</run_address>
         <size>0x34</size>
         <input_file_ref idref="fl-12c"/>
      </object_component>
      <object_component id="oc-eb">
         <name>.text</name>
         <load_address>0x148d8</load_address>
         <run_address>0x148d8</run_address>
         <size>0x2e</size>
         <input_file_ref idref="fl-11e"/>
      </object_component>
      <object_component id="oc-27">
         <name>.text</name>
         <load_address>0x14908</load_address>
         <run_address>0x14908</run_address>
         <size>0x2c</size>
         <input_file_ref idref="fl-4"/>
      </object_component>
      <object_component id="oc-2c1">
         <name>.text:strncmp</name>
         <load_address>0x14934</load_address>
         <run_address>0x14934</run_address>
         <size>0x2c</size>
         <input_file_ref idref="fl-12b"/>
      </object_component>
      <object_component id="oc-1dd">
         <name>.text:GetOverflowCounts</name>
         <load_address>0x14960</load_address>
         <run_address>0x14960</run_address>
         <size>0x24</size>
         <input_file_ref idref="fl-58"/>
      </object_component>
      <object_component id="oc-4a">
         <name>.text</name>
         <load_address>0x14984</load_address>
         <run_address>0x14984</run_address>
         <size>0x24</size>
         <input_file_ref idref="fl-42"/>
      </object_component>
      <object_component id="oc-162">
         <name>.text</name>
         <load_address>0x149a8</load_address>
         <run_address>0x149a8</run_address>
         <size>0x20</size>
         <input_file_ref idref="fl-120"/>
      </object_component>
      <object_component id="oc-51f">
         <name>.text:memccpy</name>
         <load_address>0x149c8</load_address>
         <run_address>0x149c8</run_address>
         <size>0x1c</size>
         <input_file_ref idref="fl-13b"/>
      </object_component>
      <object_component id="oc-638">
         <name>.text:copysign</name>
         <load_address>0x149e4</load_address>
         <run_address>0x149e4</run_address>
         <size>0x1a</size>
         <input_file_ref idref="fl-13e"/>
      </object_component>
      <object_component id="oc-3f3">
         <name>.text:_outs</name>
         <load_address>0x149fe</load_address>
         <run_address>0x149fe</run_address>
         <size>0x18</size>
         <input_file_ref idref="fl-115"/>
      </object_component>
      <object_component id="oc-46b">
         <name>.text:strcmp</name>
         <load_address>0x14a16</load_address>
         <run_address>0x14a16</run_address>
         <size>0x18</size>
         <input_file_ref idref="fl-128"/>
      </object_component>
      <object_component id="oc-5e3">
         <name>.text:strchr</name>
         <load_address>0x14a2e</load_address>
         <run_address>0x14a2e</run_address>
         <size>0x16</size>
         <input_file_ref idref="fl-13c"/>
      </object_component>
      <object_component id="oc-1ed">
         <name>.text:strcpy</name>
         <load_address>0x14a44</load_address>
         <run_address>0x14a44</run_address>
         <size>0x14</size>
         <input_file_ref idref="fl-129"/>
      </object_component>
      <object_component id="oc-1f3">
         <name>.text:strlen</name>
         <load_address>0x14a58</load_address>
         <run_address>0x14a58</run_address>
         <size>0x14</size>
         <input_file_ref idref="fl-12a"/>
      </object_component>
      <object_component id="oc-525">
         <name>.text:wcslen</name>
         <load_address>0x14a6c</load_address>
         <run_address>0x14a6c</run_address>
         <size>0x12</size>
         <input_file_ref idref="fl-131"/>
      </object_component>
      <object_component id="oc-1b">
         <name>.text:decompress:none:__TI_decompress_none</name>
         <load_address>0x14a7e</load_address>
         <run_address>0x14a7e</run_address>
         <size>0xe</size>
         <input_file_ref idref="fl-124"/>
      </object_component>
      <object_component id="oc-70">
         <name>.text:decompress:ZI:__TI_zero_init</name>
         <load_address>0x14a8c</load_address>
         <run_address>0x14a8c</run_address>
         <size>0xc</size>
         <input_file_ref idref="fl-123"/>
      </object_component>
      <object_component id="oc-3f9">
         <name>.text:_outc</name>
         <load_address>0x14a98</load_address>
         <run_address>0x14a98</run_address>
         <size>0xa</size>
         <input_file_ref idref="fl-115"/>
      </object_component>
      <object_component id="oc-52b">
         <name>.text:__aeabi_errno_addr</name>
         <load_address>0x14aa4</load_address>
         <run_address>0x14aa4</run_address>
         <size>0x8</size>
         <input_file_ref idref="fl-13d"/>
      </object_component>
      <object_component id="oc-236">
         <name>.text:SysCtlDelay</name>
         <load_address>0x14aac</load_address>
         <run_address>0x14aac</run_address>
         <size>0x6</size>
         <input_file_ref idref="fl-28"/>
      </object_component>
      <object_component id="oc-1a0">
         <name>.text:_system_pre_init</name>
         <load_address>0x14ab2</load_address>
         <run_address>0x14ab2</run_address>
         <size>0x4</size>
         <input_file_ref idref="fl-135"/>
      </object_component>
      <object_component id="oc-37c">
         <name>.text:abort:abort</name>
         <load_address>0x14ab6</load_address>
         <run_address>0x14ab6</run_address>
         <size>0x4</size>
         <input_file_ref idref="fl-137"/>
      </object_component>
      <object_component id="oc-463">
         <name>.const:.string</name>
         <load_address>0x14abc</load_address>
         <run_address>0x14abc</run_address>
         <size>0x2cc</size>
         <input_file_ref idref="fl-2"/>
      </object_component>
      <object_component id="oc-233">
         <name>.const:g_pppui32XTALtoVCO</name>
         <load_address>0x14d88</load_address>
         <run_address>0x14d88</run_address>
         <size>0x1b0</size>
         <input_file_ref idref="fl-28"/>
      </object_component>
      <object_component id="oc-466">
         <name>.const:.string:_ctypes_</name>
         <load_address>0x14f38</load_address>
         <run_address>0x14f38</run_address>
         <size>0x101</size>
         <input_file_ref idref="fl-127"/>
      </object_component>
      <object_component id="oc-260">
         <name>.const:g_ppui32GPIOIntMapSnowflake</name>
         <load_address>0x1503c</load_address>
         <run_address>0x1503c</run_address>
         <size>0xd8</size>
         <input_file_ref idref="fl-1c"/>
      </object_component>
      <object_component id="oc-25d">
         <name>.const:g_ppui32GPIOIntMapBlizzard</name>
         <load_address>0x15114</load_address>
         <run_address>0x15114</run_address>
         <size>0xc0</size>
         <input_file_ref idref="fl-1c"/>
      </object_component>
      <object_component id="oc-318">
         <name>.const:g_pui32Regs</name>
         <load_address>0x151d4</load_address>
         <run_address>0x151d4</run_address>
         <size>0x9c</size>
         <input_file_ref idref="fl-1f"/>
      </object_component>
      <object_component id="oc-263">
         <name>.const:g_pui32GPIOBaseAddrs</name>
         <load_address>0x15270</load_address>
         <run_address>0x15270</run_address>
         <size>0x90</size>
         <input_file_ref idref="fl-1c"/>
      </object_component>
      <object_component id="oc-22d">
         <name>.const:g_pui32Xtals</name>
         <load_address>0x15300</load_address>
         <run_address>0x15300</run_address>
         <size>0x6c</size>
         <input_file_ref idref="fl-28"/>
      </object_component>
      <object_component id="oc-307">
         <name>.const:g_ppui32TimerIntMap</name>
         <load_address>0x1536c</load_address>
         <run_address>0x1536c</run_address>
         <size>0x60</size>
         <input_file_ref idref="fl-2b"/>
      </object_component>
      <object_component id="oc-30a">
         <name>.const:g_ppui32TimerIntMapSnowflake</name>
         <load_address>0x153cc</load_address>
         <run_address>0x153cc</run_address>
         <size>0x40</size>
         <input_file_ref idref="fl-2b"/>
      </object_component>
      <object_component id="oc-2dc">
         <name>.const:g_ppui32UARTIntMap</name>
         <load_address>0x1540c</load_address>
         <run_address>0x1540c</run_address>
         <size>0x40</size>
         <input_file_ref idref="fl-2c"/>
      </object_component>
      <object_component id="oc-2df">
         <name>.const:g_ppui32UARTIntMapSnowflake</name>
         <load_address>0x1544c</load_address>
         <run_address>0x1544c</run_address>
         <size>0x40</size>
         <input_file_ref idref="fl-2c"/>
      </object_component>
      <object_component id="oc-355">
         <name>.const:g_psUSBDStdRequests</name>
         <load_address>0x1548c</load_address>
         <run_address>0x1548c</run_address>
         <size>0x34</size>
         <input_file_ref idref="fl-41"/>
      </object_component>
      <object_component id="oc-224">
         <name>.const:g_sXTALtoMEMTIM</name>
         <load_address>0x154c0</load_address>
         <run_address>0x154c0</run_address>
         <size>0x30</size>
         <input_file_ref idref="fl-28"/>
      </object_component>
      <object_component id="oc-315">
         <name>.const:g_pui32Priority</name>
         <load_address>0x154f0</load_address>
         <run_address>0x154f0</run_address>
         <size>0x20</size>
         <input_file_ref idref="fl-1f"/>
      </object_component>
      <object_component id="oc-31e">
         <name>.const:g_pui32Dii16Regs</name>
         <load_address>0x15510</load_address>
         <run_address>0x15510</run_address>
         <size>0x14</size>
         <input_file_ref idref="fl-1f"/>
      </object_component>
      <object_component id="oc-31b">
         <name>.const:g_pui32EnRegs</name>
         <load_address>0x15524</load_address>
         <run_address>0x15524</run_address>
         <size>0x14</size>
         <input_file_ref idref="fl-1f"/>
      </object_component>
      <object_component id="oc-321">
         <name>.const:g_pui32PendRegs</name>
         <load_address>0x15538</load_address>
         <run_address>0x15538</run_address>
         <size>0x14</size>
         <input_file_ref idref="fl-1f"/>
      </object_component>
      <object_component id="oc-324">
         <name>.const:g_pui32UnpendRegs</name>
         <load_address>0x1554c</load_address>
         <run_address>0x1554c</run_address>
         <size>0x14</size>
         <input_file_ref idref="fl-1f"/>
      </object_component>
      <object_component id="oc-2fd">
         <name>.const:.string</name>
         <load_address>0x15560</load_address>
         <run_address>0x15560</run_address>
         <size>0x12</size>
         <input_file_ref idref="fl-5b"/>
      </object_component>
      <object_component id="oc-135">
         <name>.const:g_ui32UARTBase</name>
         <load_address>0x15574</load_address>
         <run_address>0x15574</run_address>
         <size>0xc</size>
         <input_file_ref idref="fl-5b"/>
      </object_component>
      <object_component id="oc-13b">
         <name>.const:g_ui32UARTInt</name>
         <load_address>0x15580</load_address>
         <run_address>0x15580</run_address>
         <size>0xc</size>
         <input_file_ref idref="fl-5b"/>
      </object_component>
      <object_component id="oc-138">
         <name>.const:g_ui32UARTPeriph</name>
         <load_address>0x1558c</load_address>
         <run_address>0x1558c</run_address>
         <size>0xc</size>
         <input_file_ref idref="fl-5b"/>
      </object_component>
      <object_component id="oc-230">
         <name>.const:g_pui32VCOFrequencies</name>
         <load_address>0x15598</load_address>
         <run_address>0x15598</run_address>
         <size>0x8</size>
         <input_file_ref idref="fl-28"/>
      </object_component>
      <object_component id="oc-94">
         <name>.const</name>
         <load_address>0x155a0</load_address>
         <run_address>0x155a0</run_address>
         <size>0x4</size>
         <input_file_ref idref="fl-c"/>
      </object_component>
      <object_component id="oc-1e4">
         <name>.const</name>
         <load_address>0x155a4</load_address>
         <run_address>0x155a4</run_address>
         <size>0x4</size>
         <input_file_ref idref="fl-a"/>
      </object_component>
      <object_component id="oc-14c">
         <name>.const</name>
         <load_address>0x155a8</load_address>
         <run_address>0x155a8</run_address>
         <size>0x4</size>
         <input_file_ref idref="fl-5b"/>
      </object_component>
      <object_component id="oc-6b0">
         <name>.cinit..data.load</name>
         <load_address>0x155b0</load_address>
         <run_address>0x155b0</run_address>
         <size>0x102</size>
      </object_component>
      <object_component id="oc-6ad">
         <name>__TI_handler_table</name>
         <load_address>0x156b4</load_address>
         <run_address>0x156b4</run_address>
         <size>0xc</size>
      </object_component>
      <object_component id="oc-6b1">
         <name>.cinit..bss.load</name>
         <load_address>0x156c0</load_address>
         <run_address>0x156c0</run_address>
         <size>0x8</size>
      </object_component>
      <object_component id="oc-6af">
         <name>.cinit..vtable.load</name>
         <load_address>0x156c8</load_address>
         <run_address>0x156c8</run_address>
         <size>0x8</size>
      </object_component>
      <object_component id="oc-6ae">
         <name>__TI_cinit_table</name>
         <load_address>0x156d0</load_address>
         <run_address>0x156d0</run_address>
         <size>0x18</size>
      </object_component>
      <object_component id="oc-312">
         <name>.vtable</name>
         <uninitialized>true</uninitialized>
         <run_address>0x20000000</run_address>
         <size>0x26c</size>
         <input_file_ref idref="fl-1f"/>
      </object_component>
      <object_component id="oc-2c7">
         <name>.data:g_psCmdTable</name>
         <load_address>0x20005b18</load_address>
         <run_address>0x20005b18</run_address>
         <size>0xe4</size>
         <input_file_ref idref="fl-2"/>
      </object_component>
      <object_component id="oc-b9">
         <name>.data</name>
         <load_address>0x20005c38</load_address>
         <run_address>0x20005c38</run_address>
         <size>0x19</size>
         <input_file_ref idref="fl-3"/>
      </object_component>
      <object_component id="oc-de">
         <name>.data:show_once</name>
         <load_address>0x20005cc9</load_address>
         <run_address>0x20005cc9</run_address>
         <size>0x3</size>
         <input_file_ref idref="fl-3"/>
      </object_component>
      <object_component id="oc-91">
         <name>.data</name>
         <load_address>0x20005bfc</load_address>
         <run_address>0x20005bfc</run_address>
         <size>0x3c</size>
         <input_file_ref idref="fl-a"/>
      </object_component>
      <object_component id="oc-271">
         <name>.data</name>
         <load_address>0x20005c9c</load_address>
         <run_address>0x20005c9c</run_address>
         <size>0xc</size>
         <input_file_ref idref="fl-b"/>
      </object_component>
      <object_component id="oc-9e">
         <name>.data</name>
         <load_address>0x20005cd4</load_address>
         <run_address>0x20005cd4</run_address>
         <size>0x4</size>
         <input_file_ref idref="fl-c"/>
      </object_component>
      <object_component id="oc-3cb">
         <name>.data</name>
         <load_address>0x20005c84</load_address>
         <run_address>0x20005c84</run_address>
         <size>0x18</size>
         <input_file_ref idref="fl-e"/>
      </object_component>
      <object_component id="oc-449">
         <name>.data</name>
         <load_address>0x20005c51</load_address>
         <run_address>0x20005c51</run_address>
         <size>0x3</size>
         <input_file_ref idref="fl-32"/>
      </object_component>
      <object_component id="oc-34c">
         <name>.data</name>
         <load_address>0x20005ccc</load_address>
         <run_address>0x20005ccc</run_address>
         <size>0x8</size>
         <input_file_ref idref="fl-41"/>
      </object_component>
      <object_component id="oc-349">
         <name>.data</name>
         <load_address>0x20005cc0</load_address>
         <run_address>0x20005cc0</run_address>
         <size>0x9</size>
         <input_file_ref idref="fl-54"/>
      </object_component>
      <object_component id="oc-364">
         <name>.data</name>
         <load_address>0x20005cb4</load_address>
         <run_address>0x20005cb4</run_address>
         <size>0xc</size>
         <input_file_ref idref="fl-56"/>
      </object_component>
      <object_component id="oc-220">
         <name>.data:g_pui32CPUUsageTimerPeriph</name>
         <load_address>0x20005c6c</load_address>
         <run_address>0x20005c6c</run_address>
         <size>0x18</size>
         <input_file_ref idref="fl-5a"/>
      </object_component>
      <object_component id="oc-21a">
         <name>.data:g_pui32CPUUsageTimerBase</name>
         <load_address>0x20005c54</load_address>
         <run_address>0x20005c54</run_address>
         <size>0x18</size>
         <input_file_ref idref="fl-5a"/>
      </object_component>
      <object_component id="oc-13e">
         <name>.data</name>
         <load_address>0x20005ca8</load_address>
         <run_address>0x20005ca8</run_address>
         <size>0xc</size>
         <input_file_ref idref="fl-5b"/>
      </object_component>
      <object_component id="oc-5f3">
         <name>.data</name>
         <load_address>0x20005cd8</load_address>
         <run_address>0x20005cd8</run_address>
         <size>0x4</size>
         <input_file_ref idref="fl-13d"/>
      </object_component>
      <object_component id="oc-e1">
         <name>.bss</name>
         <uninitialized>true</uninitialized>
         <run_address>0x200058f0</run_address>
         <size>0x4</size>
         <input_file_ref idref="fl-3"/>
      </object_component>
      <object_component id="oc-1c8">
         <name>.bss:pxReadyTasksLists</name>
         <uninitialized>true</uninitialized>
         <run_address>0x2000546c</run_address>
         <size>0x140</size>
         <input_file_ref idref="fl-a"/>
      </object_component>
      <object_component id="oc-1e7">
         <name>.bss:xDelayedTaskList1</name>
         <uninitialized>true</uninitialized>
         <run_address>0x2000584c</run_address>
         <size>0x14</size>
         <input_file_ref idref="fl-a"/>
      </object_component>
      <object_component id="oc-1ea">
         <name>.bss:xDelayedTaskList2</name>
         <uninitialized>true</uninitialized>
         <run_address>0x20005860</run_address>
         <size>0x14</size>
         <input_file_ref idref="fl-a"/>
      </object_component>
      <object_component id="oc-1ce">
         <name>.bss</name>
         <uninitialized>true</uninitialized>
         <run_address>0x200058c4</run_address>
         <size>0x8</size>
         <input_file_ref idref="fl-a"/>
      </object_component>
      <object_component id="oc-1da">
         <name>.bss:xPendingReadyList</name>
         <uninitialized>true</uninitialized>
         <run_address>0x20005874</run_address>
         <size>0x14</size>
         <input_file_ref idref="fl-a"/>
      </object_component>
      <object_component id="oc-1cb">
         <name>.bss:xTasksWaitingTermination</name>
         <uninitialized>true</uninitialized>
         <run_address>0x2000589c</run_address>
         <size>0x14</size>
         <input_file_ref idref="fl-a"/>
      </object_component>
      <object_component id="oc-1d1">
         <name>.bss:xSuspendedTaskList</name>
         <uninitialized>true</uninitialized>
         <run_address>0x20005888</run_address>
         <size>0x14</size>
         <input_file_ref idref="fl-a"/>
      </object_component>
      <object_component id="oc-277">
         <name>.bss:xActiveTimerList1</name>
         <uninitialized>true</uninitialized>
         <run_address>0x20005824</run_address>
         <size>0x14</size>
         <input_file_ref idref="fl-b"/>
      </object_component>
      <object_component id="oc-27a">
         <name>.bss:xActiveTimerList2</name>
         <uninitialized>true</uninitialized>
         <run_address>0x20005838</run_address>
         <size>0x14</size>
         <input_file_ref idref="fl-b"/>
      </object_component>
      <object_component id="oc-274">
         <name>.bss</name>
         <uninitialized>true</uninitialized>
         <run_address>0x200058cc</run_address>
         <size>0x8</size>
         <input_file_ref idref="fl-b"/>
      </object_component>
      <object_component id="oc-3d1">
         <name>.bss:ucHeap</name>
         <uninitialized>true</uninitialized>
         <run_address>0x2000026c</run_address>
         <size>0x5000</size>
         <input_file_ref idref="fl-e"/>
      </object_component>
      <object_component id="oc-3ce">
         <name>.bss:xStart</name>
         <uninitialized>true</uninitialized>
         <run_address>0x200058d4</run_address>
         <size>0x8</size>
         <input_file_ref idref="fl-e"/>
      </object_component>
      <object_component id="oc-302">
         <name>.bss:g_pui8OversampleFactor</name>
         <uninitialized>true</uninitialized>
         <run_address>0x200058bc</run_address>
         <size>0x8</size>
         <input_file_ref idref="fl-f"/>
      </object_component>
      <object_component id="oc-177">
         <name>.bss</name>
         <uninitialized>true</uninitialized>
         <run_address>0x200058ec</run_address>
         <size>0x4</size>
         <input_file_ref idref="fl-33"/>
      </object_component>
      <object_component id="oc-352">
         <name>.bss:g_pui8DataBufferIn</name>
         <uninitialized>true</uninitialized>
         <run_address>0x2000575c</run_address>
         <size>0x40</size>
         <input_file_ref idref="fl-41"/>
      </object_component>
      <object_component id="oc-34f">
         <name>.bss</name>
         <uninitialized>true</uninitialized>
         <run_address>0x200058f4</run_address>
         <size>0x4</size>
         <input_file_ref idref="fl-41"/>
      </object_component>
      <object_component id="oc-49a">
         <name>.bss:g_psUSBDMAInst</name>
         <uninitialized>true</uninitialized>
         <run_address>0x200055ac</run_address>
         <size>0x110</size>
         <input_file_ref idref="fl-52"/>
      </object_component>
      <object_component id="oc-471">
         <name>.bss:g_ppcArgv</name>
         <uninitialized>true</uninitialized>
         <run_address>0x2000579c</run_address>
         <size>0x24</size>
         <input_file_ref idref="fl-59"/>
      </object_component>
      <object_component id="oc-21d">
         <name>.bss</name>
         <uninitialized>true</uninitialized>
         <run_address>0x200058b0</run_address>
         <size>0xc</size>
         <input_file_ref idref="fl-5a"/>
      </object_component>
      <object_component id="oc-132">
         <name>.bss</name>
         <uninitialized>true</uninitialized>
         <run_address>0x20005810</run_address>
         <size>0x14</size>
         <input_file_ref idref="fl-5b"/>
      </object_component>
      <object_component id="oc-144">
         <name>.bss:g_pcUARTRxHistoryBuffer</name>
         <uninitialized>true</uninitialized>
         <run_address>0x2000526c</run_address>
         <size>0x200</size>
         <input_file_ref idref="fl-5b"/>
      </object_component>
      <object_component id="oc-141">
         <name>.bss:g_usUARTRxHistoryOffset</name>
         <uninitialized>true</uninitialized>
         <run_address>0x200057c0</run_address>
         <size>0x20</size>
         <input_file_ref idref="fl-5b"/>
      </object_component>
      <object_component id="oc-2a8">
         <name>.common:estado</name>
         <uninitialized>true</uninitialized>
         <run_address>0x20005904</run_address>
         <size>0x4</size>
      </object_component>
      <object_component id="oc-2a9">
         <name>.common:DCanterior</name>
         <uninitialized>true</uninitialized>
         <run_address>0x200058dc</run_address>
         <size>0x8</size>
      </object_component>
      <object_component id="oc-bc">
         <name>.common:g_ui32CPUUsage</name>
         <uninitialized>true</uninitialized>
         <run_address>0x2000590c</run_address>
         <size>0x4</size>
      </object_component>
      <object_component id="oc-107">
         <name>.common:g_ulSystemClock</name>
         <uninitialized>true</uninitialized>
         <run_address>0x20005910</run_address>
         <size>0x4</size>
      </object_component>
      <object_component id="oc-e4">
         <name>.common:colaMovimiento</name>
         <uninitialized>true</uninitialized>
         <run_address>0x200058fc</run_address>
         <size>0x4</size>
      </object_component>
      <object_component id="oc-e5">
         <name>.common:colaSharp</name>
         <uninitialized>true</uninitialized>
         <run_address>0x20005900</run_address>
         <size>0x4</size>
      </object_component>
      <object_component id="oc-dd">
         <name>.common:FlagsEventos</name>
         <uninitialized>true</uninitialized>
         <run_address>0x200058f8</run_address>
         <size>0x4</size>
      </object_component>
      <object_component id="oc-268">
         <name>.common:xQueueRegistry</name>
         <uninitialized>true</uninitialized>
         <run_address>0x2000570c</run_address>
         <size>0x50</size>
      </object_component>
      <object_component id="oc-295">
         <name>.common:ui32Period</name>
         <uninitialized>true</uninitialized>
         <run_address>0x20005914</run_address>
         <size>0x4</size>
      </object_component>
      <object_component id="oc-2a7">
         <name>.common:ui32DutyCycle</name>
         <uninitialized>true</uninitialized>
         <run_address>0x200058e4</run_address>
         <size>0x8</size>
      </object_component>
      <object_component id="oc-345">
         <name>.common:g_psDCDInst</name>
         <uninitialized>true</uninitialized>
         <run_address>0x200056bc</run_address>
         <size>0x50</size>
      </object_component>
      <object_component id="oc-348">
         <name>.common:g_ppsDevInfo</name>
         <uninitialized>true</uninitialized>
         <run_address>0x20005908</run_address>
         <size>0x4</size>
      </object_component>
      <object_component id="oc-49f">
         <name>.common:g_pfnTickHandlers</name>
         <uninitialized>true</uninitialized>
         <run_address>0x200057e0</run_address>
         <size>0x18</size>
      </object_component>
      <object_component id="oc-4a2">
         <name>.common:g_pvTickInstance</name>
         <uninitialized>true</uninitialized>
         <run_address>0x200057f8</run_address>
         <size>0x18</size>
      </object_component>
      <object_component id="oc-24">
         <name>.stack</name>
         <uninitialized>true</uninitialized>
         <run_address>0x20005918</run_address>
         <size>0x4</size>
         <input_file_ref idref="fl-12c"/>
      </object_component>
      <object_component id="oc-6b3">
         <name>.stack</name>
         <uninitialized>true</uninitialized>
         <run_address>0x20005918</run_address>
         <size>0x0</size>
      </object_component>
      <object_component id="oc-218">
         <name>.debug_info</name>
         <load_address>0x0</load_address>
         <run_address>0x0</run_address>
         <size>0xa2c</size>
         <input_file_ref idref="fl-2"/>
      </object_component>
      <object_component id="oc-2c8">
         <name>.debug_info</name>
         <load_address>0xa2c</load_address>
         <run_address>0xa2c</run_address>
         <size>0xd9</size>
         <input_file_ref idref="fl-2"/>
      </object_component>
      <object_component id="oc-102">
         <name>.debug_info</name>
         <load_address>0xb05</load_address>
         <run_address>0xb05</run_address>
         <size>0x10ec</size>
         <input_file_ref idref="fl-2"/>
      </object_component>
      <object_component id="oc-10e">
         <name>.debug_info</name>
         <load_address>0x1bf1</load_address>
         <run_address>0x1bf1</run_address>
         <size>0x315</size>
         <input_file_ref idref="fl-2"/>
      </object_component>
      <object_component id="oc-404">
         <name>.debug_info</name>
         <load_address>0x1f06</load_address>
         <run_address>0x1f06</run_address>
         <size>0x7f</size>
         <input_file_ref idref="fl-2"/>
      </object_component>
      <object_component id="oc-185">
         <name>.debug_info</name>
         <load_address>0x1f85</load_address>
         <run_address>0x1f85</run_address>
         <size>0x26b</size>
         <input_file_ref idref="fl-2"/>
      </object_component>
      <object_component id="oc-40e">
         <name>.debug_info</name>
         <load_address>0x21f0</load_address>
         <run_address>0x21f0</run_address>
         <size>0x476</size>
         <input_file_ref idref="fl-2"/>
      </object_component>
      <object_component id="oc-11d">
         <name>.debug_info</name>
         <load_address>0x2666</load_address>
         <run_address>0x2666</run_address>
         <size>0x42</size>
         <input_file_ref idref="fl-2"/>
      </object_component>
      <object_component id="oc-242">
         <name>.debug_info</name>
         <load_address>0x26a8</load_address>
         <run_address>0x26a8</run_address>
         <size>0x4f</size>
         <input_file_ref idref="fl-2"/>
      </object_component>
      <object_component id="oc-2e6">
         <name>.debug_info</name>
         <load_address>0x26f7</load_address>
         <run_address>0x26f7</run_address>
         <size>0x2c</size>
         <input_file_ref idref="fl-2"/>
      </object_component>
      <object_component id="oc-59">
         <name>.debug_info</name>
         <load_address>0x2723</load_address>
         <run_address>0x2723</run_address>
         <size>0x84</size>
         <input_file_ref idref="fl-2"/>
      </object_component>
      <object_component id="oc-a3">
         <name>.debug_info</name>
         <load_address>0x27a7</load_address>
         <run_address>0x27a7</run_address>
         <size>0x2c</size>
         <input_file_ref idref="fl-2"/>
      </object_component>
      <object_component id="oc-113">
         <name>.debug_info</name>
         <load_address>0x27d3</load_address>
         <run_address>0x27d3</run_address>
         <size>0x4f</size>
         <input_file_ref idref="fl-2"/>
      </object_component>
      <object_component id="oc-2d7">
         <name>.debug_info</name>
         <load_address>0x2822</load_address>
         <run_address>0x2822</run_address>
         <size>0x2a4</size>
         <input_file_ref idref="fl-2"/>
      </object_component>
      <object_component id="oc-238">
         <name>.debug_info</name>
         <load_address>0x2ac6</load_address>
         <run_address>0x2ac6</run_address>
         <size>0xef</size>
         <input_file_ref idref="fl-2"/>
      </object_component>
      <object_component id="oc-109">
         <name>.debug_info</name>
         <load_address>0x2bb5</load_address>
         <run_address>0x2bb5</run_address>
         <size>0xbb</size>
         <input_file_ref idref="fl-2"/>
      </object_component>
      <object_component id="oc-a8">
         <name>.debug_info</name>
         <load_address>0x2c70</load_address>
         <run_address>0x2c70</run_address>
         <size>0x53</size>
         <input_file_ref idref="fl-2"/>
      </object_component>
      <object_component id="oc-409">
         <name>.debug_info</name>
         <load_address>0x2cc3</load_address>
         <run_address>0x2cc3</run_address>
         <size>0xcc</size>
         <input_file_ref idref="fl-2"/>
      </object_component>
      <object_component id="oc-151">
         <name>.debug_info</name>
         <load_address>0x2d8f</load_address>
         <run_address>0x2d8f</run_address>
         <size>0x2c</size>
         <input_file_ref idref="fl-2"/>
      </object_component>
      <object_component id="oc-3bc">
         <name>.debug_info</name>
         <load_address>0x2dbb</load_address>
         <run_address>0x2dbb</run_address>
         <size>0x35</size>
         <input_file_ref idref="fl-2"/>
      </object_component>
      <object_component id="oc-118">
         <name>.debug_info</name>
         <load_address>0x2df0</load_address>
         <run_address>0x2df0</run_address>
         <size>0x55</size>
         <input_file_ref idref="fl-2"/>
      </object_component>
      <object_component id="oc-20e">
         <name>.debug_info</name>
         <load_address>0x2e45</load_address>
         <run_address>0x2e45</run_address>
         <size>0x14c</size>
         <input_file_ref idref="fl-2"/>
      </object_component>
[...]
         <object_component_ref idref="oc-35e"/>
      </symbol>
      <symbol id="sm-15b0">
         <name>g_psDCDInst</name>
         <value>0x200056bc</value>
      </symbol>
      <symbol id="sm-15b1">
         <name>g_ppsDevInfo</name>
         <value>0x20005908</value>
      </symbol>
      <symbol id="sm-15b2">
         <name>USBDCDSendDataEP0</name>
         <value>0x5d01</value>
         <object_component_ref idref="oc-17c"/>
      </symbol>
      <symbol id="sm-15b3">
         <name>USBDCDTerm</name>
         <value>0x5bff</value>
         <object_component_ref idref="oc-17c"/>
      </symbol>
      <symbol id="sm-15b4">
         <name>USBDCDFeatureSet</name>
         <value>0x5df9</value>
         <object_component_ref idref="oc-17c"/>
      </symbol>
      <symbol id="sm-15b5">
         <name>USBDCDRemoteWakeLPM</name>
         <value>0x5ee5</value>
         <object_component_ref idref="oc-17c"/>
      </symbol>
      <symbol id="sm-15b6">
         <name>USBDCDStallEP0</name>
         <value>0x5d59</value>
         <object_component_ref idref="oc-17c"/>
      </symbol>
      <symbol id="sm-15b7">
         <name>USBDCDRequestDataEP0</name>
         <value>0x5c95</value>
         <object_component_ref idref="oc-17c"/>
      </symbol>
      <symbol id="sm-15b8">
         <name>USBDeviceEnumHandler</name>
         <value>0x6045</value>
         <object_component_ref idref="oc-17c"/>
      </symbol>
      <symbol id="sm-15b9">
         <name>USBDCDInit</name>
         <value>0x5a01</value>
         <object_component_ref idref="oc-17c"/>
      </symbol>
      <symbol id="sm-15ba">
         <name>USBDeviceEnumResetHandler</name>
         <value>0x61a5</value>
         <object_component_ref idref="oc-17c"/>
      </symbol>
      <symbol id="sm-15bb">
         <name>USBDCDFeatureGet</name>
         <value>0x5eab</value>
         <object_component_ref idref="oc-17c"/>
      </symbol>
      <symbol id="sm-15bc">
         <name>USBDCDPowerStatusSet</name>
         <value>0x5d99</value>
         <object_component_ref idref="oc-17c"/>
      </symbol>
      <symbol id="sm-15bd">
         <name>USBDCDDeviceInfoInit</name>
         <value>0x599d</value>
         <object_component_ref idref="oc-17c"/>
      </symbol>
      <symbol id="sm-15be">
         <name>USBDeviceIntHandlerInternal</name>
         <value>0x6d1d</value>
         <object_component_ref idref="oc-17c"/>
      </symbol>
      <symbol id="sm-15bf">
         <name>USBDCDRemoteWakeupRequest</name>
         <value>0x5eff</value>
         <object_component_ref idref="oc-17c"/>
      </symbol>
      <symbol id="sm-15c0">
         <name>USBDCDSetDefaultConfiguration</name>
         <value>0x5d3d</value>
         <object_component_ref idref="oc-17c"/>
      </symbol>
      <symbol id="sm-15c1">
         <name>USBDeviceResumeTickHandler</name>
         <value>0x5f45</value>
         <object_component_ref idref="oc-17c"/>
      </symbol>
      <symbol id="sm-15ce">
         <name>USB0DeviceIntHandler</name>
         <value>0x14985</value>
         <object_component_ref idref="oc-4a"/>
      </symbol>
      <symbol id="sm-161c">
         <name>USBDescGetInterfaceEndpoint</name>
         <value>0x12af7</value>
         <object_component_ref idref="oc-4bc"/>
      </symbol>
      <symbol id="sm-161d">
         <name>USBDescGetInterface</name>
         <value>0x12ac9</value>
         <object_component_ref idref="oc-4bc"/>
      </symbol>
      <symbol id="sm-161e">
         <name>USBDescGet</name>
         <value>0x129a5</value>
         <object_component_ref idref="oc-4bc"/>
      </symbol>
      <symbol id="sm-161f">
         <name>USBDescGetNum</name>
         <value>0x12949</value>
         <object_component_ref idref="oc-4bc"/>
      </symbol>
      <symbol id="sm-1620">
         <name>USBDescGetNumAlternateInterfaces</name>
         <value>0x12a0f</value>
         <object_component_ref idref="oc-4bc"/>
      </symbol>
      <symbol id="sm-1707">
         <name>USBLibDMASizeGet</name>
         <value>0x9f7d</value>
         <object_component_ref idref="oc-339"/>
      </symbol>
      <symbol id="sm-1708">
         <name>USBLibDMAAddrGet</name>
         <value>0x9f65</value>
         <object_component_ref idref="oc-339"/>
      </symbol>
      <symbol id="sm-1709">
         <name>USBLibDMAInit</name>
         <value>0x9f95</value>
         <object_component_ref idref="oc-339"/>
      </symbol>
      <symbol id="sm-171e">
         <name>g_iUSBMode</name>
         <value>0x20005cc0</value>
         <object_component_ref idref="oc-349"/>
      </symbol>
      <symbol id="sm-171f">
         <name>g_ui32WaitTicks</name>
         <value>0x20005cc4</value>
         <object_component_ref idref="oc-349"/>
      </symbol>
      <symbol id="sm-1749">
         <name>g_pfnTickHandlers</name>
         <value>0x200057e0</value>
      </symbol>
      <symbol id="sm-174a">
         <name>g_pvTickInstance</name>
         <value>0x200057f8</value>
      </symbol>
      <symbol id="sm-174b">
         <name>g_ui32USBSOFCount</name>
         <value>0x20005cbc</value>
         <object_component_ref idref="oc-364"/>
      </symbol>
      <symbol id="sm-174c">
         <name>InternalUSBTickReset</name>
         <value>0x13cbf</value>
         <object_component_ref idref="oc-33f"/>
      </symbol>
      <symbol id="sm-174d">
         <name>g_bUSBTimerInitialized</name>
         <value>0x20005cb4</value>
         <object_component_ref idref="oc-364"/>
      </symbol>
      <symbol id="sm-174e">
         <name>g_ui32CurrentUSBTick</name>
         <value>0x20005cb8</value>
         <object_component_ref idref="oc-364"/>
      </symbol>
      <symbol id="sm-174f">
         <name>InternalUSBStartOfFrameTick</name>
         <value>0x13d17</value>
         <object_component_ref idref="oc-33f"/>
      </symbol>
      <symbol id="sm-1750">
         <name>InternalUSBRegisterTickHandler</name>
         <value>0x13cc7</value>
         <object_component_ref idref="oc-33f"/>
      </symbol>
      <symbol id="sm-1751">
         <name>InternalUSBTickInit</name>
         <value>0x13c81</value>
         <object_component_ref idref="oc-33f"/>
      </symbol>
      <symbol id="sm-175e">
         <name>ULPIPowerTransceiver</name>
         <value>0x13ee9</value>
         <object_component_ref idref="oc-333"/>
      </symbol>
      <symbol id="sm-175f">
         <name>ULPIConfigSet</name>
         <value>0x13e47</value>
         <object_component_ref idref="oc-333"/>
      </symbol>
      <symbol id="sm-1779">
         <name>GetOverflowCounts</name>
         <value>0x14961</value>
         <object_component_ref idref="oc-1dd"/>
      </symbol>
      <symbol id="sm-177a">
         <name>vConfigureTimerForRunTimeStats</name>
         <value>0x1445d</value>
         <object_component_ref idref="oc-1d4"/>
      </symbol>
      <symbol id="sm-179a">
         <name>CmdLineProcess</name>
         <value>0x14089</value>
         <object_component_ref idref="oc-2d0"/>
      </symbol>
      <symbol id="sm-17ca">
         <name>CPUUsageInit</name>
         <value>0x1365b</value>
         <object_component_ref idref="oc-ad"/>
      </symbol>
      <symbol id="sm-17cb">
         <name>CPUUsageTick</name>
         <value>0x1361d</value>
         <object_component_ref idref="oc-ad"/>
      </symbol>
      <symbol id="sm-18d5">
         <name>UARTTxBytesFree</name>
         <value>0xef13</value>
         <object_component_ref idref="oc-3e"/>
      </symbol>
      <symbol id="sm-18d6">
         <name>UARTFlushRx</name>
         <value>0xef1f</value>
         <object_component_ref idref="oc-3e"/>
      </symbol>
      <symbol id="sm-18d7">
         <name>UARTgetc</name>
         <value>0xeba9</value>
         <object_component_ref idref="oc-3e"/>
      </symbol>
      <symbol id="sm-18d8">
         <name>UARTgets</name>
         <value>0xe749</value>
         <object_component_ref idref="oc-3e"/>
      </symbol>
      <symbol id="sm-18d9">
         <name>UARTFlushTx</name>
         <value>0xef2d</value>
         <object_component_ref idref="oc-3e"/>
      </symbol>
      <symbol id="sm-18da">
         <name>UARTStdioConfig</name>
         <value>0xe553</value>
         <object_component_ref idref="oc-3e"/>
      </symbol>
      <symbol id="sm-18db">
         <name>UARTStdioIntHandler</name>
         <value>0xef7b</value>
         <object_component_ref idref="oc-3e"/>
      </symbol>
      <symbol id="sm-18dc">
         <name>UARTRxBytesAvail</name>
         <value>0xef07</value>
         <object_component_ref idref="oc-3e"/>
      </symbol>
      <symbol id="sm-18dd">
         <name>UARTwrite</name>
         <value>0xe67f</value>
         <object_component_ref idref="oc-3e"/>
      </symbol>
      <symbol id="sm-18de">
         <name>UARTEchoSet</name>
         <value>0xef53</value>
         <object_component_ref idref="oc-3e"/>
      </symbol>
      <symbol id="sm-18df">
         <name>UARTprintf</name>
         <value>0xeee3</value>
         <object_component_ref idref="oc-3e"/>
      </symbol>
      <symbol id="sm-18e0">
         <name>UARTvprintf</name>
         <value>0xebd1</value>
         <object_component_ref idref="oc-3e"/>
      </symbol>
      <symbol id="sm-1907">
         <name>sprintf</name>
         <value>0x147e9</value>
         <object_component_ref idref="oc-1f9"/>
      </symbol>
      <symbol id="sm-191f">
         <name>roundl</name>
         <value>0x13f11</value>
         <object_component_ref idref="oc-f0"/>
      </symbol>
      <symbol id="sm-1920">
         <name>round</name>
         <value>0x13f11</value>
         <object_component_ref idref="oc-f0"/>
      </symbol>
      <symbol id="sm-1937">
         <name>__aeabi_dsub</name>
         <value>0x12ced</value>
         <object_component_ref idref="oc-29d"/>
      </symbol>
      <symbol id="sm-1938">
         <name>__aeabi_dadd</name>
         <value>0x12cf7</value>
         <object_component_ref idref="oc-29d"/>
      </symbol>
      <symbol id="sm-195a">
         <name>__aeabi_cdcmpeq</name>
         <value>0x14267</value>
         <object_component_ref idref="oc-2a2"/>
      </symbol>
      <symbol id="sm-195b">
         <name>__aeabi_cdcmple</name>
         <value>0x14267</value>
         <object_component_ref idref="oc-2a2"/>
      </symbol>
      <symbol id="sm-195c">
         <name>__aeabi_cdrcmple</name>
         <value>0x142ed</value>
         <object_component_ref idref="oc-298"/>
      </symbol>
      <symbol id="sm-1970">
         <name>__aeabi_ddiv</name>
         <value>0x13295</value>
         <object_component_ref idref="oc-2aa"/>
      </symbol>
      <symbol id="sm-197b">
         <name>__aeabi_dmul</name>
         <value>0x13a8d</value>
         <object_component_ref idref="oc-167"/>
      </symbol>
      <symbol id="sm-1985">
         <name>__aeabi_d2iz</name>
         <value>0x146d9</value>
         <object_component_ref idref="oc-f6"/>
      </symbol>
      <symbol id="sm-198f">
         <name>__aeabi_d2uiz</name>
         <value>0x14765</value>
         <object_component_ref idref="oc-16c"/>
      </symbol>
      <symbol id="sm-199a">
         <name>__aeabi_i2d</name>
         <value>0x148d9</value>
         <object_component_ref idref="oc-eb"/>
      </symbol>
      <symbol id="sm-19b5">
         <name>memcpy</name>
         <value>0x14135</value>
         <object_component_ref idref="oc-5e"/>
      </symbol>
      <symbol id="sm-19b6">
         <name>__aeabi_memcpy</name>
         <value>0x14135</value>
         <object_component_ref idref="oc-5e"/>
      </symbol>
      <symbol id="sm-19b7">
         <name>__aeabi_memcpy8</name>
         <value>0x14135</value>
         <object_component_ref idref="oc-5e"/>
      </symbol>
      <symbol id="sm-19b8">
         <name>__aeabi_memcpy4</name>
         <value>0x14135</value>
         <object_component_ref idref="oc-5e"/>
      </symbol>
      <symbol id="sm-19c2">
         <name>__aeabi_ui2d</name>
         <value>0x149a9</value>
         <object_component_ref idref="oc-162"/>
      </symbol>
      <symbol id="sm-19d1">
         <name>__aeabi_uidivmod</name>
         <value>0x147a9</value>
         <object_component_ref idref="oc-147"/>
      </symbol>
      <symbol id="sm-19d2">
         <name>__aeabi_uidiv</name>
         <value>0x147a9</value>
         <object_component_ref idref="oc-147"/>
      </symbol>
      <symbol id="sm-19e1">
         <name>__aeabi_memset</name>
         <value>0x14375</value>
         <object_component_ref idref="oc-e6"/>
      </symbol>
      <symbol id="sm-19e2">
         <name>memset</name>
         <value>0x1437b</value>
         <object_component_ref idref="oc-e6"/>
      </symbol>
      <symbol id="sm-19e3">
         <name>__aeabi_memset8</name>
         <value>0x14375</value>
         <object_component_ref idref="oc-e6"/>
      </symbol>
      <symbol id="sm-19e4">
         <name>__aeabi_memset4</name>
         <value>0x14375</value>
         <object_component_ref idref="oc-e6"/>
      </symbol>
      <symbol id="sm-19e5">
         <name>__aeabi_memclr8</name>
         <value>0x14373</value>
         <object_component_ref idref="oc-e6"/>
      </symbol>
      <symbol id="sm-19e6">
         <name>__aeabi_memclr4</name>
         <value>0x14373</value>
         <object_component_ref idref="oc-e6"/>
      </symbol>
      <symbol id="sm-19e7">
         <name>__aeabi_memclr</name>
         <value>0x14373</value>
         <object_component_ref idref="oc-e6"/>
      </symbol>
      <symbol id="sm-19f9">
         <name>__TI_zero_init</name>
         <value>0x14a8d</value>
         <object_component_ref idref="oc-70"/>
      </symbol>
      <symbol id="sm-1a10">
         <name>__TI_decompress_none</name>
         <value>0x14a7f</value>
         <object_component_ref idref="oc-1b"/>
      </symbol>
      <symbol id="sm-1a33">
         <name>__TI_decompress_lzss</name>
         <value>0x144c5</value>
         <object_component_ref idref="oc-15"/>
      </symbol>
      <symbol id="sm-1a49">
         <name>atoi</name>
         <value>0x1468d</value>
         <object_component_ref idref="oc-2ca"/>
      </symbol>
      <symbol id="sm-1a54">
         <name>_ctypes_</name>
         <value>0x14f38</value>
         <object_component_ref idref="oc-466"/>
      </symbol>
      <symbol id="sm-1a63">
         <name>strcmp</name>
         <value>0x14a17</value>
         <object_component_ref idref="oc-46b"/>
      </symbol>
      <symbol id="sm-1a71">
         <name>strcpy</name>
         <value>0x14a45</value>
         <object_component_ref idref="oc-1ed"/>
      </symbol>
      <symbol id="sm-1a7f">
         <name>strlen</name>
         <value>0x14a59</value>
         <object_component_ref idref="oc-1f3"/>
      </symbol>
      <symbol id="sm-1a8f">
         <name>strncmp</name>
         <value>0x14935</value>
         <object_component_ref idref="oc-2c1"/>
      </symbol>
      <symbol id="sm-1aa2">
         <name>__stack</name>
         <value>0x20005918</value>
         <object_component_ref idref="oc-24"/>
      </symbol>
      <symbol id="sm-1aa3">
         <name>_c_int00_noargs</name>
         <value>0x148a5</value>
         <object_component_ref idref="oc-7c"/>
      </symbol>
      <symbol id="sm-1c08">
         <name>__TI_printfi</name>
         <value>0xfb8d</value>
         <object_component_ref idref="oc-3ed"/>
      </symbol>
      <symbol id="sm-1c2f">
         <name>floorl</name>
         <value>0x13b89</value>
         <object_component_ref idref="oc-2b6"/>
      </symbol>
      <symbol id="sm-1c30">
         <name>floor</name>
         <value>0x13b89</value>
         <object_component_ref idref="oc-2b6"/>
      </symbol>
      <symbol id="sm-1c50">
         <name>frexpl</name>
         <value>0x1452d</value>
         <object_component_ref idref="oc-5d7"/>
      </symbol>
      <symbol id="sm-1c51">
         <name>frexp</name>
         <value>0x1452d</value>
         <object_component_ref idref="oc-5d7"/>
      </symbol>
      <symbol id="sm-1c6e">
         <name>scalbn</name>
         <value>0x1397d</value>
         <object_component_ref idref="oc-5dd"/>
      </symbol>
      <symbol id="sm-1c6f">
         <name>scalbnl</name>
         <value>0x1397d</value>
         <object_component_ref idref="oc-5dd"/>
      </symbol>
      <symbol id="sm-1c70">
         <name>ldexpl</name>
         <value>0x1397d</value>
         <object_component_ref idref="oc-5dd"/>
      </symbol>
      <symbol id="sm-1c71">
         <name>ldexp</name>
         <value>0x1397d</value>
         <object_component_ref idref="oc-5dd"/>
      </symbol>
      <symbol id="sm-1c8a">
         <name>wcslen</name>
         <value>0x14a6d</value>
         <object_component_ref idref="oc-525"/>
      </symbol>
      <symbol id="sm-1c94">
         <name>__aeabi_idiv0</name>
         <value>0x105db</value>
         <object_component_ref idref="oc-2f7"/>
      </symbol>
      <symbol id="sm-1c95">
         <name>__aeabi_ldiv0</name>
         <value>0x105db</value>
         <object_component_ref idref="oc-2f7"/>
      </symbol>
      <symbol id="sm-1ca2">
         <name>__aeabi_uldivmod</name>
         <value>0x141d1</value>
         <object_component_ref idref="oc-5b0"/>
      </symbol>
      <symbol id="sm-1cca">
         <name>__TI_auto_init_nobinit_nopinit</name>
         <value>0x14721</value>
         <object_component_ref idref="oc-388"/>
      </symbol>
      <symbol id="sm-1cd4">
         <name>_system_pre_init</name>
         <value>0x14ab3</value>
         <object_component_ref idref="oc-1a0"/>
      </symbol>
      <symbol id="sm-1ce0">
         <name>C$$EXIT</name>
         <value>0x14ab7</value>
         <object_component_ref idref="oc-37c"/>
      </symbol>
      <symbol id="sm-1ce1">
         <name>abort</name>
         <value>0x14ab7</value>
         <object_component_ref idref="oc-37c"/>
      </symbol>
      <symbol id="sm-1cf1">
         <name>__TI_ltoa</name>
         <value>0x145e7</value>
         <object_component_ref idref="oc-5b6"/>
      </symbol>
      <symbol id="sm-1d02">
         <name>memccpy</name>
         <value>0x149c9</value>
         <object_component_ref idref="oc-51f"/>
      </symbol>
      <symbol id="sm-1d12">
         <name>strchr</name>
         <value>0x14a2f</value>
         <object_component_ref idref="oc-5e3"/>
      </symbol>
      <symbol id="sm-1d28">
         <name>__aeabi_errno_addr</name>
         <value>0x14aa5</value>
         <object_component_ref idref="oc-52b"/>
      </symbol>
      <symbol id="sm-1d29">
         <name>errno</name>
         <value>0x20005cd8</value>
         <object_component_ref idref="oc-5f3"/>
      </symbol>
      <symbol id="sm-1d33">
         <name>copysign</name>
         <value>0x149e5</value>
         <object_component_ref idref="oc-638"/>
      </symbol>
      <symbol id="sm-1d34">
         <name>copysignl</name>
         <value>0x149e5</value>
         <object_component_ref idref="oc-638"/>
      </symbol>
      <symbol id="sm-1d35">
         <name>__TI_static_base__</name>
         <value>0x0</value>
      </symbol>
      <symbol id="sm-1d38">
         <name>__mpu_init</name>
         <value>0x0</value>
      </symbol>
      <symbol id="sm-1d39">
         <name>_system_post_cinit</name>
         <value>0x0</value>
      </symbol>
   </symbol_table>
   <title>Link successful</title>
</link_info>
